#
# There is insufficient memory for the Java Runtime Environment to continue.
# Native memory allocation (malloc) failed to allocate 32744 bytes for Chunk::new
# Possible reasons:
#   The system is out of physical RAM or swap space
#   The process is running with CompressedOops enabled, and the Java Heap may be blocking the growth of the native heap
# Possible solutions:
#   Reduce memory load on the system
#   Increase physical memory or swap space
#   Check if swap backing store is full
#   Decrease Java heap size (-Xmx/-Xms)
#   Decrease number of Java threads
#   Decrease Java thread stack sizes (-Xss)
#   Set larger code cache with -XX:ReservedCodeCacheSize=
#   JVM is running with Unscaled Compressed Oops mode in which the Java heap is
#     placed in the first 4GB address space. The Java Heap base address is the
#     maximum limit for the native heap growth. Please use -XX:HeapBaseMinAddress
#     to set the Java Heap base and to place the Java Heap above 4GB virtual address.
# This output file may be truncated or incomplete.
#
#  Out of Memory Error (arena.cpp:168), pid=16112, tid=21660
#
# JRE version: Java(TM) SE Runtime Environment (21.0.11+9) (build 21.0.11+9-LTS-211)
# Java VM: Java HotSpot(TM) 64-Bit Server VM (21.0.11+9-LTS-211, mixed mode, sharing, tiered, compressed oops, compressed class ptrs, g1 gc, windows-amd64)
# No core dump will be written. Minidumps are not enabled by default on client versions of Windows
#

---------------  S U M M A R Y ------------

Command Line: --add-opens=java.base/java.lang=ALL-UNNAMED --add-opens=java.base/java.lang.invoke=ALL-UNNAMED --add-opens=java.base/java.util=ALL-UNNAMED --add-opens=java.prefs/java.util.prefs=ALL-UNNAMED --add-exports=jdk.compiler/com.sun.tools.javac.api=ALL-UNNAMED --add-exports=jdk.compiler/com.sun.tools.javac.util=ALL-UNNAMED --add-opens=java.base/java.nio.charset=ALL-UNNAMED --add-opens=java.base/java.net=ALL-UNNAMED --add-opens=java.base/java.util.concurrent=ALL-UNNAMED --add-opens=java.base/java.util.concurrent.atomic=ALL-UNNAMED --add-opens=java.xml/javax.xml.namespace=ALL-UNNAMED --add-opens=java.base/java.time=ALL-UNNAMED -XX:MaxMetaspaceSize=384m -XX:+HeapDumpOnOutOfMemoryError -Xms256m -Xmx512m -Dfile.encoding=UTF-8 -Duser.country=US -Duser.language=en -Duser.variant -javaagent:C:\Users\hieun\.gradle\wrapper\dists\gradle-9.5.1-bin\iq79hdu3mqx29lgffhp8bfmx\gradle-9.5.1\lib\agents\gradle-instrumentation-agent-9.5.1.jar org.gradle.launcher.daemon.bootstrap.GradleDaemon 9.5.1

Host: AMD Ryzen 5 7535HS with Radeon Graphics        , 12 cores, 15G,  Windows 11 , 64 bit Build 26100 (10.0.26100.9444)
Time: Sat Sep 26 22:24:00 2026 SE Asia Standard Time elapsed time: 43.427380 seconds (0d 0h 0m 43s)

---------------  T H R E A D  ---------------

Current thread (0x000002897b016ad0):  JavaThread "C2 CompilerThread0" daemon [_thread_in_native, id=21660, stack(0x000000eaa3200000,0x000000eaa3300000) (1024K)]


Current CompileTask:
C2:  43427 3479   !   4       java.net.URLClassLoader::findClass (47 bytes)

Stack: [0x000000eaa3200000,0x000000eaa3300000]
Native frames: (J=compiled Java code, j=interpreted, Vv=VM code, C=native code)
V  [jvm.dll+0x6d0ef9]
V  [jvm.dll+0x860126]
V  [jvm.dll+0x86261e]
V  [jvm.dll+0x862cf3]
V  [jvm.dll+0x282bc6]
V  [jvm.dll+0xc67ad]
V  [jvm.dll+0xc6cf1]
V  [jvm.dll+0x39b46a]
V  [jvm.dll+0x3a3219]
V  [jvm.dll+0x1ce96f]
V  [jvm.dll+0x2f73ec]
V  [jvm.dll+0x6eb69b]
V  [jvm.dll+0x6e3719]
V  [jvm.dll+0x6e2e19]
V  [jvm.dll+0x6e0eae]
V  [jvm.dll+0x1cdecc]
V  [jvm.dll+0x1cea82]
V  [jvm.dll+0x2f73ec]
V  [jvm.dll+0x6eb69b]
V  [jvm.dll+0x6e3719]
V  [jvm.dll+0x6e2e19]
V  [jvm.dll+0x6e0eae]
V  [jvm.dll+0x1cdecc]
V  [jvm.dll+0x1cea82]
V  [jvm.dll+0x2f73ec]
V  [jvm.dll+0x6eb69b]
V  [jvm.dll+0x6e3719]
V  [jvm.dll+0x6e2e19]
V  [jvm.dll+0x6e0eae]
V  [jvm.dll+0x1cdecc]
V  [jvm.dll+0x1cea82]
V  [jvm.dll+0x2f73ec]
V  [jvm.dll+0x6eb69b]
V  [jvm.dll+0x6e3719]
V  [jvm.dll+0x6e2e19]
V  [jvm.dll+0x6e0eae]
V  [jvm.dll+0x1cdecc]
V  [jvm.dll+0x2f73ec]
V  [jvm.dll+0x6eb69b]
V  [jvm.dll+0x6e3719]
V  [jvm.dll+0x6e2e19]
V  [jvm.dll+0x6e0eae]
V  [jvm.dll+0x1cdecc]
V  [jvm.dll+0x2f73ec]
V  [jvm.dll+0x6eb69b]
V  [jvm.dll+0x6e3719]
V  [jvm.dll+0x6e2e19]
V  [jvm.dll+0x6e0eae]
V  [jvm.dll+0x1cdecc]
V  [jvm.dll+0x24a69f]
V  [jvm.dll+0x1cae7e]
V  [jvm.dll+0x25a7d9]
V  [jvm.dll+0x258d65]
V  [jvm.dll+0x3f50d1]
V  [jvm.dll+0x80ac0d]
V  [jvm.dll+0x6cf79d]
C  [ucrtbase.dll+0x2cd30]
C  [KERNEL32.DLL+0x2cd87]
C  [ntdll.dll+0xacaec]


---------------  P R O C E S S  ---------------

Threads class SMR info:
_java_thread_list=0x000002897d3c5560, length=28, elements={
0x0000028968c99d20, 0x000002897b00f940, 0x000002897b0113b0, 0x000002897b011e10,
0x000002897b012870, 0x000002897b0132d0, 0x000002897b015d40, 0x000002897b016ad0,
0x000002897b019580, 0x000002897b2aba70, 0x000002897b255070, 0x000002897cdad2c0,
0x000002897b08c930, 0x000002897c05bcc0, 0x000002897c8e8cf0, 0x000002897b29ca80,
0x000002897bfddc30, 0x000002897b4854f0, 0x000002897d41d170, 0x000002897d41b730,
0x000002897d419cf0, 0x000002897d41a380, 0x000002897d41bdc0, 0x000002897d41c450,
0x000002897d41b0a0, 0x000002897d9d45b0, 0x000002897d9d73a0, 0x000002897d9d7a30
}

Java Threads: ( => current thread )
  0x0000028968c99d20 JavaThread "main"                              [_thread_blocked, id=17736, stack(0x000000eaa2400000,0x000000eaa2500000) (1024K)]
  0x000002897b00f940 JavaThread "Reference Handler"          daemon [_thread_blocked, id=31792, stack(0x000000eaa2c00000,0x000000eaa2d00000) (1024K)]
  0x000002897b0113b0 JavaThread "Finalizer"                  daemon [_thread_blocked, id=31056, stack(0x000000eaa2d00000,0x000000eaa2e00000) (1024K)]
  0x000002897b011e10 JavaThread "Signal Dispatcher"          daemon [_thread_blocked, id=18284, stack(0x000000eaa2e00000,0x000000eaa2f00000) (1024K)]
  0x000002897b012870 JavaThread "Attach Listener"            daemon [_thread_blocked, id=20436, stack(0x000000eaa2f00000,0x000000eaa3000000) (1024K)]
  0x000002897b0132d0 JavaThread "Service Thread"             daemon [_thread_blocked, id=36496, stack(0x000000eaa3000000,0x000000eaa3100000) (1024K)]
  0x000002897b015d40 JavaThread "Monitor Deflation Thread"   daemon [_thread_blocked, id=3716, stack(0x000000eaa3100000,0x000000eaa3200000) (1024K)]
=>0x000002897b016ad0 JavaThread "C2 CompilerThread0"         daemon [_thread_in_native, id=21660, stack(0x000000eaa3200000,0x000000eaa3300000) (1024K)]
  0x000002897b019580 JavaThread "C1 CompilerThread0"         daemon [_thread_blocked, id=39040, stack(0x000000eaa3300000,0x000000eaa3400000) (1024K)]
  0x000002897b2aba70 JavaThread "Common-Cleaner"             daemon [_thread_blocked, id=1624, stack(0x000000eaa3400000,0x000000eaa3500000) (1024K)]
  0x000002897b255070 JavaThread "Notification Thread"        daemon [_thread_blocked, id=41288, stack(0x000000eaa3500000,0x000000eaa3600000) (1024K)]
  0x000002897cdad2c0 JavaThread "Daemon health stats"               [_thread_blocked, id=31308, stack(0x000000eaa3b00000,0x000000eaa3c00000) (1024K)]
  0x000002897b08c930 JavaThread "Incoming local TCP Connector on port 52552"        [_thread_in_native, id=42188, stack(0x000000eaa3c00000,0x000000eaa3d00000) (1024K)]
  0x000002897c05bcc0 JavaThread "Daemon periodic checks"            [_thread_blocked, id=39700, stack(0x000000eaa3d00000,0x000000eaa3e00000) (1024K)]
  0x000002897c8e8cf0 JavaThread "Daemon"                            [_thread_blocked, id=18656, stack(0x000000eaa3f00000,0x000000eaa4000000) (1024K)]
  0x000002897b29ca80 JavaThread "Handler for socket connection from /127.0.0.1:52552 to /127.0.0.1:53630"        [_thread_in_native, id=5488, stack(0x000000eaa4000000,0x000000eaa4100000) (1024K)]
  0x000002897bfddc30 JavaThread "Cancel handler"                    [_thread_blocked, id=2844, stack(0x000000eaa3e00000,0x000000eaa3f00000) (1024K)]
  0x000002897b4854f0 JavaThread "Daemon worker"                     [_thread_blocked, id=3116, stack(0x000000eaa4100000,0x000000eaa4200000) (1024K)]
  0x000002897d41d170 JavaThread "Asynchronous log dispatcher for DefaultDaemonConnection: socket connection from /127.0.0.1:52552 to /127.0.0.1:53630"        [_thread_blocked, id=44384, stack(0x000000eaa4200000,0x000000eaa4300000) (1024K)]
  0x000002897d41b730 JavaThread "Stdin handler"                     [_thread_blocked, id=41392, stack(0x000000eaa4300000,0x000000eaa4400000) (1024K)]
  0x000002897d419cf0 JavaThread "Daemon client event forwarder"        [_thread_blocked, id=41660, stack(0x000000eaa4400000,0x000000eaa4500000) (1024K)]
  0x000002897d41a380 JavaThread "Cache worker for journal cache (C:\Users\hieun\.gradle\caches\journal-1)"        [_thread_blocked, id=10856, stack(0x000000eaa4500000,0x000000eaa4600000) (1024K)]
  0x000002897d41bdc0 JavaThread "File lock request listener"        [_thread_in_native, id=12400, stack(0x000000eaa4600000,0x000000eaa4700000) (1024K)]
  0x000002897d41c450 JavaThread "File lock release action executor"        [_thread_blocked, id=27092, stack(0x000000eaa4700000,0x000000eaa4800000) (1024K)]
  0x000002897d41b0a0 JavaThread "Cache worker for file hash cache (C:\Users\hieun\.gradle\caches\9.5.1\fileHashes)"        [_thread_blocked, id=36180, stack(0x000000eaa4800000,0x000000eaa4900000) (1024K)]
  0x000002897d9d45b0 JavaThread "Cache worker for file hash cache (D:\n1h5-models-backend\.gradle\9.5.1\fileHashes)"        [_thread_blocked, id=42436, stack(0x000000eaa4f00000,0x000000eaa5000000) (1024K)]
  0x000002897d9d73a0 JavaThread "Cache worker for Build Output Cleanup Cache (D:\n1h5-models-backend\.gradle\buildOutputCleanup)"        [_thread_blocked, id=3824, stack(0x000000eaa5000000,0x000000eaa5100000) (1024K)]
  0x000002897d9d7a30 JavaThread "File watcher server"        daemon [_thread_in_native, id=33464, stack(0x000000eaa5100000,0x000000eaa5200000) (1024K)]
Total: 28

Other Threads:
  0x0000028976cbfb60 VMThread "VM Thread"                           [id=17708, stack(0x000000eaa2b00000,0x000000eaa2c00000) (1024K)]
  0x0000028976cb2450 WatcherThread "VM Periodic Task Thread"        [id=33004, stack(0x000000eaa2a00000,0x000000eaa2b00000) (1024K)]
  0x0000028968cc4090 WorkerThread "GC Thread#0"                     [id=41452, stack(0x000000eaa2500000,0x000000eaa2600000) (1024K)]
  0x000002897b698fa0 WorkerThread "GC Thread#1"                     [id=15988, stack(0x000000eaa3600000,0x000000eaa3700000) (1024K)]
  0x000002897b699350 WorkerThread "GC Thread#2"                     [id=18628, stack(0x000000eaa3700000,0x000000eaa3800000) (1024K)]
  0x000002897b699700 WorkerThread "GC Thread#3"                     [id=9420, stack(0x000000eaa3800000,0x000000eaa3900000) (1024K)]
  0x000002897bc40140 WorkerThread "GC Thread#4"                     [id=18608, stack(0x000000eaa3900000,0x000000eaa3a00000) (1024K)]
  0x000002897bc404f0 WorkerThread "GC Thread#5"                     [id=3612, stack(0x000000eaa3a00000,0x000000eaa3b00000) (1024K)]
  0x000002897e0e6a60 WorkerThread "GC Thread#6"                     [id=23784, stack(0x000000eaa4900000,0x000000eaa4a00000) (1024K)]
  0x000002897e591c00 WorkerThread "GC Thread#7"                     [id=44312, stack(0x000000eaa4a00000,0x000000eaa4b00000) (1024K)]
  0x000002897e591fb0 WorkerThread "GC Thread#8"                     [id=38476, stack(0x000000eaa4b00000,0x000000eaa4c00000) (1024K)]
  0x000002897e590d40 WorkerThread "GC Thread#9"                     [id=26256, stack(0x000000eaa4c00000,0x000000eaa4d00000) (1024K)]
  0x0000028968cc9e40 ConcurrentGCThread "G1 Main Marker"            [id=28844, stack(0x000000eaa2600000,0x000000eaa2700000) (1024K)]
  0x0000028968cca700 WorkerThread "G1 Conc#0"                       [id=35436, stack(0x000000eaa2700000,0x000000eaa2800000) (1024K)]
  0x000002897e77ebf0 WorkerThread "G1 Conc#1"                       [id=36596, stack(0x000000eaa4d00000,0x000000eaa4e00000) (1024K)]
  0x000002897e77f350 WorkerThread "G1 Conc#2"                       [id=19632, stack(0x000000eaa4e00000,0x000000eaa4f00000) (1024K)]
  0x0000028976b76a10 ConcurrentGCThread "G1 Refine#0"               [id=28944, stack(0x000000eaa2800000,0x000000eaa2900000) (1024K)]
  0x0000028976b77240 ConcurrentGCThread "G1 Service"                [id=43848, stack(0x000000eaa2900000,0x000000eaa2a00000) (1024K)]
Total: 18

Threads with active compile tasks:
C2 CompilerThread0    43517 3479   !   4       java.net.URLClassLoader::findClass (47 bytes)
Total: 1

VM state: not at safepoint (normal execution)

VM Mutex/Monitor currently owned by a thread: None

Heap address: 0x00000000e0000000, size: 512 MB, Compressed Oops mode: 32-bit

CDS archive(s) mapped at: [0x000002890f000000-0x000002890fc90000-0x000002890fc90000), size 13172736, SharedBaseAddress: 0x000002890f000000, ArchiveRelocationMode: 1.
Compressed class space mapped at: 0x0000028910000000-0x0000028924000000, reserved size: 335544320
Narrow klass base: 0x000002890f000000, Narrow klass shift: 0, Narrow klass range: 0x100000000

GC Precious Log:
 CardTable entry size: 512
 Card Set container configuration: InlinePtr #cards 5 size 8 Array Of Cards #cards 12 size 40 Howl #buckets 4 coarsen threshold 1843 Howl Bitmap #cards 512 size 80 coarsen threshold 460 Card regions per heap region 1 cards per card region 2048
 CPUs: 12 total, 12 available
 Memory: 15690M
 Large Page Support: Disabled
 NUMA Support: Disabled
 Compressed Oops: Enabled (32-bit)
 Heap Region Size: 1M
 Heap Min Capacity: 256M
 Heap Initial Capacity: 256M
 Heap Max Capacity: 512M
 Pre-touch: Disabled
 Parallel Workers: 10
 Concurrent Workers: 3
 Concurrent Refinement Workers: 10
 Periodic GC: Disabled

Heap:
 garbage-first heap   total 262144K, used 60403K [0x00000000e0000000, 0x0000000100000000)
  region size 1024K, 39 young (39936K), 3 survivors (3072K)
 Metaspace       used 25558K, committed 26560K, reserved 393216K
  class space    used 3663K, committed 4160K, reserved 327680K

Heap Regions: E=young(eden), S=young(survivor), O=old, HS=humongous(starts), HC=humongous(continues), CS=collection set, F=free, TAMS=top-at-mark-start, PB=parsable bottom
|   0|0x00000000e0000000, 0x00000000e0100000, 0x00000000e0100000|100%|HS|  |TAMS 0x00000000e0000000| PB 0x00000000e0000000| Complete 
|   1|0x00000000e0100000, 0x00000000e0200000, 0x00000000e0200000|100%|HC|  |TAMS 0x00000000e0100000| PB 0x00000000e0100000| Complete 
|   2|0x00000000e0200000, 0x00000000e0300000, 0x00000000e0300000|100%|HC|  |TAMS 0x00000000e0200000| PB 0x00000000e0200000| Complete 
|   3|0x00000000e0300000, 0x00000000e0400000, 0x00000000e0400000|100%|HC|  |TAMS 0x00000000e0300000| PB 0x00000000e0300000| Complete 
|   4|0x00000000e0400000, 0x00000000e0500000, 0x00000000e0500000|100%| O|  |TAMS 0x00000000e0400000| PB 0x00000000e0400000| Untracked 
|   5|0x00000000e0500000, 0x00000000e0600000, 0x00000000e0600000|100%| O|  |TAMS 0x00000000e0500000| PB 0x00000000e0500000| Untracked 
|   6|0x00000000e0600000, 0x00000000e0700000, 0x00000000e0700000|100%| O|  |TAMS 0x00000000e0600000| PB 0x00000000e0600000| Untracked 
|   7|0x00000000e0700000, 0x00000000e0800000, 0x00000000e0800000|100%| O|  |TAMS 0x00000000e0700000| PB 0x00000000e0700000| Untracked 
|   8|0x00000000e0800000, 0x00000000e0900000, 0x00000000e0900000|100%|HS|  |TAMS 0x00000000e0800000| PB 0x00000000e0800000| Complete 
|   9|0x00000000e0900000, 0x00000000e0a00000, 0x00000000e0a00000|100%| O|  |TAMS 0x00000000e0900000| PB 0x00000000e0900000| Untracked 
|  10|0x00000000e0a00000, 0x00000000e0b00000, 0x00000000e0b00000|100%| O|  |TAMS 0x00000000e0a00000| PB 0x00000000e0a00000| Untracked 
|  11|0x00000000e0b00000, 0x00000000e0c00000, 0x00000000e0c00000|100%| O|  |TAMS 0x00000000e0b00000| PB 0x00000000e0b00000| Untracked 
|  12|0x00000000e0c00000, 0x00000000e0d00000, 0x00000000e0d00000|100%| O|  |TAMS 0x00000000e0c00000| PB 0x00000000e0c00000| Untracked 
|  13|0x00000000e0d00000, 0x00000000e0e00000, 0x00000000e0e00000|100%| O|  |TAMS 0x00000000e0d00000| PB 0x00000000e0d00000| Untracked 
|  14|0x00000000e0e00000, 0x00000000e0f00000, 0x00000000e0f00000|100%| O|  |TAMS 0x00000000e0e00000| PB 0x00000000e0e00000| Untracked 
|  15|0x00000000e0f00000, 0x00000000e1000000, 0x00000000e1000000|100%| O|  |TAMS 0x00000000e0f00000| PB 0x00000000e0f00000| Untracked 
|  16|0x00000000e1000000, 0x00000000e1100000, 0x00000000e1100000|100%| O|  |TAMS 0x00000000e1000000| PB 0x00000000e1000000| Untracked 
|  17|0x00000000e1100000, 0x00000000e1200000, 0x00000000e1200000|100%| O|  |TAMS 0x00000000e1100000| PB 0x00000000e1100000| Untracked 
|  18|0x00000000e1200000, 0x00000000e1300000, 0x00000000e1300000|100%| O|  |TAMS 0x00000000e1200000| PB 0x00000000e1200000| Untracked 
|  19|0x00000000e1300000, 0x00000000e1400000, 0x00000000e1400000|100%| O|  |TAMS 0x00000000e1300000| PB 0x00000000e1300000| Untracked 
|  20|0x00000000e1400000, 0x00000000e1500000, 0x00000000e1500000|100%| O|  |TAMS 0x00000000e1400000| PB 0x00000000e1400000| Untracked 
|  21|0x00000000e1500000, 0x00000000e15dcf00, 0x00000000e1600000| 86%| O|  |TAMS 0x00000000e1500000| PB 0x00000000e1500000| Untracked 
|  22|0x00000000e1600000, 0x00000000e1600000, 0x00000000e1700000|  0%| F|  |TAMS 0x00000000e1600000| PB 0x00000000e1600000| Untracked 
|  23|0x00000000e1700000, 0x00000000e1700000, 0x00000000e1800000|  0%| F|  |TAMS 0x00000000e1700000| PB 0x00000000e1700000| Untracked 
|  24|0x00000000e1800000, 0x00000000e1800000, 0x00000000e1900000|  0%| F|  |TAMS 0x00000000e1800000| PB 0x00000000e1800000| Untracked 
|  25|0x00000000e1900000, 0x00000000e1900000, 0x00000000e1a00000|  0%| F|  |TAMS 0x00000000e1900000| PB 0x00000000e1900000| Untracked 
|  26|0x00000000e1a00000, 0x00000000e1a00000, 0x00000000e1b00000|  0%| F|  |TAMS 0x00000000e1a00000| PB 0x00000000e1a00000| Untracked 
|  27|0x00000000e1b00000, 0x00000000e1b00000, 0x00000000e1c00000|  0%| F|  |TAMS 0x00000000e1b00000| PB 0x00000000e1b00000| Untracked 
|  28|0x00000000e1c00000, 0x00000000e1c00000, 0x00000000e1d00000|  0%| F|  |TAMS 0x00000000e1c00000| PB 0x00000000e1c00000| Untracked 
|  29|0x00000000e1d00000, 0x00000000e1d00000, 0x00000000e1e00000|  0%| F|  |TAMS 0x00000000e1d00000| PB 0x00000000e1d00000| Untracked 
|  30|0x00000000e1e00000, 0x00000000e1e00000, 0x00000000e1f00000|  0%| F|  |TAMS 0x00000000e1e00000| PB 0x00000000e1e00000| Untracked 
|  31|0x00000000e1f00000, 0x00000000e1f00000, 0x00000000e2000000|  0%| F|  |TAMS 0x00000000e1f00000| PB 0x00000000e1f00000| Untracked 
|  32|0x00000000e2000000, 0x00000000e2000000, 0x00000000e2100000|  0%| F|  |TAMS 0x00000000e2000000| PB 0x00000000e2000000| Untracked 
|  33|0x00000000e2100000, 0x00000000e2100000, 0x00000000e2200000|  0%| F|  |TAMS 0x00000000e2100000| PB 0x00000000e2100000| Untracked 
|  34|0x00000000e2200000, 0x00000000e2200000, 0x00000000e2300000|  0%| F|  |TAMS 0x00000000e2200000| PB 0x00000000e2200000| Untracked 
|  35|0x00000000e2300000, 0x00000000e2300000, 0x00000000e2400000|  0%| F|  |TAMS 0x00000000e2300000| PB 0x00000000e2300000| Untracked 
|  36|0x00000000e2400000, 0x00000000e2400000, 0x00000000e2500000|  0%| F|  |TAMS 0x00000000e2400000| PB 0x00000000e2400000| Untracked 
|  37|0x00000000e2500000, 0x00000000e2500000, 0x00000000e2600000|  0%| F|  |TAMS 0x00000000e2500000| PB 0x00000000e2500000| Untracked 
|  38|0x00000000e2600000, 0x00000000e2600000, 0x00000000e2700000|  0%| F|  |TAMS 0x00000000e2600000| PB 0x00000000e2600000| Untracked 
|  39|0x00000000e2700000, 0x00000000e2700000, 0x00000000e2800000|  0%| F|  |TAMS 0x00000000e2700000| PB 0x00000000e2700000| Untracked 
|  40|0x00000000e2800000, 0x00000000e2800000, 0x00000000e2900000|  0%| F|  |TAMS 0x00000000e2800000| PB 0x00000000e2800000| Untracked 
|  41|0x00000000e2900000, 0x00000000e2900000, 0x00000000e2a00000|  0%| F|  |TAMS 0x00000000e2900000| PB 0x00000000e2900000| Untracked 
|  42|0x00000000e2a00000, 0x00000000e2a00000, 0x00000000e2b00000|  0%| F|  |TAMS 0x00000000e2a00000| PB 0x00000000e2a00000| Untracked 
|  43|0x00000000e2b00000, 0x00000000e2b00000, 0x00000000e2c00000|  0%| F|  |TAMS 0x00000000e2b00000| PB 0x00000000e2b00000| Untracked 
|  44|0x00000000e2c00000, 0x00000000e2c00000, 0x00000000e2d00000|  0%| F|  |TAMS 0x00000000e2c00000| PB 0x00000000e2c00000| Untracked 
|  45|0x00000000e2d00000, 0x00000000e2d00000, 0x00000000e2e00000|  0%| F|  |TAMS 0x00000000e2d00000| PB 0x00000000e2d00000| Untracked 
|  46|0x00000000e2e00000, 0x00000000e2e00000, 0x00000000e2f00000|  0%| F|  |TAMS 0x00000000e2e00000| PB 0x00000000e2e00000| Untracked 
|  47|0x00000000e2f00000, 0x00000000e2f00000, 0x00000000e3000000|  0%| F|  |TAMS 0x00000000e2f00000| PB 0x00000000e2f00000| Untracked 
|  48|0x00000000e3000000, 0x00000000e3000000, 0x00000000e3100000|  0%| F|  |TAMS 0x00000000e3000000| PB 0x00000000e3000000| Untracked 
|  49|0x00000000e3100000, 0x00000000e3100000, 0x00000000e3200000|  0%| F|  |TAMS 0x00000000e3100000| PB 0x00000000e3100000| Untracked 
|  50|0x00000000e3200000, 0x00000000e3200000, 0x00000000e3300000|  0%| F|  |TAMS 0x00000000e3200000| PB 0x00000000e3200000| Untracked 
|  51|0x00000000e3300000, 0x00000000e3300000, 0x00000000e3400000|  0%| F|  |TAMS 0x00000000e3300000| PB 0x00000000e3300000| Untracked 
|  52|0x00000000e3400000, 0x00000000e3400000, 0x00000000e3500000|  0%| F|  |TAMS 0x00000000e3400000| PB 0x00000000e3400000| Untracked 
|  53|0x00000000e3500000, 0x00000000e3500000, 0x00000000e3600000|  0%| F|  |TAMS 0x00000000e3500000| PB 0x00000000e3500000| Untracked 
|  54|0x00000000e3600000, 0x00000000e3600000, 0x00000000e3700000|  0%| F|  |TAMS 0x00000000e3600000| PB 0x00000000e3600000| Untracked 
|  55|0x00000000e3700000, 0x00000000e3700000, 0x00000000e3800000|  0%| F|  |TAMS 0x00000000e3700000| PB 0x00000000e3700000| Untracked 
|  56|0x00000000e3800000, 0x00000000e3800000, 0x00000000e3900000|  0%| F|  |TAMS 0x00000000e3800000| PB 0x00000000e3800000| Untracked 
|  57|0x00000000e3900000, 0x00000000e3900000, 0x00000000e3a00000|  0%| F|  |TAMS 0x00000000e3900000| PB 0x00000000e3900000| Untracked 
|  58|0x00000000e3a00000, 0x00000000e3a00000, 0x00000000e3b00000|  0%| F|  |TAMS 0x00000000e3a00000| PB 0x00000000e3a00000| Untracked 
|  59|0x00000000e3b00000, 0x00000000e3b00000, 0x00000000e3c00000|  0%| F|  |TAMS 0x00000000e3b00000| PB 0x00000000e3b00000| Untracked 
|  60|0x00000000e3c00000, 0x00000000e3c00000, 0x00000000e3d00000|  0%| F|  |TAMS 0x00000000e3c00000| PB 0x00000000e3c00000| Untracked 
|  61|0x00000000e3d00000, 0x00000000e3d00000, 0x00000000e3e00000|  0%| F|  |TAMS 0x00000000e3d00000| PB 0x00000000e3d00000| Untracked 
|  62|0x00000000e3e00000, 0x00000000e3e00000, 0x00000000e3f00000|  0%| F|  |TAMS 0x00000000e3e00000| PB 0x00000000e3e00000| Untracked 
|  63|0x00000000e3f00000, 0x00000000e3f00000, 0x00000000e4000000|  0%| F|  |TAMS 0x00000000e3f00000| PB 0x00000000e3f00000| Untracked 
|  64|0x00000000e4000000, 0x00000000e4000000, 0x00000000e4100000|  0%| F|  |TAMS 0x00000000e4000000| PB 0x00000000e4000000| Untracked 
|  65|0x00000000e4100000, 0x00000000e4100000, 0x00000000e4200000|  0%| F|  |TAMS 0x00000000e4100000| PB 0x00000000e4100000| Untracked 
|  66|0x00000000e4200000, 0x00000000e4200000, 0x00000000e4300000|  0%| F|  |TAMS 0x00000000e4200000| PB 0x00000000e4200000| Untracked 
|  67|0x00000000e4300000, 0x00000000e4300000, 0x00000000e4400000|  0%| F|  |TAMS 0x00000000e4300000| PB 0x00000000e4300000| Untracked 
|  68|0x00000000e4400000, 0x00000000e4400000, 0x00000000e4500000|  0%| F|  |TAMS 0x00000000e4400000| PB 0x00000000e4400000| Untracked 
|  69|0x00000000e4500000, 0x00000000e4500000, 0x00000000e4600000|  0%| F|  |TAMS 0x00000000e4500000| PB 0x00000000e4500000| Untracked 
|  70|0x00000000e4600000, 0x00000000e4600000, 0x00000000e4700000|  0%| F|  |TAMS 0x00000000e4600000| PB 0x00000000e4600000| Untracked 
|  71|0x00000000e4700000, 0x00000000e4700000, 0x00000000e4800000|  0%| F|  |TAMS 0x00000000e4700000| PB 0x00000000e4700000| Untracked 
|  72|0x00000000e4800000, 0x00000000e4800000, 0x00000000e4900000|  0%| F|  |TAMS 0x00000000e4800000| PB 0x00000000e4800000| Untracked 
|  73|0x00000000e4900000, 0x00000000e4900000, 0x00000000e4a00000|  0%| F|  |TAMS 0x00000000e4900000| PB 0x00000000e4900000| Untracked 
|  74|0x00000000e4a00000, 0x00000000e4a00000, 0x00000000e4b00000|  0%| F|  |TAMS 0x00000000e4a00000| PB 0x00000000e4a00000| Untracked 
|  75|0x00000000e4b00000, 0x00000000e4b00000, 0x00000000e4c00000|  0%| F|  |TAMS 0x00000000e4b00000| PB 0x00000000e4b00000| Untracked 
|  76|0x00000000e4c00000, 0x00000000e4c00000, 0x00000000e4d00000|  0%| F|  |TAMS 0x00000000e4c00000| PB 0x00000000e4c00000| Untracked 
|  77|0x00000000e4d00000, 0x00000000e4d00000, 0x00000000e4e00000|  0%| F|  |TAMS 0x00000000e4d00000| PB 0x00000000e4d00000| Untracked 
|  78|0x00000000e4e00000, 0x00000000e4e00000, 0x00000000e4f00000|  0%| F|  |TAMS 0x00000000e4e00000| PB 0x00000000e4e00000| Untracked 
|  79|0x00000000e4f00000, 0x00000000e4f00000, 0x00000000e5000000|  0%| F|  |TAMS 0x00000000e4f00000| PB 0x00000000e4f00000| Untracked 
|  80|0x00000000e5000000, 0x00000000e5000000, 0x00000000e5100000|  0%| F|  |TAMS 0x00000000e5000000| PB 0x00000000e5000000| Untracked 
|  81|0x00000000e5100000, 0x00000000e5100000, 0x00000000e5200000|  0%| F|  |TAMS 0x00000000e5100000| PB 0x00000000e5100000| Untracked 
|  82|0x00000000e5200000, 0x00000000e5200000, 0x00000000e5300000|  0%| F|  |TAMS 0x00000000e5200000| PB 0x00000000e5200000| Untracked 
|  83|0x00000000e5300000, 0x00000000e5300000, 0x00000000e5400000|  0%| F|  |TAMS 0x00000000e5300000| PB 0x00000000e5300000| Untracked 
|  84|0x00000000e5400000, 0x00000000e5400000, 0x00000000e5500000|  0%| F|  |TAMS 0x00000000e5400000| PB 0x00000000e5400000| Untracked 
|  85|0x00000000e5500000, 0x00000000e5500000, 0x00000000e5600000|  0%| F|  |TAMS 0x00000000e5500000| PB 0x00000000e5500000| Untracked 
|  86|0x00000000e5600000, 0x00000000e5600000, 0x00000000e5700000|  0%| F|  |TAMS 0x00000000e5600000| PB 0x00000000e5600000| Untracked 
|  87|0x00000000e5700000, 0x00000000e5700000, 0x00000000e5800000|  0%| F|  |TAMS 0x00000000e5700000| PB 0x00000000e5700000| Untracked 
|  88|0x00000000e5800000, 0x00000000e5800000, 0x00000000e5900000|  0%| F|  |TAMS 0x00000000e5800000| PB 0x00000000e5800000| Untracked 
|  89|0x00000000e5900000, 0x00000000e5900000, 0x00000000e5a00000|  0%| F|  |TAMS 0x00000000e5900000| PB 0x00000000e5900000| Untracked 
|  90|0x00000000e5a00000, 0x00000000e5a00000, 0x00000000e5b00000|  0%| F|  |TAMS 0x00000000e5a00000| PB 0x00000000e5a00000| Untracked 
|  91|0x00000000e5b00000, 0x00000000e5b00000, 0x00000000e5c00000|  0%| F|  |TAMS 0x00000000e5b00000| PB 0x00000000e5b00000| Untracked 
|  92|0x00000000e5c00000, 0x00000000e5c00000, 0x00000000e5d00000|  0%| F|  |TAMS 0x00000000e5c00000| PB 0x00000000e5c00000| Untracked 
|  93|0x00000000e5d00000, 0x00000000e5d00000, 0x00000000e5e00000|  0%| F|  |TAMS 0x00000000e5d00000| PB 0x00000000e5d00000| Untracked 
|  94|0x00000000e5e00000, 0x00000000e5e00000, 0x00000000e5f00000|  0%| F|  |TAMS 0x00000000e5e00000| PB 0x00000000e5e00000| Untracked 
|  95|0x00000000e5f00000, 0x00000000e5f00000, 0x00000000e6000000|  0%| F|  |TAMS 0x00000000e5f00000| PB 0x00000000e5f00000| Untracked 
|  96|0x00000000e6000000, 0x00000000e6000000, 0x00000000e6100000|  0%| F|  |TAMS 0x00000000e6000000| PB 0x00000000e6000000| Untracked 
|  97|0x00000000e6100000, 0x00000000e6100000, 0x00000000e6200000|  0%| F|  |TAMS 0x00000000e6100000| PB 0x00000000e6100000| Untracked 
|  98|0x00000000e6200000, 0x00000000e6200000, 0x00000000e6300000|  0%| F|  |TAMS 0x00000000e6200000| PB 0x00000000e6200000| Untracked 
|  99|0x00000000e6300000, 0x00000000e6300000, 0x00000000e6400000|  0%| F|  |TAMS 0x00000000e6300000| PB 0x00000000e6300000| Untracked 
| 100|0x00000000e6400000, 0x00000000e6400000, 0x00000000e6500000|  0%| F|  |TAMS 0x00000000e6400000| PB 0x00000000e6400000| Untracked 
| 101|0x00000000e6500000, 0x00000000e6500000, 0x00000000e6600000|  0%| F|  |TAMS 0x00000000e6500000| PB 0x00000000e6500000| Untracked 
| 102|0x00000000e6600000, 0x00000000e6600000, 0x00000000e6700000|  0%| F|  |TAMS 0x00000000e6600000| PB 0x00000000e6600000| Untracked 
| 103|0x00000000e6700000, 0x00000000e6700000, 0x00000000e6800000|  0%| F|  |TAMS 0x00000000e6700000| PB 0x00000000e6700000| Untracked 
| 104|0x00000000e6800000, 0x00000000e6800000, 0x00000000e6900000|  0%| F|  |TAMS 0x00000000e6800000| PB 0x00000000e6800000| Untracked 
| 105|0x00000000e6900000, 0x00000000e6900000, 0x00000000e6a00000|  0%| F|  |TAMS 0x00000000e6900000| PB 0x00000000e6900000| Untracked 
| 106|0x00000000e6a00000, 0x00000000e6a00000, 0x00000000e6b00000|  0%| F|  |TAMS 0x00000000e6a00000| PB 0x00000000e6a00000| Untracked 
| 107|0x00000000e6b00000, 0x00000000e6b00000, 0x00000000e6c00000|  0%| F|  |TAMS 0x00000000e6b00000| PB 0x00000000e6b00000| Untracked 
| 108|0x00000000e6c00000, 0x00000000e6c00000, 0x00000000e6d00000|  0%| F|  |TAMS 0x00000000e6c00000| PB 0x00000000e6c00000| Untracked 
| 109|0x00000000e6d00000, 0x00000000e6d00000, 0x00000000e6e00000|  0%| F|  |TAMS 0x00000000e6d00000| PB 0x00000000e6d00000| Untracked 
| 110|0x00000000e6e00000, 0x00000000e6e00000, 0x00000000e6f00000|  0%| F|  |TAMS 0x00000000e6e00000| PB 0x00000000e6e00000| Untracked 
| 111|0x00000000e6f00000, 0x00000000e6f00000, 0x00000000e7000000|  0%| F|  |TAMS 0x00000000e6f00000| PB 0x00000000e6f00000| Untracked 
| 112|0x00000000e7000000, 0x00000000e7000000, 0x00000000e7100000|  0%| F|  |TAMS 0x00000000e7000000| PB 0x00000000e7000000| Untracked 
| 113|0x00000000e7100000, 0x00000000e7100000, 0x00000000e7200000|  0%| F|  |TAMS 0x00000000e7100000| PB 0x00000000e7100000| Untracked 
| 114|0x00000000e7200000, 0x00000000e7200000, 0x00000000e7300000|  0%| F|  |TAMS 0x00000000e7200000| PB 0x00000000e7200000| Untracked 
| 115|0x00000000e7300000, 0x00000000e7300000, 0x00000000e7400000|  0%| F|  |TAMS 0x00000000e7300000| PB 0x00000000e7300000| Untracked 
| 116|0x00000000e7400000, 0x00000000e7400000, 0x00000000e7500000|  0%| F|  |TAMS 0x00000000e7400000| PB 0x00000000e7400000| Untracked 
| 117|0x00000000e7500000, 0x00000000e7500000, 0x00000000e7600000|  0%| F|  |TAMS 0x00000000e7500000| PB 0x00000000e7500000| Untracked 
| 118|0x00000000e7600000, 0x00000000e7600000, 0x00000000e7700000|  0%| F|  |TAMS 0x00000000e7600000| PB 0x00000000e7600000| Untracked 
| 119|0x00000000e7700000, 0x00000000e7700000, 0x00000000e7800000|  0%| F|  |TAMS 0x00000000e7700000| PB 0x00000000e7700000| Untracked 
| 120|0x00000000e7800000, 0x00000000e7800000, 0x00000000e7900000|  0%| F|  |TAMS 0x00000000e7800000| PB 0x00000000e7800000| Untracked 
| 121|0x00000000e7900000, 0x00000000e7900000, 0x00000000e7a00000|  0%| F|  |TAMS 0x00000000e7900000| PB 0x00000000e7900000| Untracked 
| 122|0x00000000e7a00000, 0x00000000e7a00000, 0x00000000e7b00000|  0%| F|  |TAMS 0x00000000e7a00000| PB 0x00000000e7a00000| Untracked 
| 123|0x00000000e7b00000, 0x00000000e7b00000, 0x00000000e7c00000|  0%| F|  |TAMS 0x00000000e7b00000| PB 0x00000000e7b00000| Untracked 
| 124|0x00000000e7c00000, 0x00000000e7c00000, 0x00000000e7d00000|  0%| F|  |TAMS 0x00000000e7c00000| PB 0x00000000e7c00000| Untracked 
| 125|0x00000000e7d00000, 0x00000000e7d00000, 0x00000000e7e00000|  0%| F|  |TAMS 0x00000000e7d00000| PB 0x00000000e7d00000| Untracked 
| 126|0x00000000e7e00000, 0x00000000e7e00000, 0x00000000e7f00000|  0%| F|  |TAMS 0x00000000e7e00000| PB 0x00000000e7e00000| Untracked 
| 127|0x00000000e7f00000, 0x00000000e7f00000, 0x00000000e8000000|  0%| F|  |TAMS 0x00000000e7f00000| PB 0x00000000e7f00000| Untracked 
| 128|0x00000000e8000000, 0x00000000e8000000, 0x00000000e8100000|  0%| F|  |TAMS 0x00000000e8000000| PB 0x00000000e8000000| Untracked 
| 129|0x00000000e8100000, 0x00000000e8100000, 0x00000000e8200000|  0%| F|  |TAMS 0x00000000e8100000| PB 0x00000000e8100000| Untracked 
| 130|0x00000000e8200000, 0x00000000e8200000, 0x00000000e8300000|  0%| F|  |TAMS 0x00000000e8200000| PB 0x00000000e8200000| Untracked 
| 131|0x00000000e8300000, 0x00000000e8300000, 0x00000000e8400000|  0%| F|  |TAMS 0x00000000e8300000| PB 0x00000000e8300000| Untracked 
| 132|0x00000000e8400000, 0x00000000e8400000, 0x00000000e8500000|  0%| F|  |TAMS 0x00000000e8400000| PB 0x00000000e8400000| Untracked 
| 133|0x00000000e8500000, 0x00000000e8500000, 0x00000000e8600000|  0%| F|  |TAMS 0x00000000e8500000| PB 0x00000000e8500000| Untracked 
| 134|0x00000000e8600000, 0x00000000e8600000, 0x00000000e8700000|  0%| F|  |TAMS 0x00000000e8600000| PB 0x00000000e8600000| Untracked 
| 135|0x00000000e8700000, 0x00000000e8700000, 0x00000000e8800000|  0%| F|  |TAMS 0x00000000e8700000| PB 0x00000000e8700000| Untracked 
| 136|0x00000000e8800000, 0x00000000e8800000, 0x00000000e8900000|  0%| F|  |TAMS 0x00000000e8800000| PB 0x00000000e8800000| Untracked 
| 137|0x00000000e8900000, 0x00000000e8900000, 0x00000000e8a00000|  0%| F|  |TAMS 0x00000000e8900000| PB 0x00000000e8900000| Untracked 
| 138|0x00000000e8a00000, 0x00000000e8a00000, 0x00000000e8b00000|  0%| F|  |TAMS 0x00000000e8a00000| PB 0x00000000e8a00000| Untracked 
| 139|0x00000000e8b00000, 0x00000000e8b00000, 0x00000000e8c00000|  0%| F|  |TAMS 0x00000000e8b00000| PB 0x00000000e8b00000| Untracked 
| 140|0x00000000e8c00000, 0x00000000e8c00000, 0x00000000e8d00000|  0%| F|  |TAMS 0x00000000e8c00000| PB 0x00000000e8c00000| Untracked 
| 141|0x00000000e8d00000, 0x00000000e8d00000, 0x00000000e8e00000|  0%| F|  |TAMS 0x00000000e8d00000| PB 0x00000000e8d00000| Untracked 
| 142|0x00000000e8e00000, 0x00000000e8e00000, 0x00000000e8f00000|  0%| F|  |TAMS 0x00000000e8e00000| PB 0x00000000e8e00000| Untracked 
| 143|0x00000000e8f00000, 0x00000000e8f00000, 0x00000000e9000000|  0%| F|  |TAMS 0x00000000e8f00000| PB 0x00000000e8f00000| Untracked 
| 144|0x00000000e9000000, 0x00000000e9000000, 0x00000000e9100000|  0%| F|  |TAMS 0x00000000e9000000| PB 0x00000000e9000000| Untracked 
| 145|0x00000000e9100000, 0x00000000e9100000, 0x00000000e9200000|  0%| F|  |TAMS 0x00000000e9100000| PB 0x00000000e9100000| Untracked 
| 146|0x00000000e9200000, 0x00000000e9200000, 0x00000000e9300000|  0%| F|  |TAMS 0x00000000e9200000| PB 0x00000000e9200000| Untracked 
| 147|0x00000000e9300000, 0x00000000e9300000, 0x00000000e9400000|  0%| F|  |TAMS 0x00000000e9300000| PB 0x00000000e9300000| Untracked 
| 148|0x00000000e9400000, 0x00000000e9400000, 0x00000000e9500000|  0%| F|  |TAMS 0x00000000e9400000| PB 0x00000000e9400000| Untracked 
| 149|0x00000000e9500000, 0x00000000e9500000, 0x00000000e9600000|  0%| F|  |TAMS 0x00000000e9500000| PB 0x00000000e9500000| Untracked 
| 150|0x00000000e9600000, 0x00000000e9600000, 0x00000000e9700000|  0%| F|  |TAMS 0x00000000e9600000| PB 0x00000000e9600000| Untracked 
| 151|0x00000000e9700000, 0x00000000e9700000, 0x00000000e9800000|  0%| F|  |TAMS 0x00000000e9700000| PB 0x00000000e9700000| Untracked 
| 152|0x00000000e9800000, 0x00000000e9800000, 0x00000000e9900000|  0%| F|  |TAMS 0x00000000e9800000| PB 0x00000000e9800000| Untracked 
| 153|0x00000000e9900000, 0x00000000e9900000, 0x00000000e9a00000|  0%| F|  |TAMS 0x00000000e9900000| PB 0x00000000e9900000| Untracked 
| 154|0x00000000e9a00000, 0x00000000e9a00000, 0x00000000e9b00000|  0%| F|  |TAMS 0x00000000e9a00000| PB 0x00000000e9a00000| Untracked 
| 155|0x00000000e9b00000, 0x00000000e9b00000, 0x00000000e9c00000|  0%| F|  |TAMS 0x00000000e9b00000| PB 0x00000000e9b00000| Untracked 
| 156|0x00000000e9c00000, 0x00000000e9c00000, 0x00000000e9d00000|  0%| F|  |TAMS 0x00000000e9c00000| PB 0x00000000e9c00000| Untracked 
| 157|0x00000000e9d00000, 0x00000000e9d00000, 0x00000000e9e00000|  0%| F|  |TAMS 0x00000000e9d00000| PB 0x00000000e9d00000| Untracked 
| 158|0x00000000e9e00000, 0x00000000e9e00000, 0x00000000e9f00000|  0%| F|  |TAMS 0x00000000e9e00000| PB 0x00000000e9e00000| Untracked 
| 159|0x00000000e9f00000, 0x00000000e9f00000, 0x00000000ea000000|  0%| F|  |TAMS 0x00000000e9f00000| PB 0x00000000e9f00000| Untracked 
| 160|0x00000000ea000000, 0x00000000ea000000, 0x00000000ea100000|  0%| F|  |TAMS 0x00000000ea000000| PB 0x00000000ea000000| Untracked 
| 161|0x00000000ea100000, 0x00000000ea100000, 0x00000000ea200000|  0%| F|  |TAMS 0x00000000ea100000| PB 0x00000000ea100000| Untracked 
| 162|0x00000000ea200000, 0x00000000ea200000, 0x00000000ea300000|  0%| F|  |TAMS 0x00000000ea200000| PB 0x00000000ea200000| Untracked 
| 163|0x00000000ea300000, 0x00000000ea300000, 0x00000000ea400000|  0%| F|  |TAMS 0x00000000ea300000| PB 0x00000000ea300000| Untracked 
| 164|0x00000000ea400000, 0x00000000ea400000, 0x00000000ea500000|  0%| F|  |TAMS 0x00000000ea400000| PB 0x00000000ea400000| Untracked 
| 165|0x00000000ea500000, 0x00000000ea500000, 0x00000000ea600000|  0%| F|  |TAMS 0x00000000ea500000| PB 0x00000000ea500000| Untracked 
| 166|0x00000000ea600000, 0x00000000ea600000, 0x00000000ea700000|  0%| F|  |TAMS 0x00000000ea600000| PB 0x00000000ea600000| Untracked 
| 167|0x00000000ea700000, 0x00000000ea700000, 0x00000000ea800000|  0%| F|  |TAMS 0x00000000ea700000| PB 0x00000000ea700000| Untracked 
| 168|0x00000000ea800000, 0x00000000ea800000, 0x00000000ea900000|  0%| F|  |TAMS 0x00000000ea800000| PB 0x00000000ea800000| Untracked 
| 169|0x00000000ea900000, 0x00000000ea900000, 0x00000000eaa00000|  0%| F|  |TAMS 0x00000000ea900000| PB 0x00000000ea900000| Untracked 
| 170|0x00000000eaa00000, 0x00000000eaa00000, 0x00000000eab00000|  0%| F|  |TAMS 0x00000000eaa00000| PB 0x00000000eaa00000| Untracked 
| 171|0x00000000eab00000, 0x00000000eab00000, 0x00000000eac00000|  0%| F|  |TAMS 0x00000000eab00000| PB 0x00000000eab00000| Untracked 
| 172|0x00000000eac00000, 0x00000000eac00000, 0x00000000ead00000|  0%| F|  |TAMS 0x00000000eac00000| PB 0x00000000eac00000| Untracked 
| 173|0x00000000ead00000, 0x00000000ead00000, 0x00000000eae00000|  0%| F|  |TAMS 0x00000000ead00000| PB 0x00000000ead00000| Untracked 
| 174|0x00000000eae00000, 0x00000000eae00000, 0x00000000eaf00000|  0%| F|  |TAMS 0x00000000eae00000| PB 0x00000000eae00000| Untracked 
| 175|0x00000000eaf00000, 0x00000000eaf00000, 0x00000000eb000000|  0%| F|  |TAMS 0x00000000eaf00000| PB 0x00000000eaf00000| Untracked 
| 176|0x00000000eb000000, 0x00000000eb000000, 0x00000000eb100000|  0%| F|  |TAMS 0x00000000eb000000| PB 0x00000000eb000000| Untracked 
| 177|0x00000000eb100000, 0x00000000eb100000, 0x00000000eb200000|  0%| F|  |TAMS 0x00000000eb100000| PB 0x00000000eb100000| Untracked 
| 178|0x00000000eb200000, 0x00000000eb200000, 0x00000000eb300000|  0%| F|  |TAMS 0x00000000eb200000| PB 0x00000000eb200000| Untracked 
| 179|0x00000000eb300000, 0x00000000eb300000, 0x00000000eb400000|  0%| F|  |TAMS 0x00000000eb300000| PB 0x00000000eb300000| Untracked 
| 180|0x00000000eb400000, 0x00000000eb400000, 0x00000000eb500000|  0%| F|  |TAMS 0x00000000eb400000| PB 0x00000000eb400000| Untracked 
| 181|0x00000000eb500000, 0x00000000eb500000, 0x00000000eb600000|  0%| F|  |TAMS 0x00000000eb500000| PB 0x00000000eb500000| Untracked 
| 182|0x00000000eb600000, 0x00000000eb600000, 0x00000000eb700000|  0%| F|  |TAMS 0x00000000eb600000| PB 0x00000000eb600000| Untracked 
| 183|0x00000000eb700000, 0x00000000eb700000, 0x00000000eb800000|  0%| F|  |TAMS 0x00000000eb700000| PB 0x00000000eb700000| Untracked 
| 184|0x00000000eb800000, 0x00000000eb800000, 0x00000000eb900000|  0%| F|  |TAMS 0x00000000eb800000| PB 0x00000000eb800000| Untracked 
| 185|0x00000000eb900000, 0x00000000eb900000, 0x00000000eba00000|  0%| F|  |TAMS 0x00000000eb900000| PB 0x00000000eb900000| Untracked 
| 186|0x00000000eba00000, 0x00000000eba00000, 0x00000000ebb00000|  0%| F|  |TAMS 0x00000000eba00000| PB 0x00000000eba00000| Untracked 
| 187|0x00000000ebb00000, 0x00000000ebb00000, 0x00000000ebc00000|  0%| F|  |TAMS 0x00000000ebb00000| PB 0x00000000ebb00000| Untracked 
| 188|0x00000000ebc00000, 0x00000000ebc00000, 0x00000000ebd00000|  0%| F|  |TAMS 0x00000000ebc00000| PB 0x00000000ebc00000| Untracked 
| 189|0x00000000ebd00000, 0x00000000ebd00000, 0x00000000ebe00000|  0%| F|  |TAMS 0x00000000ebd00000| PB 0x00000000ebd00000| Untracked 
| 190|0x00000000ebe00000, 0x00000000ebe00000, 0x00000000ebf00000|  0%| F|  |TAMS 0x00000000ebe00000| PB 0x00000000ebe00000| Untracked 
| 191|0x00000000ebf00000, 0x00000000ebf00000, 0x00000000ec000000|  0%| F|  |TAMS 0x00000000ebf00000| PB 0x00000000ebf00000| Untracked 
| 192|0x00000000ec000000, 0x00000000ec000000, 0x00000000ec100000|  0%| F|  |TAMS 0x00000000ec000000| PB 0x00000000ec000000| Untracked 
| 193|0x00000000ec100000, 0x00000000ec100000, 0x00000000ec200000|  0%| F|  |TAMS 0x00000000ec100000| PB 0x00000000ec100000| Untracked 
| 194|0x00000000ec200000, 0x00000000ec200000, 0x00000000ec300000|  0%| F|  |TAMS 0x00000000ec200000| PB 0x00000000ec200000| Untracked 
| 195|0x00000000ec300000, 0x00000000ec300000, 0x00000000ec400000|  0%| F|  |TAMS 0x00000000ec300000| PB 0x00000000ec300000| Untracked 
| 196|0x00000000ec400000, 0x00000000ec400000, 0x00000000ec500000|  0%| F|  |TAMS 0x00000000ec400000| PB 0x00000000ec400000| Untracked 
| 197|0x00000000ec500000, 0x00000000ec500000, 0x00000000ec600000|  0%| F|  |TAMS 0x00000000ec500000| PB 0x00000000ec500000| Untracked 
| 198|0x00000000ec600000, 0x00000000ec600000, 0x00000000ec700000|  0%| F|  |TAMS 0x00000000ec600000| PB 0x00000000ec600000| Untracked 
| 199|0x00000000ec700000, 0x00000000ec700000, 0x00000000ec800000|  0%| F|  |TAMS 0x00000000ec700000| PB 0x00000000ec700000| Untracked 
| 200|0x00000000ec800000, 0x00000000ec800000, 0x00000000ec900000|  0%| F|  |TAMS 0x00000000ec800000| PB 0x00000000ec800000| Untracked 
| 201|0x00000000ec900000, 0x00000000ec900000, 0x00000000eca00000|  0%| F|  |TAMS 0x00000000ec900000| PB 0x00000000ec900000| Untracked 
| 202|0x00000000eca00000, 0x00000000eca00000, 0x00000000ecb00000|  0%| F|  |TAMS 0x00000000eca00000| PB 0x00000000eca00000| Untracked 
| 203|0x00000000ecb00000, 0x00000000ecb00000, 0x00000000ecc00000|  0%| F|  |TAMS 0x00000000ecb00000| PB 0x00000000ecb00000| Untracked 
| 204|0x00000000ecc00000, 0x00000000ecc00000, 0x00000000ecd00000|  0%| F|  |TAMS 0x00000000ecc00000| PB 0x00000000ecc00000| Untracked 
| 205|0x00000000ecd00000, 0x00000000ecd00000, 0x00000000ece00000|  0%| F|  |TAMS 0x00000000ecd00000| PB 0x00000000ecd00000| Untracked 
| 206|0x00000000ece00000, 0x00000000ece00000, 0x00000000ecf00000|  0%| F|  |TAMS 0x00000000ece00000| PB 0x00000000ece00000| Untracked 
| 207|0x00000000ecf00000, 0x00000000ecf00000, 0x00000000ed000000|  0%| F|  |TAMS 0x00000000ecf00000| PB 0x00000000ecf00000| Untracked 
| 208|0x00000000ed000000, 0x00000000ed000000, 0x00000000ed100000|  0%| F|  |TAMS 0x00000000ed000000| PB 0x00000000ed000000| Untracked 
| 209|0x00000000ed100000, 0x00000000ed100000, 0x00000000ed200000|  0%| F|  |TAMS 0x00000000ed100000| PB 0x00000000ed100000| Untracked 
| 210|0x00000000ed200000, 0x00000000ed200000, 0x00000000ed300000|  0%| F|  |TAMS 0x00000000ed200000| PB 0x00000000ed200000| Untracked 
| 211|0x00000000ed300000, 0x00000000ed300000, 0x00000000ed400000|  0%| F|  |TAMS 0x00000000ed300000| PB 0x00000000ed300000| Untracked 
| 212|0x00000000ed400000, 0x00000000ed400000, 0x00000000ed500000|  0%| F|  |TAMS 0x00000000ed400000| PB 0x00000000ed400000| Untracked 
| 213|0x00000000ed500000, 0x00000000ed500000, 0x00000000ed600000|  0%| F|  |TAMS 0x00000000ed500000| PB 0x00000000ed500000| Untracked 
| 214|0x00000000ed600000, 0x00000000ed600000, 0x00000000ed700000|  0%| F|  |TAMS 0x00000000ed600000| PB 0x00000000ed600000| Untracked 
| 215|0x00000000ed700000, 0x00000000ed700000, 0x00000000ed800000|  0%| F|  |TAMS 0x00000000ed700000| PB 0x00000000ed700000| Untracked 
| 216|0x00000000ed800000, 0x00000000ed800000, 0x00000000ed900000|  0%| F|  |TAMS 0x00000000ed800000| PB 0x00000000ed800000| Untracked 
| 217|0x00000000ed900000, 0x00000000ed980000, 0x00000000eda00000| 50%| E|  |TAMS 0x00000000ed900000| PB 0x00000000ed900000| Complete 
| 218|0x00000000eda00000, 0x00000000edb00000, 0x00000000edb00000|100%| E|CS|TAMS 0x00000000eda00000| PB 0x00000000eda00000| Complete 
| 219|0x00000000edb00000, 0x00000000edc00000, 0x00000000edc00000|100%| E|CS|TAMS 0x00000000edb00000| PB 0x00000000edb00000| Complete 
| 220|0x00000000edc00000, 0x00000000edd00000, 0x00000000edd00000|100%| E|CS|TAMS 0x00000000edc00000| PB 0x00000000edc00000| Complete 
| 221|0x00000000edd00000, 0x00000000ede00000, 0x00000000ede00000|100%| E|CS|TAMS 0x00000000edd00000| PB 0x00000000edd00000| Complete 
| 222|0x00000000ede00000, 0x00000000edf00000, 0x00000000edf00000|100%| E|CS|TAMS 0x00000000ede00000| PB 0x00000000ede00000| Complete 
| 223|0x00000000edf00000, 0x00000000ee000000, 0x00000000ee000000|100%| E|CS|TAMS 0x00000000edf00000| PB 0x00000000edf00000| Complete 
| 224|0x00000000ee000000, 0x00000000ee100000, 0x00000000ee100000|100%| E|CS|TAMS 0x00000000ee000000| PB 0x00000000ee000000| Complete 
| 225|0x00000000ee100000, 0x00000000ee200000, 0x00000000ee200000|100%| E|CS|TAMS 0x00000000ee100000| PB 0x00000000ee100000| Complete 
| 226|0x00000000ee200000, 0x00000000ee300000, 0x00000000ee300000|100%| E|CS|TAMS 0x00000000ee200000| PB 0x00000000ee200000| Complete 
| 227|0x00000000ee300000, 0x00000000ee31ff60, 0x00000000ee400000| 12%| S|CS|TAMS 0x00000000ee300000| PB 0x00000000ee300000| Complete 
| 228|0x00000000ee400000, 0x00000000ee500000, 0x00000000ee500000|100%| S|CS|TAMS 0x00000000ee400000| PB 0x00000000ee400000| Complete 
| 229|0x00000000ee500000, 0x00000000ee600000, 0x00000000ee600000|100%| S|CS|TAMS 0x00000000ee500000| PB 0x00000000ee500000| Complete 
| 230|0x00000000ee600000, 0x00000000ee700000, 0x00000000ee700000|100%| E|CS|TAMS 0x00000000ee600000| PB 0x00000000ee600000| Complete 
| 231|0x00000000ee700000, 0x00000000ee800000, 0x00000000ee800000|100%| E|CS|TAMS 0x00000000ee700000| PB 0x00000000ee700000| Complete 
| 232|0x00000000ee800000, 0x00000000ee900000, 0x00000000ee900000|100%| E|CS|TAMS 0x00000000ee800000| PB 0x00000000ee800000| Complete 
| 233|0x00000000ee900000, 0x00000000eea00000, 0x00000000eea00000|100%| E|CS|TAMS 0x00000000ee900000| PB 0x00000000ee900000| Complete 
| 234|0x00000000eea00000, 0x00000000eeb00000, 0x00000000eeb00000|100%| E|CS|TAMS 0x00000000eea00000| PB 0x00000000eea00000| Complete 
| 235|0x00000000eeb00000, 0x00000000eec00000, 0x00000000eec00000|100%| E|CS|TAMS 0x00000000eeb00000| PB 0x00000000eeb00000| Complete 
| 236|0x00000000eec00000, 0x00000000eed00000, 0x00000000eed00000|100%| E|CS|TAMS 0x00000000eec00000| PB 0x00000000eec00000| Complete 
| 237|0x00000000eed00000, 0x00000000eee00000, 0x00000000eee00000|100%| E|CS|TAMS 0x00000000eed00000| PB 0x00000000eed00000| Complete 
| 238|0x00000000eee00000, 0x00000000eef00000, 0x00000000eef00000|100%| E|CS|TAMS 0x00000000eee00000| PB 0x00000000eee00000| Complete 
| 239|0x00000000eef00000, 0x00000000ef000000, 0x00000000ef000000|100%| E|CS|TAMS 0x00000000eef00000| PB 0x00000000eef00000| Complete 
| 240|0x00000000ef000000, 0x00000000ef100000, 0x00000000ef100000|100%| E|CS|TAMS 0x00000000ef000000| PB 0x00000000ef000000| Complete 
| 241|0x00000000ef100000, 0x00000000ef200000, 0x00000000ef200000|100%| E|CS|TAMS 0x00000000ef100000| PB 0x00000000ef100000| Complete 
| 242|0x00000000ef200000, 0x00000000ef300000, 0x00000000ef300000|100%| E|CS|TAMS 0x00000000ef200000| PB 0x00000000ef200000| Complete 
| 243|0x00000000ef300000, 0x00000000ef400000, 0x00000000ef400000|100%| E|CS|TAMS 0x00000000ef300000| PB 0x00000000ef300000| Complete 
| 244|0x00000000ef400000, 0x00000000ef500000, 0x00000000ef500000|100%| E|CS|TAMS 0x00000000ef400000| PB 0x00000000ef400000| Complete 
| 245|0x00000000ef500000, 0x00000000ef600000, 0x00000000ef600000|100%| E|CS|TAMS 0x00000000ef500000| PB 0x00000000ef500000| Complete 
| 246|0x00000000ef600000, 0x00000000ef700000, 0x00000000ef700000|100%| E|CS|TAMS 0x00000000ef600000| PB 0x00000000ef600000| Complete 
| 247|0x00000000ef700000, 0x00000000ef800000, 0x00000000ef800000|100%| E|CS|TAMS 0x00000000ef700000| PB 0x00000000ef700000| Complete 
| 248|0x00000000ef800000, 0x00000000ef900000, 0x00000000ef900000|100%| E|CS|TAMS 0x00000000ef800000| PB 0x00000000ef800000| Complete 
| 249|0x00000000ef900000, 0x00000000efa00000, 0x00000000efa00000|100%| E|CS|TAMS 0x00000000ef900000| PB 0x00000000ef900000| Complete 
| 250|0x00000000efa00000, 0x00000000efb00000, 0x00000000efb00000|100%| E|CS|TAMS 0x00000000efa00000| PB 0x00000000efa00000| Complete 
| 251|0x00000000efb00000, 0x00000000efc00000, 0x00000000efc00000|100%| E|CS|TAMS 0x00000000efb00000| PB 0x00000000efb00000| Complete 
| 252|0x00000000efc00000, 0x00000000efd00000, 0x00000000efd00000|100%| E|CS|TAMS 0x00000000efc00000| PB 0x00000000efc00000| Complete 
| 253|0x00000000efd00000, 0x00000000efe00000, 0x00000000efe00000|100%| E|CS|TAMS 0x00000000efd00000| PB 0x00000000efd00000| Complete 
| 254|0x00000000efe00000, 0x00000000eff00000, 0x00000000eff00000|100%| E|CS|TAMS 0x00000000efe00000| PB 0x00000000efe00000| Complete 
| 255|0x00000000eff00000, 0x00000000f0000000, 0x00000000f0000000|100%| E|CS|TAMS 0x00000000eff00000| PB 0x00000000eff00000| Complete 

Card table byte_map: [0x0000028973730000,0x0000028973830000] _byte_map_base: 0x0000028973030000

Marking Bits: (CMBitMap*) 0x0000028968cc5560
 Bits: [0x0000028973830000, 0x0000028974030000)

Polling page: 0x0000028968d50000

Metaspace:

Usage:
  Non-class:     21.38 MB used.
      Class:      3.58 MB used.
       Both:     24.96 MB used.

Virtual space:
  Non-class space:       64.00 MB reserved,      21.88 MB ( 34%) committed,  1 nodes.
      Class space:      320.00 MB reserved,       4.06 MB (  1%) committed,  1 nodes.
             Both:      384.00 MB reserved,      25.94 MB (  7%) committed. 

Chunk freelists:
   Non-Class:  10.14 MB
       Class:  11.78 MB
        Both:  21.92 MB

MaxMetaspaceSize: 384.00 MB
CompressedClassSpaceSize: 320.00 MB
Initial GC threshold: 21.00 MB
Current GC threshold: 35.12 MB
CDS: on
 - commit_granule_bytes: 65536.
 - commit_granule_words: 8192.
 - virtual_space_node_default_size: 8388608.
 - enlarge_chunks_in_place: 1.
 - use_allocation_guard: 0.


Internal statistics:

num_allocs_failed_limit: 3.
num_arena_births: 1472.
num_arena_deaths: 0.
num_vsnodes_births: 2.
num_vsnodes_deaths: 0.
num_space_committed: 415.
num_space_uncommitted: 0.
num_chunks_returned_to_freelist: 3.
num_chunks_taken_from_freelist: 2620.
num_chunk_merges: 3.
num_chunk_splits: 1679.
num_chunks_enlarged: 1045.
num_inconsistent_stats: 0.

CodeHeap 'non-profiled nmethods': size=120000Kb used=1733Kb max_used=1733Kb free=118267Kb
 bounds [0x0000028907ad0000, 0x0000028907d40000, 0x000002890f000000]
CodeHeap 'profiled nmethods': size=120000Kb used=6646Kb max_used=6646Kb free=113354Kb
 bounds [0x0000028900000000, 0x0000028900680000, 0x0000028907530000]
CodeHeap 'non-nmethods': size=5760Kb used=1527Kb max_used=1551Kb free=4233Kb
 bounds [0x0000028907530000, 0x00000289077a0000, 0x0000028907ad0000]
 total_blobs=4058 nmethods=3465 adapters=497
 compilation: enabled
              stopped_count=0, restarted_count=0
 full_count=0

Compilation events (20 events):
Event: 43.252 Thread 0x000002897b019580 nmethod 3469 0x0000028900678b10 code [0x0000028900678ca0, 0x0000028900678e50]
Event: 43.252 Thread 0x000002897b019580 3470       3       java.lang.WeakPairMap$Pair$Weak::second (8 bytes)
Event: 43.252 Thread 0x000002897b019580 nmethod 3470 0x0000028900678f10 code [0x00000289006790c0, 0x0000028900679290]
Event: 43.302 Thread 0x000002897b016ad0 3472       4       com.google.common.base.CharMatcher::indexIn (48 bytes)
Event: 43.302 Thread 0x000002897b019580 3473       3       java.util.Collections$UnmodifiableCollection::size (10 bytes)
Event: 43.303 Thread 0x000002897b019580 nmethod 3473 0x0000028900679390 code [0x0000028900679540, 0x0000028900679718]
Event: 43.303 Thread 0x000002897b019580 3474       3       java.util.LinkedList::add (7 bytes)
Event: 43.303 Thread 0x000002897b019580 nmethod 3474 0x0000028900679810 code [0x00000289006799c0, 0x0000028900679b18]
Event: 43.306 Thread 0x000002897b019580 3475       3       com.google.common.cache.LocalCache::evictsBySize (15 bytes)
Event: 43.306 Thread 0x000002897b019580 nmethod 3475 0x0000028900679c10 code [0x0000028900679da0, 0x0000028900679f10]
Event: 43.310 Thread 0x000002897b016ad0 nmethod 3472 0x0000028907c80290 code [0x0000028907c80460, 0x0000028907c80800]
Event: 43.311 Thread 0x000002897b019580 3476       3       java.util.concurrent.locks.AbstractQueuedSynchronizer$Node::<init> (5 bytes)
Event: 43.311 Thread 0x000002897b019580 nmethod 3476 0x0000028900679f90 code [0x000002890067a140, 0x000002890067a2a8]
Event: 43.313 Thread 0x000002897b019580 3477       3       com.google.common.collect.ObjectArrays::checkElementNotNull (33 bytes)
Event: 43.313 Thread 0x000002897b019580 nmethod 3477 0x000002890067a390 code [0x000002890067a5c0, 0x000002890067aba8]
Event: 43.323 Thread 0x000002897b019580 3478       3       com.google.common.collect.ImmutableList$Builder::add (6 bytes)
Event: 43.323 Thread 0x000002897b019580 nmethod 3478 0x000002890067ae10 code [0x000002890067afc0, 0x000002890067b0f8]
Event: 43.364 Thread 0x000002897b016ad0 3479   !   4       java.net.URLClassLoader::findClass (47 bytes)
Event: 43.393 Thread 0x000002897b019580 3480       3       java.util.concurrent.locks.ReentrantLock$Sync::isHeldExclusively (16 bytes)
Event: 43.393 Thread 0x000002897b019580 nmethod 3480 0x000002890067b190 code [0x000002890067b340, 0x000002890067b4d8]

GC Heap History (8 events):
Event: 2.031 GC heap before
{Heap before GC invocations=0 (full 0):
 garbage-first heap   total 262144K, used 26624K [0x00000000e0000000, 0x0000000100000000)
  region size 1024K, 23 young (23552K), 0 survivors (0K)
 Metaspace       used 2963K, committed 3072K, reserved 393216K
  class space    used 341K, committed 384K, reserved 327680K
}
Event: 2.138 GC heap after
{Heap after GC invocations=1 (full 0):
 garbage-first heap   total 262144K, used 10879K [0x00000000e0000000, 0x0000000100000000)
  region size 1024K, 3 young (3072K), 3 survivors (3072K)
 Metaspace       used 2963K, committed 3072K, reserved 393216K
  class space    used 341K, committed 384K, reserved 327680K
}
Event: 4.262 GC heap before
{Heap before GC invocations=1 (full 0):
 garbage-first heap   total 262144K, used 41599K [0x00000000e0000000, 0x0000000100000000)
  region size 1024K, 31 young (31744K), 3 survivors (3072K)
 Metaspace       used 4623K, committed 4864K, reserved 393216K
  class space    used 571K, committed 704K, reserved 327680K
}
Event: 4.270 GC heap after
{Heap after GC invocations=2 (full 0):
 garbage-first heap   total 262144K, used 14703K [0x00000000e0000000, 0x0000000100000000)
  region size 1024K, 3 young (3072K), 3 survivors (3072K)
 Metaspace       used 4623K, committed 4864K, reserved 393216K
  class space    used 571K, committed 704K, reserved 327680K
}
Event: 37.660 GC heap before
{Heap before GC invocations=2 (full 0):
 garbage-first heap   total 262144K, used 101743K [0x00000000e0000000, 0x0000000100000000)
  region size 1024K, 88 young (90112K), 3 survivors (3072K)
 Metaspace       used 17532K, committed 18048K, reserved 393216K
  class space    used 2348K, committed 2624K, reserved 327680K
}
Event: 38.283 GC heap after
{Heap after GC invocations=3 (full 0):
 garbage-first heap   total 262144K, used 22731K [0x00000000e0000000, 0x0000000100000000)
  region size 1024K, 11 young (11264K), 11 survivors (11264K)
 Metaspace       used 17532K, committed 18048K, reserved 393216K
  class space    used 2348K, committed 2624K, reserved 327680K
}
Event: 40.340 GC heap before
{Heap before GC invocations=3 (full 0):
 garbage-first heap   total 262144K, used 48331K [0x00000000e0000000, 0x0000000100000000)
  region size 1024K, 37 young (37888K), 11 survivors (11264K)
 Metaspace       used 20914K, committed 21504K, reserved 393216K
  class space    used 2894K, committed 3200K, reserved 327680K
}
Event: 40.363 GC heap after
{Heap after GC invocations=4 (full 0):
 garbage-first heap   total 262144K, used 24563K [0x00000000e0000000, 0x0000000100000000)
  region size 1024K, 3 young (3072K), 3 survivors (3072K)
 Metaspace       used 20914K, committed 21504K, reserved 393216K
  class space    used 2894K, committed 3200K, reserved 327680K
}

Dll operation events (15 events):
Event: 0.059 Loaded shared library D:\javar\bin\java.dll
Event: 0.262 Loaded shared library D:\javar\bin\jsvml.dll
Event: 0.351 Loaded shared library D:\javar\bin\zip.dll
Event: 0.367 Loaded shared library D:\javar\bin\instrument.dll
Event: 0.395 Loaded shared library D:\javar\bin\net.dll
Event: 0.471 Loaded shared library D:\javar\bin\nio.dll
Event: 0.477 Loaded shared library D:\javar\bin\zip.dll
Event: 1.015 Loaded shared library D:\javar\bin\jimage.dll
Event: 1.688 Loaded shared library D:\javar\bin\verify.dll
Event: 1.845 Loaded shared library C:\Users\hieun\.gradle\native\660c5614fbf4a5f2a75b1949f50a0caf5cd603558e7d8a26e50b933a0cfb79d1\windows-amd64\native-platform.dll
Event: 1.865 Loaded shared library C:\Users\hieun\.gradle\native\0.2.8\x86_64-windows-gnu\gradle-fileevents.dll
Event: 5.843 Loaded shared library D:\javar\bin\management.dll
Event: 5.854 Loaded shared library D:\javar\bin\management_ext.dll
Event: 6.604 Loaded shared library D:\javar\bin\extnet.dll
Event: 18.520 Loaded shared library D:\javar\bin\sunmscapi.dll

Deoptimization events (20 events):
Event: 41.958 Thread 0x000002897b4854f0 Uncommon trap: trap_request=0xffffff45 fr.pc=0x0000028907c4aa58 relative=0x00000000000001f8
Event: 41.958 Thread 0x000002897b4854f0 Uncommon trap: reason=unstable_if action=reinterpret pc=0x0000028907c4aa58 method=java.util.HashMap.getNode(Ljava/lang/Object;)Ljava/util/HashMap$Node; @ 131 c2
Event: 41.958 Thread 0x000002897b4854f0 DEOPT PACKING pc=0x0000028907c4aa58 sp=0x000000eaa41fb850
Event: 41.958 Thread 0x000002897b4854f0 DEOPT UNPACKING pc=0x00000289075846a2 sp=0x000000eaa41fb7d0 mode 2
Event: 42.379 Thread 0x000002897b4854f0 Uncommon trap: trap_request=0xffffffde fr.pc=0x0000028907ae04c8 relative=0x00000000000001a8
Event: 42.379 Thread 0x000002897b4854f0 Uncommon trap: reason=class_check action=maybe_recompile pc=0x0000028907ae04c8 method=java.lang.String.equals(Ljava/lang/Object;)Z @ 8 c2
Event: 42.379 Thread 0x000002897b4854f0 DEOPT PACKING pc=0x0000028907ae04c8 sp=0x000000eaa41fa600
Event: 42.379 Thread 0x000002897b4854f0 DEOPT UNPACKING pc=0x00000289075846a2 sp=0x000000eaa41fa598 mode 2
Event: 43.053 Thread 0x000002897b4854f0 Uncommon trap: trap_request=0xffffff45 fr.pc=0x0000028907c2b35c relative=0x0000000000000cbc
Event: 43.053 Thread 0x000002897b4854f0 Uncommon trap: reason=unstable_if action=reinterpret pc=0x0000028907c2b35c method=jdk.internal.org.objectweb.asm.SymbolTable.addType(Ljava/lang/String;)I @ 33 c2
Event: 43.054 Thread 0x000002897b4854f0 DEOPT PACKING pc=0x0000028907c2b35c sp=0x000000eaa41fc150
Event: 43.054 Thread 0x000002897b4854f0 DEOPT UNPACKING pc=0x00000289075846a2 sp=0x000000eaa41fc088 mode 2
Event: 43.061 Thread 0x000002897b4854f0 Uncommon trap: trap_request=0xffffff45 fr.pc=0x0000028907c69098 relative=0x00000000000001d8
Event: 43.061 Thread 0x000002897b4854f0 Uncommon trap: reason=unstable_if action=reinterpret pc=0x0000028907c69098 method=jdk.internal.org.objectweb.asm.Type.getTypeInternal(Ljava/lang/String;II)Ljdk/internal/org/objectweb/asm/Type; @ 5 c2
Event: 43.061 Thread 0x000002897b4854f0 DEOPT PACKING pc=0x0000028907c69098 sp=0x000000eaa41fc0f0
Event: 43.061 Thread 0x000002897b4854f0 DEOPT UNPACKING pc=0x00000289075846a2 sp=0x000000eaa41fc088 mode 2
Event: 43.294 Thread 0x000002897b4854f0 Uncommon trap: trap_request=0xffffff76 fr.pc=0x0000028907c66704 relative=0x00000000000001c4
Event: 43.294 Thread 0x000002897b4854f0 Uncommon trap: reason=predicate action=maybe_recompile pc=0x0000028907c66704 method=com.google.common.base.CharMatcher.indexIn(Ljava/lang/CharSequence;I)I @ 19 c2
Event: 43.294 Thread 0x000002897b4854f0 DEOPT PACKING pc=0x0000028907c66704 sp=0x000000eaa41fb2c0
Event: 43.294 Thread 0x000002897b4854f0 DEOPT UNPACKING pc=0x00000289075846a2 sp=0x000000eaa41fb250 mode 2

Classes loaded (20 events):
Event: 42.350 Loading class java/io/UnsupportedEncodingException
Event: 42.350 Loading class java/io/UnsupportedEncodingException done
Event: 43.107 Loading class java/util/stream/SliceOps
Event: 43.107 Loading class java/util/stream/SliceOps done
Event: 43.107 Loading class java/util/stream/SliceOps$1
Event: 43.107 Loading class java/util/stream/ReferencePipeline$StatefulOp
Event: 43.107 Loading class java/util/stream/ReferencePipeline$StatefulOp done
Event: 43.107 Loading class java/util/stream/SliceOps$1 done
Event: 43.169 Loading class java/util/stream/SliceOps$1$1
Event: 43.169 Loading class java/util/stream/SliceOps$1$1 done
Event: 43.271 Loading class java/util/concurrent/TimeoutException
Event: 43.272 Loading class java/util/concurrent/TimeoutException done
Event: 43.272 Loading class java/util/concurrent/CancellationException
Event: 43.272 Loading class java/util/concurrent/CancellationException done
Event: 43.374 Loading class java/util/concurrent/locks/AbstractQueuedSynchronizer$SharedNode
Event: 43.374 Loading class java/util/concurrent/locks/AbstractQueuedSynchronizer$SharedNode done
Event: 43.386 Loading class java/util/zip/DataFormatException
Event: 43.386 Loading class java/util/zip/DataFormatException done
Event: 43.387 Loading class java/lang/ClassFormatError
Event: 43.387 Loading class java/lang/ClassFormatError done

Classes unloaded (0 events):
No events

Classes redefined (0 events):
No events

Internal exceptions (20 events):
Event: 41.985 Thread 0x000002897b4854f0 Exception <a 'java/lang/NoSuchMethodError'{0x00000000ef49fd90}: 'java.lang.Object java.lang.invoke.DirectMethodHandle$Holder.newInvokeSpecial(java.lang.Object, java.lang.Object, java.lang.Object, java.lang.Object, java.lang.Object, java.lang.Object, java.lang.Object)'> (0x00000000ef49fd90) 
thrown [s\open\src\hotspot\share\interpreter\linkResolver.cpp, line 773]
Event: 42.546 Thread 0x000002897b4854f0 Exception <a 'java/lang/NoSuchMethodError'{0x00000000eebd6938}: 'java.lang.Object java.lang.invoke.DirectMethodHandle$Holder.invokeSpecial(java.lang.Object, java.lang.Object, java.lang.Object, java.lang.Object, java.lang.Object, java.lang.Object, java.lang.Object, java.lang.Object, java.lang.Object, java.lang.Object, java.lang.Object, java.lang.Object, java.lang.Object, java.lang.Object, java.lang.Object, java.lang.Object, java.lang.Object, java.lang.Object, java.lang.Object, java.lang.Object, java.lang.Ob
Event: 42.546 Thread 0x000002897b4854f0 Exception <a 'java/lang/NoSuchMethodError'{0x00000000eebdc470}: 'java.lang.Object java.lang.invoke.DelegatingMethodHandle$Holder.reinvoke_L(java.lang.Object, java.lang.Object, java.lang.Object, java.lang.Object, java.lang.Object, java.lang.Object, java.lang.Object, java.lang.Object, java.lang.Object, java.lang.Object, java.lang.Object, java.lang.Object, java.lang.Object, java.lang.Object, java.lang.Object, java.lang.Object, java.lang.Object, java.lang.Object, java.lang.Object, java.lang.Object, java.lang.O
Event: 42.549 Thread 0x000002897b4854f0 Exception <a 'java/lang/NoSuchMethodError'{0x00000000eebe7de0}: 'java.lang.Object java.lang.invoke.DirectMethodHandle$Holder.invokeSpecial(java.lang.Object, java.lang.Object, java.lang.Object, java.lang.Object, java.lang.Object, java.lang.Object, java.lang.Object, java.lang.Object, java.lang.Object, java.lang.Object, java.lang.Object, java.lang.Object, java.lang.Object, java.lang.Object, java.lang.Object, java.lang.Object, java.lang.Object, java.lang.Object, java.lang.Object, java.lang.Object, java.lang.Ob
Event: 42.549 Thread 0x000002897b4854f0 Exception <a 'java/lang/NoSuchMethodError'{0x00000000eebed760}: 'java.lang.Object java.lang.invoke.Invokers$Holder.invoker(java.lang.Object, java.lang.Object, java.lang.Object, java.lang.Object, java.lang.Object, java.lang.Object, java.lang.Object, java.lang.Object, java.lang.Object, java.lang.Object, java.lang.Object, java.lang.Object, java.lang.Object, java.lang.Object, java.lang.Object, java.lang.Object, java.lang.Object, java.lang.Object, java.lang.Object, java.lang.Object, java.lang.Object, java.lang.
Event: 42.550 Thread 0x000002897b4854f0 Exception <a 'java/lang/NoSuchMethodError'{0x00000000eebf3ae0}: 'java.lang.Object java.lang.invoke.DelegatingMethodHandle$Holder.delegate(java.lang.Object, java.lang.Object, java.lang.Object, java.lang.Object, java.lang.Object, java.lang.Object, java.lang.Object, java.lang.Object, java.lang.Object, java.lang.Object, java.lang.Object, java.lang.Object, java.lang.Object, java.lang.Object, java.lang.Object, java.lang.Object, java.lang.Object, java.lang.Object, java.lang.Object, java.lang.Object, java.lang.Obj
Event: 42.628 Thread 0x000002897b4854f0 Exception <a 'java/lang/NoSuchMethodError'{0x00000000ee9cb268}: 'java.lang.Object java.lang.invoke.DirectMethodHandle$Holder.invokeStaticInit(java.lang.Object, java.lang.Object, java.lang.Object)'> (0x00000000ee9cb268) 
thrown [s\open\src\hotspot\share\interpreter\linkResolver.cpp, line 773]
Event: 42.761 Thread 0x000002897b4854f0 Exception <a 'java/lang/NoSuchMethodError'{0x00000000ee7bc620}: 'int java.lang.invoke.DirectMethodHandle$Holder.invokeStaticInit(java.lang.Object, java.lang.Object)'> (0x00000000ee7bc620) 
thrown [s\open\src\hotspot\share\interpreter\linkResolver.cpp, line 773]
Event: 42.768 Thread 0x000002897b4854f0 Exception <a 'java/lang/IncompatibleClassChangeError'{0x00000000ee7f74e0}: Found class java.lang.Object, but interface was expected> (0x00000000ee7f74e0) 
thrown [s\open\src\hotspot\share\interpreter\linkResolver.cpp, line 840]
Event: 42.816 Thread 0x000002897b4854f0 Exception <a 'java/lang/NoSuchMethodError'{0x00000000ee696df0}: 'java.lang.Object java.lang.invoke.DirectMethodHandle$Holder.invokeVirtual(java.lang.Object, java.lang.Object, java.lang.Object, java.lang.Object, java.lang.Object, java.lang.Object, java.lang.Object, java.lang.Object, java.lang.Object, java.lang.Object, java.lang.Object, java.lang.Object, java.lang.Object)'> (0x00000000ee696df0) 
thrown [s\open\src\hotspot\share\interpreter\linkResolver.cpp, line 773]
Event: 42.816 Thread 0x000002897b4854f0 Exception <a 'java/lang/NoSuchMethodError'{0x00000000ee69c008}: 'java.lang.Object java.lang.invoke.DirectMethodHandle$Holder.invokeSpecial(java.lang.Object, java.lang.Object, java.lang.Object, java.lang.Object, java.lang.Object, java.lang.Object, java.lang.Object, java.lang.Object, java.lang.Object, java.lang.Object, java.lang.Object, java.lang.Object, java.lang.Object, java.lang.Object)'> (0x00000000ee69c008) 
thrown [s\open\src\hotspot\share\interpreter\linkResolver.cpp, line 773]
Event: 42.816 Thread 0x000002897b4854f0 Exception <a 'java/lang/NoSuchMethodError'{0x00000000ee6a0aa8}: 'java.lang.Object java.lang.invoke.DelegatingMethodHandle$Holder.reinvoke_L(java.lang.Object, java.lang.Object, java.lang.Object, java.lang.Object, java.lang.Object, java.lang.Object, java.lang.Object, java.lang.Object, java.lang.Object, java.lang.Object, java.lang.Object, java.lang.Object, java.lang.Object)'> (0x00000000ee6a0aa8) 
thrown [s\open\src\hotspot\share\interpreter\linkResolver.cpp, line 773]
Event: 42.911 Thread 0x000002897b4854f0 Exception <a 'java/lang/NoSuchMethodError'{0x00000000ee113da0}: 'void java.lang.invoke.DirectMethodHandle$Holder.invokeStaticInit(java.lang.Object, java.lang.Object)'> (0x00000000ee113da0) 
thrown [s\open\src\hotspot\share\interpreter\linkResolver.cpp, line 773]
Event: 43.007 Thread 0x000002897b4854f0 Exception <a 'java/lang/NoSuchMethodError'{0x00000000ee07f800}: 'java.lang.Object java.lang.invoke.DirectMethodHandle$Holder.newInvokeSpecial(java.lang.Object, java.lang.Object, java.lang.Object, java.lang.Object, java.lang.Object, java.lang.Object, java.lang.Object, java.lang.Object, java.lang.Object, java.lang.Object, java.lang.Object, java.lang.Object, java.lang.Object, java.lang.Object, java.lang.Object)'> (0x00000000ee07f800) 
thrown [s\open\src\hotspot\share\interpreter\linkResolver.cpp, line 773]
Event: 43.008 Thread 0x000002897b4854f0 Exception <a 'java/lang/NoSuchMethodError'{0x00000000ee085648}: 'java.lang.Object java.lang.invoke.DirectMethodHandle$Holder.invokeSpecial(java.lang.Object, java.lang.Object, java.lang.Object, java.lang.Object, java.lang.Object, java.lang.Object, java.lang.Object, java.lang.Object, java.lang.Object, java.lang.Object, java.lang.Object, java.lang.Object, java.lang.Object, java.lang.Object, java.lang.Object, java.lang.Object)'> (0x00000000ee085648) 
thrown [s\open\src\hotspot\share\interpreter\linkResolver.cp
Event: 43.009 Thread 0x000002897b4854f0 Exception <a 'java/lang/NoSuchMethodError'{0x00000000ee08a3d8}: 'java.lang.Object java.lang.invoke.DelegatingMethodHandle$Holder.reinvoke_L(java.lang.Object, java.lang.Object, java.lang.Object, java.lang.Object, java.lang.Object, java.lang.Object, java.lang.Object, java.lang.Object, java.lang.Object, java.lang.Object, java.lang.Object, java.lang.Object, java.lang.Object, java.lang.Object, java.lang.Object)'> (0x00000000ee08a3d8) 
thrown [s\open\src\hotspot\share\interpreter\linkResolver.cpp, line 773]
Event: 43.204 Thread 0x000002897b4854f0 Exception <a 'java/lang/NoSuchMethodError'{0x00000000edddedd8}: 'java.lang.Object java.lang.invoke.DirectMethodHandle$Holder.newInvokeSpecial(java.lang.Object, java.lang.Object, java.lang.Object, java.lang.Object, java.lang.Object, java.lang.Object, java.lang.Object, java.lang.Object, java.lang.Object)'> (0x00000000edddedd8) 
thrown [s\open\src\hotspot\share\interpreter\linkResolver.cpp, line 773]
Event: 43.248 Thread 0x000002897b4854f0 Exception <a 'java/lang/IncompatibleClassChangeError'{0x00000000edc9ec18}: Found class java.lang.Object, but interface was expected> (0x00000000edc9ec18) 
thrown [s\open\src\hotspot\share\interpreter\linkResolver.cpp, line 840]
Event: 43.386 Thread 0x000002897b4854f0 Exception <a 'java/io/IOException'{0x00000000edae01d8}> (0x00000000edae01d8) 
thrown [s\open\src\hotspot\share\prims\jni.cpp, line 520]
Event: 43.387 Thread 0x000002897b4854f0 Exception <a 'java/lang/NoClassDefFoundError'{0x00000000edae25f0}: org/gradle/internal/watch/registry/impl/AbstractFileWatcherUpdater> (0x00000000edae25f0) 
thrown [s\open\src\hotspot\share\classfile\systemDictionary.cpp, line 302]

ZGC Phase Switch (0 events):
No events

VM Operations (20 events):
Event: 37.660 Executing VM operation: G1CollectForAllocation (G1 Evacuation Pause)
Event: 38.287 Executing VM operation: G1CollectForAllocation (G1 Evacuation Pause) done
Event: 38.415 Executing VM operation: HandshakeAllThreads (Deoptimize)
Event: 38.415 Executing VM operation: HandshakeAllThreads (Deoptimize) done
Event: 38.416 Executing VM operation: HandshakeAllThreads (Deoptimize)
Event: 38.416 Executing VM operation: HandshakeAllThreads (Deoptimize) done
Event: 39.424 Executing VM operation: Cleanup
Event: 39.443 Executing VM operation: Cleanup done
Event: 40.340 Executing VM operation: CollectForMetadataAllocation (Metadata GC Threshold)
Event: 40.363 Executing VM operation: CollectForMetadataAllocation (Metadata GC Threshold) done
Event: 40.381 Executing VM operation: G1PauseRemark
Event: 40.398 Executing VM operation: G1PauseRemark done
Event: 40.399 Executing VM operation: G1PauseCleanup
Event: 40.399 Executing VM operation: G1PauseCleanup done
Event: 41.405 Executing VM operation: Cleanup
Event: 41.405 Executing VM operation: Cleanup done
Event: 42.412 Executing VM operation: Cleanup
Event: 42.412 Executing VM operation: Cleanup done
Event: 43.108 Executing VM operation: HandshakeAllThreads (Deoptimize)
Event: 43.146 Executing VM operation: HandshakeAllThreads (Deoptimize) done

Events (20 events):
Event: 0.530 Thread 0x000002897b255070 Thread added: 0x000002897b255070
Event: 6.099 Thread 0x000002897cdad2c0 Thread added: 0x000002897cdad2c0
Event: 8.037 Thread 0x000002897b08c930 Thread added: 0x000002897b08c930
Event: 14.310 Thread 0x000002897c05bcc0 Thread added: 0x000002897c05bcc0
Event: 18.497 Thread 0x000002897b0ecea0 Thread added: 0x000002897b0ecea0
Event: 18.730 Thread 0x000002897c8e8cf0 Thread added: 0x000002897c8e8cf0
Event: 18.861 Thread 0x000002897b29ca80 Thread added: 0x000002897b29ca80
Event: 18.878 Thread 0x000002897b0ecea0 Thread exited: 0x000002897b0ecea0
Event: 18.938 Thread 0x000002897bfddc30 Thread added: 0x000002897bfddc30
Event: 28.720 Thread 0x000002897b4854f0 Thread added: 0x000002897b4854f0
Event: 30.059 Thread 0x000002897d41d170 Thread added: 0x000002897d41d170
Event: 30.090 Thread 0x000002897d41b730 Thread added: 0x000002897d41b730
Event: 30.127 Thread 0x000002897d419cf0 Thread added: 0x000002897d419cf0
Event: 36.245 Thread 0x000002897d41a380 Thread added: 0x000002897d41a380
Event: 36.328 Thread 0x000002897d41bdc0 Thread added: 0x000002897d41bdc0
Event: 36.416 Thread 0x000002897d41c450 Thread added: 0x000002897d41c450
Event: 36.905 Thread 0x000002897d41b0a0 Thread added: 0x000002897d41b0a0
Event: 42.418 Thread 0x000002897d9d45b0 Thread added: 0x000002897d9d45b0
Event: 42.505 Thread 0x000002897d9d73a0 Thread added: 0x000002897d9d73a0
Event: 43.374 Thread 0x000002897d9d7a30 Thread added: 0x000002897d9d7a30


Dynamic libraries:
0x00007ff6a9cf0000 - 0x00007ff6a9d00000 	D:\javar\bin\java.exe
0x00007fffaf4a0000 - 0x00007fffaf707000 	C:\Windows\SYSTEM32\ntdll.dll
0x00007fffadd00000 - 0x00007fffaddcb000 	C:\Windows\System32\KERNEL32.DLL
0x00007fffac730000 - 0x00007fffacb32000 	C:\Windows\System32\KERNELBASE.dll
0x00007fffa85e0000 - 0x00007fffa867f000 	C:\Windows\SYSTEM32\apphelp.dll
0x00007fffacc30000 - 0x00007fffacd7c000 	C:\Windows\System32\ucrtbase.dll
0x00007ffedfda0000 - 0x00007ffedfdb9000 	D:\javar\bin\jli.dll
0x00007fffae990000 - 0x00007fffaea4c000 	C:\Windows\System32\ADVAPI32.dll
0x00007fffadb90000 - 0x00007fffadc39000 	C:\Windows\System32\msvcrt.dll
0x00007fffadc40000 - 0x00007fffadce9000 	C:\Windows\System32\sechost.dll
0x00007fffad940000 - 0x00007fffada58000 	C:\Windows\System32\RPCRT4.dll
0x00007fffad6a0000 - 0x00007fffad86f000 	C:\Windows\System32\USER32.dll
0x00007fffacc00000 - 0x00007fffacc27000 	C:\Windows\System32\win32u.dll
0x00007fffaf430000 - 0x00007fffaf45b000 	C:\Windows\System32\GDI32.dll
0x00007fffad090000 - 0x00007fffad1b9000 	C:\Windows\System32\gdi32full.dll
0x00007fffacf20000 - 0x00007fffacfc3000 	C:\Windows\System32\msvcp_win.dll
0x00007ffedfce0000 - 0x00007ffedfcfe000 	D:\javar\bin\VCRUNTIME140.dll
0x00007fffab890000 - 0x00007fffabb20000 	C:\Windows\WinSxS\amd64_microsoft.windows.common-controls_6595b64144ccf1df_6.0.26100.9278_none_3e0d1ba8e3303201\COMCTL32.dll
0x00007fffa9ad0000 - 0x00007fffa9adb000 	C:\Windows\SYSTEM32\VERSION.dll
0x00007fffad2d0000 - 0x00007fffad301000 	C:\Windows\System32\IMM32.DLL
0x00007fff8e290000 - 0x00007fff8e29c000 	D:\javar\bin\vcruntime140_1.dll
0x00007ffede410000 - 0x00007ffede49d000 	D:\javar\bin\msvcp140.dll
0x00007ffed9070000 - 0x00007ffed9d98000 	D:\javar\bin\server\jvm.dll
0x00007fffae310000 - 0x00007fffae390000 	C:\Windows\System32\WS2_32.dll
0x00007fffac500000 - 0x00007fffac55e000 	C:\Windows\SYSTEM32\POWRPROF.dll
0x00007fffa0d00000 - 0x00007fffa0d36000 	C:\Windows\SYSTEM32\WINMM.dll
0x00007fffac4e0000 - 0x00007fffac4f5000 	C:\Windows\SYSTEM32\UMPDC.dll
0x00007fffaad40000 - 0x00007fffaad5b000 	C:\Windows\SYSTEM32\kernel.appcore.dll
0x00007fff87020000 - 0x00007fff8702a000 	D:\javar\bin\jimage.dll
0x00007fffabe20000 - 0x00007fffac06c000 	C:\Windows\SYSTEM32\DBGHELP.DLL
0x00007fffad310000 - 0x00007fffad695000 	C:\Windows\System32\combase.dll
0x00007fffae020000 - 0x00007fffae0f9000 	C:\Windows\System32\OLEAUT32.dll
0x00007fffabd10000 - 0x00007fffabd4b000 	C:\Windows\SYSTEM32\dbgcore.DLL
0x00007fffacfd0000 - 0x00007fffad07c000 	C:\Windows\System32\bcryptPrimitives.dll
0x00007fff75da0000 - 0x00007fff75db0000 	D:\javar\bin\instrument.dll
0x00007ffedfc20000 - 0x00007ffedfc41000 	D:\javar\bin\java.dll
0x00007fffaea60000 - 0x00007fffaf1f8000 	C:\Windows\System32\SHELL32.dll
0x00007fffa90d0000 - 0x00007fffa997e000 	C:\Windows\SYSTEM32\windows.storage.dll
0x00007fffad1d0000 - 0x00007fffad2cb000 	C:\Windows\System32\SHCORE.dll
0x00007fffada90000 - 0x00007fffadaf6000 	C:\Windows\System32\shlwapi.dll
0x00007fffac5c0000 - 0x00007fffac5e9000 	C:\Windows\SYSTEM32\profapi.dll
0x00007ffede4a0000 - 0x00007ffede577000 	D:\javar\bin\jsvml.dll
0x00007ffedfdc0000 - 0x00007ffedfdd8000 	D:\javar\bin\zip.dll
0x00007ffedfe00000 - 0x00007ffedfe11000 	D:\javar\bin\net.dll
0x00007fffa0d70000 - 0x00007fffa0e9a000 	C:\Windows\SYSTEM32\WINHTTP.dll
0x00007fffaa900000 - 0x00007fffaa96c000 	C:\Windows\system32\mswsock.dll
0x00007ffedfde0000 - 0x00007ffedfdf6000 	D:\javar\bin\nio.dll
0x00007fff86820000 - 0x00007fff86830000 	D:\javar\bin\verify.dll
0x00007ffedfbf0000 - 0x00007ffedfc17000 	C:\Users\hieun\.gradle\native\660c5614fbf4a5f2a75b1949f50a0caf5cd603558e7d8a26e50b933a0cfb79d1\windows-amd64\native-platform.dll
0x00007ffede260000 - 0x00007ffede2d7000 	C:\Users\hieun\.gradle\native\0.2.8\x86_64-windows-gnu\gradle-fileevents.dll
0x00007fff1cb00000 - 0x00007fff1cb0a000 	D:\javar\bin\management.dll
0x00007fff1c710000 - 0x00007fff1c71c000 	D:\javar\bin\management_ext.dll
0x00007fffadcf0000 - 0x00007fffadcf8000 	C:\Windows\System32\PSAPI.DLL
0x00007fffa9dd0000 - 0x00007fffa9e03000 	C:\Windows\SYSTEM32\IPHLPAPI.DLL
0x00007fffae010000 - 0x00007fffae01a000 	C:\Windows\System32\NSI.dll
0x00007fff86540000 - 0x00007fff86549000 	D:\javar\bin\extnet.dll
0x00007fffac1a0000 - 0x00007fffac1bb000 	C:\Windows\SYSTEM32\CRYPTSP.dll
0x00007fffaa300000 - 0x00007fffaa339000 	C:\Windows\system32\rsaenh.dll
0x00007fffaa9b0000 - 0x00007fffaa9e4000 	C:\Windows\SYSTEM32\USERENV.dll
0x00007fffac590000 - 0x00007fffac5ba000 	C:\Windows\SYSTEM32\bcrypt.dll
0x00007fffaabf0000 - 0x00007fffaabfc000 	C:\Windows\SYSTEM32\CRYPTBASE.dll
0x00007fffa3970000 - 0x00007fffa397e000 	D:\javar\bin\sunmscapi.dll
0x00007fffacd90000 - 0x00007fffacf0e000 	C:\Windows\System32\CRYPT32.dll
0x00007fffab710000 - 0x00007fffab740000 	C:\Windows\SYSTEM32\ncrypt.dll
0x00007fffab600000 - 0x00007fffab63f000 	C:\Windows\SYSTEM32\NTASN1.dll
0x00007fff76750000 - 0x00007fff76758000 	C:\Windows\system32\wshunix.dll

dbghelp: loaded successfully - version: 4.0.5 - missing functions: none
symbol engine: initialized successfully - sym options: 0x614 - pdb path: .;D:\javar\bin;C:\Windows\SYSTEM32;C:\Windows\WinSxS\amd64_microsoft.windows.common-controls_6595b64144ccf1df_6.0.26100.9278_none_3e0d1ba8e3303201;D:\javar\bin\server;C:\Users\hieun\.gradle\native\660c5614fbf4a5f2a75b1949f50a0caf5cd603558e7d8a26e50b933a0cfb79d1\windows-amd64;C:\Users\hieun\.gradle\native\0.2.8\x86_64-windows-gnu

VM Arguments:
jvm_args: --add-opens=java.base/java.lang=ALL-UNNAMED --add-opens=java.base/java.lang.invoke=ALL-UNNAMED --add-opens=java.base/java.util=ALL-UNNAMED --add-opens=java.prefs/java.util.prefs=ALL-UNNAMED --add-exports=jdk.compiler/com.sun.tools.javac.api=ALL-UNNAMED --add-exports=jdk.compiler/com.sun.tools.javac.util=ALL-UNNAMED --add-opens=java.base/java.nio.charset=ALL-UNNAMED --add-opens=java.base/java.net=ALL-UNNAMED --add-opens=java.base/java.util.concurrent=ALL-UNNAMED --add-opens=java.base/java.util.concurrent.atomic=ALL-UNNAMED --add-opens=java.xml/javax.xml.namespace=ALL-UNNAMED --add-opens=java.base/java.time=ALL-UNNAMED -XX:MaxMetaspaceSize=384m -XX:+HeapDumpOnOutOfMemoryError -Xms256m -Xmx512m -Dfile.encoding=UTF-8 -Duser.country=US -Duser.language=en -Duser.variant -javaagent:C:\Users\hieun\.gradle\wrapper\dists\gradle-9.5.1-bin\iq79hdu3mqx29lgffhp8bfmx\gradle-9.5.1\lib\agents\gradle-instrumentation-agent-9.5.1.jar 
java_command: org.gradle.launcher.daemon.bootstrap.GradleDaemon 9.5.1
java_class_path (initial): C:\Users\hieun\.gradle\wrapper\dists\gradle-9.5.1-bin\iq79hdu3mqx29lgffhp8bfmx\gradle-9.5.1\lib\gradle-daemon-main-9.5.1.jar
Launcher Type: SUN_STANDARD

[Global flags]
     intx CICompilerCount                          = 4                                         {product} {ergonomic}
   size_t CompressedClassSpaceSize                 = 335544320                                 {product} {ergonomic}
     uint ConcGCThreads                            = 3                                         {product} {ergonomic}
     uint G1ConcRefinementThreads                  = 10                                        {product} {ergonomic}
   size_t G1HeapRegionSize                         = 1048576                                   {product} {ergonomic}
    uintx GCDrainStackTargetSize                   = 64                                        {product} {ergonomic}
     bool HeapDumpOnOutOfMemoryError               = true                                   {manageable} {command line}
   size_t InitialHeapSize                          = 268435456                                 {product} {command line}
   size_t MarkStackSize                            = 4194304                                   {product} {ergonomic}
   size_t MaxHeapSize                              = 536870912                                 {product} {command line}
   size_t MaxMetaspaceSize                         = 402653184                                 {product} {command line}
   size_t MaxNewSize                               = 321912832                                 {product} {ergonomic}
   size_t MinHeapDeltaBytes                        = 1048576                                   {product} {ergonomic}
   size_t MinHeapSize                              = 268435456                                 {product} {command line}
    uintx NonNMethodCodeHeapSize                   = 5839372                                {pd product} {ergonomic}
    uintx NonProfiledCodeHeapSize                  = 122909434                              {pd product} {ergonomic}
    uintx ProfiledCodeHeapSize                     = 122909434                              {pd product} {ergonomic}
    uintx ReservedCodeCacheSize                    = 251658240                              {pd product} {ergonomic}
     bool SegmentedCodeCache                       = true                                      {product} {ergonomic}
   size_t SoftMaxHeapSize                          = 536870912                              {manageable} {ergonomic}
     bool UseCompressedOops                        = true                           {product lp64_product} {ergonomic}
     bool UseG1GC                                  = true                                      {product} {ergonomic}
     bool UseLargePagesIndividualAllocation        = false                                  {pd product} {ergonomic}

Logging:
Log output configuration:
 #0: stdout all=warning uptime,level,tags foldmultilines=false
 #1: stderr all=off uptime,level,tags foldmultilines=false

Environment Variables:
PATH=C:\Program Files\Common Files\Oracle\Java\javapath;C:\Windows\system32;C:\Windows;C:\Windows\System32\Wbem;C:\Windows\System32\WindowsPowerShell\v1.0\;C:\Windows\System32\OpenSSH\;C:\Program Files (x86)\NVIDIA Corporation\PhysX\Common;C:\Program Files\dotnet\;D:\Git\cmd;C:\Program Files\NVIDIA Corporation\NVIDIA App\NvDLISR;C:\Program Files\Docker\Docker\resources\bin;C:\ProgramData\chocolatey\bin;D:\node js\;C:\Users\hieun\AppData\Local\Programs\Python\Launcher\;C:\Users\hieun\AppData\Local\Microsoft\WindowsApps;D:\Microsoft VS Code\bin;C:\Users\hieun\AppData\Roaming\npm
USERNAME=hieun
OS=Windows_NT
PROCESSOR_IDENTIFIER=AMD64 Family 25 Model 68 Stepping 1, AuthenticAMD
TMP=C:\Users\hieun\AppData\Local\Temp
TEMP=C:\Users\hieun\AppData\Local\Temp




Periodic native trim disabled

---------------  S Y S T E M  ---------------

OS:
 Windows 11 , 64 bit Build 26100 (10.0.26100.9444)
OS uptime: 1 days 0:36 hours
Hyper-V role detected

CPU: total 12 (initial active 12) (12 cores per cpu, 2 threads per core) family 25 model 68 stepping 1 microcode 0xa404107, cx8, cmov, fxsr, ht, mmx, 3dnowpref, sse, sse2, sse3, ssse3, sse4a, sse4.1, sse4.2, popcnt, lzcnt, tsc, tscinvbit, avx, avx2, aes, erms, clmul, bmi1, bmi2, adx, sha, fma, vzeroupper, clflush, clflushopt, hv, rdtscp, rdpid, fsrm, f16c, cet_ss
Processor Information for all 12 processors :
  Max Mhz: 3301, Current Mhz: 3301, Mhz Limit: 3301

Memory: 4k page, system-wide physical 15690M (316M free)
TotalPageFile size 48779M (AvailPageFile size 14M)
current process WorkingSet (physical memory assigned to process): 241M, peak: 245M
current process commit charge ("private bytes"): 427M, peak: 432M

vm_info: Java HotSpot(TM) 64-Bit Server VM (21.0.11+9-LTS-211) for windows-amd64 JRE (21.0.11+9-LTS-211), built on 2026-03-11T00:23:15Z by "mach5run" with MS VC++ 17.13 (VS2022)

END.
