#
# There is insufficient memory for the Java Runtime Environment to continue.
# Native memory allocation (malloc) failed to allocate 1487376 bytes for Chunk::new
# Possible reasons:
#   The system is out of physical RAM or swap space
#   The process is running with CompressedOops enabled, and the Java Heap may be blocking the growth of the native heap
# Possible solutions:
#   Reduce memory load on the system
#   Increase physical memory or swap space
#   Check if swap backing store is full
#   Decrease Java heap size (-Xmx/-Xms)
#   Decrease number of Java threads
#   Decrease Java thread stack sizes (-Xss)
#   Set larger code cache with -XX:ReservedCodeCacheSize=
#   JVM is running with Unscaled Compressed Oops mode in which the Java heap is
#     placed in the first 4GB address space. The Java Heap base address is the
#     maximum limit for the native heap growth. Please use -XX:HeapBaseMinAddress
#     to set the Java Heap base and to place the Java Heap above 4GB virtual address.
# This output file may be truncated or incomplete.
#
#  Out of Memory Error (arena.cpp:168), pid=17508, tid=55592
#
# JRE version: Java(TM) SE Runtime Environment (21.0.11+9) (build 21.0.11+9-LTS-211)
# Java VM: Java HotSpot(TM) 64-Bit Server VM (21.0.11+9-LTS-211, mixed mode, sharing, tiered, compressed oops, compressed class ptrs, g1 gc, windows-amd64)
# No core dump will be written. Minidumps are not enabled by default on client versions of Windows
#

---------------  S U M M A R Y ------------

Command Line: --add-opens=java.base/java.lang=ALL-UNNAMED --add-opens=java.base/java.lang.invoke=ALL-UNNAMED --add-opens=java.base/java.util=ALL-UNNAMED --add-opens=java.prefs/java.util.prefs=ALL-UNNAMED --add-exports=jdk.compiler/com.sun.tools.javac.api=ALL-UNNAMED --add-exports=jdk.compiler/com.sun.tools.javac.util=ALL-UNNAMED --add-opens=java.base/java.nio.charset=ALL-UNNAMED --add-opens=java.base/java.net=ALL-UNNAMED --add-opens=java.base/java.util.concurrent=ALL-UNNAMED --add-opens=java.base/java.util.concurrent.atomic=ALL-UNNAMED --add-opens=java.xml/javax.xml.namespace=ALL-UNNAMED --add-opens=java.base/java.time=ALL-UNNAMED -XX:MaxMetaspaceSize=384m -XX:+HeapDumpOnOutOfMemoryError -Xms256m -Xmx512m -Dfile.encoding=UTF-8 -Duser.country=US -Duser.language=en -Duser.variant -javaagent:C:\Users\hieun\.gradle\wrapper\dists\gradle-9.5.1-bin\iq79hdu3mqx29lgffhp8bfmx\gradle-9.5.1\lib\agents\gradle-instrumentation-agent-9.5.1.jar org.gradle.launcher.daemon.bootstrap.GradleDaemon 9.5.1

Host: AMD Ryzen 5 7535HS with Radeon Graphics        , 12 cores, 15G,  Windows 11 , 64 bit Build 26100 (10.0.26100.9168)
Time: Mon Aug 24 22:44:42 2026 SE Asia Standard Time elapsed time: 459.184111 seconds (0d 0h 7m 39s)

---------------  T H R E A D  ---------------

Current thread (0x0000020504291ab0):  JavaThread "C2 CompilerThread0" daemon [_thread_in_native, id=55592, stack(0x000000ae33700000,0x000000ae33800000) (1024K)]


Current CompileTask:
C2: 459184 13375       4       org.gradle.internal.fingerprint.impl.DefaultCurrentFileCollectionFingerprint::from (96 bytes)

Stack: [0x000000ae33700000,0x000000ae33800000]
Native frames: (J=compiled Java code, j=interpreted, Vv=VM code, C=native code)
V  [jvm.dll+0x6d0ef9]
V  [jvm.dll+0x860126]
V  [jvm.dll+0x86261e]
V  [jvm.dll+0x862cf3]
V  [jvm.dll+0x282bc6]
V  [jvm.dll+0xc67ad]
V  [jvm.dll+0xc6cf1]
V  [jvm.dll+0x3bbe71]
V  [jvm.dll+0x388322]
V  [jvm.dll+0x38776a]
V  [jvm.dll+0x24b520]
V  [jvm.dll+0x24aaff]
V  [jvm.dll+0x1cae7e]
V  [jvm.dll+0x25a7d9]
V  [jvm.dll+0x258d65]
V  [jvm.dll+0x3f50d1]
V  [jvm.dll+0x80ac0d]
V  [jvm.dll+0x6cf79d]
C  [ucrtbase.dll+0x2cd30]
C  [KERNEL32.DLL+0x2ccb7]
C  [ntdll.dll+0xaad6c]


---------------  P R O C E S S  ---------------

Threads class SMR info:
_java_thread_list=0x0000020520a58f40, length=71, elements={
0x0000020566e9c220, 0x0000020504287690, 0x00000205042880f0, 0x000002050428e0e0,
0x000002050428eb40, 0x00000205042902c0, 0x0000020504290d20, 0x0000020504291ab0,
0x0000020504298870, 0x000002050441afb0, 0x00000205044eeb40, 0x000002051f3e4160,
0x00000205045479c0, 0x000002051f6bfa70, 0x0000020504756fb0, 0x000002051f792680,
0x000002051f792d10, 0x000002051f793a30, 0x0000020521b104e0, 0x0000020521b0e410,
0x0000020521b0d060, 0x0000020521b0f7c0, 0x000002051fbcf4e0, 0x000002051fbcfb70,
0x000002051fbd1c40, 0x000002051fbd0200, 0x000002051fbcee50, 0x00000205220af690,
0x00000205220b03b0, 0x00000205220af000, 0x00000205220adc50, 0x00000205220b2480,
0x000002051fbd3d10, 0x000002051fbd50c0, 0x000002051f795470, 0x000002051f7940c0,
0x000002052078e8f0, 0x000002051fd60570, 0x0000020521b0f130, 0x0000020521b0fe50,
0x000002051fbd43a0, 0x0000020521e73da0, 0x0000020521e729f0, 0x0000020521e75150,
0x0000020521e75e70, 0x0000020521e778b0, 0x0000020522bb4080, 0x0000020522bb8220,
0x0000020521e70fb0, 0x0000020521e74ac0, 0x000002051fd639f0, 0x000002052119f8b0,
0x0000020522aba300, 0x0000020522abbd40, 0x0000020522abe4a0, 0x0000020522ac0570,
0x0000020522ac4da0, 0x0000020522abc3d0, 0x0000020522ac6150, 0x000002052119ff40,
0x00000205211a33c0, 0x0000020522ac2640, 0x0000020522abf850, 0x00000205220b3ec0,
0x0000020520790330, 0x000002052078dbd0, 0x000002052078e260, 0x0000020520791d70,
0x0000020520791050, 0x000002052078f610, 0x0000020520792400
}

Java Threads: ( => current thread )
  0x0000020566e9c220 JavaThread "main"                              [_thread_blocked, id=41236, stack(0x000000ae32900000,0x000000ae32a00000) (1024K)]
  0x0000020504287690 JavaThread "Reference Handler"          daemon [_thread_blocked, id=53712, stack(0x000000ae33100000,0x000000ae33200000) (1024K)]
  0x00000205042880f0 JavaThread "Finalizer"                  daemon [_thread_blocked, id=12884, stack(0x000000ae33200000,0x000000ae33300000) (1024K)]
  0x000002050428e0e0 JavaThread "Signal Dispatcher"          daemon [_thread_blocked, id=14204, stack(0x000000ae33300000,0x000000ae33400000) (1024K)]
  0x000002050428eb40 JavaThread "Attach Listener"            daemon [_thread_blocked, id=20908, stack(0x000000ae33400000,0x000000ae33500000) (1024K)]
  0x00000205042902c0 JavaThread "Service Thread"             daemon [_thread_blocked, id=43704, stack(0x000000ae33500000,0x000000ae33600000) (1024K)]
  0x0000020504290d20 JavaThread "Monitor Deflation Thread"   daemon [_thread_blocked, id=6140, stack(0x000000ae33600000,0x000000ae33700000) (1024K)]
=>0x0000020504291ab0 JavaThread "C2 CompilerThread0"         daemon [_thread_in_native, id=55592, stack(0x000000ae33700000,0x000000ae33800000) (1024K)]
  0x0000020504298870 JavaThread "C1 CompilerThread0"         daemon [_thread_blocked, id=27672, stack(0x000000ae33800000,0x000000ae33900000) (1024K)]
  0x000002050441afb0 JavaThread "Common-Cleaner"             daemon [_thread_blocked, id=36804, stack(0x000000ae33900000,0x000000ae33a00000) (1024K)]
  0x00000205044eeb40 JavaThread "Notification Thread"        daemon [_thread_blocked, id=52872, stack(0x000000ae33a00000,0x000000ae33b00000) (1024K)]
  0x000002051f3e4160 JavaThread "Daemon health stats"               [_thread_blocked, id=38084, stack(0x000000ae34000000,0x000000ae34100000) (1024K)]
  0x00000205045479c0 JavaThread "Incoming local TCP Connector on port 54914"        [_thread_in_native, id=27080, stack(0x000000ae34100000,0x000000ae34200000) (1024K)]
  0x000002051f6bfa70 JavaThread "Daemon periodic checks"            [_thread_blocked, id=41452, stack(0x000000ae34200000,0x000000ae34300000) (1024K)]
  0x0000020504756fb0 JavaThread "Daemon worker"                     [_thread_in_native, id=21024, stack(0x000000ae34500000,0x000000ae34600000) (1024K)]
  0x000002051f792680 JavaThread "Cache worker for journal cache (C:\Users\hieun\.gradle\caches\journal-1)"        [_thread_blocked, id=3536, stack(0x000000ae34900000,0x000000ae34a00000) (1024K)]
  0x000002051f792d10 JavaThread "File lock request listener"        [_thread_in_native, id=45348, stack(0x000000ae34a00000,0x000000ae34b00000) (1024K)]
  0x000002051f793a30 JavaThread "Cache worker for file hash cache (C:\Users\hieun\.gradle\caches\9.5.1\fileHashes)"        [_thread_blocked, id=48328, stack(0x000000ae34b00000,0x000000ae34c00000) (1024K)]
  0x0000020521b104e0 JavaThread "File watcher server"        daemon [_thread_in_native, id=11020, stack(0x000000ae35500000,0x000000ae35600000) (1024K)]
  0x0000020521b0e410 JavaThread "File watcher consumer"      daemon [_thread_blocked, id=56984, stack(0x000000ae35600000,0x000000ae35700000) (1024K)]
  0x0000020521b0d060 JavaThread "Cache worker for file content cache (C:\Users\hieun\.gradle\caches\9.5.1\fileContent)"        [_thread_blocked, id=39504, stack(0x000000ae35700000,0x000000ae35800000) (1024K)]
  0x0000020521b0f7c0 JavaThread "jar transforms"                    [_thread_blocked, id=22444, stack(0x000000ae35b00000,0x000000ae35c00000) (1024K)]
  0x000002051fbcf4e0 JavaThread "jar transforms Thread 2"           [_thread_blocked, id=12252, stack(0x000000ae32700000,0x000000ae32800000) (1024K)]
  0x000002051fbcfb70 JavaThread "jar transforms Thread 3"           [_thread_blocked, id=45572, stack(0x000000ae32800000,0x000000ae32900000) (1024K)]
  0x000002051fbd1c40 JavaThread "File lock release action executor Thread 2"        [_thread_blocked, id=40496, stack(0x000000ae34c00000,0x000000ae34d00000) (1024K)]
  0x000002051fbd0200 JavaThread "jar transforms Thread 4"           [_thread_blocked, id=49332, stack(0x000000ae35c00000,0x000000ae35d00000) (1024K)]
  0x000002051fbcee50 JavaThread "jar transforms Thread 5"           [_thread_blocked, id=18704, stack(0x000000ae35f00000,0x000000ae36000000) (1024K)]
  0x00000205220af690 JavaThread "Memory manager"                    [_thread_blocked, id=46372, stack(0x000000ae36c00000,0x000000ae36d00000) (1024K)]
  0x00000205220b03b0 JavaThread "jar transforms Thread 6"           [_thread_blocked, id=1360, stack(0x000000ae36d00000,0x000000ae36e00000) (1024K)]
  0x00000205220af000 JavaThread "VFS cleanup"                       [_thread_blocked, id=14368, stack(0x000000ae34700000,0x000000ae34800000) (1024K)]
  0x00000205220adc50 JavaThread "Daemon Thread 2"                   [_thread_blocked, id=31900, stack(0x000000ae34800000,0x000000ae34900000) (1024K)]
  0x00000205220b2480 JavaThread "Daemon Thread 5"                   [_thread_blocked, id=44852, stack(0x000000ae36300000,0x000000ae36400000) (1024K)]
  0x000002051fbd3d10 JavaThread "VFS cleanup Thread 2"              [_thread_blocked, id=25436, stack(0x000000ae36800000,0x000000ae36900000) (1024K)]
  0x000002051fbd50c0 JavaThread "VFS cleanup Thread 5"              [_thread_blocked, id=8204, stack(0x000000ae36600000,0x000000ae36700000) (1024K)]
  0x000002051f795470 JavaThread "VFS cleanup Thread 6"              [_thread_blocked, id=52708, stack(0x000000ae37900000,0x000000ae37a00000) (1024K)]
  0x000002051f7940c0 JavaThread "VFS cleanup Thread 7"              [_thread_blocked, id=42752, stack(0x000000ae37a00000,0x000000ae37b00000) (1024K)]
  0x000002052078e8f0 JavaThread "Daemon Thread 11"                  [_thread_blocked, id=33724, stack(0x000000ae37c00000,0x000000ae37d00000) (1024K)]
  0x000002051fd60570 JavaThread "VFS cleanup Thread 10"             [_thread_blocked, id=8804, stack(0x000000ae37500000,0x000000ae37600000) (1024K)]
  0x0000020521b0f130 JavaThread "Daemon Thread 18"                  [_thread_blocked, id=16536, stack(0x000000ae39700000,0x000000ae39800000) (1024K)]
  0x0000020521b0fe50 JavaThread "Daemon Thread 19"                  [_thread_blocked, id=29852, stack(0x000000ae39a00000,0x000000ae39b00000) (1024K)]
  0x000002051fbd43a0 JavaThread "Daemon Thread 20"                  [_thread_blocked, id=53968, stack(0x000000ae39c00000,0x000000ae39d00000) (1024K)]
  0x0000020521e73da0 JavaThread "Daemon Thread 21"                  [_thread_blocked, id=47632, stack(0x000000ae3a000000,0x000000ae3a100000) (1024K)]
  0x0000020521e729f0 JavaThread "Daemon Thread 22"                  [_thread_blocked, id=56936, stack(0x000000ae3a200000,0x000000ae3a300000) (1024K)]
  0x0000020521e75150 JavaThread "Daemon Thread 24"                  [_thread_blocked, id=28352, stack(0x000000ae3a800000,0x000000ae3a900000) (1024K)]
  0x0000020521e75e70 JavaThread "Daemon Thread 25"                  [_thread_blocked, id=30804, stack(0x000000ae3ac00000,0x000000ae3ad00000) (1024K)]
  0x0000020521e778b0 JavaThread "Daemon Thread 26"                  [_thread_blocked, id=23352, stack(0x000000ae3af00000,0x000000ae3b000000) (1024K)]
  0x0000020522bb4080 JavaThread "VFS cleanup Thread 13"             [_thread_blocked, id=34752, stack(0x000000ae35300000,0x000000ae35400000) (1024K)]
  0x0000020522bb8220 JavaThread "VFS cleanup Thread 21"             [_thread_blocked, id=33376, stack(0x000000ae39400000,0x000000ae39500000) (1024K)]
  0x0000020521e70fb0 JavaThread "VFS cleanup Thread 25"             [_thread_blocked, id=38736, stack(0x000000ae39600000,0x000000ae39700000) (1024K)]
  0x0000020521e74ac0 JavaThread "VFS cleanup Thread 26"             [_thread_blocked, id=4856, stack(0x000000ae39800000,0x000000ae39900000) (1024K)]
  0x000002051fd639f0 JavaThread "jar transforms Thread 7"           [_thread_blocked, id=14748, stack(0x000000ae39b00000,0x000000ae39c00000) (1024K)]
  0x000002052119f8b0 JavaThread "Daemon Thread 33"                  [_thread_blocked, id=36948, stack(0x000000ae3d300000,0x000000ae3d400000) (1024K)]
  0x0000020522aba300 JavaThread "Daemon Thread 41"                  [_thread_blocked, id=52656, stack(0x000000ae3e900000,0x000000ae3ea00000) (1024K)]
  0x0000020522abbd40 JavaThread "Daemon Thread 42"                  [_thread_blocked, id=30320, stack(0x000000ae3eb00000,0x000000ae3ec00000) (1024K)]
  0x0000020522abe4a0 JavaThread "Daemon Thread 43"                  [_thread_blocked, id=24064, stack(0x000000ae3ef00000,0x000000ae3f000000) (1024K)]
  0x0000020522ac0570 JavaThread "Daemon Thread 45"                  [_thread_blocked, id=57948, stack(0x000000ae3f700000,0x000000ae3f800000) (1024K)]
  0x0000020522ac4da0 JavaThread "Daemon Thread 47"                  [_thread_blocked, id=27408, stack(0x000000ae3fd00000,0x000000ae3fe00000) (1024K)]
  0x0000020522abc3d0 JavaThread "VFS cleanup Thread 28"             [_thread_blocked, id=37268, stack(0x000000ae36000000,0x000000ae36100000) (1024K)]
  0x0000020522ac6150 JavaThread "VFS cleanup Thread 34"             [_thread_blocked, id=33200, stack(0x000000ae38700000,0x000000ae38800000) (1024K)]
  0x000002052119ff40 JavaThread "VFS cleanup Thread 42"             [_thread_blocked, id=12872, stack(0x000000ae3a700000,0x000000ae3a800000) (1024K)]
  0x00000205211a33c0 JavaThread "VFS cleanup Thread 44"             [_thread_blocked, id=35176, stack(0x000000ae38900000,0x000000ae38a00000) (1024K)]
  0x0000020522ac2640 JavaThread "jar transforms Thread 8"           [_thread_blocked, id=48432, stack(0x000000ae39500000,0x000000ae39600000) (1024K)]
  0x0000020522abf850 JavaThread "jar transforms Thread 9"           [_thread_blocked, id=12740, stack(0x000000ae39d00000,0x000000ae39e00000) (1024K)]
  0x00000205220b3ec0 JavaThread "File lock release action executor Thread 4"        [_thread_blocked, id=7428, stack(0x000000ae38c00000,0x000000ae38d00000) (1024K)]
  0x0000020520790330 JavaThread "Handler for socket connection from /127.0.0.1:54914 to /127.0.0.1:55043"        [_thread_in_native, id=4492, stack(0x000000ae32600000,0x000000ae32700000) (1024K)]
  0x000002052078dbd0 JavaThread "Cancel handler"                    [_thread_blocked, id=26876, stack(0x000000ae34300000,0x000000ae34400000) (1024K)]
  0x000002052078e260 JavaThread "Asynchronous log dispatcher for DefaultDaemonConnection: socket connection from /127.0.0.1:54914 to /127.0.0.1:55043"        [_thread_blocked, id=18880, stack(0x000000ae34600000,0x000000ae34700000) (1024K)]
  0x0000020520791d70 JavaThread "Stdin handler"                     [_thread_blocked, id=2096, stack(0x000000ae35400000,0x000000ae35500000) (1024K)]
  0x0000020520791050 JavaThread "Daemon client event forwarder"        [_thread_blocked, id=54684, stack(0x000000ae35800000,0x000000ae35900000) (1024K)]
  0x000002052078f610 JavaThread "Cache worker for file hash cache (D:\n1h5-models-backend\.gradle\9.5.1\fileHashes)"        [_thread_blocked, id=5664, stack(0x000000ae34400000,0x000000ae34500000) (1024K)]
  0x0000020520792400 JavaThread "Cache worker for Build Output Cleanup Cache (D:\n1h5-models-backend\.gradle\buildOutputCleanup)"        [_thread_blocked, id=28356, stack(0x000000ae35900000,0x000000ae35a00000) (1024K)]
Total: 71

Other Threads:
  0x00000205041281b0 VMThread "VM Thread"                           [id=12392, stack(0x000000ae33000000,0x000000ae33100000) (1024K)]
  0x00000205041150c0 WatcherThread "VM Periodic Task Thread"        [id=38272, stack(0x000000ae32f00000,0x000000ae33000000) (1024K)]
  0x00000205670c34b0 WorkerThread "GC Thread#0"                     [id=4924, stack(0x000000ae32a00000,0x000000ae32b00000) (1024K)]
  0x0000020504879250 WorkerThread "GC Thread#1"                     [id=5364, stack(0x000000ae33b00000,0x000000ae33c00000) (1024K)]
  0x000002051e3a4030 WorkerThread "GC Thread#2"                     [id=26128, stack(0x000000ae33c00000,0x000000ae33d00000) (1024K)]
  0x000002051e1fc7f0 WorkerThread "GC Thread#3"                     [id=15324, stack(0x000000ae33d00000,0x000000ae33e00000) (1024K)]
  0x000002051e1fcba0 WorkerThread "GC Thread#4"                     [id=18572, stack(0x000000ae33e00000,0x000000ae33f00000) (1024K)]
  0x000002051e1fcf50 WorkerThread "GC Thread#5"                     [id=10096, stack(0x000000ae33f00000,0x000000ae34000000) (1024K)]
  0x0000020520813df0 WorkerThread "GC Thread#6"                     [id=41648, stack(0x000000ae34d00000,0x000000ae34e00000) (1024K)]
  0x00000205208141a0 WorkerThread "GC Thread#7"                     [id=23196, stack(0x000000ae34e00000,0x000000ae34f00000) (1024K)]
  0x0000020520f94fe0 WorkerThread "GC Thread#8"                     [id=3004, stack(0x000000ae34f00000,0x000000ae35000000) (1024K)]
  0x0000020520f97110 WorkerThread "GC Thread#9"                     [id=51720, stack(0x000000ae35000000,0x000000ae35100000) (1024K)]
  0x00000205670c93c0 ConcurrentGCThread "G1 Main Marker"            [id=6352, stack(0x000000ae32b00000,0x000000ae32c00000) (1024K)]
  0x00000205670c9de0 WorkerThread "G1 Conc#0"                       [id=29536, stack(0x000000ae32c00000,0x000000ae32d00000) (1024K)]
  0x0000020520f95390 WorkerThread "G1 Conc#1"                       [id=23996, stack(0x000000ae35100000,0x000000ae35200000) (1024K)]
  0x0000020520f96250 WorkerThread "G1 Conc#2"                       [id=34616, stack(0x000000ae35200000,0x000000ae35300000) (1024K)]
  0x0000020503fe6210 ConcurrentGCThread "G1 Refine#0"               [id=53576, stack(0x000000ae32d00000,0x000000ae32e00000) (1024K)]
  0x0000020503fe7a50 ConcurrentGCThread "G1 Service"                [id=45812, stack(0x000000ae32e00000,0x000000ae32f00000) (1024K)]
Total: 18

Threads with active compile tasks:
C2 CompilerThread0   459213 13375       4       org.gradle.internal.fingerprint.impl.DefaultCurrentFileCollectionFingerprint::from (96 bytes)
Total: 1

VM state: not at safepoint (normal execution)

VM Mutex/Monitor currently owned by a thread: None

Heap address: 0x00000000e0000000, size: 512 MB, Compressed Oops mode: 32-bit

CDS archive(s) mapped at: [0x0000020505000000-0x0000020505c90000-0x0000020505c90000), size 13172736, SharedBaseAddress: 0x0000020505000000, ArchiveRelocationMode: 1.
Compressed class space mapped at: 0x0000020506000000-0x000002051a000000, reserved size: 335544320
Narrow klass base: 0x0000020505000000, Narrow klass shift: 0, Narrow klass range: 0x100000000

GC Precious Log:
 CardTable entry size: 512
 Card Set container configuration: InlinePtr #cards 5 size 8 Array Of Cards #cards 12 size 40 Howl #buckets 4 coarsen threshold 1843 Howl Bitmap #cards 512 size 80 coarsen threshold 460 Card regions per heap region 1 cards per card region 2048
 CPUs: 12 total, 12 available
 Memory: 15690M
 Large Page Support: Disabled
 NUMA Support: Disabled
 Compressed Oops: Enabled (32-bit)
 Heap Region Size: 1M
 Heap Min Capacity: 256M
 Heap Initial Capacity: 256M
 Heap Max Capacity: 512M
 Pre-touch: Disabled
 Parallel Workers: 10
 Concurrent Workers: 3
 Concurrent Refinement Workers: 10
 Periodic GC: Disabled

Heap:
 garbage-first heap   total 262144K, used 54886K [0x00000000e0000000, 0x0000000100000000)
  region size 1024K, 10 young (10240K), 6 survivors (6144K)
 Metaspace       used 63988K, committed 66368K, reserved 393216K
  class space    used 9018K, committed 10240K, reserved 327680K

Heap Regions: E=young(eden), S=young(survivor), O=old, HS=humongous(starts), HC=humongous(continues), CS=collection set, F=free, TAMS=top-at-mark-start, PB=parsable bottom
|   0|0x00000000e0000000, 0x00000000e0100000, 0x00000000e0100000|100%|HS|  |TAMS 0x00000000e0000000| PB 0x00000000e0000000| Complete 
|   1|0x00000000e0100000, 0x00000000e0200000, 0x00000000e0200000|100%|HC|  |TAMS 0x00000000e0100000| PB 0x00000000e0100000| Complete 
|   2|0x00000000e0200000, 0x00000000e0300000, 0x00000000e0300000|100%|HC|  |TAMS 0x00000000e0200000| PB 0x00000000e0200000| Complete 
|   3|0x00000000e0300000, 0x00000000e0400000, 0x00000000e0400000|100%|HC|  |TAMS 0x00000000e0300000| PB 0x00000000e0300000| Complete 
|   4|0x00000000e0400000, 0x00000000e0500000, 0x00000000e0500000|100%| O|  |TAMS 0x00000000e0400000| PB 0x00000000e0400000| Untracked 
|   5|0x00000000e0500000, 0x00000000e0600000, 0x00000000e0600000|100%| O|  |TAMS 0x00000000e0500000| PB 0x00000000e0500000| Untracked 
|   6|0x00000000e0600000, 0x00000000e0700000, 0x00000000e0700000|100%| O|  |TAMS 0x00000000e0600000| PB 0x00000000e0600000| Untracked 
|   7|0x00000000e0700000, 0x00000000e0800000, 0x00000000e0800000|100%| O|  |TAMS 0x00000000e0700000| PB 0x00000000e0700000| Untracked 
|   8|0x00000000e0800000, 0x00000000e0900000, 0x00000000e0900000|100%| O|  |TAMS 0x00000000e0800000| PB 0x00000000e0800000| Untracked 
|   9|0x00000000e0900000, 0x00000000e0a00000, 0x00000000e0a00000|100%|HS|  |TAMS 0x00000000e0900000| PB 0x00000000e0900000| Complete 
|  10|0x00000000e0a00000, 0x00000000e0b00000, 0x00000000e0b00000|100%| O|  |TAMS 0x00000000e0a00000| PB 0x00000000e0a00000| Untracked 
|  11|0x00000000e0b00000, 0x00000000e0c00000, 0x00000000e0c00000|100%| O|  |TAMS 0x00000000e0b00000| PB 0x00000000e0b00000| Untracked 
|  12|0x00000000e0c00000, 0x00000000e0d00000, 0x00000000e0d00000|100%| O|  |TAMS 0x00000000e0c00000| PB 0x00000000e0c00000| Untracked 
|  13|0x00000000e0d00000, 0x00000000e0e00000, 0x00000000e0e00000|100%| O|  |TAMS 0x00000000e0d00000| PB 0x00000000e0d00000| Untracked 
|  14|0x00000000e0e00000, 0x00000000e0f00000, 0x00000000e0f00000|100%| O|  |TAMS 0x00000000e0e00000| PB 0x00000000e0e00000| Untracked 
|  15|0x00000000e0f00000, 0x00000000e1000000, 0x00000000e1000000|100%| O|  |TAMS 0x00000000e0f00000| PB 0x00000000e0f00000| Untracked 
|  16|0x00000000e1000000, 0x00000000e1100000, 0x00000000e1100000|100%| O|  |TAMS 0x00000000e1000000| PB 0x00000000e1000000| Untracked 
|  17|0x00000000e1100000, 0x00000000e1200000, 0x00000000e1200000|100%| O|  |TAMS 0x00000000e1100000| PB 0x00000000e1100000| Untracked 
|  18|0x00000000e1200000, 0x00000000e1300000, 0x00000000e1300000|100%| O|  |TAMS 0x00000000e1200000| PB 0x00000000e1200000| Untracked 
|  19|0x00000000e1300000, 0x00000000e1400000, 0x00000000e1400000|100%| O|  |TAMS 0x00000000e1300000| PB 0x00000000e1300000| Untracked 
|  20|0x00000000e1400000, 0x00000000e1500000, 0x00000000e1500000|100%| O|  |TAMS 0x00000000e1400000| PB 0x00000000e1400000| Untracked 
|  21|0x00000000e1500000, 0x00000000e1600000, 0x00000000e1600000|100%| O|  |TAMS 0x00000000e1500000| PB 0x00000000e1500000| Untracked 
|  22|0x00000000e1600000, 0x00000000e1700000, 0x00000000e1700000|100%| O|  |TAMS 0x00000000e1600000| PB 0x00000000e1600000| Untracked 
|  23|0x00000000e1700000, 0x00000000e1700000, 0x00000000e1800000|  0%| F|  |TAMS 0x00000000e1700000| PB 0x00000000e1700000| Untracked 
|  24|0x00000000e1800000, 0x00000000e1900000, 0x00000000e1900000|100%| O|  |TAMS 0x00000000e1800000| PB 0x00000000e1800000| Untracked 
|  25|0x00000000e1900000, 0x00000000e1a00000, 0x00000000e1a00000|100%| O|  |TAMS 0x00000000e1900000| PB 0x00000000e1900000| Untracked 
|  26|0x00000000e1a00000, 0x00000000e1b00000, 0x00000000e1b00000|100%| O|  |TAMS 0x00000000e1a00000| PB 0x00000000e1a00000| Untracked 
|  27|0x00000000e1b00000, 0x00000000e1c00000, 0x00000000e1c00000|100%| O|  |TAMS 0x00000000e1b00000| PB 0x00000000e1b00000| Untracked 
|  28|0x00000000e1c00000, 0x00000000e1d00000, 0x00000000e1d00000|100%| O|  |TAMS 0x00000000e1c00000| PB 0x00000000e1c00000| Untracked 
|  29|0x00000000e1d00000, 0x00000000e1e00000, 0x00000000e1e00000|100%| O|  |TAMS 0x00000000e1d00000| PB 0x00000000e1d00000| Untracked 
|  30|0x00000000e1e00000, 0x00000000e1f00000, 0x00000000e1f00000|100%| O|  |TAMS 0x00000000e1e00000| PB 0x00000000e1e00000| Untracked 
|  31|0x00000000e1f00000, 0x00000000e2000000, 0x00000000e2000000|100%| O|  |TAMS 0x00000000e1f00000| PB 0x00000000e1f00000| Untracked 
|  32|0x00000000e2000000, 0x00000000e2100000, 0x00000000e2100000|100%| O|  |TAMS 0x00000000e2000000| PB 0x00000000e2000000| Untracked 
|  33|0x00000000e2100000, 0x00000000e2200000, 0x00000000e2200000|100%| O|  |TAMS 0x00000000e2100000| PB 0x00000000e2100000| Untracked 
|  34|0x00000000e2200000, 0x00000000e2300000, 0x00000000e2300000|100%| O|  |TAMS 0x00000000e2200000| PB 0x00000000e2200000| Untracked 
|  35|0x00000000e2300000, 0x00000000e2400000, 0x00000000e2400000|100%| O|  |TAMS 0x00000000e2300000| PB 0x00000000e2300000| Untracked 
|  36|0x00000000e2400000, 0x00000000e2500000, 0x00000000e2500000|100%| O|  |TAMS 0x00000000e2400000| PB 0x00000000e2400000| Untracked 
|  37|0x00000000e2500000, 0x00000000e2600000, 0x00000000e2600000|100%| O|  |TAMS 0x00000000e2500000| PB 0x00000000e2500000| Untracked 
|  38|0x00000000e2600000, 0x00000000e2700000, 0x00000000e2700000|100%| O|  |TAMS 0x00000000e2600000| PB 0x00000000e2600000| Untracked 
|  39|0x00000000e2700000, 0x00000000e2800000, 0x00000000e2800000|100%| O|  |TAMS 0x00000000e2700000| PB 0x00000000e2700000| Untracked 
|  40|0x00000000e2800000, 0x00000000e2900000, 0x00000000e2900000|100%| O|  |TAMS 0x00000000e2800000| PB 0x00000000e2800000| Untracked 
|  41|0x00000000e2900000, 0x00000000e2a00000, 0x00000000e2a00000|100%| O|  |TAMS 0x00000000e2900000| PB 0x00000000e2900000| Untracked 
|  42|0x00000000e2a00000, 0x00000000e2b00000, 0x00000000e2b00000|100%| O|  |TAMS 0x00000000e2a00000| PB 0x00000000e2a00000| Untracked 
|  43|0x00000000e2b00000, 0x00000000e2c00000, 0x00000000e2c00000|100%| O|  |TAMS 0x00000000e2b00000| PB 0x00000000e2b00000| Untracked 
|  44|0x00000000e2c00000, 0x00000000e2d00000, 0x00000000e2d00000|100%| O|  |TAMS 0x00000000e2c00000| PB 0x00000000e2c00000| Untracked 
|  45|0x00000000e2d00000, 0x00000000e2e00000, 0x00000000e2e00000|100%| O|  |TAMS 0x00000000e2d00000| PB 0x00000000e2d00000| Untracked 
|  46|0x00000000e2e00000, 0x00000000e2e22ba0, 0x00000000e2f00000| 13%| O|  |TAMS 0x00000000e2e00000| PB 0x00000000e2e00000| Untracked 
|  47|0x00000000e2f00000, 0x00000000e2f00000, 0x00000000e3000000|  0%| F|  |TAMS 0x00000000e2f00000| PB 0x00000000e2f00000| Untracked 
|  48|0x00000000e3000000, 0x00000000e3000000, 0x00000000e3100000|  0%| F|  |TAMS 0x00000000e3000000| PB 0x00000000e3000000| Untracked 
|  49|0x00000000e3100000, 0x00000000e3100000, 0x00000000e3200000|  0%| F|  |TAMS 0x00000000e3100000| PB 0x00000000e3100000| Untracked 
|  50|0x00000000e3200000, 0x00000000e3200000, 0x00000000e3300000|  0%| F|  |TAMS 0x00000000e3200000| PB 0x00000000e3200000| Untracked 
|  51|0x00000000e3300000, 0x00000000e3300000, 0x00000000e3400000|  0%| F|  |TAMS 0x00000000e3300000| PB 0x00000000e3300000| Untracked 
|  52|0x00000000e3400000, 0x00000000e3400000, 0x00000000e3500000|  0%| F|  |TAMS 0x00000000e3400000| PB 0x00000000e3400000| Untracked 
|  53|0x00000000e3500000, 0x00000000e3500000, 0x00000000e3600000|  0%| F|  |TAMS 0x00000000e3500000| PB 0x00000000e3500000| Untracked 
|  54|0x00000000e3600000, 0x00000000e3600000, 0x00000000e3700000|  0%| F|  |TAMS 0x00000000e3600000| PB 0x00000000e3600000| Untracked 
|  55|0x00000000e3700000, 0x00000000e3700000, 0x00000000e3800000|  0%| F|  |TAMS 0x00000000e3700000| PB 0x00000000e3700000| Untracked 
|  56|0x00000000e3800000, 0x00000000e3800000, 0x00000000e3900000|  0%| F|  |TAMS 0x00000000e3800000| PB 0x00000000e3800000| Untracked 
|  57|0x00000000e3900000, 0x00000000e3900000, 0x00000000e3a00000|  0%| F|  |TAMS 0x00000000e3900000| PB 0x00000000e3900000| Untracked 
|  58|0x00000000e3a00000, 0x00000000e3a00000, 0x00000000e3b00000|  0%| F|  |TAMS 0x00000000e3a00000| PB 0x00000000e3a00000| Untracked 
|  59|0x00000000e3b00000, 0x00000000e3b00000, 0x00000000e3c00000|  0%| F|  |TAMS 0x00000000e3b00000| PB 0x00000000e3b00000| Untracked 
|  60|0x00000000e3c00000, 0x00000000e3c00000, 0x00000000e3d00000|  0%| F|  |TAMS 0x00000000e3c00000| PB 0x00000000e3c00000| Untracked 
|  61|0x00000000e3d00000, 0x00000000e3d00000, 0x00000000e3e00000|  0%| F|  |TAMS 0x00000000e3d00000| PB 0x00000000e3d00000| Untracked 
|  62|0x00000000e3e00000, 0x00000000e3e00000, 0x00000000e3f00000|  0%| F|  |TAMS 0x00000000e3e00000| PB 0x00000000e3e00000| Untracked 
|  63|0x00000000e3f00000, 0x00000000e3f00000, 0x00000000e4000000|  0%| F|  |TAMS 0x00000000e3f00000| PB 0x00000000e3f00000| Untracked 
|  64|0x00000000e4000000, 0x00000000e4000000, 0x00000000e4100000|  0%| F|  |TAMS 0x00000000e4000000| PB 0x00000000e4000000| Untracked 
|  65|0x00000000e4100000, 0x00000000e4100000, 0x00000000e4200000|  0%| F|  |TAMS 0x00000000e4100000| PB 0x00000000e4100000| Untracked 
|  66|0x00000000e4200000, 0x00000000e4200000, 0x00000000e4300000|  0%| F|  |TAMS 0x00000000e4200000| PB 0x00000000e4200000| Untracked 
|  67|0x00000000e4300000, 0x00000000e4300000, 0x00000000e4400000|  0%| F|  |TAMS 0x00000000e4300000| PB 0x00000000e4300000| Untracked 
|  68|0x00000000e4400000, 0x00000000e4400000, 0x00000000e4500000|  0%| F|  |TAMS 0x00000000e4400000| PB 0x00000000e4400000| Untracked 
|  69|0x00000000e4500000, 0x00000000e4500000, 0x00000000e4600000|  0%| F|  |TAMS 0x00000000e4500000| PB 0x00000000e4500000| Untracked 
|  70|0x00000000e4600000, 0x00000000e4600000, 0x00000000e4700000|  0%| F|  |TAMS 0x00000000e4600000| PB 0x00000000e4600000| Untracked 
|  71|0x00000000e4700000, 0x00000000e4700000, 0x00000000e4800000|  0%| F|  |TAMS 0x00000000e4700000| PB 0x00000000e4700000| Untracked 
|  72|0x00000000e4800000, 0x00000000e4800000, 0x00000000e4900000|  0%| F|  |TAMS 0x00000000e4800000| PB 0x00000000e4800000| Untracked 
|  73|0x00000000e4900000, 0x00000000e4900000, 0x00000000e4a00000|  0%| F|  |TAMS 0x00000000e4900000| PB 0x00000000e4900000| Untracked 
|  74|0x00000000e4a00000, 0x00000000e4a00000, 0x00000000e4b00000|  0%| F|  |TAMS 0x00000000e4a00000| PB 0x00000000e4a00000| Untracked 
|  75|0x00000000e4b00000, 0x00000000e4b00000, 0x00000000e4c00000|  0%| F|  |TAMS 0x00000000e4b00000| PB 0x00000000e4b00000| Untracked 
|  76|0x00000000e4c00000, 0x00000000e4c00000, 0x00000000e4d00000|  0%| F|  |TAMS 0x00000000e4c00000| PB 0x00000000e4c00000| Untracked 
|  77|0x00000000e4d00000, 0x00000000e4d00000, 0x00000000e4e00000|  0%| F|  |TAMS 0x00000000e4d00000| PB 0x00000000e4d00000| Untracked 
|  78|0x00000000e4e00000, 0x00000000e4e00000, 0x00000000e4f00000|  0%| F|  |TAMS 0x00000000e4e00000| PB 0x00000000e4e00000| Untracked 
|  79|0x00000000e4f00000, 0x00000000e4f00000, 0x00000000e5000000|  0%| F|  |TAMS 0x00000000e4f00000| PB 0x00000000e4f00000| Untracked 
|  80|0x00000000e5000000, 0x00000000e5000000, 0x00000000e5100000|  0%| F|  |TAMS 0x00000000e5000000| PB 0x00000000e5000000| Untracked 
|  81|0x00000000e5100000, 0x00000000e5100000, 0x00000000e5200000|  0%| F|  |TAMS 0x00000000e5100000| PB 0x00000000e5100000| Untracked 
|  82|0x00000000e5200000, 0x00000000e5200000, 0x00000000e5300000|  0%| F|  |TAMS 0x00000000e5200000| PB 0x00000000e5200000| Untracked 
|  83|0x00000000e5300000, 0x00000000e5300000, 0x00000000e5400000|  0%| F|  |TAMS 0x00000000e5300000| PB 0x00000000e5300000| Untracked 
|  84|0x00000000e5400000, 0x00000000e5400000, 0x00000000e5500000|  0%| F|  |TAMS 0x00000000e5400000| PB 0x00000000e5400000| Untracked 
|  85|0x00000000e5500000, 0x00000000e5500000, 0x00000000e5600000|  0%| F|  |TAMS 0x00000000e5500000| PB 0x00000000e5500000| Untracked 
|  86|0x00000000e5600000, 0x00000000e5600000, 0x00000000e5700000|  0%| F|  |TAMS 0x00000000e5600000| PB 0x00000000e5600000| Untracked 
|  87|0x00000000e5700000, 0x00000000e5700000, 0x00000000e5800000|  0%| F|  |TAMS 0x00000000e5700000| PB 0x00000000e5700000| Untracked 
|  88|0x00000000e5800000, 0x00000000e5800000, 0x00000000e5900000|  0%| F|  |TAMS 0x00000000e5800000| PB 0x00000000e5800000| Untracked 
|  89|0x00000000e5900000, 0x00000000e5900000, 0x00000000e5a00000|  0%| F|  |TAMS 0x00000000e5900000| PB 0x00000000e5900000| Untracked 
|  90|0x00000000e5a00000, 0x00000000e5a00000, 0x00000000e5b00000|  0%| F|  |TAMS 0x00000000e5a00000| PB 0x00000000e5a00000| Untracked 
|  91|0x00000000e5b00000, 0x00000000e5b00000, 0x00000000e5c00000|  0%| F|  |TAMS 0x00000000e5b00000| PB 0x00000000e5b00000| Untracked 
|  92|0x00000000e5c00000, 0x00000000e5c00000, 0x00000000e5d00000|  0%| F|  |TAMS 0x00000000e5c00000| PB 0x00000000e5c00000| Untracked 
|  93|0x00000000e5d00000, 0x00000000e5d00000, 0x00000000e5e00000|  0%| F|  |TAMS 0x00000000e5d00000| PB 0x00000000e5d00000| Untracked 
|  94|0x00000000e5e00000, 0x00000000e5e00000, 0x00000000e5f00000|  0%| F|  |TAMS 0x00000000e5e00000| PB 0x00000000e5e00000| Untracked 
|  95|0x00000000e5f00000, 0x00000000e5f00000, 0x00000000e6000000|  0%| F|  |TAMS 0x00000000e5f00000| PB 0x00000000e5f00000| Untracked 
|  96|0x00000000e6000000, 0x00000000e6000000, 0x00000000e6100000|  0%| F|  |TAMS 0x00000000e6000000| PB 0x00000000e6000000| Untracked 
|  97|0x00000000e6100000, 0x00000000e6100000, 0x00000000e6200000|  0%| F|  |TAMS 0x00000000e6100000| PB 0x00000000e6100000| Untracked 
|  98|0x00000000e6200000, 0x00000000e6200000, 0x00000000e6300000|  0%| F|  |TAMS 0x00000000e6200000| PB 0x00000000e6200000| Untracked 
|  99|0x00000000e6300000, 0x00000000e6300000, 0x00000000e6400000|  0%| F|  |TAMS 0x00000000e6300000| PB 0x00000000e6300000| Untracked 
| 100|0x00000000e6400000, 0x00000000e6400000, 0x00000000e6500000|  0%| F|  |TAMS 0x00000000e6400000| PB 0x00000000e6400000| Untracked 
| 101|0x00000000e6500000, 0x00000000e6500000, 0x00000000e6600000|  0%| F|  |TAMS 0x00000000e6500000| PB 0x00000000e6500000| Untracked 
| 102|0x00000000e6600000, 0x00000000e6600000, 0x00000000e6700000|  0%| F|  |TAMS 0x00000000e6600000| PB 0x00000000e6600000| Untracked 
| 103|0x00000000e6700000, 0x00000000e6700000, 0x00000000e6800000|  0%| F|  |TAMS 0x00000000e6700000| PB 0x00000000e6700000| Untracked 
| 104|0x00000000e6800000, 0x00000000e6876e80, 0x00000000e6900000| 46%| S|CS|TAMS 0x00000000e6800000| PB 0x00000000e6800000| Complete 
| 105|0x00000000e6900000, 0x00000000e6a00000, 0x00000000e6a00000|100%| S|CS|TAMS 0x00000000e6900000| PB 0x00000000e6900000| Complete 
| 106|0x00000000e6a00000, 0x00000000e6b00000, 0x00000000e6b00000|100%| S|CS|TAMS 0x00000000e6a00000| PB 0x00000000e6a00000| Complete 
| 107|0x00000000e6b00000, 0x00000000e6c00000, 0x00000000e6c00000|100%| S|CS|TAMS 0x00000000e6b00000| PB 0x00000000e6b00000| Complete 
| 108|0x00000000e6c00000, 0x00000000e6d00000, 0x00000000e6d00000|100%| S|CS|TAMS 0x00000000e6c00000| PB 0x00000000e6c00000| Complete 
| 109|0x00000000e6d00000, 0x00000000e6e00000, 0x00000000e6e00000|100%| S|CS|TAMS 0x00000000e6d00000| PB 0x00000000e6d00000| Complete 
| 110|0x00000000e6e00000, 0x00000000e6e00000, 0x00000000e6f00000|  0%| F|  |TAMS 0x00000000e6e00000| PB 0x00000000e6e00000| Untracked 
| 111|0x00000000e6f00000, 0x00000000e6f00000, 0x00000000e7000000|  0%| F|  |TAMS 0x00000000e6f00000| PB 0x00000000e6f00000| Untracked 
| 112|0x00000000e7000000, 0x00000000e7000000, 0x00000000e7100000|  0%| F|  |TAMS 0x00000000e7000000| PB 0x00000000e7000000| Untracked 
| 113|0x00000000e7100000, 0x00000000e7100000, 0x00000000e7200000|  0%| F|  |TAMS 0x00000000e7100000| PB 0x00000000e7100000| Untracked 
| 114|0x00000000e7200000, 0x00000000e7200000, 0x00000000e7300000|  0%| F|  |TAMS 0x00000000e7200000| PB 0x00000000e7200000| Untracked 
| 115|0x00000000e7300000, 0x00000000e7300000, 0x00000000e7400000|  0%| F|  |TAMS 0x00000000e7300000| PB 0x00000000e7300000| Untracked 
| 116|0x00000000e7400000, 0x00000000e7400000, 0x00000000e7500000|  0%| F|  |TAMS 0x00000000e7400000| PB 0x00000000e7400000| Untracked 
| 117|0x00000000e7500000, 0x00000000e7500000, 0x00000000e7600000|  0%| F|  |TAMS 0x00000000e7500000| PB 0x00000000e7500000| Untracked 
| 118|0x00000000e7600000, 0x00000000e7600000, 0x00000000e7700000|  0%| F|  |TAMS 0x00000000e7600000| PB 0x00000000e7600000| Untracked 
| 119|0x00000000e7700000, 0x00000000e7700000, 0x00000000e7800000|  0%| F|  |TAMS 0x00000000e7700000| PB 0x00000000e7700000| Untracked 
| 120|0x00000000e7800000, 0x00000000e7800000, 0x00000000e7900000|  0%| F|  |TAMS 0x00000000e7800000| PB 0x00000000e7800000| Untracked 
| 121|0x00000000e7900000, 0x00000000e7900000, 0x00000000e7a00000|  0%| F|  |TAMS 0x00000000e7900000| PB 0x00000000e7900000| Untracked 
| 122|0x00000000e7a00000, 0x00000000e7a00000, 0x00000000e7b00000|  0%| F|  |TAMS 0x00000000e7a00000| PB 0x00000000e7a00000| Untracked 
| 123|0x00000000e7b00000, 0x00000000e7b00000, 0x00000000e7c00000|  0%| F|  |TAMS 0x00000000e7b00000| PB 0x00000000e7b00000| Untracked 
| 124|0x00000000e7c00000, 0x00000000e7c00000, 0x00000000e7d00000|  0%| F|  |TAMS 0x00000000e7c00000| PB 0x00000000e7c00000| Untracked 
| 125|0x00000000e7d00000, 0x00000000e7d00000, 0x00000000e7e00000|  0%| F|  |TAMS 0x00000000e7d00000| PB 0x00000000e7d00000| Untracked 
| 126|0x00000000e7e00000, 0x00000000e7e00000, 0x00000000e7f00000|  0%| F|  |TAMS 0x00000000e7e00000| PB 0x00000000e7e00000| Untracked 
| 127|0x00000000e7f00000, 0x00000000e7f00000, 0x00000000e8000000|  0%| F|  |TAMS 0x00000000e7f00000| PB 0x00000000e7f00000| Untracked 
| 128|0x00000000e8000000, 0x00000000e8000000, 0x00000000e8100000|  0%| F|  |TAMS 0x00000000e8000000| PB 0x00000000e8000000| Untracked 
| 129|0x00000000e8100000, 0x00000000e8100000, 0x00000000e8200000|  0%| F|  |TAMS 0x00000000e8100000| PB 0x00000000e8100000| Untracked 
| 130|0x00000000e8200000, 0x00000000e8200000, 0x00000000e8300000|  0%| F|  |TAMS 0x00000000e8200000| PB 0x00000000e8200000| Untracked 
| 131|0x00000000e8300000, 0x00000000e8300000, 0x00000000e8400000|  0%| F|  |TAMS 0x00000000e8300000| PB 0x00000000e8300000| Untracked 
| 132|0x00000000e8400000, 0x00000000e8400000, 0x00000000e8500000|  0%| F|  |TAMS 0x00000000e8400000| PB 0x00000000e8400000| Untracked 
| 133|0x00000000e8500000, 0x00000000e8500000, 0x00000000e8600000|  0%| F|  |TAMS 0x00000000e8500000| PB 0x00000000e8500000| Untracked 
| 134|0x00000000e8600000, 0x00000000e8600000, 0x00000000e8700000|  0%| F|  |TAMS 0x00000000e8600000| PB 0x00000000e8600000| Untracked 
| 135|0x00000000e8700000, 0x00000000e8700000, 0x00000000e8800000|  0%| F|  |TAMS 0x00000000e8700000| PB 0x00000000e8700000| Untracked 
| 136|0x00000000e8800000, 0x00000000e8800000, 0x00000000e8900000|  0%| F|  |TAMS 0x00000000e8800000| PB 0x00000000e8800000| Untracked 
| 137|0x00000000e8900000, 0x00000000e8900000, 0x00000000e8a00000|  0%| F|  |TAMS 0x00000000e8900000| PB 0x00000000e8900000| Untracked 
| 138|0x00000000e8a00000, 0x00000000e8a00000, 0x00000000e8b00000|  0%| F|  |TAMS 0x00000000e8a00000| PB 0x00000000e8a00000| Untracked 
| 139|0x00000000e8b00000, 0x00000000e8b00000, 0x00000000e8c00000|  0%| F|  |TAMS 0x00000000e8b00000| PB 0x00000000e8b00000| Untracked 
| 140|0x00000000e8c00000, 0x00000000e8c00000, 0x00000000e8d00000|  0%| F|  |TAMS 0x00000000e8c00000| PB 0x00000000e8c00000| Untracked 
| 141|0x00000000e8d00000, 0x00000000e8d00000, 0x00000000e8e00000|  0%| F|  |TAMS 0x00000000e8d00000| PB 0x00000000e8d00000| Untracked 
| 142|0x00000000e8e00000, 0x00000000e8e00000, 0x00000000e8f00000|  0%| F|  |TAMS 0x00000000e8e00000| PB 0x00000000e8e00000| Untracked 
| 143|0x00000000e8f00000, 0x00000000e8f00000, 0x00000000e9000000|  0%| F|  |TAMS 0x00000000e8f00000| PB 0x00000000e8f00000| Untracked 
| 144|0x00000000e9000000, 0x00000000e9000000, 0x00000000e9100000|  0%| F|  |TAMS 0x00000000e9000000| PB 0x00000000e9000000| Untracked 
| 145|0x00000000e9100000, 0x00000000e9100000, 0x00000000e9200000|  0%| F|  |TAMS 0x00000000e9100000| PB 0x00000000e9100000| Untracked 
| 146|0x00000000e9200000, 0x00000000e9200000, 0x00000000e9300000|  0%| F|  |TAMS 0x00000000e9200000| PB 0x00000000e9200000| Untracked 
| 147|0x00000000e9300000, 0x00000000e9300000, 0x00000000e9400000|  0%| F|  |TAMS 0x00000000e9300000| PB 0x00000000e9300000| Untracked 
| 148|0x00000000e9400000, 0x00000000e9400000, 0x00000000e9500000|  0%| F|  |TAMS 0x00000000e9400000| PB 0x00000000e9400000| Untracked 
| 149|0x00000000e9500000, 0x00000000e9500000, 0x00000000e9600000|  0%| F|  |TAMS 0x00000000e9500000| PB 0x00000000e9500000| Untracked 
| 150|0x00000000e9600000, 0x00000000e9600000, 0x00000000e9700000|  0%| F|  |TAMS 0x00000000e9600000| PB 0x00000000e9600000| Untracked 
| 151|0x00000000e9700000, 0x00000000e9700000, 0x00000000e9800000|  0%| F|  |TAMS 0x00000000e9700000| PB 0x00000000e9700000| Untracked 
| 152|0x00000000e9800000, 0x00000000e9800000, 0x00000000e9900000|  0%| F|  |TAMS 0x00000000e9800000| PB 0x00000000e9800000| Untracked 
| 153|0x00000000e9900000, 0x00000000e9900000, 0x00000000e9a00000|  0%| F|  |TAMS 0x00000000e9900000| PB 0x00000000e9900000| Untracked 
| 154|0x00000000e9a00000, 0x00000000e9a00000, 0x00000000e9b00000|  0%| F|  |TAMS 0x00000000e9a00000| PB 0x00000000e9a00000| Untracked 
| 155|0x00000000e9b00000, 0x00000000e9b00000, 0x00000000e9c00000|  0%| F|  |TAMS 0x00000000e9b00000| PB 0x00000000e9b00000| Untracked 
| 156|0x00000000e9c00000, 0x00000000e9c00000, 0x00000000e9d00000|  0%| F|  |TAMS 0x00000000e9c00000| PB 0x00000000e9c00000| Untracked 
| 157|0x00000000e9d00000, 0x00000000e9d00000, 0x00000000e9e00000|  0%| F|  |TAMS 0x00000000e9d00000| PB 0x00000000e9d00000| Untracked 
| 158|0x00000000e9e00000, 0x00000000e9e00000, 0x00000000e9f00000|  0%| F|  |TAMS 0x00000000e9e00000| PB 0x00000000e9e00000| Untracked 
| 159|0x00000000e9f00000, 0x00000000e9f00000, 0x00000000ea000000|  0%| F|  |TAMS 0x00000000e9f00000| PB 0x00000000e9f00000| Untracked 
| 160|0x00000000ea000000, 0x00000000ea000000, 0x00000000ea100000|  0%| F|  |TAMS 0x00000000ea000000| PB 0x00000000ea000000| Untracked 
| 161|0x00000000ea100000, 0x00000000ea100000, 0x00000000ea200000|  0%| F|  |TAMS 0x00000000ea100000| PB 0x00000000ea100000| Untracked 
| 162|0x00000000ea200000, 0x00000000ea200000, 0x00000000ea300000|  0%| F|  |TAMS 0x00000000ea200000| PB 0x00000000ea200000| Untracked 
| 163|0x00000000ea300000, 0x00000000ea300000, 0x00000000ea400000|  0%| F|  |TAMS 0x00000000ea300000| PB 0x00000000ea300000| Untracked 
| 164|0x00000000ea400000, 0x00000000ea400000, 0x00000000ea500000|  0%| F|  |TAMS 0x00000000ea400000| PB 0x00000000ea400000| Untracked 
| 165|0x00000000ea500000, 0x00000000ea500000, 0x00000000ea600000|  0%| F|  |TAMS 0x00000000ea500000| PB 0x00000000ea500000| Untracked 
| 166|0x00000000ea600000, 0x00000000ea600000, 0x00000000ea700000|  0%| F|  |TAMS 0x00000000ea600000| PB 0x00000000ea600000| Untracked 
| 167|0x00000000ea700000, 0x00000000ea700000, 0x00000000ea800000|  0%| F|  |TAMS 0x00000000ea700000| PB 0x00000000ea700000| Untracked 
| 168|0x00000000ea800000, 0x00000000ea800000, 0x00000000ea900000|  0%| F|  |TAMS 0x00000000ea800000| PB 0x00000000ea800000| Untracked 
| 169|0x00000000ea900000, 0x00000000ea900000, 0x00000000eaa00000|  0%| F|  |TAMS 0x00000000ea900000| PB 0x00000000ea900000| Untracked 
| 170|0x00000000eaa00000, 0x00000000eaa00000, 0x00000000eab00000|  0%| F|  |TAMS 0x00000000eaa00000| PB 0x00000000eaa00000| Untracked 
| 171|0x00000000eab00000, 0x00000000eab00000, 0x00000000eac00000|  0%| F|  |TAMS 0x00000000eab00000| PB 0x00000000eab00000| Untracked 
| 172|0x00000000eac00000, 0x00000000eac00000, 0x00000000ead00000|  0%| F|  |TAMS 0x00000000eac00000| PB 0x00000000eac00000| Untracked 
| 173|0x00000000ead00000, 0x00000000ead00000, 0x00000000eae00000|  0%| F|  |TAMS 0x00000000ead00000| PB 0x00000000ead00000| Untracked 
| 174|0x00000000eae00000, 0x00000000eae00000, 0x00000000eaf00000|  0%| F|  |TAMS 0x00000000eae00000| PB 0x00000000eae00000| Untracked 
| 175|0x00000000eaf00000, 0x00000000eaf00000, 0x00000000eb000000|  0%| F|  |TAMS 0x00000000eaf00000| PB 0x00000000eaf00000| Untracked 
| 176|0x00000000eb000000, 0x00000000eb000000, 0x00000000eb100000|  0%| F|  |TAMS 0x00000000eb000000| PB 0x00000000eb000000| Untracked 
| 177|0x00000000eb100000, 0x00000000eb100000, 0x00000000eb200000|  0%| F|  |TAMS 0x00000000eb100000| PB 0x00000000eb100000| Untracked 
| 178|0x00000000eb200000, 0x00000000eb200000, 0x00000000eb300000|  0%| F|  |TAMS 0x00000000eb200000| PB 0x00000000eb200000| Untracked 
| 179|0x00000000eb300000, 0x00000000eb300000, 0x00000000eb400000|  0%| F|  |TAMS 0x00000000eb300000| PB 0x00000000eb300000| Untracked 
| 180|0x00000000eb400000, 0x00000000eb400000, 0x00000000eb500000|  0%| F|  |TAMS 0x00000000eb400000| PB 0x00000000eb400000| Untracked 
| 181|0x00000000eb500000, 0x00000000eb500000, 0x00000000eb600000|  0%| F|  |TAMS 0x00000000eb500000| PB 0x00000000eb500000| Untracked 
| 182|0x00000000eb600000, 0x00000000eb600000, 0x00000000eb700000|  0%| F|  |TAMS 0x00000000eb600000| PB 0x00000000eb600000| Untracked 
| 183|0x00000000eb700000, 0x00000000eb700000, 0x00000000eb800000|  0%| F|  |TAMS 0x00000000eb700000| PB 0x00000000eb700000| Untracked 
| 184|0x00000000eb800000, 0x00000000eb800000, 0x00000000eb900000|  0%| F|  |TAMS 0x00000000eb800000| PB 0x00000000eb800000| Untracked 
| 185|0x00000000eb900000, 0x00000000eb900000, 0x00000000eba00000|  0%| F|  |TAMS 0x00000000eb900000| PB 0x00000000eb900000| Untracked 
| 186|0x00000000eba00000, 0x00000000eba00000, 0x00000000ebb00000|  0%| F|  |TAMS 0x00000000eba00000| PB 0x00000000eba00000| Untracked 
| 187|0x00000000ebb00000, 0x00000000ebb00000, 0x00000000ebc00000|  0%| F|  |TAMS 0x00000000ebb00000| PB 0x00000000ebb00000| Untracked 
| 188|0x00000000ebc00000, 0x00000000ebc00000, 0x00000000ebd00000|  0%| F|  |TAMS 0x00000000ebc00000| PB 0x00000000ebc00000| Untracked 
| 189|0x00000000ebd00000, 0x00000000ebd00000, 0x00000000ebe00000|  0%| F|  |TAMS 0x00000000ebd00000| PB 0x00000000ebd00000| Untracked 
| 190|0x00000000ebe00000, 0x00000000ebe00000, 0x00000000ebf00000|  0%| F|  |TAMS 0x00000000ebe00000| PB 0x00000000ebe00000| Untracked 
| 191|0x00000000ebf00000, 0x00000000ebf00000, 0x00000000ec000000|  0%| F|  |TAMS 0x00000000ebf00000| PB 0x00000000ebf00000| Untracked 
| 192|0x00000000ec000000, 0x00000000ec000000, 0x00000000ec100000|  0%| F|  |TAMS 0x00000000ec000000| PB 0x00000000ec000000| Untracked 
| 193|0x00000000ec100000, 0x00000000ec100000, 0x00000000ec200000|  0%| F|  |TAMS 0x00000000ec100000| PB 0x00000000ec100000| Untracked 
| 194|0x00000000ec200000, 0x00000000ec200000, 0x00000000ec300000|  0%| F|  |TAMS 0x00000000ec200000| PB 0x00000000ec200000| Untracked 
| 195|0x00000000ec300000, 0x00000000ec300000, 0x00000000ec400000|  0%| F|  |TAMS 0x00000000ec300000| PB 0x00000000ec300000| Untracked 
| 196|0x00000000ec400000, 0x00000000ec400000, 0x00000000ec500000|  0%| F|  |TAMS 0x00000000ec400000| PB 0x00000000ec400000| Untracked 
| 197|0x00000000ec500000, 0x00000000ec500000, 0x00000000ec600000|  0%| F|  |TAMS 0x00000000ec500000| PB 0x00000000ec500000| Untracked 
| 198|0x00000000ec600000, 0x00000000ec600000, 0x00000000ec700000|  0%| F|  |TAMS 0x00000000ec600000| PB 0x00000000ec600000| Untracked 
| 199|0x00000000ec700000, 0x00000000ec700000, 0x00000000ec800000|  0%| F|  |TAMS 0x00000000ec700000| PB 0x00000000ec700000| Untracked 
| 200|0x00000000ec800000, 0x00000000ec800000, 0x00000000ec900000|  0%| F|  |TAMS 0x00000000ec800000| PB 0x00000000ec800000| Untracked 
| 201|0x00000000ec900000, 0x00000000ec900000, 0x00000000eca00000|  0%| F|  |TAMS 0x00000000ec900000| PB 0x00000000ec900000| Untracked 
| 202|0x00000000eca00000, 0x00000000eca00000, 0x00000000ecb00000|  0%| F|  |TAMS 0x00000000eca00000| PB 0x00000000eca00000| Untracked 
| 203|0x00000000ecb00000, 0x00000000ecb00000, 0x00000000ecc00000|  0%| F|  |TAMS 0x00000000ecb00000| PB 0x00000000ecb00000| Untracked 
| 204|0x00000000ecc00000, 0x00000000ecc00000, 0x00000000ecd00000|  0%| F|  |TAMS 0x00000000ecc00000| PB 0x00000000ecc00000| Untracked 
| 205|0x00000000ecd00000, 0x00000000ecd00000, 0x00000000ece00000|  0%| F|  |TAMS 0x00000000ecd00000| PB 0x00000000ecd00000| Untracked 
| 206|0x00000000ece00000, 0x00000000ece00000, 0x00000000ecf00000|  0%| F|  |TAMS 0x00000000ece00000| PB 0x00000000ece00000| Untracked 
| 207|0x00000000ecf00000, 0x00000000ecf00000, 0x00000000ed000000|  0%| F|  |TAMS 0x00000000ecf00000| PB 0x00000000ecf00000| Untracked 
| 208|0x00000000ed000000, 0x00000000ed000000, 0x00000000ed100000|  0%| F|  |TAMS 0x00000000ed000000| PB 0x00000000ed000000| Untracked 
| 209|0x00000000ed100000, 0x00000000ed100000, 0x00000000ed200000|  0%| F|  |TAMS 0x00000000ed100000| PB 0x00000000ed100000| Untracked 
| 210|0x00000000ed200000, 0x00000000ed200000, 0x00000000ed300000|  0%| F|  |TAMS 0x00000000ed200000| PB 0x00000000ed200000| Untracked 
| 211|0x00000000ed300000, 0x00000000ed300000, 0x00000000ed400000|  0%| F|  |TAMS 0x00000000ed300000| PB 0x00000000ed300000| Untracked 
| 212|0x00000000ed400000, 0x00000000ed400000, 0x00000000ed500000|  0%| F|  |TAMS 0x00000000ed400000| PB 0x00000000ed400000| Untracked 
| 213|0x00000000ed500000, 0x00000000ed500000, 0x00000000ed600000|  0%| F|  |TAMS 0x00000000ed500000| PB 0x00000000ed500000| Untracked 
| 214|0x00000000ed600000, 0x00000000ed600000, 0x00000000ed700000|  0%| F|  |TAMS 0x00000000ed600000| PB 0x00000000ed600000| Untracked 
| 215|0x00000000ed700000, 0x00000000ed700000, 0x00000000ed800000|  0%| F|  |TAMS 0x00000000ed700000| PB 0x00000000ed700000| Untracked 
| 216|0x00000000ed800000, 0x00000000ed800000, 0x00000000ed900000|  0%| F|  |TAMS 0x00000000ed800000| PB 0x00000000ed800000| Untracked 
| 217|0x00000000ed900000, 0x00000000ed900000, 0x00000000eda00000|  0%| F|  |TAMS 0x00000000ed900000| PB 0x00000000ed900000| Untracked 
| 218|0x00000000eda00000, 0x00000000eda00000, 0x00000000edb00000|  0%| F|  |TAMS 0x00000000eda00000| PB 0x00000000eda00000| Untracked 
| 219|0x00000000edb00000, 0x00000000edb00000, 0x00000000edc00000|  0%| F|  |TAMS 0x00000000edb00000| PB 0x00000000edb00000| Untracked 
| 220|0x00000000edc00000, 0x00000000edc00000, 0x00000000edd00000|  0%| F|  |TAMS 0x00000000edc00000| PB 0x00000000edc00000| Untracked 
| 221|0x00000000edd00000, 0x00000000edd00000, 0x00000000ede00000|  0%| F|  |TAMS 0x00000000edd00000| PB 0x00000000edd00000| Untracked 
| 222|0x00000000ede00000, 0x00000000ede00000, 0x00000000edf00000|  0%| F|  |TAMS 0x00000000ede00000| PB 0x00000000ede00000| Untracked 
| 223|0x00000000edf00000, 0x00000000edf00000, 0x00000000ee000000|  0%| F|  |TAMS 0x00000000edf00000| PB 0x00000000edf00000| Untracked 
| 224|0x00000000ee000000, 0x00000000ee000000, 0x00000000ee100000|  0%| F|  |TAMS 0x00000000ee000000| PB 0x00000000ee000000| Untracked 
| 225|0x00000000ee100000, 0x00000000ee100000, 0x00000000ee200000|  0%| F|  |TAMS 0x00000000ee100000| PB 0x00000000ee100000| Untracked 
| 226|0x00000000ee200000, 0x00000000ee200000, 0x00000000ee300000|  0%| F|  |TAMS 0x00000000ee200000| PB 0x00000000ee200000| Untracked 
| 227|0x00000000ee300000, 0x00000000ee300000, 0x00000000ee400000|  0%| F|  |TAMS 0x00000000ee300000| PB 0x00000000ee300000| Untracked 
| 228|0x00000000ee400000, 0x00000000ee400000, 0x00000000ee500000|  0%| F|  |TAMS 0x00000000ee400000| PB 0x00000000ee400000| Untracked 
| 229|0x00000000ee500000, 0x00000000ee500000, 0x00000000ee600000|  0%| F|  |TAMS 0x00000000ee500000| PB 0x00000000ee500000| Untracked 
| 230|0x00000000ee600000, 0x00000000ee600000, 0x00000000ee700000|  0%| F|  |TAMS 0x00000000ee600000| PB 0x00000000ee600000| Untracked 
| 231|0x00000000ee700000, 0x00000000ee700000, 0x00000000ee800000|  0%| F|  |TAMS 0x00000000ee700000| PB 0x00000000ee700000| Untracked 
| 232|0x00000000ee800000, 0x00000000ee800000, 0x00000000ee900000|  0%| F|  |TAMS 0x00000000ee800000| PB 0x00000000ee800000| Untracked 
| 233|0x00000000ee900000, 0x00000000ee900000, 0x00000000eea00000|  0%| F|  |TAMS 0x00000000ee900000| PB 0x00000000ee900000| Untracked 
| 234|0x00000000eea00000, 0x00000000eea00000, 0x00000000eeb00000|  0%| F|  |TAMS 0x00000000eea00000| PB 0x00000000eea00000| Untracked 
| 235|0x00000000eeb00000, 0x00000000eeb00000, 0x00000000eec00000|  0%| F|  |TAMS 0x00000000eeb00000| PB 0x00000000eeb00000| Untracked 
| 236|0x00000000eec00000, 0x00000000eec00000, 0x00000000eed00000|  0%| F|  |TAMS 0x00000000eec00000| PB 0x00000000eec00000| Untracked 
| 237|0x00000000eed00000, 0x00000000eed00000, 0x00000000eee00000|  0%| F|  |TAMS 0x00000000eed00000| PB 0x00000000eed00000| Untracked 
| 238|0x00000000eee00000, 0x00000000eee00000, 0x00000000eef00000|  0%| F|  |TAMS 0x00000000eee00000| PB 0x00000000eee00000| Untracked 
| 239|0x00000000eef00000, 0x00000000eef00000, 0x00000000ef000000|  0%| F|  |TAMS 0x00000000eef00000| PB 0x00000000eef00000| Untracked 
| 240|0x00000000ef000000, 0x00000000ef000000, 0x00000000ef100000|  0%| F|  |TAMS 0x00000000ef000000| PB 0x00000000ef000000| Untracked 
| 241|0x00000000ef100000, 0x00000000ef100000, 0x00000000ef200000|  0%| F|  |TAMS 0x00000000ef100000| PB 0x00000000ef100000| Untracked 
| 242|0x00000000ef200000, 0x00000000ef200000, 0x00000000ef300000|  0%| F|  |TAMS 0x00000000ef200000| PB 0x00000000ef200000| Untracked 
| 243|0x00000000ef300000, 0x00000000ef300000, 0x00000000ef400000|  0%| F|  |TAMS 0x00000000ef300000| PB 0x00000000ef300000| Untracked 
| 244|0x00000000ef400000, 0x00000000ef400000, 0x00000000ef500000|  0%| F|  |TAMS 0x00000000ef400000| PB 0x00000000ef400000| Untracked 
| 245|0x00000000ef500000, 0x00000000ef500000, 0x00000000ef600000|  0%| F|  |TAMS 0x00000000ef500000| PB 0x00000000ef500000| Untracked 
| 246|0x00000000ef600000, 0x00000000ef600000, 0x00000000ef700000|  0%| F|  |TAMS 0x00000000ef600000| PB 0x00000000ef600000| Untracked 
| 247|0x00000000ef700000, 0x00000000ef700000, 0x00000000ef800000|  0%| F|  |TAMS 0x00000000ef700000| PB 0x00000000ef700000| Untracked 
| 248|0x00000000ef800000, 0x00000000ef800000, 0x00000000ef900000|  0%| F|  |TAMS 0x00000000ef800000| PB 0x00000000ef800000| Untracked 
| 249|0x00000000ef900000, 0x00000000ef900000, 0x00000000efa00000|  0%| F|  |TAMS 0x00000000ef900000| PB 0x00000000ef900000| Untracked 
| 250|0x00000000efa00000, 0x00000000efa00000, 0x00000000efb00000|  0%| F|  |TAMS 0x00000000efa00000| PB 0x00000000efa00000| Untracked 
| 251|0x00000000efb00000, 0x00000000efb00000, 0x00000000efc00000|  0%| F|  |TAMS 0x00000000efb00000| PB 0x00000000efb00000| Untracked 
| 252|0x00000000efc00000, 0x00000000efcdb400, 0x00000000efd00000| 85%| E|  |TAMS 0x00000000efc00000| PB 0x00000000efc00000| Complete 
| 253|0x00000000efd00000, 0x00000000efe00000, 0x00000000efe00000|100%| E|CS|TAMS 0x00000000efd00000| PB 0x00000000efd00000| Complete 
| 254|0x00000000efe00000, 0x00000000eff00000, 0x00000000eff00000|100%| E|CS|TAMS 0x00000000efe00000| PB 0x00000000efe00000| Complete 
| 255|0x00000000eff00000, 0x00000000f0000000, 0x00000000f0000000|100%| E|CS|TAMS 0x00000000eff00000| PB 0x00000000eff00000| Complete 

Card table byte_map: [0x0000020500ba0000,0x0000020500ca0000] _byte_map_base: 0x00000205004a0000

Marking Bits: (CMBitMap*) 0x00000205670c3ad0
 Bits: [0x0000020500ca0000, 0x00000205014a0000)

Polling page: 0x0000020567360000

Metaspace:

Usage:
  Non-class:     53.68 MB used.
      Class:      8.81 MB used.
       Both:     62.49 MB used.

Virtual space:
  Non-class space:       64.00 MB reserved,      54.81 MB ( 86%) committed,  1 nodes.
      Class space:      320.00 MB reserved,      10.00 MB (  3%) committed,  1 nodes.
             Both:      384.00 MB reserved,      64.81 MB ( 17%) committed. 

Chunk freelists:
   Non-Class:  8.94 MB
       Class:  6.04 MB
        Both:  14.98 MB

MaxMetaspaceSize: 384.00 MB
CompressedClassSpaceSize: 320.00 MB
Initial GC threshold: 21.00 MB
Current GC threshold: 102.00 MB
CDS: on
 - commit_granule_bytes: 65536.
 - commit_granule_words: 8192.
 - virtual_space_node_default_size: 8388608.
 - enlarge_chunks_in_place: 1.
 - use_allocation_guard: 0.


Internal statistics:

num_allocs_failed_limit: 18.
num_arena_births: 4358.
num_arena_deaths: 0.
num_vsnodes_births: 2.
num_vsnodes_deaths: 0.
num_space_committed: 1037.
num_space_uncommitted: 0.
num_chunks_returned_to_freelist: 18.
num_chunks_taken_from_freelist: 7786.
num_chunk_merges: 15.
num_chunk_splits: 4939.
num_chunks_enlarged: 2807.
num_inconsistent_stats: 0.

CodeHeap 'non-profiled nmethods': size=120000Kb used=7796Kb max_used=7796Kb free=112203Kb
 bounds [0x0000020578920000, 0x00000205790c0000, 0x000002057fe50000]
CodeHeap 'profiled nmethods': size=120000Kb used=24674Kb max_used=24674Kb free=95325Kb
 bounds [0x0000020570e50000, 0x0000020572670000, 0x0000020578380000]
CodeHeap 'non-nmethods': size=5760Kb used=2034Kb max_used=2107Kb free=3725Kb
 bounds [0x0000020578380000, 0x00000205785f0000, 0x0000020578920000]
 total_blobs=13469 nmethods=12688 adapters=685
 compilation: enabled
              stopped_count=0, restarted_count=0
 full_count=0

Compilation events (20 events):
Event: 458.097 Thread 0x0000020504298870 13410       1       org.gradle.launcher.daemon.toolchain.DaemonJvmCriteria$JavaHome$Source::access$000 (5 bytes)
Event: 458.097 Thread 0x0000020504298870 nmethod 13410 0x00000205790bca90 code [0x00000205790bcc20, 0x00000205790bccd0]
Event: 458.101 Thread 0x0000020504298870 13411       3       org.gradle.internal.jvm.Jvm::findToolsJar (184 bytes)
Event: 458.104 Thread 0x0000020504298870 nmethod 13411 0x000002057265b910 code [0x000002057265be80, 0x000002057265e468]
Event: 458.104 Thread 0x0000020504298870 13414       3       java.util.regex.Pattern$BnM::optimize (179 bytes)
Event: 458.104 Thread 0x0000020504298870 nmethod 13414 0x000002057265f190 code [0x000002057265f400, 0x00000205726601c0]
Event: 458.104 Thread 0x0000020504298870 13412       3       java.lang.String::matches (6 bytes)
Event: 458.105 Thread 0x0000020504298870 nmethod 13412 0x0000020572660590 code [0x0000020572660780, 0x0000020572660ae8]
Event: 458.105 Thread 0x0000020504298870 13413       3       java.util.regex.Pattern::matches (16 bytes)
Event: 458.105 Thread 0x0000020504298870 nmethod 13413 0x0000020572660c90 code [0x0000020572660e60, 0x0000020572661150]
Event: 458.105 Thread 0x0000020504298870 13415       1       org.gradle.launcher.daemon.context.DefaultDaemonContext::getDaemonOpts (5 bytes)
Event: 458.105 Thread 0x0000020504298870 nmethod 13415 0x00000205790bcd90 code [0x00000205790bcf20, 0x00000205790bcfe8]
Event: 458.105 Thread 0x0000020504298870 13416       1       org.gradle.launcher.daemon.context.DaemonRequestContext::getDaemonOpts (5 bytes)
Event: 458.105 Thread 0x0000020504298870 nmethod 13416 0x00000205790bd090 code [0x00000205790bd220, 0x00000205790bd2e8]
Event: 458.128 Thread 0x0000020504298870 13417       3       java.util.concurrent.ConcurrentSkipListMap::doPut (548 bytes)
Event: 458.133 Thread 0x0000020504298870 nmethod 13417 0x0000020572661310 code [0x00000205726619a0, 0x0000020572665aa0]
Event: 458.133 Thread 0x0000020504298870 13418       3       java.util.concurrent.ConcurrentSkipListMap::put (20 bytes)
Event: 458.134 Thread 0x0000020504298870 nmethod 13418 0x0000020572667210 code [0x00000205726673e0, 0x0000020572667628]
Event: 458.134 Thread 0x0000020504298870 13419       3       java.util.concurrent.ConcurrentSkipListMap::addCount (35 bytes)
Event: 458.135 Thread 0x0000020504298870 nmethod 13419 0x0000020572667710 code [0x00000205726679a0, 0x0000020572668560]

GC Heap History (20 events):
Event: 50.459 GC heap before
{Heap before GC invocations=2 (full 0):
 garbage-first heap   total 262144K, used 124040K [0x00000000e0000000, 0x0000000100000000)
  region size 1024K, 111 young (113664K), 3 survivors (3072K)
 Metaspace       used 20887K, committed 21504K, reserved 393216K
  class space    used 2876K, committed 3136K, reserved 327680K
}
Event: 50.747 GC heap after
{Heap after GC invocations=3 (full 0):
 garbage-first heap   total 262144K, used 24523K [0x00000000e0000000, 0x0000000100000000)
  region size 1024K, 12 young (12288K), 12 survivors (12288K)
 Metaspace       used 20887K, committed 21504K, reserved 393216K
  class space    used 2876K, committed 3136K, reserved 327680K
}
Event: 121.302 GC heap before
{Heap before GC invocations=4 (full 0):
 garbage-first heap   total 262144K, used 136139K [0x00000000e0000000, 0x0000000100000000)
  region size 1024K, 122 young (124928K), 12 survivors (12288K)
 Metaspace       used 35412K, committed 36800K, reserved 393216K
  class space    used 5047K, committed 5760K, reserved 327680K
}
Event: 121.424 GC heap after
{Heap after GC invocations=5 (full 0):
 garbage-first heap   total 262144K, used 31900K [0x00000000e0000000, 0x0000000100000000)
  region size 1024K, 8 young (8192K), 8 survivors (8192K)
 Metaspace       used 35412K, committed 36800K, reserved 393216K
  class space    used 5047K, committed 5760K, reserved 327680K
}
Event: 122.145 GC heap before
{Heap before GC invocations=5 (full 0):
 garbage-first heap   total 262144K, used 34972K [0x00000000e0000000, 0x0000000100000000)
  region size 1024K, 12 young (12288K), 8 survivors (8192K)
 Metaspace       used 35726K, committed 37120K, reserved 393216K
  class space    used 5082K, committed 5760K, reserved 327680K
}
Event: 122.157 GC heap after
{Heap after GC invocations=6 (full 0):
 garbage-first heap   total 262144K, used 33381K [0x00000000e0000000, 0x0000000100000000)
  region size 1024K, 8 young (8192K), 8 survivors (8192K)
 Metaspace       used 35726K, committed 37120K, reserved 393216K
  class space    used 5082K, committed 5760K, reserved 327680K
}
Event: 122.468 GC heap before
{Heap before GC invocations=6 (full 0):
 garbage-first heap   total 262144K, used 35429K [0x00000000e0000000, 0x0000000100000000)
  region size 1024K, 11 young (11264K), 8 survivors (8192K)
 Metaspace       used 36060K, committed 37440K, reserved 393216K
  class space    used 5140K, committed 5824K, reserved 327680K
}
Event: 122.480 GC heap after
{Heap after GC invocations=7 (full 0):
 garbage-first heap   total 262144K, used 33248K [0x00000000e0000000, 0x0000000100000000)
  region size 1024K, 8 young (8192K), 8 survivors (8192K)
 Metaspace       used 36060K, committed 37440K, reserved 393216K
  class space    used 5140K, committed 5824K, reserved 327680K
}
Event: 337.775 GC heap before
{Heap before GC invocations=8 (full 0):
 garbage-first heap   total 262144K, used 180704K [0x00000000e0000000, 0x0000000100000000)
  region size 1024K, 153 young (156672K), 8 survivors (8192K)
 Metaspace       used 48374K, committed 50304K, reserved 393216K
  class space    used 7085K, committed 8064K, reserved 327680K
}
Event: 337.801 GC heap after
{Heap after GC invocations=9 (full 0):
 garbage-first heap   total 262144K, used 40905K [0x00000000e0000000, 0x0000000100000000)
  region size 1024K, 16 young (16384K), 16 survivors (16384K)
 Metaspace       used 48374K, committed 50304K, reserved 393216K
  class space    used 7085K, committed 8064K, reserved 327680K
}
Event: 358.114 GC heap before
{Heap before GC invocations=9 (full 0):
 garbage-first heap   total 262144K, used 180169K [0x00000000e0000000, 0x0000000100000000)
  region size 1024K, 153 young (156672K), 16 survivors (16384K)
 Metaspace       used 54811K, committed 57024K, reserved 393216K
  class space    used 8057K, committed 9152K, reserved 327680K
}
Event: 358.137 GC heap after
{Heap after GC invocations=10 (full 0):
 garbage-first heap   total 262144K, used 46779K [0x00000000e0000000, 0x0000000100000000)
  region size 1024K, 16 young (16384K), 16 survivors (16384K)
 Metaspace       used 54811K, committed 57024K, reserved 393216K
  class space    used 8057K, committed 9152K, reserved 327680K
}
Event: 365.261 GC heap before
{Heap before GC invocations=10 (full 0):
 garbage-first heap   total 262144K, used 189115K [0x00000000e0000000, 0x0000000100000000)
  region size 1024K, 153 young (156672K), 16 survivors (16384K)
 Metaspace       used 60090K, committed 62400K, reserved 393216K
  class space    used 8695K, committed 9856K, reserved 327680K
}
Event: 365.274 GC heap after
{Heap after GC invocations=11 (full 0):
 garbage-first heap   total 262144K, used 52209K [0x00000000e0000000, 0x0000000100000000)
  region size 1024K, 13 young (13312K), 13 survivors (13312K)
 Metaspace       used 60090K, committed 62400K, reserved 393216K
  class space    used 8695K, committed 9856K, reserved 327680K
}
Event: 367.664 GC heap before
{Heap before GC invocations=11 (full 0):
 garbage-first heap   total 262144K, used 71665K [0x00000000e0000000, 0x0000000100000000)
  region size 1024K, 33 young (33792K), 13 survivors (13312K)
 Metaspace       used 60272K, committed 62528K, reserved 393216K
  class space    used 8705K, committed 9856K, reserved 327680K
}
Event: 367.680 GC heap after
{Heap after GC invocations=12 (full 0):
 garbage-first heap   total 262144K, used 52686K [0x00000000e0000000, 0x0000000100000000)
  region size 1024K, 6 young (6144K), 6 survivors (6144K)
 Metaspace       used 60272K, committed 62528K, reserved 393216K
  class space    used 8705K, committed 9856K, reserved 327680K
}
Event: 407.741 GC heap before
{Heap before GC invocations=13 (full 0):
 garbage-first heap   total 262144K, used 203214K [0x00000000e0000000, 0x0000000100000000)
  region size 1024K, 153 young (156672K), 6 survivors (6144K)
 Metaspace       used 61825K, committed 64192K, reserved 393216K
  class space    used 8837K, committed 10048K, reserved 327680K
}
Event: 407.747 GC heap after
{Heap after GC invocations=14 (full 0):
 garbage-first heap   total 262144K, used 52949K [0x00000000e0000000, 0x0000000100000000)
  region size 1024K, 7 young (7168K), 7 survivors (7168K)
 Metaspace       used 61825K, committed 64192K, reserved 393216K
  class space    used 8837K, committed 10048K, reserved 327680K
}
Event: 457.061 GC heap before
{Heap before GC invocations=14 (full 0):
 garbage-first heap   total 262144K, used 201429K [0x00000000e0000000, 0x0000000100000000)
  region size 1024K, 153 young (156672K), 7 survivors (7168K)
 Metaspace       used 63978K, committed 66368K, reserved 393216K
  class space    used 9018K, committed 10240K, reserved 327680K
}
Event: 457.073 GC heap after
{Heap after GC invocations=15 (full 0):
 garbage-first heap   total 262144K, used 51814K [0x00000000e0000000, 0x0000000100000000)
  region size 1024K, 6 young (6144K), 6 survivors (6144K)
 Metaspace       used 63978K, committed 66368K, reserved 393216K
  class space    used 9018K, committed 10240K, reserved 327680K
}

Dll operation events (15 events):
Event: 0.020 Loaded shared library D:\javar\bin\java.dll
Event: 1.040 Loaded shared library D:\javar\bin\jsvml.dll
Event: 1.041 Loaded shared library D:\javar\bin\zip.dll
Event: 1.047 Loaded shared library D:\javar\bin\instrument.dll
Event: 1.088 Loaded shared library D:\javar\bin\net.dll
Event: 1.092 Loaded shared library D:\javar\bin\nio.dll
Event: 1.098 Loaded shared library D:\javar\bin\zip.dll
Event: 1.636 Loaded shared library D:\javar\bin\jimage.dll
Event: 3.843 Loaded shared library D:\javar\bin\verify.dll
Event: 4.055 Loaded shared library C:\Users\hieun\.gradle\native\660c5614fbf4a5f2a75b1949f50a0caf5cd603558e7d8a26e50b933a0cfb79d1\windows-amd64\native-platform.dll
Event: 4.136 Loaded shared library C:\Users\hieun\.gradle\native\0.2.8\x86_64-windows-gnu\gradle-fileevents.dll
Event: 16.645 Loaded shared library D:\javar\bin\management.dll
Event: 16.704 Loaded shared library D:\javar\bin\management_ext.dll
Event: 19.893 Loaded shared library D:\javar\bin\extnet.dll
Event: 37.203 Loaded shared library D:\javar\bin\sunmscapi.dll

Deoptimization events (20 events):
Event: 447.068 Thread 0x0000020522ab9c70 DEOPT PACKING pc=0x0000020578b5e8d0 sp=0x000000ae3a6fee00
Event: 447.068 Thread 0x0000020522ab9c70 DEOPT UNPACKING pc=0x00000205783d46a2 sp=0x000000ae3a6feda0 mode 2
Event: 447.187 Thread 0x0000020522ac2cd0 Uncommon trap: trap_request=0xffffff45 fr.pc=0x0000020578b5e8d0 relative=0x0000000000000650
Event: 447.187 Thread 0x0000020522ac2cd0 Uncommon trap: reason=unstable_if action=reinterpret pc=0x0000020578b5e8d0 method=java.util.concurrent.LinkedTransferQueue$DualNode.await(Ljava/lang/Object;JLjava/lang/Object;Z)Ljava/lang/Object; @ 158 c2
Event: 447.187 Thread 0x0000020522ac2cd0 DEOPT PACKING pc=0x0000020578b5e8d0 sp=0x000000ae367fec40
Event: 447.187 Thread 0x0000020522ac2cd0 DEOPT UNPACKING pc=0x00000205783d46a2 sp=0x000000ae367febe0 mode 2
Event: 447.199 Thread 0x0000020522ab8230 Uncommon trap: trap_request=0xffffff45 fr.pc=0x0000020578b5e8d0 relative=0x0000000000000650
Event: 447.199 Thread 0x0000020522ab8230 Uncommon trap: reason=unstable_if action=reinterpret pc=0x0000020578b5e8d0 method=java.util.concurrent.LinkedTransferQueue$DualNode.await(Ljava/lang/Object;JLjava/lang/Object;Z)Ljava/lang/Object; @ 158 c2
Event: 447.199 Thread 0x0000020522ab8230 DEOPT PACKING pc=0x0000020578b5e8d0 sp=0x000000ae344feff0
Event: 447.199 Thread 0x0000020522ab8230 DEOPT UNPACKING pc=0x00000205783d46a2 sp=0x000000ae344fef90 mode 2
Event: 447.208 Thread 0x0000020522ac39f0 Uncommon trap: trap_request=0xffffff45 fr.pc=0x0000020578b5e8d0 relative=0x0000000000000650
Event: 447.208 Thread 0x0000020522ac39f0 Uncommon trap: reason=unstable_if action=reinterpret pc=0x0000020578b5e8d0 method=java.util.concurrent.LinkedTransferQueue$DualNode.await(Ljava/lang/Object;JLjava/lang/Object;Z)Ljava/lang/Object; @ 158 c2
Event: 447.208 Thread 0x0000020522ac39f0 DEOPT PACKING pc=0x0000020578b5e8d0 sp=0x000000ae390fecc0
Event: 447.208 Thread 0x0000020522ac39f0 DEOPT UNPACKING pc=0x00000205783d46a2 sp=0x000000ae390fec60 mode 2
Event: 456.368 Thread 0x0000020522abd0f0 Uncommon trap: trap_request=0xffffff45 fr.pc=0x0000020578a68640 relative=0x00000000000000a0
Event: 456.368 Thread 0x0000020522abd0f0 Uncommon trap: reason=unstable_if action=reinterpret pc=0x0000020578a68640 method=java.util.concurrent.locks.LockSupport.unpark(Ljava/lang/Thread;)V @ 1 c2
Event: 456.368 Thread 0x0000020522abd0f0 DEOPT PACKING pc=0x0000020578a68640 sp=0x000000ae369ff100
Event: 456.368 Thread 0x0000020522abd0f0 DEOPT UNPACKING pc=0x00000205783d46a2 sp=0x000000ae369ff098 mode 2
Event: 456.444 Thread 0x0000020504756fb0 DEOPT PACKING pc=0x00000205720b3948 sp=0x000000ae345f7400
Event: 456.447 Thread 0x0000020504756fb0 DEOPT UNPACKING pc=0x00000205783d4e42 sp=0x000000ae345f68c0 mode 0

Classes loaded (20 events):
Event: 417.278 Loading class java/io/CharArrayReader
Event: 417.278 Loading class java/io/CharArrayReader done
Event: 417.794 Loading class java/nio/file/StandardCopyOption
Event: 417.794 Loading class java/nio/file/StandardCopyOption done
Event: 417.797 Loading class sun/nio/fs/WindowsFileCopy
Event: 417.806 Loading class sun/nio/fs/WindowsFileCopy done
Event: 417.873 Loading class sun/nio/fs/WindowsLinkSupport
Event: 417.874 Loading class sun/nio/fs/WindowsLinkSupport done
Event: 417.875 Loading class sun/nio/fs/WindowsSecurity
Event: 417.875 Loading class sun/nio/fs/WindowsSecurity done
Event: 417.880 Loading class sun/nio/fs/WindowsSecurity$Privilege
Event: 417.880 Loading class sun/nio/fs/WindowsSecurity$Privilege done
Event: 417.884 Loading class sun/nio/fs/WindowsAclFileAttributeView
Event: 417.893 Loading class sun/nio/fs/AbstractAclFileAttributeView
Event: 417.896 Loading class java/nio/file/attribute/AclFileAttributeView
Event: 417.896 Loading class java/nio/file/attribute/FileOwnerAttributeView
Event: 417.896 Loading class java/nio/file/attribute/FileOwnerAttributeView done
Event: 417.897 Loading class java/nio/file/attribute/AclFileAttributeView done
Event: 417.897 Loading class sun/nio/fs/AbstractAclFileAttributeView done
Event: 417.897 Loading class sun/nio/fs/WindowsAclFileAttributeView done

Classes unloaded (0 events):
No events

Classes redefined (0 events):
No events

Internal exceptions (20 events):
Event: 447.839 Thread 0x0000020504756fb0 Exception <a 'sun/nio/fs/WindowsException'{0x00000000e824e998}> (0x00000000e824e998) 
thrown [s\open\src\hotspot\share\prims\jni.cpp, line 520]
Event: 447.839 Thread 0x0000020504756fb0 Exception <a 'sun/nio/fs/WindowsException'{0x00000000e8250100}> (0x00000000e8250100) 
thrown [s\open\src\hotspot\share\prims\jni.cpp, line 520]
Event: 447.840 Thread 0x0000020504756fb0 Exception <a 'sun/nio/fs/WindowsException'{0x00000000e8251858}> (0x00000000e8251858) 
thrown [s\open\src\hotspot\share\prims\jni.cpp, line 520]
Event: 447.840 Thread 0x0000020504756fb0 Exception <a 'sun/nio/fs/WindowsException'{0x00000000e8252ba8}> (0x00000000e8252ba8) 
thrown [s\open\src\hotspot\share\prims\jni.cpp, line 520]
Event: 449.749 Thread 0x0000020504756fb0 Exception <a 'java/lang/NoClassDefFoundError'{0x00000000e7b3c9c0}: org/jetbrains/kotlin/gradle/plugin/KotlinPluginWrapper> (0x00000000e7b3c9c0) 
thrown [s\open\src\hotspot\share\oops\constantPool.cpp, line 873]
Event: 449.749 Thread 0x0000020504756fb0 Exception <a 'java/lang/NoClassDefFoundError'{0x00000000e7b3f078}: org/graalvm/buildtools/gradle/NativeImagePlugin> (0x00000000e7b3f078) 
thrown [s\open\src\hotspot\share\oops\constantPool.cpp, line 873]
Event: 449.749 Thread 0x0000020504756fb0 Exception <a 'java/lang/NoClassDefFoundError'{0x00000000e7b41720}: org/cyclonedx/gradle/CyclonedxPlugin> (0x00000000e7b41720) 
thrown [s\open\src\hotspot\share\oops\constantPool.cpp, line 873]
Event: 449.749 Thread 0x0000020504756fb0 Exception <a 'java/lang/NoClassDefFoundError'{0x00000000e7b43dd8}: com/google/protobuf/gradle/ProtobufPlugin> (0x00000000e7b43dd8) 
thrown [s\open\src\hotspot\share\oops\constantPool.cpp, line 873]
Event: 451.663 Thread 0x0000020504756fb0 Exception <a 'sun/nio/fs/WindowsException'{0x00000000e7a5d1e0}> (0x00000000e7a5d1e0) 
thrown [s\open\src\hotspot\share\prims\jni.cpp, line 520]
Event: 454.081 Thread 0x0000020504756fb0 Exception <a 'sun/nio/fs/WindowsException'{0x00000000e7643e98}> (0x00000000e7643e98) 
thrown [s\open\src\hotspot\share\prims\jni.cpp, line 520]
Event: 454.081 Thread 0x0000020504756fb0 Exception <a 'sun/nio/fs/WindowsException'{0x00000000e7645350}> (0x00000000e7645350) 
thrown [s\open\src\hotspot\share\prims\jni.cpp, line 520]
Event: 454.082 Thread 0x0000020504756fb0 Exception <a 'sun/nio/fs/WindowsException'{0x00000000e76467f8}> (0x00000000e76467f8) 
thrown [s\open\src\hotspot\share\prims\jni.cpp, line 520]
Event: 454.082 Thread 0x0000020504756fb0 Exception <a 'sun/nio/fs/WindowsException'{0x00000000e7647898}> (0x00000000e7647898) 
thrown [s\open\src\hotspot\share\prims\jni.cpp, line 520]
Event: 456.368 Thread 0x0000020522abd0f0 Implicit null exception at 0x0000020578a685bd to 0x0000020578a68631
Event: 456.568 Thread 0x0000020504756fb0 Exception <a 'java/lang/NoClassDefFoundError'{0x00000000e70b4878}: org/jetbrains/kotlin/gradle/plugin/KotlinPluginWrapper> (0x00000000e70b4878) 
thrown [s\open\src\hotspot\share\oops\constantPool.cpp, line 873]
Event: 456.570 Thread 0x0000020504756fb0 Exception <a 'java/lang/NoClassDefFoundError'{0x00000000e70b6f30}: org/graalvm/buildtools/gradle/NativeImagePlugin> (0x00000000e70b6f30) 
thrown [s\open\src\hotspot\share\oops\constantPool.cpp, line 873]
Event: 456.570 Thread 0x0000020504756fb0 Exception <a 'java/lang/NoClassDefFoundError'{0x00000000e70b95d8}: org/cyclonedx/gradle/CyclonedxPlugin> (0x00000000e70b95d8) 
thrown [s\open\src\hotspot\share\oops\constantPool.cpp, line 873]
Event: 456.570 Thread 0x0000020504756fb0 Exception <a 'java/lang/NoClassDefFoundError'{0x00000000e70bbc90}: com/google/protobuf/gradle/ProtobufPlugin> (0x00000000e70bbc90) 
thrown [s\open\src\hotspot\share\oops\constantPool.cpp, line 873]
Event: 456.602 Thread 0x0000020504756fb0 Exception <a 'sun/nio/fs/WindowsException'{0x00000000e6f59218}> (0x00000000e6f59218) 
thrown [s\open\src\hotspot\share\prims\jni.cpp, line 520]
Event: 458.123 Thread 0x00000205207909c0 Exception <a 'sun/net/ConnectionResetException'{0x00000000efe8ce78}: Connection reset> (0x00000000efe8ce78) 
thrown [s\open\src\hotspot\share\prims\jni.cpp, line 539]

ZGC Phase Switch (0 events):
No events

VM Operations (20 events):
Event: 444.324 Executing VM operation: Cleanup
Event: 444.324 Executing VM operation: Cleanup done
Event: 446.342 Executing VM operation: Cleanup
Event: 446.342 Executing VM operation: Cleanup done
Event: 447.344 Executing VM operation: Cleanup
Event: 447.356 Executing VM operation: Cleanup done
Event: 448.360 Executing VM operation: Cleanup
Event: 448.360 Executing VM operation: Cleanup done
Event: 450.369 Executing VM operation: Cleanup
Event: 450.369 Executing VM operation: Cleanup done
Event: 452.383 Executing VM operation: Cleanup
Event: 452.383 Executing VM operation: Cleanup done
Event: 454.393 Executing VM operation: Cleanup
Event: 454.393 Executing VM operation: Cleanup done
Event: 455.404 Executing VM operation: Cleanup
Event: 456.278 Executing VM operation: Cleanup done
Event: 457.060 Executing VM operation: G1CollectForAllocation (G1 Evacuation Pause)
Event: 457.073 Executing VM operation: G1CollectForAllocation (G1 Evacuation Pause) done
Event: 459.077 Executing VM operation: Cleanup
Event: 459.077 Executing VM operation: Cleanup done

Events (20 events):
Event: 456.769 Thread 0x0000020522abd780 Thread exited: 0x0000020522abd780
Event: 456.769 Thread 0x0000020522abfee0 Thread exited: 0x0000020522abfee0
Event: 456.769 Thread 0x0000020522ac4080 Thread exited: 0x0000020522ac4080
Event: 456.769 Thread 0x0000020522ac39f0 Thread exited: 0x0000020522ac39f0
Event: 456.769 Thread 0x0000020522ac4710 Thread exited: 0x0000020522ac4710
Event: 456.776 Thread 0x0000020522ab9c70 Thread exited: 0x0000020522ab9c70
Event: 456.776 Thread 0x0000020522aba990 Thread exited: 0x0000020522aba990
Event: 456.800 Thread 0x0000020522abb020 Thread exited: 0x0000020522abb020
Event: 457.056 Thread 0x0000020522ab95e0 Thread exited: 0x0000020522ab95e0
Event: 457.074 Thread 0x0000020522ab7ba0 Thread exited: 0x0000020522ab7ba0
Event: 458.092 Thread 0x0000020520790330 Thread added: 0x0000020520790330
Event: 458.097 Thread 0x000002052078dbd0 Thread added: 0x000002052078dbd0
Event: 458.098 Thread 0x00000205207909c0 Thread added: 0x00000205207909c0
Event: 458.107 Thread 0x000002052078fca0 Thread added: 0x000002052078fca0
Event: 458.122 Thread 0x000002052078fca0 Thread exited: 0x000002052078fca0
Event: 458.124 Thread 0x000002052078e260 Thread added: 0x000002052078e260
Event: 458.125 Thread 0x0000020520791d70 Thread added: 0x0000020520791d70
Event: 458.125 Thread 0x0000020520791050 Thread added: 0x0000020520791050
Event: 458.126 Thread 0x00000205207909c0 Thread exited: 0x00000205207909c0
Event: 458.139 Thread 0x000002052078f610 Thread added: 0x000002052078f610


Dynamic libraries:
0x00007ff64cc80000 - 0x00007ff64cc90000 	D:\javar\bin\java.exe
0x00007ffae01e0000 - 0x00007ffae0446000 	C:\Windows\SYSTEM32\ntdll.dll
0x00007ffadf780000 - 0x00007ffadf849000 	C:\Windows\System32\KERNEL32.DLL
0x00007ffadd630000 - 0x00007ffadda2f000 	C:\Windows\System32\KERNELBASE.dll
0x00007ffada250000 - 0x00007ffada2ef000 	C:\Windows\SYSTEM32\apphelp.dll
0x00007ffadd3f0000 - 0x00007ffadd53c000 	C:\Windows\System32\ucrtbase.dll
0x00007ffac9ac0000 - 0x00007ffac9ade000 	D:\javar\bin\VCRUNTIME140.dll
0x00007ffab0810000 - 0x00007ffab0829000 	D:\javar\bin\jli.dll
0x00007ffadec80000 - 0x00007ffaded3c000 	C:\Windows\System32\ADVAPI32.dll
0x00007ffadf510000 - 0x00007ffadf5b9000 	C:\Windows\System32\msvcrt.dll
0x00007ffadfe10000 - 0x00007ffadfeba000 	C:\Windows\System32\sechost.dll
0x00007ffadfa60000 - 0x00007ffadfb78000 	C:\Windows\System32\RPCRT4.dll
0x00007ffadfb80000 - 0x00007ffadfd46000 	C:\Windows\System32\USER32.dll
0x00007ffadd600000 - 0x00007ffadd627000 	C:\Windows\System32\win32u.dll
0x00007ffaded50000 - 0x00007ffaded7b000 	C:\Windows\System32\GDI32.dll
0x00007ffaddde0000 - 0x00007ffaddf09000 	C:\Windows\System32\gdi32full.dll
0x00007ffac7080000 - 0x00007ffac7311000 	C:\Windows\WinSxS\amd64_microsoft.windows.common-controls_6595b64144ccf1df_6.0.26100.8972_none_3e0da176e32f9d4b\COMCTL32.dll
0x00007ffadd550000 - 0x00007ffadd5f3000 	C:\Windows\System32\msvcp_win.dll
0x00007ffad46c0000 - 0x00007ffad46cb000 	C:\Windows\SYSTEM32\VERSION.dll
0x00007ffadfdd0000 - 0x00007ffadfe02000 	C:\Windows\System32\IMM32.DLL
0x00007ffad2b70000 - 0x00007ffad2b7c000 	D:\javar\bin\vcruntime140_1.dll
0x00007ffa7a7d0000 - 0x00007ffa7a85d000 	D:\javar\bin\msvcp140.dll
0x00007ffa3d4d0000 - 0x00007ffa3e1f8000 	D:\javar\bin\server\jvm.dll
0x00007ffadf6f0000 - 0x00007ffadf772000 	C:\Windows\System32\WS2_32.dll
0x00007ffadd250000 - 0x00007ffadd2ae000 	C:\Windows\SYSTEM32\POWRPROF.dll
0x00007ffad3e20000 - 0x00007ffad3e56000 	C:\Windows\SYSTEM32\WINMM.dll
0x00007ffadd230000 - 0x00007ffadd245000 	C:\Windows\SYSTEM32\UMPDC.dll
0x00007ffadc0e0000 - 0x00007ffadc0fb000 	C:\Windows\SYSTEM32\kernel.appcore.dll
0x00007ffad17a0000 - 0x00007ffad17aa000 	D:\javar\bin\jimage.dll
0x00007ffad2be0000 - 0x00007ffad2e22000 	C:\Windows\SYSTEM32\DBGHELP.DLL
0x00007ffade0d0000 - 0x00007ffade455000 	C:\Windows\System32\combase.dll
0x00007ffade470000 - 0x00007ffade549000 	C:\Windows\System32\OLEAUT32.dll
0x00007ffab7310000 - 0x00007ffab734b000 	C:\Windows\SYSTEM32\dbgcore.DLL
0x00007ffadda40000 - 0x00007ffaddaec000 	C:\Windows\System32\bcryptPrimitives.dll
0x00007ffac5920000 - 0x00007ffac5930000 	D:\javar\bin\instrument.dll
0x00007ffa8b7a0000 - 0x00007ffa8b7c1000 	D:\javar\bin\java.dll
0x00007ffaded80000 - 0x00007ffadf508000 	C:\Windows\System32\SHELL32.dll
0x00007ffadae70000 - 0x00007ffadb70b000 	C:\Windows\SYSTEM32\windows.storage.dll
0x00007ffade6c0000 - 0x00007ffade7b9000 	C:\Windows\System32\SHCORE.dll
0x00007ffadf8a0000 - 0x00007ffadf906000 	C:\Windows\System32\shlwapi.dll
0x00007ffadd310000 - 0x00007ffadd339000 	C:\Windows\SYSTEM32\profapi.dll
0x00007ffa4eb90000 - 0x00007ffa4ec67000 	D:\javar\bin\jsvml.dll
0x00007ffab19e0000 - 0x00007ffab19f8000 	D:\javar\bin\zip.dll
0x00007ffac9860000 - 0x00007ffac9871000 	D:\javar\bin\net.dll
0x00007ffad6060000 - 0x00007ffad6188000 	C:\Windows\SYSTEM32\WINHTTP.dll
0x00007ffadc690000 - 0x00007ffadc6fc000 	C:\Windows\system32\mswsock.dll
0x00007ffab5560000 - 0x00007ffab5576000 	D:\javar\bin\nio.dll
0x00007ffabc2d0000 - 0x00007ffabc2e0000 	D:\javar\bin\verify.dll
0x00007ffa7b640000 - 0x00007ffa7b667000 	C:\Users\hieun\.gradle\native\660c5614fbf4a5f2a75b1949f50a0caf5cd603558e7d8a26e50b933a0cfb79d1\windows-amd64\native-platform.dll
0x00007ffa5d800000 - 0x00007ffa5d877000 	C:\Users\hieun\.gradle\native\0.2.8\x86_64-windows-gnu\gradle-fileevents.dll
0x00007ffa95b40000 - 0x00007ffa95b4a000 	D:\javar\bin\management.dll
0x00007ffa8cda0000 - 0x00007ffa8cdac000 	D:\javar\bin\management_ext.dll
0x00007ffade7c0000 - 0x00007ffade7c8000 	C:\Windows\System32\PSAPI.DLL
0x00007ffadbb10000 - 0x00007ffadbb43000 	C:\Windows\SYSTEM32\IPHLPAPI.DLL
0x00007ffade460000 - 0x00007ffade46a000 	C:\Windows\System32\NSI.dll
0x00007ffab3a70000 - 0x00007ffab3a79000 	D:\javar\bin\extnet.dll
0x00007ffadc980000 - 0x00007ffadc99b000 	C:\Windows\SYSTEM32\CRYPTSP.dll
0x00007ffadc040000 - 0x00007ffadc079000 	C:\Windows\system32\rsaenh.dll
0x00007ffadc740000 - 0x00007ffadc772000 	C:\Windows\SYSTEM32\USERENV.dll
0x00007ffadd2e0000 - 0x00007ffadd30a000 	C:\Windows\SYSTEM32\bcrypt.dll
0x00007ffadc9a0000 - 0x00007ffadc9ac000 	C:\Windows\SYSTEM32\CRYPTBASE.dll
0x00007ffab05a0000 - 0x00007ffab05ae000 	D:\javar\bin\sunmscapi.dll
0x00007ffaddb90000 - 0x00007ffaddd0e000 	C:\Windows\System32\CRYPT32.dll
0x00007ffadcbc0000 - 0x00007ffadcbf0000 	C:\Windows\SYSTEM32\ncrypt.dll
0x00007ffadcb70000 - 0x00007ffadcbaf000 	C:\Windows\SYSTEM32\NTASN1.dll
0x00007ffaafcb0000 - 0x00007ffaafcb8000 	C:\Windows\system32\wshunix.dll
0x00007ffadc210000 - 0x00007ffadc246000 	C:\Windows\SYSTEM32\ntmarta.dll

dbghelp: loaded successfully - version: 4.0.5 - missing functions: none
symbol engine: initialized successfully - sym options: 0x614 - pdb path: .;D:\javar\bin;C:\Windows\SYSTEM32;C:\Windows\WinSxS\amd64_microsoft.windows.common-controls_6595b64144ccf1df_6.0.26100.8972_none_3e0da176e32f9d4b;D:\javar\bin\server;C:\Users\hieun\.gradle\native\660c5614fbf4a5f2a75b1949f50a0caf5cd603558e7d8a26e50b933a0cfb79d1\windows-amd64;C:\Users\hieun\.gradle\native\0.2.8\x86_64-windows-gnu

VM Arguments:
jvm_args: --add-opens=java.base/java.lang=ALL-UNNAMED --add-opens=java.base/java.lang.invoke=ALL-UNNAMED --add-opens=java.base/java.util=ALL-UNNAMED --add-opens=java.prefs/java.util.prefs=ALL-UNNAMED --add-exports=jdk.compiler/com.sun.tools.javac.api=ALL-UNNAMED --add-exports=jdk.compiler/com.sun.tools.javac.util=ALL-UNNAMED --add-opens=java.base/java.nio.charset=ALL-UNNAMED --add-opens=java.base/java.net=ALL-UNNAMED --add-opens=java.base/java.util.concurrent=ALL-UNNAMED --add-opens=java.base/java.util.concurrent.atomic=ALL-UNNAMED --add-opens=java.xml/javax.xml.namespace=ALL-UNNAMED --add-opens=java.base/java.time=ALL-UNNAMED -XX:MaxMetaspaceSize=384m -XX:+HeapDumpOnOutOfMemoryError -Xms256m -Xmx512m -Dfile.encoding=UTF-8 -Duser.country=US -Duser.language=en -Duser.variant -javaagent:C:\Users\hieun\.gradle\wrapper\dists\gradle-9.5.1-bin\iq79hdu3mqx29lgffhp8bfmx\gradle-9.5.1\lib\agents\gradle-instrumentation-agent-9.5.1.jar 
java_command: org.gradle.launcher.daemon.bootstrap.GradleDaemon 9.5.1
java_class_path (initial): C:\Users\hieun\.gradle\wrapper\dists\gradle-9.5.1-bin\iq79hdu3mqx29lgffhp8bfmx\gradle-9.5.1\lib\gradle-daemon-main-9.5.1.jar
Launcher Type: SUN_STANDARD

[Global flags]
     intx CICompilerCount                          = 4                                         {product} {ergonomic}
   size_t CompressedClassSpaceSize                 = 335544320                                 {product} {ergonomic}
     uint ConcGCThreads                            = 3                                         {product} {ergonomic}
     uint G1ConcRefinementThreads                  = 10                                        {product} {ergonomic}
   size_t G1HeapRegionSize                         = 1048576                                   {product} {ergonomic}
    uintx GCDrainStackTargetSize                   = 64                                        {product} {ergonomic}
     bool HeapDumpOnOutOfMemoryError               = true                                   {manageable} {command line}
   size_t InitialHeapSize                          = 268435456                                 {product} {command line}
   size_t MarkStackSize                            = 4194304                                   {product} {ergonomic}
   size_t MaxHeapSize                              = 536870912                                 {product} {command line}
   size_t MaxMetaspaceSize                         = 402653184                                 {product} {command line}
   size_t MaxNewSize                               = 321912832                                 {product} {ergonomic}
   size_t MinHeapDeltaBytes                        = 1048576                                   {product} {ergonomic}
   size_t MinHeapSize                              = 268435456                                 {product} {command line}
    uintx NonNMethodCodeHeapSize                   = 5839372                                {pd product} {ergonomic}
    uintx NonProfiledCodeHeapSize                  = 122909434                              {pd product} {ergonomic}
    uintx ProfiledCodeHeapSize                     = 122909434                              {pd product} {ergonomic}
    uintx ReservedCodeCacheSize                    = 251658240                              {pd product} {ergonomic}
     bool SegmentedCodeCache                       = true                                      {product} {ergonomic}
   size_t SoftMaxHeapSize                          = 536870912                              {manageable} {ergonomic}
     bool UseCompressedOops                        = true                           {product lp64_product} {ergonomic}
     bool UseG1GC                                  = true                                      {product} {ergonomic}
     bool UseLargePagesIndividualAllocation        = false                                  {pd product} {ergonomic}

Logging:
Log output configuration:
 #0: stdout all=warning uptime,level,tags foldmultilines=false
 #1: stderr all=off uptime,level,tags foldmultilines=false

Environment Variables:
PATH=C:\Program Files\Common Files\Oracle\Java\javapath;C:\Windows\system32;C:\Windows;C:\Windows\System32\Wbem;C:\Windows\System32\WindowsPowerShell\v1.0\;C:\Windows\System32\OpenSSH\;C:\Program Files (x86)\NVIDIA Corporation\PhysX\Common;C:\Program Files\dotnet\;D:\Git\cmd;C:\Program Files\NVIDIA Corporation\NVIDIA App\NvDLISR;C:\Program Files\Docker\Docker\resources\bin;C:\ProgramData\chocolatey\bin;D:\node js\;C:\Users\hieun\AppData\Local\Programs\Python\Launcher\;C:\Users\hieun\AppData\Local\Microsoft\WindowsApps;D:\Microsoft VS Code\bin;C:\Users\hieun\AppData\Roaming\npm
USERNAME=hieun
OS=Windows_NT
PROCESSOR_IDENTIFIER=AMD64 Family 25 Model 68 Stepping 1, AuthenticAMD
TMP=C:\Users\hieun\AppData\Local\Temp
TEMP=C:\Users\hieun\AppData\Local\Temp




Periodic native trim disabled

---------------  S Y S T E M  ---------------

OS:
 Windows 11 , 64 bit Build 26100 (10.0.26100.9168)
OS uptime: 4 days 9:44 hours
Hyper-V role detected

CPU: total 12 (initial active 12) (12 cores per cpu, 2 threads per core) family 25 model 68 stepping 1 microcode 0xa404107, cx8, cmov, fxsr, ht, mmx, 3dnowpref, sse, sse2, sse3, ssse3, sse4a, sse4.1, sse4.2, popcnt, lzcnt, tsc, tscinvbit, avx, avx2, aes, erms, clmul, bmi1, bmi2, adx, sha, fma, vzeroupper, clflush, clflushopt, hv, rdtscp, rdpid, fsrm, f16c, cet_ss
Processor Information for all 12 processors :
  Max Mhz: 3301, Current Mhz: 3301, Mhz Limit: 3301

Memory: 4k page, system-wide physical 15690M (360M free)
TotalPageFile size 48779M (AvailPageFile size 45M)
current process WorkingSet (physical memory assigned to process): 324M, peak: 384M
current process commit charge ("private bytes"): 533M, peak: 534M

vm_info: Java HotSpot(TM) 64-Bit Server VM (21.0.11+9-LTS-211) for windows-amd64 JRE (21.0.11+9-LTS-211), built on 2026-03-11T00:23:15Z by "mach5run" with MS VC++ 17.13 (VS2022)

END.
