#
# There is insufficient memory for the Java Runtime Environment to continue.
# Native memory allocation (malloc) failed to allocate 1215120 bytes for Chunk::new
# Possible reasons:
#   The system is out of physical RAM or swap space
#   The process is running with CompressedOops enabled, and the Java Heap may be blocking the growth of the native heap
# Possible solutions:
#   Reduce memory load on the system
#   Increase physical memory or swap space
#   Check if swap backing store is full
#   Decrease Java heap size (-Xmx/-Xms)
#   Decrease number of Java threads
#   Decrease Java thread stack sizes (-Xss)
#   Set larger code cache with -XX:ReservedCodeCacheSize=
#   JVM is running with Unscaled Compressed Oops mode in which the Java heap is
#     placed in the first 4GB address space. The Java Heap base address is the
#     maximum limit for the native heap growth. Please use -XX:HeapBaseMinAddress
#     to set the Java Heap base and to place the Java Heap above 4GB virtual address.
# This output file may be truncated or incomplete.
#
#  Out of Memory Error (arena.cpp:168), pid=3112, tid=37148
#
# JRE version: Java(TM) SE Runtime Environment (21.0.11+9) (build 21.0.11+9-LTS-211)
# Java VM: Java HotSpot(TM) 64-Bit Server VM (21.0.11+9-LTS-211, mixed mode, sharing, tiered, compressed oops, compressed class ptrs, g1 gc, windows-amd64)
# No core dump will be written. Minidumps are not enabled by default on client versions of Windows
#

---------------  S U M M A R Y ------------

Command Line: --add-opens=java.base/java.lang=ALL-UNNAMED --add-opens=java.base/java.lang.invoke=ALL-UNNAMED --add-opens=java.base/java.util=ALL-UNNAMED --add-opens=java.prefs/java.util.prefs=ALL-UNNAMED --add-exports=jdk.compiler/com.sun.tools.javac.api=ALL-UNNAMED --add-exports=jdk.compiler/com.sun.tools.javac.util=ALL-UNNAMED --add-opens=java.base/java.nio.charset=ALL-UNNAMED --add-opens=java.base/java.net=ALL-UNNAMED --add-opens=java.base/java.util.concurrent=ALL-UNNAMED --add-opens=java.base/java.util.concurrent.atomic=ALL-UNNAMED --add-opens=java.xml/javax.xml.namespace=ALL-UNNAMED --add-opens=java.base/java.time=ALL-UNNAMED -XX:MaxMetaspaceSize=384m -XX:+HeapDumpOnOutOfMemoryError -Xms256m -Xmx512m -Dfile.encoding=UTF-8 -Duser.country=US -Duser.language=en -Duser.variant -javaagent:C:\Users\hieun\.gradle\wrapper\dists\gradle-9.5.1-bin\iq79hdu3mqx29lgffhp8bfmx\gradle-9.5.1\lib\agents\gradle-instrumentation-agent-9.5.1.jar org.gradle.launcher.daemon.bootstrap.GradleDaemon 9.5.1

Host: AMD Ryzen 5 7535HS with Radeon Graphics        , 12 cores, 15G,  Windows 11 , 64 bit Build 26100 (10.0.26100.9168)
Time: Mon Aug 24 22:45:14 2026 SE Asia Standard Time elapsed time: 251.903926 seconds (0d 0h 4m 11s)

---------------  T H R E A D  ---------------

Current thread (0x000001b661121410):  JavaThread "C2 CompilerThread0" daemon [_thread_in_native, id=37148, stack(0x0000006638500000,0x0000006638600000) (1024K)]


Current CompileTask:
C2: 251903 10888       4       java.lang.invoke.DelegatingMethodHandle::makeReinvokerForm (326 bytes)

Stack: [0x0000006638500000,0x0000006638600000]
Native frames: (J=compiled Java code, j=interpreted, Vv=VM code, C=native code)
V  [jvm.dll+0x6d0ef9]
V  [jvm.dll+0x860126]
V  [jvm.dll+0x86261e]
V  [jvm.dll+0x862cf3]
V  [jvm.dll+0x282bc6]
V  [jvm.dll+0xc67ad]
V  [jvm.dll+0xc6cf1]
V  [jvm.dll+0x3bbeab]
V  [jvm.dll+0x1e3a69]
V  [jvm.dll+0x24b673]
V  [jvm.dll+0x24aaff]
V  [jvm.dll+0x1cae7e]
V  [jvm.dll+0x25a7d9]
V  [jvm.dll+0x258d65]
V  [jvm.dll+0x3f50d1]
V  [jvm.dll+0x80ac0d]
V  [jvm.dll+0x6cf79d]
C  [ucrtbase.dll+0x2cd30]
C  [KERNEL32.DLL+0x2ccb7]
C  [ntdll.dll+0xaad6c]


---------------  P R O C E S S  ---------------

Threads class SMR info:
_java_thread_list=0x000001b667274760, length=53, elements={
0x000001b62ac0cba0, 0x000001b66111a0b0, 0x000001b66111ab10, 0x000001b66111d2a0,
0x000001b66111dd00, 0x000001b66111e760, 0x000001b66111fee0, 0x000001b661121410,
0x000001b6611264d0, 0x000001b6613f3650, 0x000001b66140d440, 0x000001b6631f0690,
0x000001b663526190, 0x000001b663586eb0, 0x000001b6623777c0, 0x000001b6623f42f0,
0x000001b6623f56a0, 0x000001b6623f35d0, 0x000001b665d25400, 0x000001b665d23330,
0x000001b665d25a90, 0x000001b665d267b0, 0x000001b665d26e40, 0x000001b665d239c0,
0x000001b665651530, 0x000001b665654320, 0x000001b666224010, 0x000001b66692adc0,
0x000001b66692a0a0, 0x000001b66692d520, 0x000001b66692e8d0, 0x000001b66692b450,
0x000001b666932a70, 0x000001b666928660, 0x000001b66692dbb0, 0x000001b66692ef60,
0x000001b66692f5f0, 0x000001b66692e240, 0x000001b66692bae0, 0x000001b666928cf0,
0x000001b66692a730, 0x000001b66692c170, 0x000001b66692c800, 0x000001b666929380,
0x000001b66692ce90, 0x000001b666929a10, 0x000001b6669323e0, 0x000001b666931030,
0x000001b6669316c0, 0x000001b666931d50, 0x000001b666933100, 0x000001b66692fc80,
0x000001b666933790
}

Java Threads: ( => current thread )
  0x000001b62ac0cba0 JavaThread "main"                              [_thread_blocked, id=24408, stack(0x0000006637700000,0x0000006637800000) (1024K)]
  0x000001b66111a0b0 JavaThread "Reference Handler"          daemon [_thread_blocked, id=34740, stack(0x0000006637f00000,0x0000006638000000) (1024K)]
  0x000001b66111ab10 JavaThread "Finalizer"                  daemon [_thread_blocked, id=35680, stack(0x0000006638000000,0x0000006638100000) (1024K)]
  0x000001b66111d2a0 JavaThread "Signal Dispatcher"          daemon [_thread_blocked, id=22576, stack(0x0000006638100000,0x0000006638200000) (1024K)]
  0x000001b66111dd00 JavaThread "Attach Listener"            daemon [_thread_blocked, id=58104, stack(0x0000006638200000,0x0000006638300000) (1024K)]
  0x000001b66111e760 JavaThread "Service Thread"             daemon [_thread_blocked, id=15108, stack(0x0000006638300000,0x0000006638400000) (1024K)]
  0x000001b66111fee0 JavaThread "Monitor Deflation Thread"   daemon [_thread_blocked, id=29760, stack(0x0000006638400000,0x0000006638500000) (1024K)]
=>0x000001b661121410 JavaThread "C2 CompilerThread0"         daemon [_thread_in_native, id=37148, stack(0x0000006638500000,0x0000006638600000) (1024K)]
  0x000001b6611264d0 JavaThread "C1 CompilerThread0"         daemon [_thread_blocked, id=10792, stack(0x0000006638600000,0x0000006638700000) (1024K)]
  0x000001b6613f3650 JavaThread "Common-Cleaner"             daemon [_thread_blocked, id=29576, stack(0x0000006638700000,0x0000006638800000) (1024K)]
  0x000001b66140d440 JavaThread "Notification Thread"        daemon [_thread_blocked, id=14884, stack(0x0000006638800000,0x0000006638900000) (1024K)]
  0x000001b6631f0690 JavaThread "Daemon health stats"               [_thread_blocked, id=6616, stack(0x0000006638900000,0x0000006638a00000) (1024K)]
  0x000001b663526190 JavaThread "Incoming local TCP Connector on port 56559"        [_thread_in_native, id=23688, stack(0x0000006638f00000,0x0000006639000000) (1024K)]
  0x000001b663586eb0 JavaThread "Daemon periodic checks"            [_thread_blocked, id=53396, stack(0x0000006639000000,0x0000006639100000) (1024K)]
  0x000001b6623777c0 JavaThread "Daemon worker"                     [_thread_in_native, id=15024, stack(0x0000006639400000,0x0000006639500000) (1024K)]
  0x000001b6623f42f0 JavaThread "Cache worker for journal cache (C:\Users\hieun\.gradle\caches\journal-1)"        [_thread_blocked, id=17416, stack(0x0000006639800000,0x0000006639900000) (1024K)]
  0x000001b6623f56a0 JavaThread "File lock request listener"        [_thread_in_native, id=47904, stack(0x0000006639900000,0x0000006639a00000) (1024K)]
  0x000001b6623f35d0 JavaThread "Cache worker for file hash cache (C:\Users\hieun\.gradle\caches\9.5.1\fileHashes)"        [_thread_blocked, id=30332, stack(0x0000006639b00000,0x0000006639c00000) (1024K)]
  0x000001b665d25400 JavaThread "File watcher server"        daemon [_thread_in_native, id=28360, stack(0x000000663a400000,0x000000663a500000) (1024K)]
  0x000001b665d23330 JavaThread "File watcher consumer"      daemon [_thread_blocked, id=32244, stack(0x000000663a500000,0x000000663a600000) (1024K)]
  0x000001b665d25a90 JavaThread "Cache worker for file content cache (C:\Users\hieun\.gradle\caches\9.5.1\fileContent)"        [_thread_blocked, id=33328, stack(0x0000006637400000,0x0000006637500000) (1024K)]
  0x000001b665d267b0 JavaThread "jar transforms"                    [_thread_blocked, id=23800, stack(0x000000663a900000,0x000000663aa00000) (1024K)]
  0x000001b665d26e40 JavaThread "jar transforms Thread 2"           [_thread_blocked, id=33072, stack(0x000000663aa00000,0x000000663ab00000) (1024K)]
  0x000001b665d239c0 JavaThread "jar transforms Thread 3"           [_thread_blocked, id=24236, stack(0x0000006637500000,0x0000006637600000) (1024K)]
  0x000001b665651530 JavaThread "Memory manager"                    [_thread_blocked, id=11944, stack(0x000000663b600000,0x000000663b700000) (1024K)]
  0x000001b665654320 JavaThread "jar transforms Thread 4"           [_thread_blocked, id=29164, stack(0x000000663b700000,0x000000663b800000) (1024K)]
  0x000001b666224010 JavaThread "Daemon Thread 30"                  [_thread_blocked, id=49272, stack(0x000000663f900000,0x000000663fa00000) (1024K)]
  0x000001b66692adc0 JavaThread "Handler for socket connection from /127.0.0.1:56559 to /127.0.0.1:52622"        [_thread_in_native, id=50512, stack(0x0000006639600000,0x0000006639700000) (1024K)]
  0x000001b66692a0a0 JavaThread "Cancel handler"                    [_thread_blocked, id=45396, stack(0x000000663a200000,0x000000663a300000) (1024K)]
  0x000001b66692d520 JavaThread "Asynchronous log dispatcher for DefaultDaemonConnection: socket connection from /127.0.0.1:56559 to /127.0.0.1:52622"        [_thread_blocked, id=56432, stack(0x000000663d200000,0x000000663d300000) (1024K)]
  0x000001b66692e8d0 JavaThread "Stdin handler"                     [_thread_blocked, id=22988, stack(0x000000663a600000,0x000000663a700000) (1024K)]
  0x000001b66692b450 JavaThread "Daemon client event forwarder"        [_thread_blocked, id=32216, stack(0x000000663bf00000,0x000000663c000000) (1024K)]
  0x000001b666932a70 JavaThread "Cache worker for file hash cache (D:\n1h5-models-backend\.gradle\9.5.1\fileHashes)"        [_thread_blocked, id=19512, stack(0x000000663dd00000,0x000000663de00000) (1024K)]
  0x000001b666928660 JavaThread "Cache worker for Build Output Cleanup Cache (D:\n1h5-models-backend\.gradle\buildOutputCleanup)"        [_thread_blocked, id=29648, stack(0x000000663a700000,0x000000663a800000) (1024K)]
  0x000001b66692dbb0 JavaThread "Cache worker for checksums cache (D:\n1h5-models-backend\.gradle\9.5.1\checksums)"        [_thread_blocked, id=14056, stack(0x000000663ae00000,0x000000663af00000) (1024K)]
  0x000001b66692ef60 JavaThread "Cache worker for cache directory md-supplier (C:\Users\hieun\.gradle\caches\9.5.1\md-supplier)"        [_thread_blocked, id=28236, stack(0x000000663c300000,0x000000663c400000) (1024K)]
  0x000001b66692f5f0 JavaThread "Cache worker for cache directory md-rule (C:\Users\hieun\.gradle\caches\9.5.1\md-rule)"        [_thread_blocked, id=42348, stack(0x000000663c700000,0x000000663c800000) (1024K)]
  0x000001b66692e240 JavaThread "jar transforms Thread 5"           [_thread_blocked, id=34408, stack(0x000000663c800000,0x000000663c900000) (1024K)]
  0x000001b66692bae0 JavaThread "File lock release action executor Thread 2"        [_thread_blocked, id=22820, stack(0x0000006637600000,0x0000006637700000) (1024K)]
  0x000001b666928cf0 JavaThread "jar transforms Thread 6"           [_thread_blocked, id=54844, stack(0x0000006639100000,0x0000006639200000) (1024K)]
  0x000001b66692a730 JavaThread "Build operations"                  [_thread_blocked, id=55548, stack(0x0000006639200000,0x0000006639300000) (1024K)]
  0x000001b66692c170 JavaThread "Build operations Thread 2"         [_thread_blocked, id=52612, stack(0x0000006639300000,0x0000006639400000) (1024K)]
  0x000001b66692c800 JavaThread "Build operations Thread 3"         [_thread_blocked, id=47408, stack(0x0000006639500000,0x0000006639600000) (1024K)]
  0x000001b666929380 JavaThread "Build operations Thread 4"         [_thread_blocked, id=17540, stack(0x0000006639700000,0x0000006639800000) (1024K)]
  0x000001b66692ce90 JavaThread "Build operations Thread 5"         [_thread_blocked, id=9196, stack(0x0000006639a00000,0x0000006639b00000) (1024K)]
  0x000001b666929a10 JavaThread "Build operations Thread 6"         [_thread_blocked, id=31072, stack(0x000000663a300000,0x000000663a400000) (1024K)]
  0x000001b6669323e0 JavaThread "Build operations Thread 7"         [_thread_blocked, id=24532, stack(0x000000663a800000,0x000000663a900000) (1024K)]
  0x000001b666931030 JavaThread "Build operations Thread 8"         [_thread_blocked, id=40568, stack(0x000000663ab00000,0x000000663ac00000) (1024K)]
  0x000001b6669316c0 JavaThread "Build operations Thread 9"         [_thread_blocked, id=9888, stack(0x000000663ac00000,0x000000663ad00000) (1024K)]
  0x000001b666931d50 JavaThread "Build operations Thread 10"        [_thread_blocked, id=52772, stack(0x000000663ad00000,0x000000663ae00000) (1024K)]
  0x000001b666933100 JavaThread "Build operations Thread 11"        [_thread_blocked, id=26272, stack(0x000000663af00000,0x000000663b000000) (1024K)]
  0x000001b66692fc80 JavaThread "Build operations Thread 12"        [_thread_blocked, id=54340, stack(0x000000663b000000,0x000000663b100000) (1024K)]
  0x000001b666933790 JavaThread "jar transforms Thread 7"           [_thread_blocked, id=672, stack(0x000000663b100000,0x000000663b200000) (1024K)]
Total: 53

Other Threads:
  0x000001b647f4ad60 VMThread "VM Thread"                           [id=48824, stack(0x0000006637e00000,0x0000006637f00000) (1024K)]
  0x000001b647f37340 WatcherThread "VM Periodic Task Thread"        [id=41144, stack(0x0000006637d00000,0x0000006637e00000) (1024K)]
  0x000001b62afa4d80 WorkerThread "GC Thread#0"                     [id=16292, stack(0x0000006637800000,0x0000006637900000) (1024K)]
  0x000001b6621c0a50 WorkerThread "GC Thread#1"                     [id=3508, stack(0x0000006638a00000,0x0000006638b00000) (1024K)]
  0x000001b6621c0e00 WorkerThread "GC Thread#2"                     [id=30744, stack(0x0000006638b00000,0x0000006638c00000) (1024K)]
  0x000001b6621c11b0 WorkerThread "GC Thread#3"                     [id=15972, stack(0x0000006638c00000,0x0000006638d00000) (1024K)]
  0x000001b661a985e0 WorkerThread "GC Thread#4"                     [id=47200, stack(0x0000006638d00000,0x0000006638e00000) (1024K)]
  0x000001b661a98990 WorkerThread "GC Thread#5"                     [id=14952, stack(0x0000006638e00000,0x0000006638f00000) (1024K)]
  0x000001b66441f7d0 WorkerThread "GC Thread#6"                     [id=54448, stack(0x0000006639c00000,0x0000006639d00000) (1024K)]
  0x000001b66441f070 WorkerThread "GC Thread#7"                     [id=47592, stack(0x0000006639d00000,0x0000006639e00000) (1024K)]
  0x000001b66441ff30 WorkerThread "GC Thread#8"                     [id=18792, stack(0x0000006639e00000,0x0000006639f00000) (1024K)]
  0x000001b6644202e0 WorkerThread "GC Thread#9"                     [id=54548, stack(0x0000006639f00000,0x000000663a000000) (1024K)]
  0x000001b62afaac90 ConcurrentGCThread "G1 Main Marker"            [id=42288, stack(0x0000006637900000,0x0000006637a00000) (1024K)]
  0x000001b62afad3e0 WorkerThread "G1 Conc#0"                       [id=33324, stack(0x0000006637a00000,0x0000006637b00000) (1024K)]
  0x000001b6642cd690 WorkerThread "G1 Conc#1"                       [id=45236, stack(0x000000663a000000,0x000000663a100000) (1024K)]
  0x000001b6642cf060 WorkerThread "G1 Conc#2"                       [id=32584, stack(0x000000663a100000,0x000000663a200000) (1024K)]
  0x000001b647e09a20 ConcurrentGCThread "G1 Refine#0"               [id=11136, stack(0x0000006637b00000,0x0000006637c00000) (1024K)]
  0x000001b647e0adc0 ConcurrentGCThread "G1 Service"                [id=48700, stack(0x0000006637c00000,0x0000006637d00000) (1024K)]
Total: 18

Threads with active compile tasks:
C2 CompilerThread0   251938 10888       4       java.lang.invoke.DelegatingMethodHandle::makeReinvokerForm (326 bytes)
Total: 1

VM state: not at safepoint (normal execution)

VM Mutex/Monitor currently owned by a thread: None

Heap address: 0x00000000e0000000, size: 512 MB, Compressed Oops mode: 32-bit

CDS archive(s) mapped at: [0x000001b648000000-0x000001b648c90000-0x000001b648c90000), size 13172736, SharedBaseAddress: 0x000001b648000000, ArchiveRelocationMode: 1.
Compressed class space mapped at: 0x000001b649000000-0x000001b65d000000, reserved size: 335544320
Narrow klass base: 0x000001b648000000, Narrow klass shift: 0, Narrow klass range: 0x100000000

GC Precious Log:
 CardTable entry size: 512
 Card Set container configuration: InlinePtr #cards 5 size 8 Array Of Cards #cards 12 size 40 Howl #buckets 4 coarsen threshold 1843 Howl Bitmap #cards 512 size 80 coarsen threshold 460 Card regions per heap region 1 cards per card region 2048
 CPUs: 12 total, 12 available
 Memory: 15690M
 Large Page Support: Disabled
 NUMA Support: Disabled
 Compressed Oops: Enabled (32-bit)
 Heap Region Size: 1M
 Heap Min Capacity: 256M
 Heap Initial Capacity: 256M
 Heap Max Capacity: 512M
 Pre-touch: Disabled
 Parallel Workers: 10
 Concurrent Workers: 3
 Concurrent Refinement Workers: 10
 Periodic GC: Disabled

Heap:
 garbage-first heap   total 262144K, used 133638K [0x00000000e0000000, 0x0000000100000000)
  region size 1024K, 95 young (97280K), 13 survivors (13312K)
 Metaspace       used 60631K, committed 62912K, reserved 393216K
  class space    used 8662K, committed 9792K, reserved 327680K

Heap Regions: E=young(eden), S=young(survivor), O=old, HS=humongous(starts), HC=humongous(continues), CS=collection set, F=free, TAMS=top-at-mark-start, PB=parsable bottom
|   0|0x00000000e0000000, 0x00000000e0100000, 0x00000000e0100000|100%|HS|  |TAMS 0x00000000e0000000| PB 0x00000000e0000000| Complete 
|   1|0x00000000e0100000, 0x00000000e0200000, 0x00000000e0200000|100%|HC|  |TAMS 0x00000000e0100000| PB 0x00000000e0100000| Complete 
|   2|0x00000000e0200000, 0x00000000e0300000, 0x00000000e0300000|100%|HC|  |TAMS 0x00000000e0200000| PB 0x00000000e0200000| Complete 
|   3|0x00000000e0300000, 0x00000000e0400000, 0x00000000e0400000|100%|HC|  |TAMS 0x00000000e0300000| PB 0x00000000e0300000| Complete 
|   4|0x00000000e0400000, 0x00000000e0500000, 0x00000000e0500000|100%| O|  |TAMS 0x00000000e0400000| PB 0x00000000e0400000| Untracked 
|   5|0x00000000e0500000, 0x00000000e0600000, 0x00000000e0600000|100%| O|  |TAMS 0x00000000e0500000| PB 0x00000000e0500000| Untracked 
|   6|0x00000000e0600000, 0x00000000e0700000, 0x00000000e0700000|100%| O|  |TAMS 0x00000000e0600000| PB 0x00000000e0600000| Untracked 
|   7|0x00000000e0700000, 0x00000000e0800000, 0x00000000e0800000|100%| O|  |TAMS 0x00000000e0700000| PB 0x00000000e0700000| Untracked 
|   8|0x00000000e0800000, 0x00000000e0900000, 0x00000000e0900000|100%|HS|  |TAMS 0x00000000e0800000| PB 0x00000000e0800000| Complete 
|   9|0x00000000e0900000, 0x00000000e0a00000, 0x00000000e0a00000|100%| O|  |TAMS 0x00000000e0900000| PB 0x00000000e0900000| Untracked 
|  10|0x00000000e0a00000, 0x00000000e0b00000, 0x00000000e0b00000|100%| O|  |TAMS 0x00000000e0a00000| PB 0x00000000e0a00000| Untracked 
|  11|0x00000000e0b00000, 0x00000000e0c00000, 0x00000000e0c00000|100%| O|  |TAMS 0x00000000e0b00000| PB 0x00000000e0b00000| Untracked 
|  12|0x00000000e0c00000, 0x00000000e0d00000, 0x00000000e0d00000|100%| O|  |TAMS 0x00000000e0c00000| PB 0x00000000e0c00000| Untracked 
|  13|0x00000000e0d00000, 0x00000000e0e00000, 0x00000000e0e00000|100%| O|  |TAMS 0x00000000e0d00000| PB 0x00000000e0d00000| Untracked 
|  14|0x00000000e0e00000, 0x00000000e0f00000, 0x00000000e0f00000|100%| O|  |TAMS 0x00000000e0e00000| PB 0x00000000e0e00000| Untracked 
|  15|0x00000000e0f00000, 0x00000000e1000000, 0x00000000e1000000|100%| O|  |TAMS 0x00000000e0f00000| PB 0x00000000e0f00000| Untracked 
|  16|0x00000000e1000000, 0x00000000e1100000, 0x00000000e1100000|100%| O|  |TAMS 0x00000000e1000000| PB 0x00000000e1000000| Untracked 
|  17|0x00000000e1100000, 0x00000000e1200000, 0x00000000e1200000|100%| O|  |TAMS 0x00000000e1100000| PB 0x00000000e1100000| Untracked 
|  18|0x00000000e1200000, 0x00000000e1300000, 0x00000000e1300000|100%| O|  |TAMS 0x00000000e1200000| PB 0x00000000e1200000| Untracked 
|  19|0x00000000e1300000, 0x00000000e1400000, 0x00000000e1400000|100%| O|  |TAMS 0x00000000e1300000| PB 0x00000000e1300000| Untracked 
|  20|0x00000000e1400000, 0x00000000e1500000, 0x00000000e1500000|100%| O|  |TAMS 0x00000000e1400000| PB 0x00000000e1400000| Untracked 
|  21|0x00000000e1500000, 0x00000000e1600000, 0x00000000e1600000|100%| O|  |TAMS 0x00000000e1500000| PB 0x00000000e1500000| Untracked 
|  22|0x00000000e1600000, 0x00000000e1700000, 0x00000000e1700000|100%| O|  |TAMS 0x00000000e1600000| PB 0x00000000e1600000| Untracked 
|  23|0x00000000e1700000, 0x00000000e1800000, 0x00000000e1800000|100%| O|  |TAMS 0x00000000e1700000| PB 0x00000000e1700000| Untracked 
|  24|0x00000000e1800000, 0x00000000e1900000, 0x00000000e1900000|100%| O|  |TAMS 0x00000000e1800000| PB 0x00000000e1800000| Untracked 
|  25|0x00000000e1900000, 0x00000000e1a00000, 0x00000000e1a00000|100%| O|  |TAMS 0x00000000e1900000| PB 0x00000000e1900000| Untracked 
|  26|0x00000000e1a00000, 0x00000000e1b00000, 0x00000000e1b00000|100%| O|  |TAMS 0x00000000e1a00000| PB 0x00000000e1a00000| Untracked 
|  27|0x00000000e1b00000, 0x00000000e1c00000, 0x00000000e1c00000|100%| O|  |TAMS 0x00000000e1b00000| PB 0x00000000e1b00000| Untracked 
|  28|0x00000000e1c00000, 0x00000000e1d00000, 0x00000000e1d00000|100%| O|  |TAMS 0x00000000e1c00000| PB 0x00000000e1c00000| Untracked 
|  29|0x00000000e1d00000, 0x00000000e1e00000, 0x00000000e1e00000|100%| O|Cm|TAMS 0x00000000e1d00000| PB 0x00000000e1d00000| Complete 
|  30|0x00000000e1e00000, 0x00000000e1f00000, 0x00000000e1f00000|100%| O|  |TAMS 0x00000000e1e00000| PB 0x00000000e1e00000| Untracked 
|  31|0x00000000e1f00000, 0x00000000e2000000, 0x00000000e2000000|100%| O|  |TAMS 0x00000000e1f00000| PB 0x00000000e1f00000| Untracked 
|  32|0x00000000e2000000, 0x00000000e2100000, 0x00000000e2100000|100%| O|  |TAMS 0x00000000e2000000| PB 0x00000000e2000000| Untracked 
|  33|0x00000000e2100000, 0x00000000e2200000, 0x00000000e2200000|100%| O|  |TAMS 0x00000000e2100000| PB 0x00000000e2100000| Untracked 
|  34|0x00000000e2200000, 0x00000000e2300000, 0x00000000e2300000|100%| O|  |TAMS 0x00000000e2200000| PB 0x00000000e2200000| Untracked 
|  35|0x00000000e2300000, 0x00000000e2400000, 0x00000000e2400000|100%| O|  |TAMS 0x00000000e2300000| PB 0x00000000e2300000| Untracked 
|  36|0x00000000e2400000, 0x00000000e24e4e28, 0x00000000e2500000| 89%| O|  |TAMS 0x00000000e2400000| PB 0x00000000e2400000| Untracked 
|  37|0x00000000e2500000, 0x00000000e2500000, 0x00000000e2600000|  0%| F|  |TAMS 0x00000000e2500000| PB 0x00000000e2500000| Untracked 
|  38|0x00000000e2600000, 0x00000000e2600000, 0x00000000e2700000|  0%| F|  |TAMS 0x00000000e2600000| PB 0x00000000e2600000| Untracked 
|  39|0x00000000e2700000, 0x00000000e2700000, 0x00000000e2800000|  0%| F|  |TAMS 0x00000000e2700000| PB 0x00000000e2700000| Untracked 
|  40|0x00000000e2800000, 0x00000000e2800000, 0x00000000e2900000|  0%| F|  |TAMS 0x00000000e2800000| PB 0x00000000e2800000| Untracked 
|  41|0x00000000e2900000, 0x00000000e2900000, 0x00000000e2a00000|  0%| F|  |TAMS 0x00000000e2900000| PB 0x00000000e2900000| Untracked 
|  42|0x00000000e2a00000, 0x00000000e2a00000, 0x00000000e2b00000|  0%| F|  |TAMS 0x00000000e2a00000| PB 0x00000000e2a00000| Untracked 
|  43|0x00000000e2b00000, 0x00000000e2b00000, 0x00000000e2c00000|  0%| F|  |TAMS 0x00000000e2b00000| PB 0x00000000e2b00000| Untracked 
|  44|0x00000000e2c00000, 0x00000000e2c00000, 0x00000000e2d00000|  0%| F|  |TAMS 0x00000000e2c00000| PB 0x00000000e2c00000| Untracked 
|  45|0x00000000e2d00000, 0x00000000e2d00000, 0x00000000e2e00000|  0%| F|  |TAMS 0x00000000e2d00000| PB 0x00000000e2d00000| Untracked 
|  46|0x00000000e2e00000, 0x00000000e2e00000, 0x00000000e2f00000|  0%| F|  |TAMS 0x00000000e2e00000| PB 0x00000000e2e00000| Untracked 
|  47|0x00000000e2f00000, 0x00000000e2f00000, 0x00000000e3000000|  0%| F|  |TAMS 0x00000000e2f00000| PB 0x00000000e2f00000| Untracked 
|  48|0x00000000e3000000, 0x00000000e3000000, 0x00000000e3100000|  0%| F|  |TAMS 0x00000000e3000000| PB 0x00000000e3000000| Untracked 
|  49|0x00000000e3100000, 0x00000000e3100000, 0x00000000e3200000|  0%| F|  |TAMS 0x00000000e3100000| PB 0x00000000e3100000| Untracked 
|  50|0x00000000e3200000, 0x00000000e3200000, 0x00000000e3300000|  0%| F|  |TAMS 0x00000000e3200000| PB 0x00000000e3200000| Untracked 
|  51|0x00000000e3300000, 0x00000000e3300000, 0x00000000e3400000|  0%| F|  |TAMS 0x00000000e3300000| PB 0x00000000e3300000| Untracked 
|  52|0x00000000e3400000, 0x00000000e3400000, 0x00000000e3500000|  0%| F|  |TAMS 0x00000000e3400000| PB 0x00000000e3400000| Untracked 
|  53|0x00000000e3500000, 0x00000000e3500000, 0x00000000e3600000|  0%| F|  |TAMS 0x00000000e3500000| PB 0x00000000e3500000| Untracked 
|  54|0x00000000e3600000, 0x00000000e3600000, 0x00000000e3700000|  0%| F|  |TAMS 0x00000000e3600000| PB 0x00000000e3600000| Untracked 
|  55|0x00000000e3700000, 0x00000000e3700000, 0x00000000e3800000|  0%| F|  |TAMS 0x00000000e3700000| PB 0x00000000e3700000| Untracked 
|  56|0x00000000e3800000, 0x00000000e3800000, 0x00000000e3900000|  0%| F|  |TAMS 0x00000000e3800000| PB 0x00000000e3800000| Untracked 
|  57|0x00000000e3900000, 0x00000000e3900000, 0x00000000e3a00000|  0%| F|  |TAMS 0x00000000e3900000| PB 0x00000000e3900000| Untracked 
|  58|0x00000000e3a00000, 0x00000000e3a00000, 0x00000000e3b00000|  0%| F|  |TAMS 0x00000000e3a00000| PB 0x00000000e3a00000| Untracked 
|  59|0x00000000e3b00000, 0x00000000e3b00000, 0x00000000e3c00000|  0%| F|  |TAMS 0x00000000e3b00000| PB 0x00000000e3b00000| Untracked 
|  60|0x00000000e3c00000, 0x00000000e3c00000, 0x00000000e3d00000|  0%| F|  |TAMS 0x00000000e3c00000| PB 0x00000000e3c00000| Untracked 
|  61|0x00000000e3d00000, 0x00000000e3d00000, 0x00000000e3e00000|  0%| F|  |TAMS 0x00000000e3d00000| PB 0x00000000e3d00000| Untracked 
|  62|0x00000000e3e00000, 0x00000000e3e00000, 0x00000000e3f00000|  0%| F|  |TAMS 0x00000000e3e00000| PB 0x00000000e3e00000| Untracked 
|  63|0x00000000e3f00000, 0x00000000e3f00000, 0x00000000e4000000|  0%| F|  |TAMS 0x00000000e3f00000| PB 0x00000000e3f00000| Untracked 
|  64|0x00000000e4000000, 0x00000000e4000000, 0x00000000e4100000|  0%| F|  |TAMS 0x00000000e4000000| PB 0x00000000e4000000| Untracked 
|  65|0x00000000e4100000, 0x00000000e4100000, 0x00000000e4200000|  0%| F|  |TAMS 0x00000000e4100000| PB 0x00000000e4100000| Untracked 
|  66|0x00000000e4200000, 0x00000000e4200000, 0x00000000e4300000|  0%| F|  |TAMS 0x00000000e4200000| PB 0x00000000e4200000| Untracked 
|  67|0x00000000e4300000, 0x00000000e4300000, 0x00000000e4400000|  0%| F|  |TAMS 0x00000000e4300000| PB 0x00000000e4300000| Untracked 
|  68|0x00000000e4400000, 0x00000000e4400000, 0x00000000e4500000|  0%| F|  |TAMS 0x00000000e4400000| PB 0x00000000e4400000| Untracked 
|  69|0x00000000e4500000, 0x00000000e4500000, 0x00000000e4600000|  0%| F|  |TAMS 0x00000000e4500000| PB 0x00000000e4500000| Untracked 
|  70|0x00000000e4600000, 0x00000000e4600000, 0x00000000e4700000|  0%| F|  |TAMS 0x00000000e4600000| PB 0x00000000e4600000| Untracked 
|  71|0x00000000e4700000, 0x00000000e4700000, 0x00000000e4800000|  0%| F|  |TAMS 0x00000000e4700000| PB 0x00000000e4700000| Untracked 
|  72|0x00000000e4800000, 0x00000000e4800000, 0x00000000e4900000|  0%| F|  |TAMS 0x00000000e4800000| PB 0x00000000e4800000| Untracked 
|  73|0x00000000e4900000, 0x00000000e4900000, 0x00000000e4a00000|  0%| F|  |TAMS 0x00000000e4900000| PB 0x00000000e4900000| Untracked 
|  74|0x00000000e4a00000, 0x00000000e4a00000, 0x00000000e4b00000|  0%| F|  |TAMS 0x00000000e4a00000| PB 0x00000000e4a00000| Untracked 
|  75|0x00000000e4b00000, 0x00000000e4b00000, 0x00000000e4c00000|  0%| F|  |TAMS 0x00000000e4b00000| PB 0x00000000e4b00000| Untracked 
|  76|0x00000000e4c00000, 0x00000000e4c00000, 0x00000000e4d00000|  0%| F|  |TAMS 0x00000000e4c00000| PB 0x00000000e4c00000| Untracked 
|  77|0x00000000e4d00000, 0x00000000e4d00000, 0x00000000e4e00000|  0%| F|  |TAMS 0x00000000e4d00000| PB 0x00000000e4d00000| Untracked 
|  78|0x00000000e4e00000, 0x00000000e4e00000, 0x00000000e4f00000|  0%| F|  |TAMS 0x00000000e4e00000| PB 0x00000000e4e00000| Untracked 
|  79|0x00000000e4f00000, 0x00000000e4f00000, 0x00000000e5000000|  0%| F|  |TAMS 0x00000000e4f00000| PB 0x00000000e4f00000| Untracked 
|  80|0x00000000e5000000, 0x00000000e5000000, 0x00000000e5100000|  0%| F|  |TAMS 0x00000000e5000000| PB 0x00000000e5000000| Untracked 
|  81|0x00000000e5100000, 0x00000000e5100000, 0x00000000e5200000|  0%| F|  |TAMS 0x00000000e5100000| PB 0x00000000e5100000| Untracked 
|  82|0x00000000e5200000, 0x00000000e5200000, 0x00000000e5300000|  0%| F|  |TAMS 0x00000000e5200000| PB 0x00000000e5200000| Untracked 
|  83|0x00000000e5300000, 0x00000000e5300000, 0x00000000e5400000|  0%| F|  |TAMS 0x00000000e5300000| PB 0x00000000e5300000| Untracked 
|  84|0x00000000e5400000, 0x00000000e5400000, 0x00000000e5500000|  0%| F|  |TAMS 0x00000000e5400000| PB 0x00000000e5400000| Untracked 
|  85|0x00000000e5500000, 0x00000000e5500000, 0x00000000e5600000|  0%| F|  |TAMS 0x00000000e5500000| PB 0x00000000e5500000| Untracked 
|  86|0x00000000e5600000, 0x00000000e5600000, 0x00000000e5700000|  0%| F|  |TAMS 0x00000000e5600000| PB 0x00000000e5600000| Untracked 
|  87|0x00000000e5700000, 0x00000000e5700000, 0x00000000e5800000|  0%| F|  |TAMS 0x00000000e5700000| PB 0x00000000e5700000| Untracked 
|  88|0x00000000e5800000, 0x00000000e5800000, 0x00000000e5900000|  0%| F|  |TAMS 0x00000000e5800000| PB 0x00000000e5800000| Untracked 
|  89|0x00000000e5900000, 0x00000000e5900000, 0x00000000e5a00000|  0%| F|  |TAMS 0x00000000e5900000| PB 0x00000000e5900000| Untracked 
|  90|0x00000000e5a00000, 0x00000000e5a00000, 0x00000000e5b00000|  0%| F|  |TAMS 0x00000000e5a00000| PB 0x00000000e5a00000| Untracked 
|  91|0x00000000e5b00000, 0x00000000e5b00000, 0x00000000e5c00000|  0%| F|  |TAMS 0x00000000e5b00000| PB 0x00000000e5b00000| Untracked 
|  92|0x00000000e5c00000, 0x00000000e5c00000, 0x00000000e5d00000|  0%| F|  |TAMS 0x00000000e5c00000| PB 0x00000000e5c00000| Untracked 
|  93|0x00000000e5d00000, 0x00000000e5d00000, 0x00000000e5e00000|  0%| F|  |TAMS 0x00000000e5d00000| PB 0x00000000e5d00000| Untracked 
|  94|0x00000000e5e00000, 0x00000000e5e00000, 0x00000000e5f00000|  0%| F|  |TAMS 0x00000000e5e00000| PB 0x00000000e5e00000| Untracked 
|  95|0x00000000e5f00000, 0x00000000e5f00000, 0x00000000e6000000|  0%| F|  |TAMS 0x00000000e5f00000| PB 0x00000000e5f00000| Untracked 
|  96|0x00000000e6000000, 0x00000000e6000000, 0x00000000e6100000|  0%| F|  |TAMS 0x00000000e6000000| PB 0x00000000e6000000| Untracked 
|  97|0x00000000e6100000, 0x00000000e6100000, 0x00000000e6200000|  0%| F|  |TAMS 0x00000000e6100000| PB 0x00000000e6100000| Untracked 
|  98|0x00000000e6200000, 0x00000000e6200000, 0x00000000e6300000|  0%| F|  |TAMS 0x00000000e6200000| PB 0x00000000e6200000| Untracked 
|  99|0x00000000e6300000, 0x00000000e6300000, 0x00000000e6400000|  0%| F|  |TAMS 0x00000000e6300000| PB 0x00000000e6300000| Untracked 
| 100|0x00000000e6400000, 0x00000000e6400000, 0x00000000e6500000|  0%| F|  |TAMS 0x00000000e6400000| PB 0x00000000e6400000| Untracked 
| 101|0x00000000e6500000, 0x00000000e6500000, 0x00000000e6600000|  0%| F|  |TAMS 0x00000000e6500000| PB 0x00000000e6500000| Untracked 
| 102|0x00000000e6600000, 0x00000000e6600000, 0x00000000e6700000|  0%| F|  |TAMS 0x00000000e6600000| PB 0x00000000e6600000| Untracked 
| 103|0x00000000e6700000, 0x00000000e6700000, 0x00000000e6800000|  0%| F|  |TAMS 0x00000000e6700000| PB 0x00000000e6700000| Untracked 
| 104|0x00000000e6800000, 0x00000000e6800000, 0x00000000e6900000|  0%| F|  |TAMS 0x00000000e6800000| PB 0x00000000e6800000| Untracked 
| 105|0x00000000e6900000, 0x00000000e6900000, 0x00000000e6a00000|  0%| F|  |TAMS 0x00000000e6900000| PB 0x00000000e6900000| Untracked 
| 106|0x00000000e6a00000, 0x00000000e6a00000, 0x00000000e6b00000|  0%| F|  |TAMS 0x00000000e6a00000| PB 0x00000000e6a00000| Untracked 
| 107|0x00000000e6b00000, 0x00000000e6b00000, 0x00000000e6c00000|  0%| F|  |TAMS 0x00000000e6b00000| PB 0x00000000e6b00000| Untracked 
| 108|0x00000000e6c00000, 0x00000000e6c00000, 0x00000000e6d00000|  0%| F|  |TAMS 0x00000000e6c00000| PB 0x00000000e6c00000| Untracked 
| 109|0x00000000e6d00000, 0x00000000e6d00000, 0x00000000e6e00000|  0%| F|  |TAMS 0x00000000e6d00000| PB 0x00000000e6d00000| Untracked 
| 110|0x00000000e6e00000, 0x00000000e6e00000, 0x00000000e6f00000|  0%| F|  |TAMS 0x00000000e6e00000| PB 0x00000000e6e00000| Untracked 
| 111|0x00000000e6f00000, 0x00000000e6f00000, 0x00000000e7000000|  0%| F|  |TAMS 0x00000000e6f00000| PB 0x00000000e6f00000| Untracked 
| 112|0x00000000e7000000, 0x00000000e7000000, 0x00000000e7100000|  0%| F|  |TAMS 0x00000000e7000000| PB 0x00000000e7000000| Untracked 
| 113|0x00000000e7100000, 0x00000000e7100000, 0x00000000e7200000|  0%| F|  |TAMS 0x00000000e7100000| PB 0x00000000e7100000| Untracked 
| 114|0x00000000e7200000, 0x00000000e7200000, 0x00000000e7300000|  0%| F|  |TAMS 0x00000000e7200000| PB 0x00000000e7200000| Untracked 
| 115|0x00000000e7300000, 0x00000000e7300000, 0x00000000e7400000|  0%| F|  |TAMS 0x00000000e7300000| PB 0x00000000e7300000| Untracked 
| 116|0x00000000e7400000, 0x00000000e7400000, 0x00000000e7500000|  0%| F|  |TAMS 0x00000000e7400000| PB 0x00000000e7400000| Untracked 
| 117|0x00000000e7500000, 0x00000000e7500000, 0x00000000e7600000|  0%| F|  |TAMS 0x00000000e7500000| PB 0x00000000e7500000| Untracked 
| 118|0x00000000e7600000, 0x00000000e7600000, 0x00000000e7700000|  0%| F|  |TAMS 0x00000000e7600000| PB 0x00000000e7600000| Untracked 
| 119|0x00000000e7700000, 0x00000000e7700000, 0x00000000e7800000|  0%| F|  |TAMS 0x00000000e7700000| PB 0x00000000e7700000| Untracked 
| 120|0x00000000e7800000, 0x00000000e7800000, 0x00000000e7900000|  0%| F|  |TAMS 0x00000000e7800000| PB 0x00000000e7800000| Untracked 
| 121|0x00000000e7900000, 0x00000000e7900000, 0x00000000e7a00000|  0%| F|  |TAMS 0x00000000e7900000| PB 0x00000000e7900000| Untracked 
| 122|0x00000000e7a00000, 0x00000000e7a00000, 0x00000000e7b00000|  0%| F|  |TAMS 0x00000000e7a00000| PB 0x00000000e7a00000| Untracked 
| 123|0x00000000e7b00000, 0x00000000e7b00000, 0x00000000e7c00000|  0%| F|  |TAMS 0x00000000e7b00000| PB 0x00000000e7b00000| Untracked 
| 124|0x00000000e7c00000, 0x00000000e7c00000, 0x00000000e7d00000|  0%| F|  |TAMS 0x00000000e7c00000| PB 0x00000000e7c00000| Untracked 
| 125|0x00000000e7d00000, 0x00000000e7d00000, 0x00000000e7e00000|  0%| F|  |TAMS 0x00000000e7d00000| PB 0x00000000e7d00000| Untracked 
| 126|0x00000000e7e00000, 0x00000000e7e00000, 0x00000000e7f00000|  0%| F|  |TAMS 0x00000000e7e00000| PB 0x00000000e7e00000| Untracked 
| 127|0x00000000e7f00000, 0x00000000e7f00000, 0x00000000e8000000|  0%| F|  |TAMS 0x00000000e7f00000| PB 0x00000000e7f00000| Untracked 
| 128|0x00000000e8000000, 0x00000000e8000000, 0x00000000e8100000|  0%| F|  |TAMS 0x00000000e8000000| PB 0x00000000e8000000| Untracked 
| 129|0x00000000e8100000, 0x00000000e8100000, 0x00000000e8200000|  0%| F|  |TAMS 0x00000000e8100000| PB 0x00000000e8100000| Untracked 
| 130|0x00000000e8200000, 0x00000000e8200000, 0x00000000e8300000|  0%| F|  |TAMS 0x00000000e8200000| PB 0x00000000e8200000| Untracked 
| 131|0x00000000e8300000, 0x00000000e8300000, 0x00000000e8400000|  0%| F|  |TAMS 0x00000000e8300000| PB 0x00000000e8300000| Untracked 
| 132|0x00000000e8400000, 0x00000000e8400000, 0x00000000e8500000|  0%| F|  |TAMS 0x00000000e8400000| PB 0x00000000e8400000| Untracked 
| 133|0x00000000e8500000, 0x00000000e8500000, 0x00000000e8600000|  0%| F|  |TAMS 0x00000000e8500000| PB 0x00000000e8500000| Untracked 
| 134|0x00000000e8600000, 0x00000000e8600000, 0x00000000e8700000|  0%| F|  |TAMS 0x00000000e8600000| PB 0x00000000e8600000| Untracked 
| 135|0x00000000e8700000, 0x00000000e8700000, 0x00000000e8800000|  0%| F|  |TAMS 0x00000000e8700000| PB 0x00000000e8700000| Untracked 
| 136|0x00000000e8800000, 0x00000000e8800000, 0x00000000e8900000|  0%| F|  |TAMS 0x00000000e8800000| PB 0x00000000e8800000| Untracked 
| 137|0x00000000e8900000, 0x00000000e8900000, 0x00000000e8a00000|  0%| F|  |TAMS 0x00000000e8900000| PB 0x00000000e8900000| Untracked 
| 138|0x00000000e8a00000, 0x00000000e8a00000, 0x00000000e8b00000|  0%| F|  |TAMS 0x00000000e8a00000| PB 0x00000000e8a00000| Untracked 
| 139|0x00000000e8b00000, 0x00000000e8b00000, 0x00000000e8c00000|  0%| F|  |TAMS 0x00000000e8b00000| PB 0x00000000e8b00000| Untracked 
| 140|0x00000000e8c00000, 0x00000000e8c00000, 0x00000000e8d00000|  0%| F|  |TAMS 0x00000000e8c00000| PB 0x00000000e8c00000| Untracked 
| 141|0x00000000e8d00000, 0x00000000e8d00000, 0x00000000e8e00000|  0%| F|  |TAMS 0x00000000e8d00000| PB 0x00000000e8d00000| Untracked 
| 142|0x00000000e8e00000, 0x00000000e8e00000, 0x00000000e8f00000|  0%| F|  |TAMS 0x00000000e8e00000| PB 0x00000000e8e00000| Untracked 
| 143|0x00000000e8f00000, 0x00000000e8f9ca50, 0x00000000e9000000| 61%| S|CS|TAMS 0x00000000e8f00000| PB 0x00000000e8f00000| Complete 
| 144|0x00000000e9000000, 0x00000000e9100000, 0x00000000e9100000|100%| S|CS|TAMS 0x00000000e9000000| PB 0x00000000e9000000| Complete 
| 145|0x00000000e9100000, 0x00000000e9200000, 0x00000000e9200000|100%| S|CS|TAMS 0x00000000e9100000| PB 0x00000000e9100000| Complete 
| 146|0x00000000e9200000, 0x00000000e9300000, 0x00000000e9300000|100%| S|CS|TAMS 0x00000000e9200000| PB 0x00000000e9200000| Complete 
| 147|0x00000000e9300000, 0x00000000e9400000, 0x00000000e9400000|100%| S|CS|TAMS 0x00000000e9300000| PB 0x00000000e9300000| Complete 
| 148|0x00000000e9400000, 0x00000000e9500000, 0x00000000e9500000|100%| S|CS|TAMS 0x00000000e9400000| PB 0x00000000e9400000| Complete 
| 149|0x00000000e9500000, 0x00000000e9600000, 0x00000000e9600000|100%| S|CS|TAMS 0x00000000e9500000| PB 0x00000000e9500000| Complete 
| 150|0x00000000e9600000, 0x00000000e9700000, 0x00000000e9700000|100%| S|CS|TAMS 0x00000000e9600000| PB 0x00000000e9600000| Complete 
| 151|0x00000000e9700000, 0x00000000e9800000, 0x00000000e9800000|100%| S|CS|TAMS 0x00000000e9700000| PB 0x00000000e9700000| Complete 
| 152|0x00000000e9800000, 0x00000000e9900000, 0x00000000e9900000|100%| S|CS|TAMS 0x00000000e9800000| PB 0x00000000e9800000| Complete 
| 153|0x00000000e9900000, 0x00000000e9a00000, 0x00000000e9a00000|100%| S|CS|TAMS 0x00000000e9900000| PB 0x00000000e9900000| Complete 
| 154|0x00000000e9a00000, 0x00000000e9b00000, 0x00000000e9b00000|100%| S|CS|TAMS 0x00000000e9a00000| PB 0x00000000e9a00000| Complete 
| 155|0x00000000e9b00000, 0x00000000e9c00000, 0x00000000e9c00000|100%| S|CS|TAMS 0x00000000e9b00000| PB 0x00000000e9b00000| Complete 
| 156|0x00000000e9c00000, 0x00000000e9c00000, 0x00000000e9d00000|  0%| F|  |TAMS 0x00000000e9c00000| PB 0x00000000e9c00000| Untracked 
| 157|0x00000000e9d00000, 0x00000000e9d00000, 0x00000000e9e00000|  0%| F|  |TAMS 0x00000000e9d00000| PB 0x00000000e9d00000| Untracked 
| 158|0x00000000e9e00000, 0x00000000e9e00000, 0x00000000e9f00000|  0%| F|  |TAMS 0x00000000e9e00000| PB 0x00000000e9e00000| Untracked 
| 159|0x00000000e9f00000, 0x00000000e9f00000, 0x00000000ea000000|  0%| F|  |TAMS 0x00000000e9f00000| PB 0x00000000e9f00000| Untracked 
| 160|0x00000000ea000000, 0x00000000ea000000, 0x00000000ea100000|  0%| F|  |TAMS 0x00000000ea000000| PB 0x00000000ea000000| Untracked 
| 161|0x00000000ea100000, 0x00000000ea100000, 0x00000000ea200000|  0%| F|  |TAMS 0x00000000ea100000| PB 0x00000000ea100000| Untracked 
| 162|0x00000000ea200000, 0x00000000ea200000, 0x00000000ea300000|  0%| F|  |TAMS 0x00000000ea200000| PB 0x00000000ea200000| Untracked 
| 163|0x00000000ea300000, 0x00000000ea300000, 0x00000000ea400000|  0%| F|  |TAMS 0x00000000ea300000| PB 0x00000000ea300000| Untracked 
| 164|0x00000000ea400000, 0x00000000ea400000, 0x00000000ea500000|  0%| F|  |TAMS 0x00000000ea400000| PB 0x00000000ea400000| Untracked 
| 165|0x00000000ea500000, 0x00000000ea500000, 0x00000000ea600000|  0%| F|  |TAMS 0x00000000ea500000| PB 0x00000000ea500000| Untracked 
| 166|0x00000000ea600000, 0x00000000ea600000, 0x00000000ea700000|  0%| F|  |TAMS 0x00000000ea600000| PB 0x00000000ea600000| Untracked 
| 167|0x00000000ea700000, 0x00000000ea700000, 0x00000000ea800000|  0%| F|  |TAMS 0x00000000ea700000| PB 0x00000000ea700000| Untracked 
| 168|0x00000000ea800000, 0x00000000ea800000, 0x00000000ea900000|  0%| F|  |TAMS 0x00000000ea800000| PB 0x00000000ea800000| Untracked 
| 169|0x00000000ea900000, 0x00000000ea900000, 0x00000000eaa00000|  0%| F|  |TAMS 0x00000000ea900000| PB 0x00000000ea900000| Untracked 
| 170|0x00000000eaa00000, 0x00000000eaa00000, 0x00000000eab00000|  0%| F|  |TAMS 0x00000000eaa00000| PB 0x00000000eaa00000| Untracked 
| 171|0x00000000eab00000, 0x00000000eab00000, 0x00000000eac00000|  0%| F|  |TAMS 0x00000000eab00000| PB 0x00000000eab00000| Untracked 
| 172|0x00000000eac00000, 0x00000000eac00000, 0x00000000ead00000|  0%| F|  |TAMS 0x00000000eac00000| PB 0x00000000eac00000| Untracked 
| 173|0x00000000ead00000, 0x00000000ead00000, 0x00000000eae00000|  0%| F|  |TAMS 0x00000000ead00000| PB 0x00000000ead00000| Untracked 
| 174|0x00000000eae00000, 0x00000000eae928b0, 0x00000000eaf00000| 57%| E|  |TAMS 0x00000000eae00000| PB 0x00000000eae00000| Complete 
| 175|0x00000000eaf00000, 0x00000000eb000000, 0x00000000eb000000|100%| E|CS|TAMS 0x00000000eaf00000| PB 0x00000000eaf00000| Complete 
| 176|0x00000000eb000000, 0x00000000eb100000, 0x00000000eb100000|100%| E|CS|TAMS 0x00000000eb000000| PB 0x00000000eb000000| Complete 
| 177|0x00000000eb100000, 0x00000000eb200000, 0x00000000eb200000|100%| E|CS|TAMS 0x00000000eb100000| PB 0x00000000eb100000| Complete 
| 178|0x00000000eb200000, 0x00000000eb300000, 0x00000000eb300000|100%| E|CS|TAMS 0x00000000eb200000| PB 0x00000000eb200000| Complete 
| 179|0x00000000eb300000, 0x00000000eb400000, 0x00000000eb400000|100%| E|CS|TAMS 0x00000000eb300000| PB 0x00000000eb300000| Complete 
| 180|0x00000000eb400000, 0x00000000eb500000, 0x00000000eb500000|100%| E|CS|TAMS 0x00000000eb400000| PB 0x00000000eb400000| Complete 
| 181|0x00000000eb500000, 0x00000000eb600000, 0x00000000eb600000|100%| E|CS|TAMS 0x00000000eb500000| PB 0x00000000eb500000| Complete 
| 182|0x00000000eb600000, 0x00000000eb700000, 0x00000000eb700000|100%| E|CS|TAMS 0x00000000eb600000| PB 0x00000000eb600000| Complete 
| 183|0x00000000eb700000, 0x00000000eb800000, 0x00000000eb800000|100%| E|CS|TAMS 0x00000000eb700000| PB 0x00000000eb700000| Complete 
| 184|0x00000000eb800000, 0x00000000eb900000, 0x00000000eb900000|100%| E|CS|TAMS 0x00000000eb800000| PB 0x00000000eb800000| Complete 
| 185|0x00000000eb900000, 0x00000000eba00000, 0x00000000eba00000|100%| E|CS|TAMS 0x00000000eb900000| PB 0x00000000eb900000| Complete 
| 186|0x00000000eba00000, 0x00000000ebb00000, 0x00000000ebb00000|100%| E|CS|TAMS 0x00000000eba00000| PB 0x00000000eba00000| Complete 
| 187|0x00000000ebb00000, 0x00000000ebc00000, 0x00000000ebc00000|100%| E|CS|TAMS 0x00000000ebb00000| PB 0x00000000ebb00000| Complete 
| 188|0x00000000ebc00000, 0x00000000ebd00000, 0x00000000ebd00000|100%| E|CS|TAMS 0x00000000ebc00000| PB 0x00000000ebc00000| Complete 
| 189|0x00000000ebd00000, 0x00000000ebe00000, 0x00000000ebe00000|100%| E|CS|TAMS 0x00000000ebd00000| PB 0x00000000ebd00000| Complete 
| 190|0x00000000ebe00000, 0x00000000ebf00000, 0x00000000ebf00000|100%| E|CS|TAMS 0x00000000ebe00000| PB 0x00000000ebe00000| Complete 
| 191|0x00000000ebf00000, 0x00000000ec000000, 0x00000000ec000000|100%| E|CS|TAMS 0x00000000ebf00000| PB 0x00000000ebf00000| Complete 
| 192|0x00000000ec000000, 0x00000000ec100000, 0x00000000ec100000|100%| E|CS|TAMS 0x00000000ec000000| PB 0x00000000ec000000| Complete 
| 193|0x00000000ec100000, 0x00000000ec200000, 0x00000000ec200000|100%| E|CS|TAMS 0x00000000ec100000| PB 0x00000000ec100000| Complete 
| 194|0x00000000ec200000, 0x00000000ec300000, 0x00000000ec300000|100%| E|CS|TAMS 0x00000000ec200000| PB 0x00000000ec200000| Complete 
| 195|0x00000000ec300000, 0x00000000ec400000, 0x00000000ec400000|100%| E|CS|TAMS 0x00000000ec300000| PB 0x00000000ec300000| Complete 
| 196|0x00000000ec400000, 0x00000000ec500000, 0x00000000ec500000|100%| E|CS|TAMS 0x00000000ec400000| PB 0x00000000ec400000| Complete 
| 197|0x00000000ec500000, 0x00000000ec600000, 0x00000000ec600000|100%| E|CS|TAMS 0x00000000ec500000| PB 0x00000000ec500000| Complete 
| 198|0x00000000ec600000, 0x00000000ec700000, 0x00000000ec700000|100%| E|CS|TAMS 0x00000000ec600000| PB 0x00000000ec600000| Complete 
| 199|0x00000000ec700000, 0x00000000ec800000, 0x00000000ec800000|100%| E|CS|TAMS 0x00000000ec700000| PB 0x00000000ec700000| Complete 
| 200|0x00000000ec800000, 0x00000000ec900000, 0x00000000ec900000|100%| E|CS|TAMS 0x00000000ec800000| PB 0x00000000ec800000| Complete 
| 201|0x00000000ec900000, 0x00000000eca00000, 0x00000000eca00000|100%| E|CS|TAMS 0x00000000ec900000| PB 0x00000000ec900000| Complete 
| 202|0x00000000eca00000, 0x00000000ecb00000, 0x00000000ecb00000|100%| E|CS|TAMS 0x00000000eca00000| PB 0x00000000eca00000| Complete 
| 203|0x00000000ecb00000, 0x00000000ecc00000, 0x00000000ecc00000|100%| E|CS|TAMS 0x00000000ecb00000| PB 0x00000000ecb00000| Complete 
| 204|0x00000000ecc00000, 0x00000000ecd00000, 0x00000000ecd00000|100%| E|CS|TAMS 0x00000000ecc00000| PB 0x00000000ecc00000| Complete 
| 205|0x00000000ecd00000, 0x00000000ece00000, 0x00000000ece00000|100%| E|CS|TAMS 0x00000000ecd00000| PB 0x00000000ecd00000| Complete 
| 206|0x00000000ece00000, 0x00000000ecf00000, 0x00000000ecf00000|100%| E|CS|TAMS 0x00000000ece00000| PB 0x00000000ece00000| Complete 
| 207|0x00000000ecf00000, 0x00000000ed000000, 0x00000000ed000000|100%| E|CS|TAMS 0x00000000ecf00000| PB 0x00000000ecf00000| Complete 
| 208|0x00000000ed000000, 0x00000000ed100000, 0x00000000ed100000|100%| E|CS|TAMS 0x00000000ed000000| PB 0x00000000ed000000| Complete 
| 209|0x00000000ed100000, 0x00000000ed200000, 0x00000000ed200000|100%| E|CS|TAMS 0x00000000ed100000| PB 0x00000000ed100000| Complete 
| 210|0x00000000ed200000, 0x00000000ed300000, 0x00000000ed300000|100%| E|CS|TAMS 0x00000000ed200000| PB 0x00000000ed200000| Complete 
| 211|0x00000000ed300000, 0x00000000ed400000, 0x00000000ed400000|100%| E|CS|TAMS 0x00000000ed300000| PB 0x00000000ed300000| Complete 
| 212|0x00000000ed400000, 0x00000000ed500000, 0x00000000ed500000|100%| E|CS|TAMS 0x00000000ed400000| PB 0x00000000ed400000| Complete 
| 213|0x00000000ed500000, 0x00000000ed600000, 0x00000000ed600000|100%| E|CS|TAMS 0x00000000ed500000| PB 0x00000000ed500000| Complete 
| 214|0x00000000ed600000, 0x00000000ed700000, 0x00000000ed700000|100%| E|CS|TAMS 0x00000000ed600000| PB 0x00000000ed600000| Complete 
| 215|0x00000000ed700000, 0x00000000ed800000, 0x00000000ed800000|100%| E|CS|TAMS 0x00000000ed700000| PB 0x00000000ed700000| Complete 
| 216|0x00000000ed800000, 0x00000000ed900000, 0x00000000ed900000|100%| E|CS|TAMS 0x00000000ed800000| PB 0x00000000ed800000| Complete 
| 217|0x00000000ed900000, 0x00000000eda00000, 0x00000000eda00000|100%| E|CS|TAMS 0x00000000ed900000| PB 0x00000000ed900000| Complete 
| 218|0x00000000eda00000, 0x00000000edb00000, 0x00000000edb00000|100%| E|CS|TAMS 0x00000000eda00000| PB 0x00000000eda00000| Complete 
| 219|0x00000000edb00000, 0x00000000edc00000, 0x00000000edc00000|100%| E|CS|TAMS 0x00000000edb00000| PB 0x00000000edb00000| Complete 
| 220|0x00000000edc00000, 0x00000000edd00000, 0x00000000edd00000|100%| E|CS|TAMS 0x00000000edc00000| PB 0x00000000edc00000| Complete 
| 221|0x00000000edd00000, 0x00000000ede00000, 0x00000000ede00000|100%| E|CS|TAMS 0x00000000edd00000| PB 0x00000000edd00000| Complete 
| 222|0x00000000ede00000, 0x00000000edf00000, 0x00000000edf00000|100%| E|CS|TAMS 0x00000000ede00000| PB 0x00000000ede00000| Complete 
| 223|0x00000000edf00000, 0x00000000ee000000, 0x00000000ee000000|100%| E|CS|TAMS 0x00000000edf00000| PB 0x00000000edf00000| Complete 
| 224|0x00000000ee000000, 0x00000000ee100000, 0x00000000ee100000|100%| E|CS|TAMS 0x00000000ee000000| PB 0x00000000ee000000| Complete 
| 225|0x00000000ee100000, 0x00000000ee200000, 0x00000000ee200000|100%| E|CS|TAMS 0x00000000ee100000| PB 0x00000000ee100000| Complete 
| 226|0x00000000ee200000, 0x00000000ee300000, 0x00000000ee300000|100%| E|CS|TAMS 0x00000000ee200000| PB 0x00000000ee200000| Complete 
| 227|0x00000000ee300000, 0x00000000ee400000, 0x00000000ee400000|100%| E|CS|TAMS 0x00000000ee300000| PB 0x00000000ee300000| Complete 
| 228|0x00000000ee400000, 0x00000000ee500000, 0x00000000ee500000|100%| E|CS|TAMS 0x00000000ee400000| PB 0x00000000ee400000| Complete 
| 229|0x00000000ee500000, 0x00000000ee600000, 0x00000000ee600000|100%| E|CS|TAMS 0x00000000ee500000| PB 0x00000000ee500000| Complete 
| 230|0x00000000ee600000, 0x00000000ee700000, 0x00000000ee700000|100%| E|CS|TAMS 0x00000000ee600000| PB 0x00000000ee600000| Complete 
| 231|0x00000000ee700000, 0x00000000ee800000, 0x00000000ee800000|100%| E|CS|TAMS 0x00000000ee700000| PB 0x00000000ee700000| Complete 
| 232|0x00000000ee800000, 0x00000000ee900000, 0x00000000ee900000|100%| E|CS|TAMS 0x00000000ee800000| PB 0x00000000ee800000| Complete 
| 233|0x00000000ee900000, 0x00000000eea00000, 0x00000000eea00000|100%| E|CS|TAMS 0x00000000ee900000| PB 0x00000000ee900000| Complete 
| 234|0x00000000eea00000, 0x00000000eeb00000, 0x00000000eeb00000|100%| E|CS|TAMS 0x00000000eea00000| PB 0x00000000eea00000| Complete 
| 235|0x00000000eeb00000, 0x00000000eec00000, 0x00000000eec00000|100%| E|CS|TAMS 0x00000000eeb00000| PB 0x00000000eeb00000| Complete 
| 236|0x00000000eec00000, 0x00000000eed00000, 0x00000000eed00000|100%| E|CS|TAMS 0x00000000eec00000| PB 0x00000000eec00000| Complete 
| 237|0x00000000eed00000, 0x00000000eee00000, 0x00000000eee00000|100%| E|CS|TAMS 0x00000000eed00000| PB 0x00000000eed00000| Complete 
| 238|0x00000000eee00000, 0x00000000eef00000, 0x00000000eef00000|100%| E|CS|TAMS 0x00000000eee00000| PB 0x00000000eee00000| Complete 
| 239|0x00000000eef00000, 0x00000000ef000000, 0x00000000ef000000|100%| E|CS|TAMS 0x00000000eef00000| PB 0x00000000eef00000| Complete 
| 240|0x00000000ef000000, 0x00000000ef100000, 0x00000000ef100000|100%| E|CS|TAMS 0x00000000ef000000| PB 0x00000000ef000000| Complete 
| 241|0x00000000ef100000, 0x00000000ef200000, 0x00000000ef200000|100%| E|CS|TAMS 0x00000000ef100000| PB 0x00000000ef100000| Complete 
| 242|0x00000000ef200000, 0x00000000ef300000, 0x00000000ef300000|100%| E|CS|TAMS 0x00000000ef200000| PB 0x00000000ef200000| Complete 
| 243|0x00000000ef300000, 0x00000000ef400000, 0x00000000ef400000|100%| E|CS|TAMS 0x00000000ef300000| PB 0x00000000ef300000| Complete 
| 244|0x00000000ef400000, 0x00000000ef500000, 0x00000000ef500000|100%| E|CS|TAMS 0x00000000ef400000| PB 0x00000000ef400000| Complete 
| 245|0x00000000ef500000, 0x00000000ef600000, 0x00000000ef600000|100%| E|CS|TAMS 0x00000000ef500000| PB 0x00000000ef500000| Complete 
| 246|0x00000000ef600000, 0x00000000ef700000, 0x00000000ef700000|100%| E|CS|TAMS 0x00000000ef600000| PB 0x00000000ef600000| Complete 
| 247|0x00000000ef700000, 0x00000000ef800000, 0x00000000ef800000|100%| E|CS|TAMS 0x00000000ef700000| PB 0x00000000ef700000| Complete 
| 248|0x00000000ef800000, 0x00000000ef900000, 0x00000000ef900000|100%| E|CS|TAMS 0x00000000ef800000| PB 0x00000000ef800000| Complete 
| 249|0x00000000ef900000, 0x00000000efa00000, 0x00000000efa00000|100%| E|CS|TAMS 0x00000000ef900000| PB 0x00000000ef900000| Complete 
| 250|0x00000000efa00000, 0x00000000efb00000, 0x00000000efb00000|100%| E|CS|TAMS 0x00000000efa00000| PB 0x00000000efa00000| Complete 
| 251|0x00000000efb00000, 0x00000000efc00000, 0x00000000efc00000|100%| E|CS|TAMS 0x00000000efb00000| PB 0x00000000efb00000| Complete 
| 252|0x00000000efc00000, 0x00000000efd00000, 0x00000000efd00000|100%| E|CS|TAMS 0x00000000efc00000| PB 0x00000000efc00000| Complete 
| 253|0x00000000efd00000, 0x00000000efe00000, 0x00000000efe00000|100%| E|CS|TAMS 0x00000000efd00000| PB 0x00000000efd00000| Complete 
| 254|0x00000000efe00000, 0x00000000eff00000, 0x00000000eff00000|100%| E|CS|TAMS 0x00000000efe00000| PB 0x00000000efe00000| Complete 
| 255|0x00000000eff00000, 0x00000000f0000000, 0x00000000f0000000|100%| E|CS|TAMS 0x00000000eff00000| PB 0x00000000eff00000| Complete 

Card table byte_map: [0x000001b6449c0000,0x000001b644ac0000] _byte_map_base: 0x000001b6442c0000

Marking Bits: (CMBitMap*) 0x000001b62afa53a0
 Bits: [0x000001b644ac0000, 0x000001b6452c0000)

Polling page: 0x000001b62b030000

Metaspace:

Usage:
  Non-class:     50.76 MB used.
      Class:      8.46 MB used.
       Both:     59.22 MB used.

Virtual space:
  Non-class space:       64.00 MB reserved,      51.88 MB ( 81%) committed,  1 nodes.
      Class space:      320.00 MB reserved,       9.56 MB (  3%) committed,  1 nodes.
             Both:      384.00 MB reserved,      61.44 MB ( 16%) committed. 

Chunk freelists:
   Non-Class:  11.94 MB
       Class:  6.44 MB
        Both:  18.38 MB

MaxMetaspaceSize: 384.00 MB
CompressedClassSpaceSize: 320.00 MB
Initial GC threshold: 21.00 MB
Current GC threshold: 99.62 MB
CDS: on
 - commit_granule_bytes: 65536.
 - commit_granule_words: 8192.
 - virtual_space_node_default_size: 8388608.
 - enlarge_chunks_in_place: 1.
 - use_allocation_guard: 0.


Internal statistics:

num_allocs_failed_limit: 15.
num_arena_births: 4100.
num_arena_deaths: 0.
num_vsnodes_births: 2.
num_vsnodes_deaths: 0.
num_space_committed: 983.
num_space_uncommitted: 0.
num_chunks_returned_to_freelist: 15.
num_chunks_taken_from_freelist: 7308.
num_chunk_merges: 12.
num_chunk_splits: 4619.
num_chunks_enlarged: 2660.
num_inconsistent_stats: 0.

CodeHeap 'non-profiled nmethods': size=120000Kb used=6272Kb max_used=6272Kb free=113727Kb
 bounds [0x000001b63c710000, 0x000001b63cd40000, 0x000001b643c40000]
CodeHeap 'profiled nmethods': size=120000Kb used=19116Kb max_used=19116Kb free=100883Kb
 bounds [0x000001b634c40000, 0x000001b635ef0000, 0x000001b63c170000]
CodeHeap 'non-nmethods': size=5760Kb used=2031Kb max_used=2081Kb free=3728Kb
 bounds [0x000001b63c170000, 0x000001b63c3e0000, 0x000001b63c710000]
 total_blobs=11031 nmethods=10252 adapters=683
 compilation: enabled
              stopped_count=0, restarted_count=0
 full_count=0

Compilation events (20 events):
Event: 250.237 Thread 0x000001b6611264d0 10885       3       java.lang.invoke.MethodHandles::dropArgumentChecks (92 bytes)
Event: 250.239 Thread 0x000001b6611264d0 nmethod 10885 0x000001b635edc710 code [0x000001b635edcb20, 0x000001b635edeb88]
Event: 250.239 Thread 0x000001b6611264d0 10883       3       java.lang.invoke.LambdaFormEditor$TransformKey::of (95 bytes)
Event: 250.240 Thread 0x000001b6611264d0 nmethod 10883 0x000001b635edf610 code [0x000001b635edf820, 0x000001b635edfee0]
Event: 250.240 Thread 0x000001b6611264d0 10886       3       java.lang.invoke.LambdaForm$DMH/0x000001b6495f9000::invokeStatic (36 bytes)
Event: 250.241 Thread 0x000001b661121410 nmethod 10879 0x000001b63cd2f090 code [0x000001b63cd2f240, 0x000001b63cd2f6f0]
Event: 250.241 Thread 0x000001b661121410 10882       4       java.lang.invoke.DirectMethodHandle$Holder::invokeStatic (20 bytes)
Event: 250.241 Thread 0x000001b6611264d0 nmethod 10886 0x000001b635ee0210 code [0x000001b635ee03e0, 0x000001b635ee09a8]
Event: 250.241 Thread 0x000001b6611264d0 10887       3       java.lang.invoke.BoundMethodHandle$Species_LLLLILLLLL::make (28 bytes)
Event: 250.241 Thread 0x000001b6611264d0 nmethod 10887 0x000001b635ee0b10 code [0x000001b635ee0cc0, 0x000001b635ee0ee8]
Event: 250.242 Thread 0x000001b661121410 nmethod 10882 0x000001b63cd2fa10 code [0x000001b63cd2fba0, 0x000001b63cd2fca0]
Event: 250.460 Thread 0x000001b661121410 10888       4       java.lang.invoke.DelegatingMethodHandle::makeReinvokerForm (326 bytes)
Event: 250.596 Thread 0x000001b6611264d0 10889       1       groovy.lang.MetaClassImpl$MethodIndexAction::skipClass (2 bytes)
Event: 250.596 Thread 0x000001b6611264d0 nmethod 10889 0x000001b63cd2fd90 code [0x000001b63cd2ff20, 0x000001b63cd2ffe8]
Event: 250.790 Thread 0x000001b6611264d0 10891       3       jdk.internal.org.objectweb.asm.Frame::execute (2305 bytes)
Event: 250.819 Thread 0x000001b6611264d0 nmethod 10891 0x000001b635ee1010 code [0x000001b635ee1e60, 0x000001b635ee8628]
Event: 250.828 Thread 0x000001b6611264d0 10892       3       java.lang.invoke.LambdaForm$MH/0x000001b6495dd000::invoke (25 bytes)
Event: 250.828 Thread 0x000001b6611264d0 nmethod 10892 0x000001b635eea290 code [0x000001b635eea460, 0x000001b635eea8d8]
Event: 250.828 Thread 0x000001b6611264d0 10893       3       java.lang.invoke.DirectMethodHandle$Holder::invokeStatic (15 bytes)
Event: 250.828 Thread 0x000001b6611264d0 nmethod 10893 0x000001b635eeaa10 code [0x000001b635eeabe0, 0x000001b635eeb088]

GC Heap History (20 events):
Event: 7.476 GC heap before
{Heap before GC invocations=0 (full 0):
 garbage-first heap   total 262144K, used 26624K [0x00000000e0000000, 0x0000000100000000)
  region size 1024K, 23 young (23552K), 0 survivors (0K)
 Metaspace       used 2976K, committed 3072K, reserved 393216K
  class space    used 341K, committed 384K, reserved 327680K
}
Event: 7.527 GC heap after
{Heap after GC invocations=1 (full 0):
 garbage-first heap   total 262144K, used 10924K [0x00000000e0000000, 0x0000000100000000)
  region size 1024K, 3 young (3072K), 3 survivors (3072K)
 Metaspace       used 2976K, committed 3072K, reserved 393216K
  class space    used 341K, committed 384K, reserved 327680K
}
Event: 10.419 GC heap before
{Heap before GC invocations=1 (full 0):
 garbage-first heap   total 262144K, used 41644K [0x00000000e0000000, 0x0000000100000000)
  region size 1024K, 31 young (31744K), 3 survivors (3072K)
 Metaspace       used 4658K, committed 4864K, reserved 393216K
  class space    used 571K, committed 704K, reserved 327680K
}
Event: 10.423 GC heap after
{Heap after GC invocations=2 (full 0):
 garbage-first heap   total 262144K, used 15033K [0x00000000e0000000, 0x0000000100000000)
  region size 1024K, 3 young (3072K), 3 survivors (3072K)
 Metaspace       used 4658K, committed 4864K, reserved 393216K
  class space    used 571K, committed 704K, reserved 327680K
}
Event: 26.473 GC heap before
{Heap before GC invocations=2 (full 0):
 garbage-first heap   total 262144K, used 107193K [0x00000000e0000000, 0x0000000100000000)
  region size 1024K, 93 young (95232K), 3 survivors (3072K)
 Metaspace       used 18546K, committed 19136K, reserved 393216K
  class space    used 2494K, committed 2752K, reserved 327680K
}
Event: 26.503 GC heap after
{Heap after GC invocations=3 (full 0):
 garbage-first heap   total 262144K, used 23237K [0x00000000e0000000, 0x0000000100000000)
  region size 1024K, 11 young (11264K), 11 survivors (11264K)
 Metaspace       used 18546K, committed 19136K, reserved 393216K
  class space    used 2494K, committed 2752K, reserved 327680K
}
Event: 27.350 GC heap before
{Heap before GC invocations=3 (full 0):
 garbage-first heap   total 262144K, used 40645K [0x00000000e0000000, 0x0000000100000000)
  region size 1024K, 29 young (29696K), 11 survivors (11264K)
 Metaspace       used 20880K, committed 21504K, reserved 393216K
  class space    used 2876K, committed 3136K, reserved 327680K
}
Event: 27.361 GC heap after
{Heap after GC invocations=4 (full 0):
 garbage-first heap   total 262144K, used 24875K [0x00000000e0000000, 0x0000000100000000)
  region size 1024K, 2 young (2048K), 2 survivors (2048K)
 Metaspace       used 20880K, committed 21504K, reserved 393216K
  class space    used 2876K, committed 3136K, reserved 327680K
}
Event: 33.294 GC heap before
{Heap before GC invocations=5 (full 0):
 garbage-first heap   total 262144K, used 127275K [0x00000000e0000000, 0x0000000100000000)
  region size 1024K, 102 young (104448K), 2 survivors (2048K)
 Metaspace       used 34631K, committed 35968K, reserved 393216K
  class space    used 4822K, committed 5504K, reserved 327680K
}
Event: 33.301 GC heap after
{Heap after GC invocations=6 (full 0):
 garbage-first heap   total 262144K, used 30252K [0x00000000e0000000, 0x0000000100000000)
  region size 1024K, 8 young (8192K), 8 survivors (8192K)
 Metaspace       used 34631K, committed 35968K, reserved 393216K
  class space    used 4822K, committed 5504K, reserved 327680K
}
Event: 33.579 GC heap before
{Heap before GC invocations=6 (full 0):
 garbage-first heap   total 262144K, used 31276K [0x00000000e0000000, 0x0000000100000000)
  region size 1024K, 10 young (10240K), 8 survivors (8192K)
 Metaspace       used 34970K, committed 36288K, reserved 393216K
  class space    used 4843K, committed 5504K, reserved 327680K
}
Event: 33.587 GC heap after
{Heap after GC invocations=7 (full 0):
 garbage-first heap   total 262144K, used 30655K [0x00000000e0000000, 0x0000000100000000)
  region size 1024K, 8 young (8192K), 8 survivors (8192K)
 Metaspace       used 34970K, committed 36288K, reserved 393216K
  class space    used 4843K, committed 5504K, reserved 327680K
}
Event: 33.663 GC heap before
{Heap before GC invocations=7 (full 0):
 garbage-first heap   total 262144K, used 32703K [0x00000000e0000000, 0x0000000100000000)
  region size 1024K, 11 young (11264K), 8 survivors (8192K)
 Metaspace       used 35264K, committed 36608K, reserved 393216K
  class space    used 4883K, committed 5568K, reserved 327680K
}
Event: 33.668 GC heap after
{Heap after GC invocations=8 (full 0):
 garbage-first heap   total 262144K, used 30619K [0x00000000e0000000, 0x0000000100000000)
  region size 1024K, 8 young (8192K), 8 survivors (8192K)
 Metaspace       used 35264K, committed 36608K, reserved 393216K
  class space    used 4883K, committed 5568K, reserved 327680K
}
Event: 73.451 GC heap before
{Heap before GC invocations=9 (full 0):
 garbage-first heap   total 262144K, used 179099K [0x00000000e0000000, 0x0000000100000000)
  region size 1024K, 153 young (156672K), 8 survivors (8192K)
 Metaspace       used 49780K, committed 51776K, reserved 393216K
  class space    used 7210K, committed 8192K, reserved 327680K
}
Event: 73.463 GC heap after
{Heap after GC invocations=10 (full 0):
 garbage-first heap   total 262144K, used 38277K [0x00000000e0000000, 0x0000000100000000)
  region size 1024K, 15 young (15360K), 15 survivors (15360K)
 Metaspace       used 49780K, committed 51776K, reserved 393216K
  class space    used 7210K, committed 8192K, reserved 327680K
}
Event: 96.917 GC heap before
{Heap before GC invocations=10 (full 0):
 garbage-first heap   total 262144K, used 179589K [0x00000000e0000000, 0x0000000100000000)
  region size 1024K, 153 young (156672K), 15 survivors (15360K)
 Metaspace       used 57561K, committed 59776K, reserved 393216K
  class space    used 8332K, committed 9472K, reserved 327680K
}
Event: 96.934 GC heap after
{Heap after GC invocations=11 (full 0):
 garbage-first heap   total 262144K, used 49411K [0x00000000e0000000, 0x0000000100000000)
  region size 1024K, 20 young (20480K), 20 survivors (20480K)
 Metaspace       used 57561K, committed 59776K, reserved 393216K
  class space    used 8332K, committed 9472K, reserved 327680K
}
Event: 101.783 GC heap before
{Heap before GC invocations=11 (full 0):
 garbage-first heap   total 262144K, used 150787K [0x00000000e0000000, 0x0000000100000000)
  region size 1024K, 120 young (122880K), 20 survivors (20480K)
 Metaspace       used 58864K, committed 61120K, reserved 393216K
  class space    used 8446K, committed 9600K, reserved 327680K
}
Event: 101.799 GC heap after
{Heap after GC invocations=12 (full 0):
 garbage-first heap   total 262144K, used 50694K [0x00000000e0000000, 0x0000000100000000)
  region size 1024K, 13 young (13312K), 13 survivors (13312K)
 Metaspace       used 58864K, committed 61120K, reserved 393216K
  class space    used 8446K, committed 9600K, reserved 327680K
}

Dll operation events (15 events):
Event: 0.039 Loaded shared library D:\javar\bin\java.dll
Event: 4.310 Loaded shared library D:\javar\bin\jsvml.dll
Event: 4.433 Loaded shared library D:\javar\bin\zip.dll
Event: 4.438 Loaded shared library D:\javar\bin\instrument.dll
Event: 4.447 Loaded shared library D:\javar\bin\net.dll
Event: 4.451 Loaded shared library D:\javar\bin\nio.dll
Event: 4.458 Loaded shared library D:\javar\bin\zip.dll
Event: 5.155 Loaded shared library D:\javar\bin\jimage.dll
Event: 7.185 Loaded shared library D:\javar\bin\verify.dll
Event: 7.267 Loaded shared library C:\Users\hieun\.gradle\native\660c5614fbf4a5f2a75b1949f50a0caf5cd603558e7d8a26e50b933a0cfb79d1\windows-amd64\native-platform.dll
Event: 7.291 Loaded shared library C:\Users\hieun\.gradle\native\0.2.8\x86_64-windows-gnu\gradle-fileevents.dll
Event: 12.689 Loaded shared library D:\javar\bin\management.dll
Event: 12.695 Loaded shared library D:\javar\bin\management_ext.dll
Event: 13.191 Loaded shared library D:\javar\bin\extnet.dll
Event: 15.940 Loaded shared library D:\javar\bin\sunmscapi.dll

Deoptimization events (20 events):
Event: 201.860 Thread 0x000001b6623777c0 Uncommon trap: trap_request=0xffffff76 fr.pc=0x000001b63ccf9d18 relative=0x0000000000000dd8
Event: 201.860 Thread 0x000001b6623777c0 Uncommon trap: reason=predicate action=maybe_recompile pc=0x000001b63ccf9d18 method=java.util.ComparableTimSort.binarySort([Ljava/lang/Object;III)V @ 34 c2
Event: 201.860 Thread 0x000001b6623777c0 DEOPT PACKING pc=0x000001b63ccf9d18 sp=0x00000066394f6ba0
Event: 201.860 Thread 0x000001b6623777c0 DEOPT UNPACKING pc=0x000001b63c1c46a2 sp=0x00000066394f6b88 mode 2
Event: 202.692 Thread 0x000001b6623777c0 DEOPT PACKING pc=0x000001b635811c8e sp=0x00000066394f80a0
Event: 202.692 Thread 0x000001b6623777c0 DEOPT UNPACKING pc=0x000001b63c1c4e42 sp=0x00000066394f7588 mode 0
Event: 204.377 Thread 0x000001b6623777c0 DEOPT PACKING pc=0x000001b635064422 sp=0x00000066394f7010
Event: 204.377 Thread 0x000001b6623777c0 DEOPT UNPACKING pc=0x000001b63c1c4e42 sp=0x00000066394f64d0 mode 0
Event: 249.647 Thread 0x000001b666933790 Uncommon trap: trap_request=0xffffffc6 fr.pc=0x000001b63cbebba8 relative=0x0000000000001048
Event: 249.647 Thread 0x000001b666933790 Uncommon trap: reason=bimorphic_or_optimized_type_check action=maybe_recompile pc=0x000001b63cbebba8 method=org.gradle.internal.snapshot.DirectorySnapshot.accept(Lorg/gradle/internal/snapshot/FileSystemSnapshotHierarchyVisitor;)Lorg/gradle/internal/snapsh
Event: 249.647 Thread 0x000001b666933790 DEOPT PACKING pc=0x000001b63cbebba8 sp=0x000000663b1fe950
Event: 249.647 Thread 0x000001b666933790 DEOPT UNPACKING pc=0x000001b63c1c46a2 sp=0x000000663b1fe930 mode 2
Event: 250.777 Thread 0x000001b6623777c0 Uncommon trap: trap_request=0xffffff45 fr.pc=0x000001b63c8d67b8 relative=0x0000000000000538
Event: 250.777 Thread 0x000001b6623777c0 Uncommon trap: reason=unstable_if action=reinterpret pc=0x000001b63c8d67b8 method=java.lang.invoke.MethodType.insertParameterTypes(I[Ljava/lang/Class;)Ljava/lang/invoke/MethodType; @ 48 c2
Event: 250.777 Thread 0x000001b6623777c0 DEOPT PACKING pc=0x000001b63c8d67b8 sp=0x00000066394f7810
Event: 250.778 Thread 0x000001b6623777c0 DEOPT UNPACKING pc=0x000001b63c1c46a2 sp=0x00000066394f77c8 mode 2
Event: 250.788 Thread 0x000001b6623777c0 Uncommon trap: trap_request=0xffffff45 fr.pc=0x000001b63c84a3c0 relative=0x00000000000008c0
Event: 250.789 Thread 0x000001b6623777c0 Uncommon trap: reason=unstable_if action=reinterpret pc=0x000001b63c84a3c0 method=jdk.internal.org.objectweb.asm.Frame.execute(IILjdk/internal/org/objectweb/asm/Symbol;Ljdk/internal/org/objectweb/asm/SymbolTable;)V @ 1249 c2
Event: 250.789 Thread 0x000001b6623777c0 DEOPT PACKING pc=0x000001b63c84a3c0 sp=0x00000066394f7250
Event: 250.790 Thread 0x000001b6623777c0 DEOPT UNPACKING pc=0x000001b63c1c46a2 sp=0x00000066394f71d0 mode 2

Classes loaded (20 events):
Event: 102.093 Loading class sun/nio/fs/WindowsSecurity
Event: 102.097 Loading class sun/nio/fs/WindowsSecurity done
Event: 102.105 Loading class sun/nio/fs/WindowsSecurity$Privilege
Event: 102.105 Loading class sun/nio/fs/WindowsSecurity$Privilege done
Event: 102.107 Loading class sun/nio/fs/WindowsAclFileAttributeView
Event: 102.109 Loading class sun/nio/fs/AbstractAclFileAttributeView
Event: 102.142 Loading class java/nio/file/attribute/AclFileAttributeView
Event: 102.142 Loading class java/nio/file/attribute/FileOwnerAttributeView
Event: 102.143 Loading class java/nio/file/attribute/FileOwnerAttributeView done
Event: 102.143 Loading class java/nio/file/attribute/AclFileAttributeView done
Event: 102.143 Loading class sun/nio/fs/AbstractAclFileAttributeView done
Event: 102.143 Loading class sun/nio/fs/WindowsAclFileAttributeView done
Event: 102.294 Loading class java/util/Collections$EmptyListIterator
Event: 102.300 Loading class java/util/Collections$EmptyListIterator done
Event: 250.257 Loading class java/util/AbstractList$RandomAccessSubList
Event: 250.262 Loading class java/util/AbstractList$SubList
Event: 250.267 Loading class java/util/AbstractList$SubList done
Event: 250.267 Loading class java/util/AbstractList$RandomAccessSubList done
Event: 250.268 Loading class java/util/AbstractList$SubList$1
Event: 250.268 Loading class java/util/AbstractList$SubList$1 done

Classes unloaded (0 events):
No events

Classes redefined (0 events):
No events

Internal exceptions (20 events):
Event: 192.338 Thread 0x000001b6623777c0 Exception <a 'sun/nio/fs/WindowsException'{0x00000000ec45d630}> (0x00000000ec45d630) 
thrown [s\open\src\hotspot\share\prims\jni.cpp, line 520]
Event: 192.338 Thread 0x000001b6623777c0 Exception <a 'sun/nio/fs/WindowsException'{0x00000000ec45ead8}> (0x00000000ec45ead8) 
thrown [s\open\src\hotspot\share\prims\jni.cpp, line 520]
Event: 192.339 Thread 0x000001b6623777c0 Exception <a 'sun/nio/fs/WindowsException'{0x00000000ec45fb78}> (0x00000000ec45fb78) 
thrown [s\open\src\hotspot\share\prims\jni.cpp, line 520]
Event: 193.871 Thread 0x000001b6623777c0 Exception <a 'java/lang/ClassNotFoundException'{0x00000000ec4f2998}: org/gradle/configuration/internal/DefaultListenerBuildOperationDecorator$BuildOperationEmittingClosureBeanInfo> (0x00000000ec4f2998) 
thrown [s\open\src\hotspot\share\classfile\systemDictionary.cpp, line 313]
Event: 193.928 Thread 0x000001b6623777c0 Exception <a 'java/lang/ClassNotFoundException'{0x00000000ec312fa0}: org/gradle/configuration/internal/DefaultListenerBuildOperationDecorator$BuildOperationEmittingClosureCustomizer> (0x00000000ec312fa0) 
thrown [s\open\src\hotspot\share\classfile\systemDictionary.cpp, line 313]
Event: 204.414 Thread 0x000001b6623777c0 Exception <a 'java/lang/NoClassDefFoundError'{0x00000000eb82e970}: org/jetbrains/kotlin/gradle/plugin/KotlinPluginWrapper> (0x00000000eb82e970) 
thrown [s\open\src\hotspot\share\classfile\systemDictionary.cpp, line 302]
Event: 204.414 Thread 0x000001b6623777c0 Exception <a 'java/lang/NoClassDefFoundError'{0x00000000eb832880}: org/graalvm/buildtools/gradle/NativeImagePlugin> (0x00000000eb832880) 
thrown [s\open\src\hotspot\share\classfile\systemDictionary.cpp, line 302]
Event: 204.415 Thread 0x000001b6623777c0 Exception <a 'java/lang/NoClassDefFoundError'{0x00000000eb836d50}: org/cyclonedx/gradle/CyclonedxPlugin> (0x00000000eb836d50) 
thrown [s\open\src\hotspot\share\classfile\systemDictionary.cpp, line 302]
Event: 204.415 Thread 0x000001b6623777c0 Exception <a 'java/lang/NoClassDefFoundError'{0x00000000eb83ac10}: com/google/protobuf/gradle/ProtobufPlugin> (0x00000000eb83ac10) 
thrown [s\open\src\hotspot\share\classfile\systemDictionary.cpp, line 302]
Event: 204.799 Thread 0x000001b6623777c0 Exception <a 'java/lang/ClassNotFoundException'{0x00000000eb7cd1d0}: io/spring/gradle/dependencymanagement/internal/dsl/StandardDependencyManagementExtensionBeanInfo> (0x00000000eb7cd1d0) 
thrown [s\open\src\hotspot\share\classfile\systemDictionary.cpp, line 313]
Event: 204.845 Thread 0x000001b6623777c0 Exception <a 'java/lang/ClassNotFoundException'{0x00000000eb7d4250}: io/spring/gradle/dependencymanagement/internal/dsl/StandardDependencyManagementExtensionCustomizer> (0x00000000eb7d4250) 
thrown [s\open\src\hotspot\share\classfile\systemDictionary.cpp, line 313]
Event: 205.554 Thread 0x000001b6623777c0 Exception <a 'java/lang/ClassNotFoundException'{0x00000000eb571c80}: io/spring/gradle/dependencymanagement/internal/dsl/StandardImportsHandlerBeanInfo> (0x00000000eb571c80) 
thrown [s\open\src\hotspot\share\classfile\systemDictionary.cpp, line 313]
Event: 205.564 Thread 0x000001b6623777c0 Exception <a 'java/lang/ClassNotFoundException'{0x00000000eb5798d0}: io/spring/gradle/dependencymanagement/internal/dsl/StandardImportsHandlerCustomizer> (0x00000000eb5798d0) 
thrown [s\open\src\hotspot\share\classfile\systemDictionary.cpp, line 313]
Event: 250.037 Thread 0x000001b6623777c0 Exception <a 'java/lang/ClassNotFoundException'{0x00000000eaf007e0}: build_8r7rutrl5mmpfq1vb4iuckl9kBeanInfo> (0x00000000eaf007e0) 
thrown [s\open\src\hotspot\share\classfile\systemDictionary.cpp, line 313]
Event: 250.047 Thread 0x000001b6623777c0 Exception <a 'java/lang/ClassNotFoundException'{0x00000000eaf07818}: build_8r7rutrl5mmpfq1vb4iuckl9kCustomizer> (0x00000000eaf07818) 
thrown [s\open\src\hotspot\share\classfile\systemDictionary.cpp, line 313]
Event: 250.340 Thread 0x000001b6623777c0 Exception <a 'java/lang/ClassNotFoundException'{0x00000000eafb7a28}: groovy/lang/ReferenceBeanInfo> (0x00000000eafb7a28) 
thrown [s\open\src\hotspot\share\classfile\systemDictionary.cpp, line 313]
Event: 250.344 Thread 0x000001b6623777c0 Exception <a 'java/lang/ClassNotFoundException'{0x00000000eafc2ce0}: groovy/lang/ReferenceCustomizer> (0x00000000eafc2ce0) 
thrown [s\open\src\hotspot\share\classfile\systemDictionary.cpp, line 313]
Event: 250.586 Thread 0x000001b6623777c0 Exception <a 'java/lang/NoSuchMethodError'{0x00000000eafdbb80}: 'int java.lang.invoke.Invokers$Holder.linkToCallSite(java.lang.Object, java.lang.Object)'> (0x00000000eafdbb80) 
thrown [s\open\src\hotspot\share\interpreter\linkResolver.cpp, line 773]
Event: 250.599 Thread 0x000001b6623777c0 Exception <a 'java/lang/ClassNotFoundException'{0x00000000eaff5558}: org/codehaus/groovy/runtime/NullObjectBeanInfo> (0x00000000eaff5558) 
thrown [s\open\src\hotspot\share\classfile\systemDictionary.cpp, line 313]
Event: 250.605 Thread 0x000001b6623777c0 Exception <a 'java/lang/ClassNotFoundException'{0x00000000eae00ed8}: org/codehaus/groovy/runtime/NullObjectCustomizer> (0x00000000eae00ed8) 
thrown [s\open\src\hotspot\share\classfile\systemDictionary.cpp, line 313]

ZGC Phase Switch (0 events):
No events

VM Operations (20 events):
Event: 202.148 Executing VM operation: Cleanup
Event: 202.160 Executing VM operation: Cleanup done
Event: 203.160 Executing VM operation: Cleanup
Event: 203.188 Executing VM operation: Cleanup done
Event: 204.192 Executing VM operation: Cleanup
Event: 204.204 Executing VM operation: Cleanup done
Event: 205.218 Executing VM operation: Cleanup
Event: 205.234 Executing VM operation: Cleanup done
Event: 206.241 Executing VM operation: Cleanup
Event: 206.241 Executing VM operation: Cleanup done
Event: 229.360 Executing VM operation: Cleanup
Event: 229.360 Executing VM operation: Cleanup done
Event: 240.404 Executing VM operation: HandshakeAllThreads (HandshakeForDeflation)
Event: 240.404 Executing VM operation: HandshakeAllThreads (HandshakeForDeflation) done
Event: 240.404 Executing VM operation: RendezvousGCThreads
Event: 240.404 Executing VM operation: RendezvousGCThreads done
Event: 250.485 Executing VM operation: Cleanup
Event: 250.571 Executing VM operation: Cleanup done
Event: 251.585 Executing VM operation: Cleanup
Event: 251.585 Executing VM operation: Cleanup done

Events (20 events):
Event: 169.997 Thread 0x000001b6675df0d0 Thread exited: 0x000001b6675df0d0
Event: 170.098 Thread 0x000001b666929380 Thread exited: 0x000001b666929380
Event: 170.112 Thread 0x000001b6622ed8c0 Thread exited: 0x000001b6622ed8c0
Event: 170.146 Thread 0x000001b665652250 Thread exited: 0x000001b665652250
Event: 185.328 Thread 0x000001b6623f5010 Thread exited: 0x000001b6623f5010
Event: 187.084 Thread 0x000001b66692bae0 Thread added: 0x000001b66692bae0
Event: 187.085 Thread 0x000001b666928cf0 Thread added: 0x000001b666928cf0
Event: 201.561 Thread 0x000001b66692a730 Thread added: 0x000001b66692a730
Event: 201.561 Thread 0x000001b66692c170 Thread added: 0x000001b66692c170
Event: 201.562 Thread 0x000001b66692c800 Thread added: 0x000001b66692c800
Event: 201.564 Thread 0x000001b666929380 Thread added: 0x000001b666929380
Event: 201.564 Thread 0x000001b66692ce90 Thread added: 0x000001b66692ce90
Event: 201.564 Thread 0x000001b666929a10 Thread added: 0x000001b666929a10
Event: 201.565 Thread 0x000001b6669323e0 Thread added: 0x000001b6669323e0
Event: 201.565 Thread 0x000001b666931030 Thread added: 0x000001b666931030
Event: 201.566 Thread 0x000001b6669316c0 Thread added: 0x000001b6669316c0
Event: 201.567 Thread 0x000001b666931d50 Thread added: 0x000001b666931d50
Event: 201.568 Thread 0x000001b666933100 Thread added: 0x000001b666933100
Event: 201.863 Thread 0x000001b66692fc80 Thread added: 0x000001b66692fc80
Event: 249.643 Thread 0x000001b666933790 Thread added: 0x000001b666933790


Dynamic libraries:
0x00007ff64cc80000 - 0x00007ff64cc90000 	D:\javar\bin\java.exe
0x00007ffae01e0000 - 0x00007ffae0446000 	C:\Windows\SYSTEM32\ntdll.dll
0x00007ffadf780000 - 0x00007ffadf849000 	C:\Windows\System32\KERNEL32.DLL
0x00007ffadd630000 - 0x00007ffadda2f000 	C:\Windows\System32\KERNELBASE.dll
0x00007ffada250000 - 0x00007ffada2ef000 	C:\Windows\SYSTEM32\apphelp.dll
0x00007ffadd3f0000 - 0x00007ffadd53c000 	C:\Windows\System32\ucrtbase.dll
0x00007ffab0810000 - 0x00007ffab0829000 	D:\javar\bin\jli.dll
0x00007ffadec80000 - 0x00007ffaded3c000 	C:\Windows\System32\ADVAPI32.dll
0x00007ffadf510000 - 0x00007ffadf5b9000 	C:\Windows\System32\msvcrt.dll
0x00007ffadfe10000 - 0x00007ffadfeba000 	C:\Windows\System32\sechost.dll
0x00007ffadfa60000 - 0x00007ffadfb78000 	C:\Windows\System32\RPCRT4.dll
0x00007ffac9ac0000 - 0x00007ffac9ade000 	D:\javar\bin\VCRUNTIME140.dll
0x00007ffadfb80000 - 0x00007ffadfd46000 	C:\Windows\System32\USER32.dll
0x00007ffadd600000 - 0x00007ffadd627000 	C:\Windows\System32\win32u.dll
0x00007ffac7080000 - 0x00007ffac7311000 	C:\Windows\WinSxS\amd64_microsoft.windows.common-controls_6595b64144ccf1df_6.0.26100.8972_none_3e0da176e32f9d4b\COMCTL32.dll
0x00007ffaded50000 - 0x00007ffaded7b000 	C:\Windows\System32\GDI32.dll
0x00007ffaddde0000 - 0x00007ffaddf09000 	C:\Windows\System32\gdi32full.dll
0x00007ffadd550000 - 0x00007ffadd5f3000 	C:\Windows\System32\msvcp_win.dll
0x00007ffad46c0000 - 0x00007ffad46cb000 	C:\Windows\SYSTEM32\VERSION.dll
0x00007ffadfdd0000 - 0x00007ffadfe02000 	C:\Windows\System32\IMM32.DLL
0x00007ffad2b70000 - 0x00007ffad2b7c000 	D:\javar\bin\vcruntime140_1.dll
0x00007ffa7a7d0000 - 0x00007ffa7a85d000 	D:\javar\bin\msvcp140.dll
0x00007ffa3d4d0000 - 0x00007ffa3e1f8000 	D:\javar\bin\server\jvm.dll
0x00007ffadf6f0000 - 0x00007ffadf772000 	C:\Windows\System32\WS2_32.dll
0x00007ffadd250000 - 0x00007ffadd2ae000 	C:\Windows\SYSTEM32\POWRPROF.dll
0x00007ffad3e20000 - 0x00007ffad3e56000 	C:\Windows\SYSTEM32\WINMM.dll
0x00007ffadd230000 - 0x00007ffadd245000 	C:\Windows\SYSTEM32\UMPDC.dll
0x00007ffadc0e0000 - 0x00007ffadc0fb000 	C:\Windows\SYSTEM32\kernel.appcore.dll
0x00007ffad17a0000 - 0x00007ffad17aa000 	D:\javar\bin\jimage.dll
0x00007ffad2be0000 - 0x00007ffad2e22000 	C:\Windows\SYSTEM32\DBGHELP.DLL
0x00007ffade0d0000 - 0x00007ffade455000 	C:\Windows\System32\combase.dll
0x00007ffade470000 - 0x00007ffade549000 	C:\Windows\System32\OLEAUT32.dll
0x00007ffab7310000 - 0x00007ffab734b000 	C:\Windows\SYSTEM32\dbgcore.DLL
0x00007ffadda40000 - 0x00007ffaddaec000 	C:\Windows\System32\bcryptPrimitives.dll
0x00007ffac5920000 - 0x00007ffac5930000 	D:\javar\bin\instrument.dll
0x00007ffa8b7a0000 - 0x00007ffa8b7c1000 	D:\javar\bin\java.dll
0x00007ffaded80000 - 0x00007ffadf508000 	C:\Windows\System32\SHELL32.dll
0x00007ffadae70000 - 0x00007ffadb70b000 	C:\Windows\SYSTEM32\windows.storage.dll
0x00007ffade6c0000 - 0x00007ffade7b9000 	C:\Windows\System32\SHCORE.dll
0x00007ffadf8a0000 - 0x00007ffadf906000 	C:\Windows\System32\shlwapi.dll
0x00007ffadd310000 - 0x00007ffadd339000 	C:\Windows\SYSTEM32\profapi.dll
0x00007ffa4eb90000 - 0x00007ffa4ec67000 	D:\javar\bin\jsvml.dll
0x00007ffab19e0000 - 0x00007ffab19f8000 	D:\javar\bin\zip.dll
0x00007ffac9860000 - 0x00007ffac9871000 	D:\javar\bin\net.dll
0x00007ffad6060000 - 0x00007ffad6188000 	C:\Windows\SYSTEM32\WINHTTP.dll
0x00007ffadc690000 - 0x00007ffadc6fc000 	C:\Windows\system32\mswsock.dll
0x00007ffab5560000 - 0x00007ffab5576000 	D:\javar\bin\nio.dll
0x00007ffabc2d0000 - 0x00007ffabc2e0000 	D:\javar\bin\verify.dll
0x00007ffa7b640000 - 0x00007ffa7b667000 	C:\Users\hieun\.gradle\native\660c5614fbf4a5f2a75b1949f50a0caf5cd603558e7d8a26e50b933a0cfb79d1\windows-amd64\native-platform.dll
0x00007ffa5d800000 - 0x00007ffa5d877000 	C:\Users\hieun\.gradle\native\0.2.8\x86_64-windows-gnu\gradle-fileevents.dll
0x00007ffa95b40000 - 0x00007ffa95b4a000 	D:\javar\bin\management.dll
0x00007ffa8cda0000 - 0x00007ffa8cdac000 	D:\javar\bin\management_ext.dll
0x00007ffade7c0000 - 0x00007ffade7c8000 	C:\Windows\System32\PSAPI.DLL
0x00007ffadbb10000 - 0x00007ffadbb43000 	C:\Windows\SYSTEM32\IPHLPAPI.DLL
0x00007ffade460000 - 0x00007ffade46a000 	C:\Windows\System32\NSI.dll
0x00007ffab3a70000 - 0x00007ffab3a79000 	D:\javar\bin\extnet.dll
0x00007ffadc980000 - 0x00007ffadc99b000 	C:\Windows\SYSTEM32\CRYPTSP.dll
0x00007ffadc040000 - 0x00007ffadc079000 	C:\Windows\system32\rsaenh.dll
0x00007ffadc740000 - 0x00007ffadc772000 	C:\Windows\SYSTEM32\USERENV.dll
0x00007ffadd2e0000 - 0x00007ffadd30a000 	C:\Windows\SYSTEM32\bcrypt.dll
0x00007ffadc9a0000 - 0x00007ffadc9ac000 	C:\Windows\SYSTEM32\CRYPTBASE.dll
0x00007ffab05a0000 - 0x00007ffab05ae000 	D:\javar\bin\sunmscapi.dll
0x00007ffaddb90000 - 0x00007ffaddd0e000 	C:\Windows\System32\CRYPT32.dll
0x00007ffadcbc0000 - 0x00007ffadcbf0000 	C:\Windows\SYSTEM32\ncrypt.dll
0x00007ffadcb70000 - 0x00007ffadcbaf000 	C:\Windows\SYSTEM32\NTASN1.dll
0x00007ffaafcb0000 - 0x00007ffaafcb8000 	C:\Windows\system32\wshunix.dll
0x00007ffadc210000 - 0x00007ffadc246000 	C:\Windows\SYSTEM32\ntmarta.dll

dbghelp: loaded successfully - version: 4.0.5 - missing functions: none
symbol engine: initialized successfully - sym options: 0x614 - pdb path: .;D:\javar\bin;C:\Windows\SYSTEM32;C:\Windows\WinSxS\amd64_microsoft.windows.common-controls_6595b64144ccf1df_6.0.26100.8972_none_3e0da176e32f9d4b;D:\javar\bin\server;C:\Users\hieun\.gradle\native\660c5614fbf4a5f2a75b1949f50a0caf5cd603558e7d8a26e50b933a0cfb79d1\windows-amd64;C:\Users\hieun\.gradle\native\0.2.8\x86_64-windows-gnu

VM Arguments:
jvm_args: --add-opens=java.base/java.lang=ALL-UNNAMED --add-opens=java.base/java.lang.invoke=ALL-UNNAMED --add-opens=java.base/java.util=ALL-UNNAMED --add-opens=java.prefs/java.util.prefs=ALL-UNNAMED --add-exports=jdk.compiler/com.sun.tools.javac.api=ALL-UNNAMED --add-exports=jdk.compiler/com.sun.tools.javac.util=ALL-UNNAMED --add-opens=java.base/java.nio.charset=ALL-UNNAMED --add-opens=java.base/java.net=ALL-UNNAMED --add-opens=java.base/java.util.concurrent=ALL-UNNAMED --add-opens=java.base/java.util.concurrent.atomic=ALL-UNNAMED --add-opens=java.xml/javax.xml.namespace=ALL-UNNAMED --add-opens=java.base/java.time=ALL-UNNAMED -XX:MaxMetaspaceSize=384m -XX:+HeapDumpOnOutOfMemoryError -Xms256m -Xmx512m -Dfile.encoding=UTF-8 -Duser.country=US -Duser.language=en -Duser.variant -javaagent:C:\Users\hieun\.gradle\wrapper\dists\gradle-9.5.1-bin\iq79hdu3mqx29lgffhp8bfmx\gradle-9.5.1\lib\agents\gradle-instrumentation-agent-9.5.1.jar 
java_command: org.gradle.launcher.daemon.bootstrap.GradleDaemon 9.5.1
java_class_path (initial): C:\Users\hieun\.gradle\wrapper\dists\gradle-9.5.1-bin\iq79hdu3mqx29lgffhp8bfmx\gradle-9.5.1\lib\gradle-daemon-main-9.5.1.jar
Launcher Type: SUN_STANDARD

[Global flags]
     intx CICompilerCount                          = 4                                         {product} {ergonomic}
   size_t CompressedClassSpaceSize                 = 335544320                                 {product} {ergonomic}
     uint ConcGCThreads                            = 3                                         {product} {ergonomic}
     uint G1ConcRefinementThreads                  = 10                                        {product} {ergonomic}
   size_t G1HeapRegionSize                         = 1048576                                   {product} {ergonomic}
    uintx GCDrainStackTargetSize                   = 64                                        {product} {ergonomic}
     bool HeapDumpOnOutOfMemoryError               = true                                   {manageable} {command line}
   size_t InitialHeapSize                          = 268435456                                 {product} {command line}
   size_t MarkStackSize                            = 4194304                                   {product} {ergonomic}
   size_t MaxHeapSize                              = 536870912                                 {product} {command line}
   size_t MaxMetaspaceSize                         = 402653184                                 {product} {command line}
   size_t MaxNewSize                               = 321912832                                 {product} {ergonomic}
   size_t MinHeapDeltaBytes                        = 1048576                                   {product} {ergonomic}
   size_t MinHeapSize                              = 268435456                                 {product} {command line}
    uintx NonNMethodCodeHeapSize                   = 5839372                                {pd product} {ergonomic}
    uintx NonProfiledCodeHeapSize                  = 122909434                              {pd product} {ergonomic}
    uintx ProfiledCodeHeapSize                     = 122909434                              {pd product} {ergonomic}
    uintx ReservedCodeCacheSize                    = 251658240                              {pd product} {ergonomic}
     bool SegmentedCodeCache                       = true                                      {product} {ergonomic}
   size_t SoftMaxHeapSize                          = 536870912                              {manageable} {ergonomic}
     bool UseCompressedOops                        = true                           {product lp64_product} {ergonomic}
     bool UseG1GC                                  = true                                      {product} {ergonomic}
     bool UseLargePagesIndividualAllocation        = false                                  {pd product} {ergonomic}

Logging:
Log output configuration:
 #0: stdout all=warning uptime,level,tags foldmultilines=false
 #1: stderr all=off uptime,level,tags foldmultilines=false

Environment Variables:
PATH=C:\Program Files\Common Files\Oracle\Java\javapath;C:\Windows\system32;C:\Windows;C:\Windows\System32\Wbem;C:\Windows\System32\WindowsPowerShell\v1.0\;C:\Windows\System32\OpenSSH\;C:\Program Files (x86)\NVIDIA Corporation\PhysX\Common;C:\Program Files\dotnet\;D:\Git\cmd;C:\Program Files\NVIDIA Corporation\NVIDIA App\NvDLISR;C:\Program Files\Docker\Docker\resources\bin;C:\ProgramData\chocolatey\bin;D:\node js\;C:\Users\hieun\AppData\Local\Programs\Python\Launcher\;C:\Users\hieun\AppData\Local\Microsoft\WindowsApps;D:\Microsoft VS Code\bin;C:\Users\hieun\AppData\Roaming\npm
USERNAME=hieun
OS=Windows_NT
PROCESSOR_IDENTIFIER=AMD64 Family 25 Model 68 Stepping 1, AuthenticAMD
TMP=C:\Users\hieun\AppData\Local\Temp
TEMP=C:\Users\hieun\AppData\Local\Temp




Periodic native trim disabled

---------------  S Y S T E M  ---------------

OS:
 Windows 11 , 64 bit Build 26100 (10.0.26100.9168)
OS uptime: 4 days 9:45 hours
Hyper-V role detected

CPU: total 12 (initial active 12) (12 cores per cpu, 2 threads per core) family 25 model 68 stepping 1 microcode 0xa404107, cx8, cmov, fxsr, ht, mmx, 3dnowpref, sse, sse2, sse3, ssse3, sse4a, sse4.1, sse4.2, popcnt, lzcnt, tsc, tscinvbit, avx, avx2, aes, erms, clmul, bmi1, bmi2, adx, sha, fma, vzeroupper, clflush, clflushopt, hv, rdtscp, rdpid, fsrm, f16c, cet_ss
Processor Information for all 12 processors :
  Max Mhz: 3301, Current Mhz: 3301, Mhz Limit: 3301

Memory: 4k page, system-wide physical 15690M (425M free)
TotalPageFile size 48779M (AvailPageFile size 75M)
current process WorkingSet (physical memory assigned to process): 159M, peak: 387M
current process commit charge ("private bytes"): 513M, peak: 525M

vm_info: Java HotSpot(TM) 64-Bit Server VM (21.0.11+9-LTS-211) for windows-amd64 JRE (21.0.11+9-LTS-211), built on 2026-03-11T00:23:15Z by "mach5run" with MS VC++ 17.13 (VS2022)

END.
