#
# There is insufficient memory for the Java Runtime Environment to continue.
# Native memory allocation (malloc) failed to allocate 32744 bytes for Chunk::new
# Possible reasons:
#   The system is out of physical RAM or swap space
#   The process is running with CompressedOops enabled, and the Java Heap may be blocking the growth of the native heap
# Possible solutions:
#   Reduce memory load on the system
#   Increase physical memory or swap space
#   Check if swap backing store is full
#   Decrease Java heap size (-Xmx/-Xms)
#   Decrease number of Java threads
#   Decrease Java thread stack sizes (-Xss)
#   Set larger code cache with -XX:ReservedCodeCacheSize=
#   JVM is running with Unscaled Compressed Oops mode in which the Java heap is
#     placed in the first 4GB address space. The Java Heap base address is the
#     maximum limit for the native heap growth. Please use -XX:HeapBaseMinAddress
#     to set the Java Heap base and to place the Java Heap above 4GB virtual address.
# This output file may be truncated or incomplete.
#
#  Out of Memory Error (arena.cpp:168), pid=44628, tid=28132
#
# JRE version: Java(TM) SE Runtime Environment (21.0.11+9) (build 21.0.11+9-LTS-211)
# Java VM: Java HotSpot(TM) 64-Bit Server VM (21.0.11+9-LTS-211, mixed mode, sharing, tiered, compressed oops, compressed class ptrs, g1 gc, windows-amd64)
# No core dump will be written. Minidumps are not enabled by default on client versions of Windows
#

---------------  S U M M A R Y ------------

Command Line: --add-opens=java.base/java.lang=ALL-UNNAMED --add-opens=java.base/java.lang.invoke=ALL-UNNAMED --add-opens=java.base/java.util=ALL-UNNAMED --add-opens=java.prefs/java.util.prefs=ALL-UNNAMED --add-exports=jdk.compiler/com.sun.tools.javac.api=ALL-UNNAMED --add-exports=jdk.compiler/com.sun.tools.javac.util=ALL-UNNAMED --add-opens=java.base/java.nio.charset=ALL-UNNAMED --add-opens=java.base/java.net=ALL-UNNAMED --add-opens=java.base/java.util.concurrent=ALL-UNNAMED --add-opens=java.base/java.util.concurrent.atomic=ALL-UNNAMED --add-opens=java.xml/javax.xml.namespace=ALL-UNNAMED --add-opens=java.base/java.time=ALL-UNNAMED -XX:MaxMetaspaceSize=384m -XX:+HeapDumpOnOutOfMemoryError -Xms256m -Xmx512m -Dfile.encoding=UTF-8 -Duser.country=US -Duser.language=en -Duser.variant -javaagent:C:\Users\hieun\.gradle\wrapper\dists\gradle-9.5.1-bin\iq79hdu3mqx29lgffhp8bfmx\gradle-9.5.1\lib\agents\gradle-instrumentation-agent-9.5.1.jar org.gradle.launcher.daemon.bootstrap.GradleDaemon 9.5.1

Host: AMD Ryzen 5 7535HS with Radeon Graphics        , 12 cores, 15G,  Windows 11 , 64 bit Build 26100 (10.0.26100.9444)
Time: Sat Sep 26 22:25:42 2026 SE Asia Standard Time elapsed time: 137.919561 seconds (0d 0h 2m 17s)

---------------  T H R E A D  ---------------

Current thread (0x000002b2764ed8d0):  JavaThread "C2 CompilerThread0" daemon [_thread_in_native, id=28132, stack(0x000000ed08a00000,0x000000ed08b00000) (1024K)]


Current CompileTask:
C2: 137919 5501       4       org.objectweb.asm.MethodWriter::computeAllFrames (510 bytes)

Stack: [0x000000ed08a00000,0x000000ed08b00000]
Native frames: (J=compiled Java code, j=interpreted, Vv=VM code, C=native code)
V  [jvm.dll+0x6d0ef9]
V  [jvm.dll+0x860126]
V  [jvm.dll+0x86261e]
V  [jvm.dll+0x862cf3]
V  [jvm.dll+0x282bc6]
V  [jvm.dll+0xc67ad]
V  [jvm.dll+0xc6cf1]
V  [jvm.dll+0x3c194d]
V  [jvm.dll+0x3c0f61]
V  [jvm.dll+0x3c0fa4]
V  [jvm.dll+0x5db6db]
V  [jvm.dll+0x5dbe4e]
V  [jvm.dll+0x388351]
V  [jvm.dll+0x38776a]
V  [jvm.dll+0x24b520]
V  [jvm.dll+0x24aaff]
V  [jvm.dll+0x1cae7e]
V  [jvm.dll+0x25a7d9]
V  [jvm.dll+0x258d65]
V  [jvm.dll+0x3f50d1]
V  [jvm.dll+0x80ac0d]
V  [jvm.dll+0x6cf79d]
C  [ucrtbase.dll+0x2cd30]
C  [KERNEL32.DLL+0x2cd87]
C  [ntdll.dll+0xacaec]


---------------  P R O C E S S  ---------------

Threads class SMR info:
_java_thread_list=0x000002b27cf9d780, length=36, elements={
0x000002b25915c060, 0x000002b2764e6740, 0x000002b2764e81b0, 0x000002b2764e8c10,
0x000002b2764e9670, 0x000002b2764ea0d0, 0x000002b2764ecb40, 0x000002b2764ed8d0,
0x000002b2764f2b30, 0x000002b2767c1080, 0x000002b27670f820, 0x000002b27cb88510,
0x000002b27ba6d5b0, 0x000002b27bd7a850, 0x000002b276543260, 0x000002b27b06e960,
0x000002b27b06e2d0, 0x000002b27b06eff0, 0x000002b27cfb1690, 0x000002b27cfb1d20,
0x000002b27cfafc50, 0x000002b27cfae8a0, 0x000002b27cfb02e0, 0x000002b27cfb0970,
0x000002b27cfb1000, 0x000002b27cfb3760, 0x000002b27cfb3df0, 0x000002b27cfb4480,
0x000002b27cfb51a0, 0x000002b27cfb5830, 0x000002b27b06f680, 0x000002b27b06fd10,
0x000002b27b0703a0, 0x000002b27b070a30, 0x000002b27da65700, 0x000002b27da66420
}

Java Threads: ( => current thread )
  0x000002b25915c060 JavaThread "main"                              [_thread_blocked, id=956, stack(0x000000ed07c00000,0x000000ed07d00000) (1024K)]
  0x000002b2764e6740 JavaThread "Reference Handler"          daemon [_thread_blocked, id=412, stack(0x000000ed08400000,0x000000ed08500000) (1024K)]
  0x000002b2764e81b0 JavaThread "Finalizer"                  daemon [_thread_blocked, id=25032, stack(0x000000ed08500000,0x000000ed08600000) (1024K)]
  0x000002b2764e8c10 JavaThread "Signal Dispatcher"          daemon [_thread_blocked, id=11556, stack(0x000000ed08600000,0x000000ed08700000) (1024K)]
  0x000002b2764e9670 JavaThread "Attach Listener"            daemon [_thread_blocked, id=26312, stack(0x000000ed08700000,0x000000ed08800000) (1024K)]
  0x000002b2764ea0d0 JavaThread "Service Thread"             daemon [_thread_blocked, id=18116, stack(0x000000ed08800000,0x000000ed08900000) (1024K)]
  0x000002b2764ecb40 JavaThread "Monitor Deflation Thread"   daemon [_thread_blocked, id=39608, stack(0x000000ed08900000,0x000000ed08a00000) (1024K)]
=>0x000002b2764ed8d0 JavaThread "C2 CompilerThread0"         daemon [_thread_in_native, id=28132, stack(0x000000ed08a00000,0x000000ed08b00000) (1024K)]
  0x000002b2764f2b30 JavaThread "C1 CompilerThread0"         daemon [_thread_blocked, id=41532, stack(0x000000ed08b00000,0x000000ed08c00000) (1024K)]
  0x000002b2767c1080 JavaThread "Common-Cleaner"             daemon [_thread_blocked, id=23488, stack(0x000000ed08c00000,0x000000ed08d00000) (1024K)]
  0x000002b27670f820 JavaThread "Notification Thread"        daemon [_thread_blocked, id=7968, stack(0x000000ed08d00000,0x000000ed08e00000) (1024K)]
  0x000002b27cb88510 JavaThread "Daemon health stats"               [_thread_blocked, id=7520, stack(0x000000ed09300000,0x000000ed09400000) (1024K)]
  0x000002b27ba6d5b0 JavaThread "Incoming local TCP Connector on port 53638"        [_thread_in_native, id=38520, stack(0x000000ed09400000,0x000000ed09500000) (1024K)]
  0x000002b27bd7a850 JavaThread "Daemon periodic checks"            [_thread_in_native, id=5400, stack(0x000000ed09500000,0x000000ed09600000) (1024K)]
  0x000002b276543260 JavaThread "Daemon worker"                     [_thread_in_native, id=43240, stack(0x000000ed07a00000,0x000000ed07b00000) (1024K)]
  0x000002b27b06e960 JavaThread "Daemon Thread 2"                   [_thread_blocked, id=5100, stack(0x000000ed07b00000,0x000000ed07c00000) (1024K)]
  0x000002b27b06e2d0 JavaThread "Handler for socket connection from /127.0.0.1:53638 to /127.0.0.1:53590"        [_thread_in_native, id=22556, stack(0x000000ed09700000,0x000000ed09800000) (1024K)]
  0x000002b27b06eff0 JavaThread "Cancel handler"                    [_thread_blocked, id=6204, stack(0x000000ed09800000,0x000000ed09900000) (1024K)]
  0x000002b27cfb1690 JavaThread "Asynchronous log dispatcher for DefaultDaemonConnection: socket connection from /127.0.0.1:53638 to /127.0.0.1:53590"        [_thread_blocked, id=26204, stack(0x000000ed09b00000,0x000000ed09c00000) (1024K)]
  0x000002b27cfb1d20 JavaThread "Stdin handler"                     [_thread_blocked, id=16296, stack(0x000000ed07900000,0x000000ed07a00000) (1024K)]
  0x000002b27cfafc50 JavaThread "Daemon client event forwarder"        [_thread_blocked, id=37172, stack(0x000000ed09c00000,0x000000ed09d00000) (1024K)]
  0x000002b27cfae8a0 JavaThread "Cache worker for journal cache (C:\Users\hieun\.gradle\caches\journal-1)"        [_thread_blocked, id=35160, stack(0x000000ed09d00000,0x000000ed09e00000) (1024K)]
  0x000002b27cfb02e0 JavaThread "File lock request listener"        [_thread_in_native, id=41164, stack(0x000000ed09e00000,0x000000ed09f00000) (1024K)]
  0x000002b27cfb0970 JavaThread "File lock release action executor"        [_thread_blocked, id=33244, stack(0x000000ed0a000000,0x000000ed0a100000) (1024K)]
  0x000002b27cfb1000 JavaThread "Cache worker for file hash cache (C:\Users\hieun\.gradle\caches\9.5.1\fileHashes)"        [_thread_blocked, id=17012, stack(0x000000ed0a200000,0x000000ed0a300000) (1024K)]
  0x000002b27cfb3760 JavaThread "Cache worker for file hash cache (D:\n1h5-models-backend\.gradle\9.5.1\fileHashes)"        [_thread_blocked, id=3128, stack(0x000000ed0ab00000,0x000000ed0ac00000) (1024K)]
  0x000002b27cfb3df0 JavaThread "Cache worker for Build Output Cleanup Cache (D:\n1h5-models-backend\.gradle\buildOutputCleanup)"        [_thread_blocked, id=25136, stack(0x000000ed0ac00000,0x000000ed0ad00000) (1024K)]
  0x000002b27cfb4480 JavaThread "File watcher server"        daemon [_thread_in_native, id=24908, stack(0x000000ed0ad00000,0x000000ed0ae00000) (1024K)]
  0x000002b27cfb51a0 JavaThread "File watcher consumer"      daemon [_thread_blocked, id=42508, stack(0x000000ed0ae00000,0x000000ed0af00000) (1024K)]
  0x000002b27cfb5830 JavaThread "Cache worker for file content cache (C:\Users\hieun\.gradle\caches\9.5.1\fileContent)"        [_thread_blocked, id=15144, stack(0x000000ed0af00000,0x000000ed0b000000) (1024K)]
  0x000002b27b06f680 JavaThread "Cache worker for checksums cache (D:\n1h5-models-backend\.gradle\9.5.1\checksums)"        [_thread_blocked, id=7956, stack(0x000000ed0b000000,0x000000ed0b100000) (1024K)]
  0x000002b27b06fd10 JavaThread "Cache worker for cache directory md-supplier (C:\Users\hieun\.gradle\caches\9.5.1\md-supplier)"        [_thread_blocked, id=33052, stack(0x000000ed0b100000,0x000000ed0b200000) (1024K)]
  0x000002b27b0703a0 JavaThread "Cache worker for cache directory md-rule (C:\Users\hieun\.gradle\caches\9.5.1\md-rule)"        [_thread_blocked, id=36556, stack(0x000000ed0b200000,0x000000ed0b300000) (1024K)]
  0x000002b27b070a30 JavaThread "jar transforms"                    [_thread_blocked, id=18792, stack(0x000000ed0b300000,0x000000ed0b400000) (1024K)]
  0x000002b27da65700 JavaThread "jar transforms Thread 2"           [_thread_blocked, id=8280, stack(0x000000ed0b400000,0x000000ed0b500000) (1024K)]
  0x000002b27da66420 JavaThread "jar transforms Thread 3"           [_thread_blocked, id=2604, stack(0x000000ed09600000,0x000000ed09700000) (1024K)]
Total: 36

Other Threads:
  0x000002b2763b3fd0 VMThread "VM Thread"                           [id=20196, stack(0x000000ed08300000,0x000000ed08400000) (1024K)]
  0x000002b2763a61f0 WatcherThread "VM Periodic Task Thread"        [id=45744, stack(0x000000ed08200000,0x000000ed08300000) (1024K)]
  0x000002b25b367070 WorkerThread "GC Thread#0"                     [id=22368, stack(0x000000ed07d00000,0x000000ed07e00000) (1024K)]
  0x000002b27b0b1590 WorkerThread "GC Thread#1"                     [id=20568, stack(0x000000ed08e00000,0x000000ed08f00000) (1024K)]
  0x000002b27b0b1940 WorkerThread "GC Thread#2"                     [id=11452, stack(0x000000ed08f00000,0x000000ed09000000) (1024K)]
  0x000002b27b0b1cf0 WorkerThread "GC Thread#3"                     [id=11908, stack(0x000000ed09000000,0x000000ed09100000) (1024K)]
  0x000002b27b0b20a0 WorkerThread "GC Thread#4"                     [id=12512, stack(0x000000ed09100000,0x000000ed09200000) (1024K)]
  0x000002b27b57bbc0 WorkerThread "GC Thread#5"                     [id=40504, stack(0x000000ed09200000,0x000000ed09300000) (1024K)]
  0x000002b27b94fb60 WorkerThread "GC Thread#6"                     [id=17776, stack(0x000000ed0a400000,0x000000ed0a500000) (1024K)]
  0x000002b27b9502c0 WorkerThread "GC Thread#7"                     [id=41248, stack(0x000000ed0a600000,0x000000ed0a700000) (1024K)]
  0x000002b27b950a20 WorkerThread "GC Thread#8"                     [id=37448, stack(0x000000ed0a700000,0x000000ed0a800000) (1024K)]
  0x000002b27dab77a0 WorkerThread "GC Thread#9"                     [id=29604, stack(0x000000ed0a800000,0x000000ed0a900000) (1024K)]
  0x000002b25b36cea0 ConcurrentGCThread "G1 Main Marker"            [id=4360, stack(0x000000ed07e00000,0x000000ed07f00000) (1024K)]
  0x000002b25b36d760 WorkerThread "G1 Conc#0"                       [id=14636, stack(0x000000ed07f00000,0x000000ed08000000) (1024K)]
  0x000002b27dab7f00 WorkerThread "G1 Conc#1"                       [id=21372, stack(0x000000ed0a900000,0x000000ed0aa00000) (1024K)]
  0x000002b27dab82b0 WorkerThread "G1 Conc#2"                       [id=17808, stack(0x000000ed0aa00000,0x000000ed0ab00000) (1024K)]
  0x000002b276270650 ConcurrentGCThread "G1 Refine#0"               [id=34736, stack(0x000000ed08000000,0x000000ed08100000) (1024K)]
  0x000002b276270f80 ConcurrentGCThread "G1 Service"                [id=10984, stack(0x000000ed08100000,0x000000ed08200000) (1024K)]
Total: 18

Threads with active compile tasks:
C2 CompilerThread0   137979 5501       4       org.objectweb.asm.MethodWriter::computeAllFrames (510 bytes)
Total: 1

VM state: not at safepoint (normal execution)

VM Mutex/Monitor currently owned by a thread: None

Heap address: 0x00000000e0000000, size: 512 MB, Compressed Oops mode: 32-bit

CDS archive(s) mapped at: [0x000002b200000000-0x000002b200c90000-0x000002b200c90000), size 13172736, SharedBaseAddress: 0x000002b200000000, ArchiveRelocationMode: 1.
Compressed class space mapped at: 0x000002b201000000-0x000002b215000000, reserved size: 335544320
Narrow klass base: 0x000002b200000000, Narrow klass shift: 0, Narrow klass range: 0x100000000

GC Precious Log:
 CardTable entry size: 512
 Card Set container configuration: InlinePtr #cards 5 size 8 Array Of Cards #cards 12 size 40 Howl #buckets 4 coarsen threshold 1843 Howl Bitmap #cards 512 size 80 coarsen threshold 460 Card regions per heap region 1 cards per card region 2048
 CPUs: 12 total, 12 available
 Memory: 15690M
 Large Page Support: Disabled
 NUMA Support: Disabled
 Compressed Oops: Enabled (32-bit)
 Heap Region Size: 1M
 Heap Min Capacity: 256M
 Heap Initial Capacity: 256M
 Heap Max Capacity: 512M
 Pre-touch: Disabled
 Parallel Workers: 10
 Concurrent Workers: 3
 Concurrent Refinement Workers: 10
 Periodic GC: Disabled

Heap:
 garbage-first heap   total 262144K, used 139912K [0x00000000e0000000, 0x0000000100000000)
  region size 1024K, 115 young (117760K), 7 survivors (7168K)
 Metaspace       used 46941K, committed 48832K, reserved 393216K
  class space    used 6737K, committed 7680K, reserved 327680K

Heap Regions: E=young(eden), S=young(survivor), O=old, HS=humongous(starts), HC=humongous(continues), CS=collection set, F=free, TAMS=top-at-mark-start, PB=parsable bottom
|   0|0x00000000e0000000, 0x00000000e0100000, 0x00000000e0100000|100%|HS|  |TAMS 0x00000000e0000000| PB 0x00000000e0000000| Complete 
|   1|0x00000000e0100000, 0x00000000e0200000, 0x00000000e0200000|100%|HC|  |TAMS 0x00000000e0100000| PB 0x00000000e0100000| Complete 
|   2|0x00000000e0200000, 0x00000000e0300000, 0x00000000e0300000|100%|HC|  |TAMS 0x00000000e0200000| PB 0x00000000e0200000| Complete 
|   3|0x00000000e0300000, 0x00000000e0400000, 0x00000000e0400000|100%|HC|  |TAMS 0x00000000e0300000| PB 0x00000000e0300000| Complete 
|   4|0x00000000e0400000, 0x00000000e0500000, 0x00000000e0500000|100%| O|  |TAMS 0x00000000e0400000| PB 0x00000000e0400000| Untracked 
|   5|0x00000000e0500000, 0x00000000e0600000, 0x00000000e0600000|100%| O|  |TAMS 0x00000000e0500000| PB 0x00000000e0500000| Untracked 
|   6|0x00000000e0600000, 0x00000000e0600000, 0x00000000e0700000|  0%| F|  |TAMS 0x00000000e0600000| PB 0x00000000e0600000| Untracked 
|   7|0x00000000e0700000, 0x00000000e0800000, 0x00000000e0800000|100%| O|  |TAMS 0x00000000e0700000| PB 0x00000000e0700000| Untracked 
|   8|0x00000000e0800000, 0x00000000e0900000, 0x00000000e0900000|100%|HS|  |TAMS 0x00000000e0800000| PB 0x00000000e0800000| Complete 
|   9|0x00000000e0900000, 0x00000000e0a00000, 0x00000000e0a00000|100%| O|  |TAMS 0x00000000e0900000| PB 0x00000000e0900000| Untracked 
|  10|0x00000000e0a00000, 0x00000000e0b00000, 0x00000000e0b00000|100%| O|  |TAMS 0x00000000e0a00000| PB 0x00000000e0a00000| Untracked 
|  11|0x00000000e0b00000, 0x00000000e0c00000, 0x00000000e0c00000|100%| O|  |TAMS 0x00000000e0b00000| PB 0x00000000e0b00000| Untracked 
|  12|0x00000000e0c00000, 0x00000000e0d00000, 0x00000000e0d00000|100%| O|  |TAMS 0x00000000e0c00000| PB 0x00000000e0c00000| Untracked 
|  13|0x00000000e0d00000, 0x00000000e0e00000, 0x00000000e0e00000|100%| O|  |TAMS 0x00000000e0d00000| PB 0x00000000e0d00000| Untracked 
|  14|0x00000000e0e00000, 0x00000000e0f00000, 0x00000000e0f00000|100%| O|  |TAMS 0x00000000e0e00000| PB 0x00000000e0e00000| Untracked 
|  15|0x00000000e0f00000, 0x00000000e1000000, 0x00000000e1000000|100%| O|  |TAMS 0x00000000e0f00000| PB 0x00000000e0f00000| Untracked 
|  16|0x00000000e1000000, 0x00000000e1100000, 0x00000000e1100000|100%| O|  |TAMS 0x00000000e1000000| PB 0x00000000e1000000| Untracked 
|  17|0x00000000e1100000, 0x00000000e1200000, 0x00000000e1200000|100%| O|  |TAMS 0x00000000e1100000| PB 0x00000000e1100000| Untracked 
|  18|0x00000000e1200000, 0x00000000e1300000, 0x00000000e1300000|100%| O|  |TAMS 0x00000000e1200000| PB 0x00000000e1200000| Untracked 
|  19|0x00000000e1300000, 0x00000000e1400000, 0x00000000e1400000|100%| O|  |TAMS 0x00000000e1300000| PB 0x00000000e1300000| Untracked 
|  20|0x00000000e1400000, 0x00000000e1500000, 0x00000000e1500000|100%| O|  |TAMS 0x00000000e1400000| PB 0x00000000e1400000| Untracked 
|  21|0x00000000e1500000, 0x00000000e1600000, 0x00000000e1600000|100%| O|  |TAMS 0x00000000e1500000| PB 0x00000000e1500000| Untracked 
|  22|0x00000000e1600000, 0x00000000e1700000, 0x00000000e1700000|100%| O|  |TAMS 0x00000000e1600000| PB 0x00000000e1600000| Untracked 
|  23|0x00000000e1700000, 0x00000000e1800000, 0x00000000e1800000|100%| O|Cm|TAMS 0x00000000e1700000| PB 0x00000000e1700000| Complete 
|  24|0x00000000e1800000, 0x00000000e1818500, 0x00000000e1900000|  9%| O|  |TAMS 0x00000000e1800000| PB 0x00000000e1800000| Untracked 
|  25|0x00000000e1900000, 0x00000000e1900000, 0x00000000e1a00000|  0%| F|  |TAMS 0x00000000e1900000| PB 0x00000000e1900000| Untracked 
|  26|0x00000000e1a00000, 0x00000000e1a00000, 0x00000000e1b00000|  0%| F|  |TAMS 0x00000000e1a00000| PB 0x00000000e1a00000| Untracked 
|  27|0x00000000e1b00000, 0x00000000e1b00000, 0x00000000e1c00000|  0%| F|  |TAMS 0x00000000e1b00000| PB 0x00000000e1b00000| Untracked 
|  28|0x00000000e1c00000, 0x00000000e1c00000, 0x00000000e1d00000|  0%| F|  |TAMS 0x00000000e1c00000| PB 0x00000000e1c00000| Untracked 
|  29|0x00000000e1d00000, 0x00000000e1d00000, 0x00000000e1e00000|  0%| F|  |TAMS 0x00000000e1d00000| PB 0x00000000e1d00000| Untracked 
|  30|0x00000000e1e00000, 0x00000000e1e00000, 0x00000000e1f00000|  0%| F|  |TAMS 0x00000000e1e00000| PB 0x00000000e1e00000| Untracked 
|  31|0x00000000e1f00000, 0x00000000e1f00000, 0x00000000e2000000|  0%| F|  |TAMS 0x00000000e1f00000| PB 0x00000000e1f00000| Untracked 
|  32|0x00000000e2000000, 0x00000000e2000000, 0x00000000e2100000|  0%| F|  |TAMS 0x00000000e2000000| PB 0x00000000e2000000| Untracked 
|  33|0x00000000e2100000, 0x00000000e2100000, 0x00000000e2200000|  0%| F|  |TAMS 0x00000000e2100000| PB 0x00000000e2100000| Untracked 
|  34|0x00000000e2200000, 0x00000000e2200000, 0x00000000e2300000|  0%| F|  |TAMS 0x00000000e2200000| PB 0x00000000e2200000| Untracked 
|  35|0x00000000e2300000, 0x00000000e2300000, 0x00000000e2400000|  0%| F|  |TAMS 0x00000000e2300000| PB 0x00000000e2300000| Untracked 
|  36|0x00000000e2400000, 0x00000000e2400000, 0x00000000e2500000|  0%| F|  |TAMS 0x00000000e2400000| PB 0x00000000e2400000| Untracked 
|  37|0x00000000e2500000, 0x00000000e2500000, 0x00000000e2600000|  0%| F|  |TAMS 0x00000000e2500000| PB 0x00000000e2500000| Untracked 
|  38|0x00000000e2600000, 0x00000000e2600000, 0x00000000e2700000|  0%| F|  |TAMS 0x00000000e2600000| PB 0x00000000e2600000| Untracked 
|  39|0x00000000e2700000, 0x00000000e2700000, 0x00000000e2800000|  0%| F|  |TAMS 0x00000000e2700000| PB 0x00000000e2700000| Untracked 
|  40|0x00000000e2800000, 0x00000000e2800000, 0x00000000e2900000|  0%| F|  |TAMS 0x00000000e2800000| PB 0x00000000e2800000| Untracked 
|  41|0x00000000e2900000, 0x00000000e2900000, 0x00000000e2a00000|  0%| F|  |TAMS 0x00000000e2900000| PB 0x00000000e2900000| Untracked 
|  42|0x00000000e2a00000, 0x00000000e2a00000, 0x00000000e2b00000|  0%| F|  |TAMS 0x00000000e2a00000| PB 0x00000000e2a00000| Untracked 
|  43|0x00000000e2b00000, 0x00000000e2b00000, 0x00000000e2c00000|  0%| F|  |TAMS 0x00000000e2b00000| PB 0x00000000e2b00000| Untracked 
|  44|0x00000000e2c00000, 0x00000000e2c00000, 0x00000000e2d00000|  0%| F|  |TAMS 0x00000000e2c00000| PB 0x00000000e2c00000| Untracked 
|  45|0x00000000e2d00000, 0x00000000e2d00000, 0x00000000e2e00000|  0%| F|  |TAMS 0x00000000e2d00000| PB 0x00000000e2d00000| Untracked 
|  46|0x00000000e2e00000, 0x00000000e2e00000, 0x00000000e2f00000|  0%| F|  |TAMS 0x00000000e2e00000| PB 0x00000000e2e00000| Untracked 
|  47|0x00000000e2f00000, 0x00000000e2f00000, 0x00000000e3000000|  0%| F|  |TAMS 0x00000000e2f00000| PB 0x00000000e2f00000| Untracked 
|  48|0x00000000e3000000, 0x00000000e3000000, 0x00000000e3100000|  0%| F|  |TAMS 0x00000000e3000000| PB 0x00000000e3000000| Untracked 
|  49|0x00000000e3100000, 0x00000000e3100000, 0x00000000e3200000|  0%| F|  |TAMS 0x00000000e3100000| PB 0x00000000e3100000| Untracked 
|  50|0x00000000e3200000, 0x00000000e3200000, 0x00000000e3300000|  0%| F|  |TAMS 0x00000000e3200000| PB 0x00000000e3200000| Untracked 
|  51|0x00000000e3300000, 0x00000000e3300000, 0x00000000e3400000|  0%| F|  |TAMS 0x00000000e3300000| PB 0x00000000e3300000| Untracked 
|  52|0x00000000e3400000, 0x00000000e3400000, 0x00000000e3500000|  0%| F|  |TAMS 0x00000000e3400000| PB 0x00000000e3400000| Untracked 
|  53|0x00000000e3500000, 0x00000000e3500000, 0x00000000e3600000|  0%| F|  |TAMS 0x00000000e3500000| PB 0x00000000e3500000| Untracked 
|  54|0x00000000e3600000, 0x00000000e3600000, 0x00000000e3700000|  0%| F|  |TAMS 0x00000000e3600000| PB 0x00000000e3600000| Untracked 
|  55|0x00000000e3700000, 0x00000000e3700000, 0x00000000e3800000|  0%| F|  |TAMS 0x00000000e3700000| PB 0x00000000e3700000| Untracked 
|  56|0x00000000e3800000, 0x00000000e3800000, 0x00000000e3900000|  0%| F|  |TAMS 0x00000000e3800000| PB 0x00000000e3800000| Untracked 
|  57|0x00000000e3900000, 0x00000000e3900000, 0x00000000e3a00000|  0%| F|  |TAMS 0x00000000e3900000| PB 0x00000000e3900000| Untracked 
|  58|0x00000000e3a00000, 0x00000000e3a00000, 0x00000000e3b00000|  0%| F|  |TAMS 0x00000000e3a00000| PB 0x00000000e3a00000| Untracked 
|  59|0x00000000e3b00000, 0x00000000e3b00000, 0x00000000e3c00000|  0%| F|  |TAMS 0x00000000e3b00000| PB 0x00000000e3b00000| Untracked 
|  60|0x00000000e3c00000, 0x00000000e3c00000, 0x00000000e3d00000|  0%| F|  |TAMS 0x00000000e3c00000| PB 0x00000000e3c00000| Untracked 
|  61|0x00000000e3d00000, 0x00000000e3d00000, 0x00000000e3e00000|  0%| F|  |TAMS 0x00000000e3d00000| PB 0x00000000e3d00000| Untracked 
|  62|0x00000000e3e00000, 0x00000000e3e00000, 0x00000000e3f00000|  0%| F|  |TAMS 0x00000000e3e00000| PB 0x00000000e3e00000| Untracked 
|  63|0x00000000e3f00000, 0x00000000e3f00000, 0x00000000e4000000|  0%| F|  |TAMS 0x00000000e3f00000| PB 0x00000000e3f00000| Untracked 
|  64|0x00000000e4000000, 0x00000000e4000000, 0x00000000e4100000|  0%| F|  |TAMS 0x00000000e4000000| PB 0x00000000e4000000| Untracked 
|  65|0x00000000e4100000, 0x00000000e4100000, 0x00000000e4200000|  0%| F|  |TAMS 0x00000000e4100000| PB 0x00000000e4100000| Untracked 
|  66|0x00000000e4200000, 0x00000000e4200000, 0x00000000e4300000|  0%| F|  |TAMS 0x00000000e4200000| PB 0x00000000e4200000| Untracked 
|  67|0x00000000e4300000, 0x00000000e4300000, 0x00000000e4400000|  0%| F|  |TAMS 0x00000000e4300000| PB 0x00000000e4300000| Untracked 
|  68|0x00000000e4400000, 0x00000000e4400000, 0x00000000e4500000|  0%| F|  |TAMS 0x00000000e4400000| PB 0x00000000e4400000| Untracked 
|  69|0x00000000e4500000, 0x00000000e4500000, 0x00000000e4600000|  0%| F|  |TAMS 0x00000000e4500000| PB 0x00000000e4500000| Untracked 
|  70|0x00000000e4600000, 0x00000000e4600000, 0x00000000e4700000|  0%| F|  |TAMS 0x00000000e4600000| PB 0x00000000e4600000| Untracked 
|  71|0x00000000e4700000, 0x00000000e4700000, 0x00000000e4800000|  0%| F|  |TAMS 0x00000000e4700000| PB 0x00000000e4700000| Untracked 
|  72|0x00000000e4800000, 0x00000000e4800000, 0x00000000e4900000|  0%| F|  |TAMS 0x00000000e4800000| PB 0x00000000e4800000| Untracked 
|  73|0x00000000e4900000, 0x00000000e4900000, 0x00000000e4a00000|  0%| F|  |TAMS 0x00000000e4900000| PB 0x00000000e4900000| Untracked 
|  74|0x00000000e4a00000, 0x00000000e4a00000, 0x00000000e4b00000|  0%| F|  |TAMS 0x00000000e4a00000| PB 0x00000000e4a00000| Untracked 
|  75|0x00000000e4b00000, 0x00000000e4b00000, 0x00000000e4c00000|  0%| F|  |TAMS 0x00000000e4b00000| PB 0x00000000e4b00000| Untracked 
|  76|0x00000000e4c00000, 0x00000000e4c00000, 0x00000000e4d00000|  0%| F|  |TAMS 0x00000000e4c00000| PB 0x00000000e4c00000| Untracked 
|  77|0x00000000e4d00000, 0x00000000e4d00000, 0x00000000e4e00000|  0%| F|  |TAMS 0x00000000e4d00000| PB 0x00000000e4d00000| Untracked 
|  78|0x00000000e4e00000, 0x00000000e4e00000, 0x00000000e4f00000|  0%| F|  |TAMS 0x00000000e4e00000| PB 0x00000000e4e00000| Untracked 
|  79|0x00000000e4f00000, 0x00000000e4f00000, 0x00000000e5000000|  0%| F|  |TAMS 0x00000000e4f00000| PB 0x00000000e4f00000| Untracked 
|  80|0x00000000e5000000, 0x00000000e5000000, 0x00000000e5100000|  0%| F|  |TAMS 0x00000000e5000000| PB 0x00000000e5000000| Untracked 
|  81|0x00000000e5100000, 0x00000000e5100000, 0x00000000e5200000|  0%| F|  |TAMS 0x00000000e5100000| PB 0x00000000e5100000| Untracked 
|  82|0x00000000e5200000, 0x00000000e5200000, 0x00000000e5300000|  0%| F|  |TAMS 0x00000000e5200000| PB 0x00000000e5200000| Untracked 
|  83|0x00000000e5300000, 0x00000000e5300000, 0x00000000e5400000|  0%| F|  |TAMS 0x00000000e5300000| PB 0x00000000e5300000| Untracked 
|  84|0x00000000e5400000, 0x00000000e5400000, 0x00000000e5500000|  0%| F|  |TAMS 0x00000000e5400000| PB 0x00000000e5400000| Untracked 
|  85|0x00000000e5500000, 0x00000000e5500000, 0x00000000e5600000|  0%| F|  |TAMS 0x00000000e5500000| PB 0x00000000e5500000| Untracked 
|  86|0x00000000e5600000, 0x00000000e5600000, 0x00000000e5700000|  0%| F|  |TAMS 0x00000000e5600000| PB 0x00000000e5600000| Untracked 
|  87|0x00000000e5700000, 0x00000000e5700000, 0x00000000e5800000|  0%| F|  |TAMS 0x00000000e5700000| PB 0x00000000e5700000| Untracked 
|  88|0x00000000e5800000, 0x00000000e5800000, 0x00000000e5900000|  0%| F|  |TAMS 0x00000000e5800000| PB 0x00000000e5800000| Untracked 
|  89|0x00000000e5900000, 0x00000000e5900000, 0x00000000e5a00000|  0%| F|  |TAMS 0x00000000e5900000| PB 0x00000000e5900000| Untracked 
|  90|0x00000000e5a00000, 0x00000000e5a00000, 0x00000000e5b00000|  0%| F|  |TAMS 0x00000000e5a00000| PB 0x00000000e5a00000| Untracked 
|  91|0x00000000e5b00000, 0x00000000e5b00000, 0x00000000e5c00000|  0%| F|  |TAMS 0x00000000e5b00000| PB 0x00000000e5b00000| Untracked 
|  92|0x00000000e5c00000, 0x00000000e5c00000, 0x00000000e5d00000|  0%| F|  |TAMS 0x00000000e5c00000| PB 0x00000000e5c00000| Untracked 
|  93|0x00000000e5d00000, 0x00000000e5d00000, 0x00000000e5e00000|  0%| F|  |TAMS 0x00000000e5d00000| PB 0x00000000e5d00000| Untracked 
|  94|0x00000000e5e00000, 0x00000000e5e00000, 0x00000000e5f00000|  0%| F|  |TAMS 0x00000000e5e00000| PB 0x00000000e5e00000| Untracked 
|  95|0x00000000e5f00000, 0x00000000e5f00000, 0x00000000e6000000|  0%| F|  |TAMS 0x00000000e5f00000| PB 0x00000000e5f00000| Untracked 
|  96|0x00000000e6000000, 0x00000000e6000000, 0x00000000e6100000|  0%| F|  |TAMS 0x00000000e6000000| PB 0x00000000e6000000| Untracked 
|  97|0x00000000e6100000, 0x00000000e6100000, 0x00000000e6200000|  0%| F|  |TAMS 0x00000000e6100000| PB 0x00000000e6100000| Untracked 
|  98|0x00000000e6200000, 0x00000000e6200000, 0x00000000e6300000|  0%| F|  |TAMS 0x00000000e6200000| PB 0x00000000e6200000| Untracked 
|  99|0x00000000e6300000, 0x00000000e6300000, 0x00000000e6400000|  0%| F|  |TAMS 0x00000000e6300000| PB 0x00000000e6300000| Untracked 
| 100|0x00000000e6400000, 0x00000000e6400000, 0x00000000e6500000|  0%| F|  |TAMS 0x00000000e6400000| PB 0x00000000e6400000| Untracked 
| 101|0x00000000e6500000, 0x00000000e6500000, 0x00000000e6600000|  0%| F|  |TAMS 0x00000000e6500000| PB 0x00000000e6500000| Untracked 
| 102|0x00000000e6600000, 0x00000000e6600000, 0x00000000e6700000|  0%| F|  |TAMS 0x00000000e6600000| PB 0x00000000e6600000| Untracked 
| 103|0x00000000e6700000, 0x00000000e6700000, 0x00000000e6800000|  0%| F|  |TAMS 0x00000000e6700000| PB 0x00000000e6700000| Untracked 
| 104|0x00000000e6800000, 0x00000000e6800000, 0x00000000e6900000|  0%| F|  |TAMS 0x00000000e6800000| PB 0x00000000e6800000| Untracked 
| 105|0x00000000e6900000, 0x00000000e6900000, 0x00000000e6a00000|  0%| F|  |TAMS 0x00000000e6900000| PB 0x00000000e6900000| Untracked 
| 106|0x00000000e6a00000, 0x00000000e6a00000, 0x00000000e6b00000|  0%| F|  |TAMS 0x00000000e6a00000| PB 0x00000000e6a00000| Untracked 
| 107|0x00000000e6b00000, 0x00000000e6b00000, 0x00000000e6c00000|  0%| F|  |TAMS 0x00000000e6b00000| PB 0x00000000e6b00000| Untracked 
| 108|0x00000000e6c00000, 0x00000000e6c00000, 0x00000000e6d00000|  0%| F|  |TAMS 0x00000000e6c00000| PB 0x00000000e6c00000| Untracked 
| 109|0x00000000e6d00000, 0x00000000e6d00000, 0x00000000e6e00000|  0%| F|  |TAMS 0x00000000e6d00000| PB 0x00000000e6d00000| Untracked 
| 110|0x00000000e6e00000, 0x00000000e6e00000, 0x00000000e6f00000|  0%| F|  |TAMS 0x00000000e6e00000| PB 0x00000000e6e00000| Untracked 
| 111|0x00000000e6f00000, 0x00000000e6f00000, 0x00000000e7000000|  0%| F|  |TAMS 0x00000000e6f00000| PB 0x00000000e6f00000| Untracked 
| 112|0x00000000e7000000, 0x00000000e7000000, 0x00000000e7100000|  0%| F|  |TAMS 0x00000000e7000000| PB 0x00000000e7000000| Untracked 
| 113|0x00000000e7100000, 0x00000000e7100000, 0x00000000e7200000|  0%| F|  |TAMS 0x00000000e7100000| PB 0x00000000e7100000| Untracked 
| 114|0x00000000e7200000, 0x00000000e7200000, 0x00000000e7300000|  0%| F|  |TAMS 0x00000000e7200000| PB 0x00000000e7200000| Untracked 
| 115|0x00000000e7300000, 0x00000000e7300000, 0x00000000e7400000|  0%| F|  |TAMS 0x00000000e7300000| PB 0x00000000e7300000| Untracked 
| 116|0x00000000e7400000, 0x00000000e7400000, 0x00000000e7500000|  0%| F|  |TAMS 0x00000000e7400000| PB 0x00000000e7400000| Untracked 
| 117|0x00000000e7500000, 0x00000000e7500000, 0x00000000e7600000|  0%| F|  |TAMS 0x00000000e7500000| PB 0x00000000e7500000| Untracked 
| 118|0x00000000e7600000, 0x00000000e7600000, 0x00000000e7700000|  0%| F|  |TAMS 0x00000000e7600000| PB 0x00000000e7600000| Untracked 
| 119|0x00000000e7700000, 0x00000000e7700000, 0x00000000e7800000|  0%| F|  |TAMS 0x00000000e7700000| PB 0x00000000e7700000| Untracked 
| 120|0x00000000e7800000, 0x00000000e7800000, 0x00000000e7900000|  0%| F|  |TAMS 0x00000000e7800000| PB 0x00000000e7800000| Untracked 
| 121|0x00000000e7900000, 0x00000000e7900000, 0x00000000e7a00000|  0%| F|  |TAMS 0x00000000e7900000| PB 0x00000000e7900000| Untracked 
| 122|0x00000000e7a00000, 0x00000000e7a00000, 0x00000000e7b00000|  0%| F|  |TAMS 0x00000000e7a00000| PB 0x00000000e7a00000| Untracked 
| 123|0x00000000e7b00000, 0x00000000e7b00000, 0x00000000e7c00000|  0%| F|  |TAMS 0x00000000e7b00000| PB 0x00000000e7b00000| Untracked 
| 124|0x00000000e7c00000, 0x00000000e7c00000, 0x00000000e7d00000|  0%| F|  |TAMS 0x00000000e7c00000| PB 0x00000000e7c00000| Untracked 
| 125|0x00000000e7d00000, 0x00000000e7d00000, 0x00000000e7e00000|  0%| F|  |TAMS 0x00000000e7d00000| PB 0x00000000e7d00000| Untracked 
| 126|0x00000000e7e00000, 0x00000000e7e00000, 0x00000000e7f00000|  0%| F|  |TAMS 0x00000000e7e00000| PB 0x00000000e7e00000| Untracked 
| 127|0x00000000e7f00000, 0x00000000e7f00000, 0x00000000e8000000|  0%| F|  |TAMS 0x00000000e7f00000| PB 0x00000000e7f00000| Untracked 
| 128|0x00000000e8000000, 0x00000000e8000000, 0x00000000e8100000|  0%| F|  |TAMS 0x00000000e8000000| PB 0x00000000e8000000| Untracked 
| 129|0x00000000e8100000, 0x00000000e8100000, 0x00000000e8200000|  0%| F|  |TAMS 0x00000000e8100000| PB 0x00000000e8100000| Untracked 
| 130|0x00000000e8200000, 0x00000000e8200000, 0x00000000e8300000|  0%| F|  |TAMS 0x00000000e8200000| PB 0x00000000e8200000| Untracked 
| 131|0x00000000e8300000, 0x00000000e8300000, 0x00000000e8400000|  0%| F|  |TAMS 0x00000000e8300000| PB 0x00000000e8300000| Untracked 
| 132|0x00000000e8400000, 0x00000000e8400000, 0x00000000e8500000|  0%| F|  |TAMS 0x00000000e8400000| PB 0x00000000e8400000| Untracked 
| 133|0x00000000e8500000, 0x00000000e8500000, 0x00000000e8600000|  0%| F|  |TAMS 0x00000000e8500000| PB 0x00000000e8500000| Untracked 
| 134|0x00000000e8600000, 0x00000000e8600000, 0x00000000e8700000|  0%| F|  |TAMS 0x00000000e8600000| PB 0x00000000e8600000| Untracked 
| 135|0x00000000e8700000, 0x00000000e8700000, 0x00000000e8800000|  0%| F|  |TAMS 0x00000000e8700000| PB 0x00000000e8700000| Untracked 
| 136|0x00000000e8800000, 0x00000000e8800000, 0x00000000e8900000|  0%| F|  |TAMS 0x00000000e8800000| PB 0x00000000e8800000| Untracked 
| 137|0x00000000e8900000, 0x00000000e8900000, 0x00000000e8a00000|  0%| F|  |TAMS 0x00000000e8900000| PB 0x00000000e8900000| Untracked 
| 138|0x00000000e8a00000, 0x00000000e8a00000, 0x00000000e8b00000|  0%| F|  |TAMS 0x00000000e8a00000| PB 0x00000000e8a00000| Untracked 
| 139|0x00000000e8b00000, 0x00000000e8b00000, 0x00000000e8c00000|  0%| F|  |TAMS 0x00000000e8b00000| PB 0x00000000e8b00000| Untracked 
| 140|0x00000000e8c00000, 0x00000000e8c00000, 0x00000000e8d00000|  0%| F|  |TAMS 0x00000000e8c00000| PB 0x00000000e8c00000| Untracked 
| 141|0x00000000e8d00000, 0x00000000e8d80000, 0x00000000e8e00000| 50%| E|  |TAMS 0x00000000e8d00000| PB 0x00000000e8d00000| Complete 
| 142|0x00000000e8e00000, 0x00000000e8f00000, 0x00000000e8f00000|100%| E|CS|TAMS 0x00000000e8e00000| PB 0x00000000e8e00000| Complete 
| 143|0x00000000e8f00000, 0x00000000e9000000, 0x00000000e9000000|100%| E|CS|TAMS 0x00000000e8f00000| PB 0x00000000e8f00000| Complete 
| 144|0x00000000e9000000, 0x00000000e9100000, 0x00000000e9100000|100%| E|CS|TAMS 0x00000000e9000000| PB 0x00000000e9000000| Complete 
| 145|0x00000000e9100000, 0x00000000e9200000, 0x00000000e9200000|100%| E|CS|TAMS 0x00000000e9100000| PB 0x00000000e9100000| Complete 
| 146|0x00000000e9200000, 0x00000000e9300000, 0x00000000e9300000|100%| E|CS|TAMS 0x00000000e9200000| PB 0x00000000e9200000| Complete 
| 147|0x00000000e9300000, 0x00000000e9400000, 0x00000000e9400000|100%| E|CS|TAMS 0x00000000e9300000| PB 0x00000000e9300000| Complete 
| 148|0x00000000e9400000, 0x00000000e9500000, 0x00000000e9500000|100%| E|CS|TAMS 0x00000000e9400000| PB 0x00000000e9400000| Complete 
| 149|0x00000000e9500000, 0x00000000e9600000, 0x00000000e9600000|100%| E|CS|TAMS 0x00000000e9500000| PB 0x00000000e9500000| Complete 
| 150|0x00000000e9600000, 0x00000000e9700000, 0x00000000e9700000|100%| E|CS|TAMS 0x00000000e9600000| PB 0x00000000e9600000| Complete 
| 151|0x00000000e9700000, 0x00000000e9800000, 0x00000000e9800000|100%| E|CS|TAMS 0x00000000e9700000| PB 0x00000000e9700000| Complete 
| 152|0x00000000e9800000, 0x00000000e9900000, 0x00000000e9900000|100%| E|CS|TAMS 0x00000000e9800000| PB 0x00000000e9800000| Complete 
| 153|0x00000000e9900000, 0x00000000e9a00000, 0x00000000e9a00000|100%| E|CS|TAMS 0x00000000e9900000| PB 0x00000000e9900000| Complete 
| 154|0x00000000e9a00000, 0x00000000e9b00000, 0x00000000e9b00000|100%| E|CS|TAMS 0x00000000e9a00000| PB 0x00000000e9a00000| Complete 
| 155|0x00000000e9b00000, 0x00000000e9c00000, 0x00000000e9c00000|100%| E|CS|TAMS 0x00000000e9b00000| PB 0x00000000e9b00000| Complete 
| 156|0x00000000e9c00000, 0x00000000e9d00000, 0x00000000e9d00000|100%| E|CS|TAMS 0x00000000e9c00000| PB 0x00000000e9c00000| Complete 
| 157|0x00000000e9d00000, 0x00000000e9e00000, 0x00000000e9e00000|100%| E|CS|TAMS 0x00000000e9d00000| PB 0x00000000e9d00000| Complete 
| 158|0x00000000e9e00000, 0x00000000e9f00000, 0x00000000e9f00000|100%| E|CS|TAMS 0x00000000e9e00000| PB 0x00000000e9e00000| Complete 
| 159|0x00000000e9f00000, 0x00000000ea000000, 0x00000000ea000000|100%| E|CS|TAMS 0x00000000e9f00000| PB 0x00000000e9f00000| Complete 
| 160|0x00000000ea000000, 0x00000000ea100000, 0x00000000ea100000|100%| E|CS|TAMS 0x00000000ea000000| PB 0x00000000ea000000| Complete 
| 161|0x00000000ea100000, 0x00000000ea200000, 0x00000000ea200000|100%| E|CS|TAMS 0x00000000ea100000| PB 0x00000000ea100000| Complete 
| 162|0x00000000ea200000, 0x00000000ea300000, 0x00000000ea300000|100%| E|CS|TAMS 0x00000000ea200000| PB 0x00000000ea200000| Complete 
| 163|0x00000000ea300000, 0x00000000ea400000, 0x00000000ea400000|100%| E|CS|TAMS 0x00000000ea300000| PB 0x00000000ea300000| Complete 
| 164|0x00000000ea400000, 0x00000000ea500000, 0x00000000ea500000|100%| E|CS|TAMS 0x00000000ea400000| PB 0x00000000ea400000| Complete 
| 165|0x00000000ea500000, 0x00000000ea600000, 0x00000000ea600000|100%| E|CS|TAMS 0x00000000ea500000| PB 0x00000000ea500000| Complete 
| 166|0x00000000ea600000, 0x00000000ea700000, 0x00000000ea700000|100%| E|CS|TAMS 0x00000000ea600000| PB 0x00000000ea600000| Complete 
| 167|0x00000000ea700000, 0x00000000ea800000, 0x00000000ea800000|100%| E|CS|TAMS 0x00000000ea700000| PB 0x00000000ea700000| Complete 
| 168|0x00000000ea800000, 0x00000000ea900000, 0x00000000ea900000|100%| E|CS|TAMS 0x00000000ea800000| PB 0x00000000ea800000| Complete 
| 169|0x00000000ea900000, 0x00000000eaa00000, 0x00000000eaa00000|100%| E|CS|TAMS 0x00000000ea900000| PB 0x00000000ea900000| Complete 
| 170|0x00000000eaa00000, 0x00000000eab00000, 0x00000000eab00000|100%| E|CS|TAMS 0x00000000eaa00000| PB 0x00000000eaa00000| Complete 
| 171|0x00000000eab00000, 0x00000000eac00000, 0x00000000eac00000|100%| E|CS|TAMS 0x00000000eab00000| PB 0x00000000eab00000| Complete 
| 172|0x00000000eac00000, 0x00000000ead00000, 0x00000000ead00000|100%| E|CS|TAMS 0x00000000eac00000| PB 0x00000000eac00000| Complete 
| 173|0x00000000ead00000, 0x00000000eae00000, 0x00000000eae00000|100%| E|CS|TAMS 0x00000000ead00000| PB 0x00000000ead00000| Complete 
| 174|0x00000000eae00000, 0x00000000eaf00000, 0x00000000eaf00000|100%| E|CS|TAMS 0x00000000eae00000| PB 0x00000000eae00000| Complete 
| 175|0x00000000eaf00000, 0x00000000eb000000, 0x00000000eb000000|100%| E|CS|TAMS 0x00000000eaf00000| PB 0x00000000eaf00000| Complete 
| 176|0x00000000eb000000, 0x00000000eb100000, 0x00000000eb100000|100%| E|CS|TAMS 0x00000000eb000000| PB 0x00000000eb000000| Complete 
| 177|0x00000000eb100000, 0x00000000eb200000, 0x00000000eb200000|100%| E|CS|TAMS 0x00000000eb100000| PB 0x00000000eb100000| Complete 
| 178|0x00000000eb200000, 0x00000000eb300000, 0x00000000eb300000|100%| E|CS|TAMS 0x00000000eb200000| PB 0x00000000eb200000| Complete 
| 179|0x00000000eb300000, 0x00000000eb400000, 0x00000000eb400000|100%| E|CS|TAMS 0x00000000eb300000| PB 0x00000000eb300000| Complete 
| 180|0x00000000eb400000, 0x00000000eb500000, 0x00000000eb500000|100%| E|CS|TAMS 0x00000000eb400000| PB 0x00000000eb400000| Complete 
| 181|0x00000000eb500000, 0x00000000eb600000, 0x00000000eb600000|100%| E|CS|TAMS 0x00000000eb500000| PB 0x00000000eb500000| Complete 
| 182|0x00000000eb600000, 0x00000000eb700000, 0x00000000eb700000|100%| E|CS|TAMS 0x00000000eb600000| PB 0x00000000eb600000| Complete 
| 183|0x00000000eb700000, 0x00000000eb800000, 0x00000000eb800000|100%| E|CS|TAMS 0x00000000eb700000| PB 0x00000000eb700000| Complete 
| 184|0x00000000eb800000, 0x00000000eb900000, 0x00000000eb900000|100%| E|CS|TAMS 0x00000000eb800000| PB 0x00000000eb800000| Complete 
| 185|0x00000000eb900000, 0x00000000eba00000, 0x00000000eba00000|100%| E|CS|TAMS 0x00000000eb900000| PB 0x00000000eb900000| Complete 
| 186|0x00000000eba00000, 0x00000000ebb00000, 0x00000000ebb00000|100%| E|CS|TAMS 0x00000000eba00000| PB 0x00000000eba00000| Complete 
| 187|0x00000000ebb00000, 0x00000000ebc00000, 0x00000000ebc00000|100%| E|CS|TAMS 0x00000000ebb00000| PB 0x00000000ebb00000| Complete 
| 188|0x00000000ebc00000, 0x00000000ebd00000, 0x00000000ebd00000|100%| E|CS|TAMS 0x00000000ebc00000| PB 0x00000000ebc00000| Complete 
| 189|0x00000000ebd00000, 0x00000000ebe00000, 0x00000000ebe00000|100%| E|CS|TAMS 0x00000000ebd00000| PB 0x00000000ebd00000| Complete 
| 190|0x00000000ebe00000, 0x00000000ebf00000, 0x00000000ebf00000|100%| E|CS|TAMS 0x00000000ebe00000| PB 0x00000000ebe00000| Complete 
| 191|0x00000000ebf00000, 0x00000000ec000000, 0x00000000ec000000|100%| E|CS|TAMS 0x00000000ebf00000| PB 0x00000000ebf00000| Complete 
| 192|0x00000000ec000000, 0x00000000ec100000, 0x00000000ec100000|100%| E|CS|TAMS 0x00000000ec000000| PB 0x00000000ec000000| Complete 
| 193|0x00000000ec100000, 0x00000000ec200000, 0x00000000ec200000|100%| E|CS|TAMS 0x00000000ec100000| PB 0x00000000ec100000| Complete 
| 194|0x00000000ec200000, 0x00000000ec300000, 0x00000000ec300000|100%| E|CS|TAMS 0x00000000ec200000| PB 0x00000000ec200000| Complete 
| 195|0x00000000ec300000, 0x00000000ec400000, 0x00000000ec400000|100%| E|CS|TAMS 0x00000000ec300000| PB 0x00000000ec300000| Complete 
| 196|0x00000000ec400000, 0x00000000ec500000, 0x00000000ec500000|100%| E|CS|TAMS 0x00000000ec400000| PB 0x00000000ec400000| Complete 
| 197|0x00000000ec500000, 0x00000000ec600000, 0x00000000ec600000|100%| E|CS|TAMS 0x00000000ec500000| PB 0x00000000ec500000| Complete 
| 198|0x00000000ec600000, 0x00000000ec700000, 0x00000000ec700000|100%| E|CS|TAMS 0x00000000ec600000| PB 0x00000000ec600000| Complete 
| 199|0x00000000ec700000, 0x00000000ec800000, 0x00000000ec800000|100%| E|CS|TAMS 0x00000000ec700000| PB 0x00000000ec700000| Complete 
| 200|0x00000000ec800000, 0x00000000ec900000, 0x00000000ec900000|100%| E|CS|TAMS 0x00000000ec800000| PB 0x00000000ec800000| Complete 
| 201|0x00000000ec900000, 0x00000000eca00000, 0x00000000eca00000|100%| E|CS|TAMS 0x00000000ec900000| PB 0x00000000ec900000| Complete 
| 202|0x00000000eca00000, 0x00000000ecb00000, 0x00000000ecb00000|100%| E|CS|TAMS 0x00000000eca00000| PB 0x00000000eca00000| Complete 
| 203|0x00000000ecb00000, 0x00000000ecc00000, 0x00000000ecc00000|100%| E|CS|TAMS 0x00000000ecb00000| PB 0x00000000ecb00000| Complete 
| 204|0x00000000ecc00000, 0x00000000ecd00000, 0x00000000ecd00000|100%| E|CS|TAMS 0x00000000ecc00000| PB 0x00000000ecc00000| Complete 
| 205|0x00000000ecd00000, 0x00000000ece00000, 0x00000000ece00000|100%| E|CS|TAMS 0x00000000ecd00000| PB 0x00000000ecd00000| Complete 
| 206|0x00000000ece00000, 0x00000000ecf00000, 0x00000000ecf00000|100%| E|CS|TAMS 0x00000000ece00000| PB 0x00000000ece00000| Complete 
| 207|0x00000000ecf00000, 0x00000000ed000000, 0x00000000ed000000|100%| E|CS|TAMS 0x00000000ecf00000| PB 0x00000000ecf00000| Complete 
| 208|0x00000000ed000000, 0x00000000ed100000, 0x00000000ed100000|100%| E|CS|TAMS 0x00000000ed000000| PB 0x00000000ed000000| Complete 
| 209|0x00000000ed100000, 0x00000000ed200000, 0x00000000ed200000|100%| E|CS|TAMS 0x00000000ed100000| PB 0x00000000ed100000| Complete 
| 210|0x00000000ed200000, 0x00000000ed300000, 0x00000000ed300000|100%| E|CS|TAMS 0x00000000ed200000| PB 0x00000000ed200000| Complete 
| 211|0x00000000ed300000, 0x00000000ed400000, 0x00000000ed400000|100%| E|CS|TAMS 0x00000000ed300000| PB 0x00000000ed300000| Complete 
| 212|0x00000000ed400000, 0x00000000ed500000, 0x00000000ed500000|100%| E|CS|TAMS 0x00000000ed400000| PB 0x00000000ed400000| Complete 
| 213|0x00000000ed500000, 0x00000000ed600000, 0x00000000ed600000|100%| E|CS|TAMS 0x00000000ed500000| PB 0x00000000ed500000| Complete 
| 214|0x00000000ed600000, 0x00000000ed700000, 0x00000000ed700000|100%| E|CS|TAMS 0x00000000ed600000| PB 0x00000000ed600000| Complete 
| 215|0x00000000ed700000, 0x00000000ed800000, 0x00000000ed800000|100%| E|CS|TAMS 0x00000000ed700000| PB 0x00000000ed700000| Complete 
| 216|0x00000000ed800000, 0x00000000ed900000, 0x00000000ed900000|100%| E|CS|TAMS 0x00000000ed800000| PB 0x00000000ed800000| Complete 
| 217|0x00000000ed900000, 0x00000000eda00000, 0x00000000eda00000|100%| E|CS|TAMS 0x00000000ed900000| PB 0x00000000ed900000| Complete 
| 218|0x00000000eda00000, 0x00000000edb00000, 0x00000000edb00000|100%| E|CS|TAMS 0x00000000eda00000| PB 0x00000000eda00000| Complete 
| 219|0x00000000edb00000, 0x00000000edc00000, 0x00000000edc00000|100%| E|CS|TAMS 0x00000000edb00000| PB 0x00000000edb00000| Complete 
| 220|0x00000000edc00000, 0x00000000edd00000, 0x00000000edd00000|100%| E|CS|TAMS 0x00000000edc00000| PB 0x00000000edc00000| Complete 
| 221|0x00000000edd00000, 0x00000000ede00000, 0x00000000ede00000|100%| E|CS|TAMS 0x00000000edd00000| PB 0x00000000edd00000| Complete 
| 222|0x00000000ede00000, 0x00000000edf00000, 0x00000000edf00000|100%| E|CS|TAMS 0x00000000ede00000| PB 0x00000000ede00000| Complete 
| 223|0x00000000edf00000, 0x00000000ee000000, 0x00000000ee000000|100%| E|CS|TAMS 0x00000000edf00000| PB 0x00000000edf00000| Complete 
| 224|0x00000000ee000000, 0x00000000ee100000, 0x00000000ee100000|100%| E|CS|TAMS 0x00000000ee000000| PB 0x00000000ee000000| Complete 
| 225|0x00000000ee100000, 0x00000000ee200000, 0x00000000ee200000|100%| E|CS|TAMS 0x00000000ee100000| PB 0x00000000ee100000| Complete 
| 226|0x00000000ee200000, 0x00000000ee300000, 0x00000000ee300000|100%| E|CS|TAMS 0x00000000ee200000| PB 0x00000000ee200000| Complete 
| 227|0x00000000ee300000, 0x00000000ee400000, 0x00000000ee400000|100%| E|CS|TAMS 0x00000000ee300000| PB 0x00000000ee300000| Complete 
| 228|0x00000000ee400000, 0x00000000ee500000, 0x00000000ee500000|100%| E|CS|TAMS 0x00000000ee400000| PB 0x00000000ee400000| Complete 
| 229|0x00000000ee500000, 0x00000000ee600000, 0x00000000ee600000|100%| E|CS|TAMS 0x00000000ee500000| PB 0x00000000ee500000| Complete 
| 230|0x00000000ee600000, 0x00000000ee700000, 0x00000000ee700000|100%| E|CS|TAMS 0x00000000ee600000| PB 0x00000000ee600000| Complete 
| 231|0x00000000ee700000, 0x00000000ee800000, 0x00000000ee800000|100%| E|CS|TAMS 0x00000000ee700000| PB 0x00000000ee700000| Complete 
| 232|0x00000000ee800000, 0x00000000ee900000, 0x00000000ee900000|100%| E|CS|TAMS 0x00000000ee800000| PB 0x00000000ee800000| Complete 
| 233|0x00000000ee900000, 0x00000000eea00000, 0x00000000eea00000|100%| E|CS|TAMS 0x00000000ee900000| PB 0x00000000ee900000| Complete 
| 234|0x00000000eea00000, 0x00000000eeb00000, 0x00000000eeb00000|100%| E|CS|TAMS 0x00000000eea00000| PB 0x00000000eea00000| Complete 
| 235|0x00000000eeb00000, 0x00000000eec00000, 0x00000000eec00000|100%| E|CS|TAMS 0x00000000eeb00000| PB 0x00000000eeb00000| Complete 
| 236|0x00000000eec00000, 0x00000000eed00000, 0x00000000eed00000|100%| E|CS|TAMS 0x00000000eec00000| PB 0x00000000eec00000| Complete 
| 237|0x00000000eed00000, 0x00000000eee00000, 0x00000000eee00000|100%| E|CS|TAMS 0x00000000eed00000| PB 0x00000000eed00000| Complete 
| 238|0x00000000eee00000, 0x00000000eef00000, 0x00000000eef00000|100%| E|CS|TAMS 0x00000000eee00000| PB 0x00000000eee00000| Complete 
| 239|0x00000000eef00000, 0x00000000eef89ca0, 0x00000000ef000000| 53%| S|CS|TAMS 0x00000000eef00000| PB 0x00000000eef00000| Complete 
| 240|0x00000000ef000000, 0x00000000ef100000, 0x00000000ef100000|100%| S|CS|TAMS 0x00000000ef000000| PB 0x00000000ef000000| Complete 
| 241|0x00000000ef100000, 0x00000000ef200000, 0x00000000ef200000|100%| S|CS|TAMS 0x00000000ef100000| PB 0x00000000ef100000| Complete 
| 242|0x00000000ef200000, 0x00000000ef300000, 0x00000000ef300000|100%| S|CS|TAMS 0x00000000ef200000| PB 0x00000000ef200000| Complete 
| 243|0x00000000ef300000, 0x00000000ef400000, 0x00000000ef400000|100%| S|CS|TAMS 0x00000000ef300000| PB 0x00000000ef300000| Complete 
| 244|0x00000000ef400000, 0x00000000ef500000, 0x00000000ef500000|100%| S|CS|TAMS 0x00000000ef400000| PB 0x00000000ef400000| Complete 
| 245|0x00000000ef500000, 0x00000000ef600000, 0x00000000ef600000|100%| S|CS|TAMS 0x00000000ef500000| PB 0x00000000ef500000| Complete 
| 246|0x00000000ef600000, 0x00000000ef700000, 0x00000000ef700000|100%| E|CS|TAMS 0x00000000ef600000| PB 0x00000000ef600000| Complete 
| 247|0x00000000ef700000, 0x00000000ef800000, 0x00000000ef800000|100%| E|CS|TAMS 0x00000000ef700000| PB 0x00000000ef700000| Complete 
| 248|0x00000000ef800000, 0x00000000ef900000, 0x00000000ef900000|100%| E|CS|TAMS 0x00000000ef800000| PB 0x00000000ef800000| Complete 
| 249|0x00000000ef900000, 0x00000000efa00000, 0x00000000efa00000|100%| E|CS|TAMS 0x00000000ef900000| PB 0x00000000ef900000| Complete 
| 250|0x00000000efa00000, 0x00000000efb00000, 0x00000000efb00000|100%| E|CS|TAMS 0x00000000efa00000| PB 0x00000000efa00000| Complete 
| 251|0x00000000efb00000, 0x00000000efc00000, 0x00000000efc00000|100%| E|CS|TAMS 0x00000000efb00000| PB 0x00000000efb00000| Complete 
| 252|0x00000000efc00000, 0x00000000efd00000, 0x00000000efd00000|100%| E|CS|TAMS 0x00000000efc00000| PB 0x00000000efc00000| Complete 
| 253|0x00000000efd00000, 0x00000000efe00000, 0x00000000efe00000|100%| E|CS|TAMS 0x00000000efd00000| PB 0x00000000efd00000| Complete 
| 254|0x00000000efe00000, 0x00000000eff00000, 0x00000000eff00000|100%| E|CS|TAMS 0x00000000efe00000| PB 0x00000000efe00000| Complete 
| 255|0x00000000eff00000, 0x00000000f0000000, 0x00000000f0000000|100%| E|CS|TAMS 0x00000000eff00000| PB 0x00000000eff00000| Complete 

Card table byte_map: [0x000002b272e30000,0x000002b272f30000] _byte_map_base: 0x000002b272730000

Marking Bits: (CMBitMap*) 0x000002b25b368540
 Bits: [0x000002b272f30000, 0x000002b273730000)

Polling page: 0x000002b259510000

Metaspace:

Usage:
  Non-class:     39.26 MB used.
      Class:      6.58 MB used.
       Both:     45.84 MB used.

Virtual space:
  Non-class space:       64.00 MB reserved,      40.19 MB ( 63%) committed,  1 nodes.
      Class space:      320.00 MB reserved,       7.50 MB (  2%) committed,  1 nodes.
             Both:      384.00 MB reserved,      47.69 MB ( 12%) committed. 

Chunk freelists:
   Non-Class:  7.08 MB
       Class:  8.34 MB
        Both:  15.42 MB

MaxMetaspaceSize: 384.00 MB
CompressedClassSpaceSize: 320.00 MB
Initial GC threshold: 21.00 MB
Current GC threshold: 59.69 MB
CDS: on
 - commit_granule_bytes: 65536.
 - commit_granule_words: 8192.
 - virtual_space_node_default_size: 8388608.
 - enlarge_chunks_in_place: 1.
 - use_allocation_guard: 0.


Internal statistics:

num_allocs_failed_limit: 12.
num_arena_births: 3336.
num_arena_deaths: 0.
num_vsnodes_births: 2.
num_vsnodes_deaths: 0.
num_space_committed: 763.
num_space_uncommitted: 0.
num_chunks_returned_to_freelist: 12.
num_chunks_taken_from_freelist: 5732.
num_chunk_merges: 12.
num_chunk_splits: 3666.
num_chunks_enlarged: 2114.
num_inconsistent_stats: 0.

CodeHeap 'non-profiled nmethods': size=120000Kb used=3136Kb max_used=3136Kb free=116863Kb
 bounds [0x000002b26b2b0000, 0x000002b26b5d0000, 0x000002b2727e0000]
CodeHeap 'profiled nmethods': size=120000Kb used=9938Kb max_used=9938Kb free=110061Kb
 bounds [0x000002b2637e0000, 0x000002b2641a0000, 0x000002b26ad10000]
CodeHeap 'non-nmethods': size=5760Kb used=2000Kb max_used=2019Kb free=3759Kb
 bounds [0x000002b26ad10000, 0x000002b26af80000, 0x000002b26b2b0000]
 total_blobs=5789 nmethods=5032 adapters=660
 compilation: enabled
              stopped_count=0, restarted_count=0
 full_count=0

Compilation events (20 events):
Event: 136.851 Thread 0x000002b2764f2b30 5539       3       com.google.common.cache.LocalCache::customWeigher (16 bytes)
Event: 136.851 Thread 0x000002b2764f2b30 nmethod 5539 0x000002b26418ec10 code [0x000002b26418edc0, 0x000002b26418ef30]
Event: 136.851 Thread 0x000002b2764f2b30 5540       3       org.gradle.api.attributes.Attribute::equals (57 bytes)
Event: 136.851 Thread 0x000002b2764f2b30 nmethod 5540 0x000002b26418f010 code [0x000002b26418f200, 0x000002b26418f758]
Event: 136.862 Thread 0x000002b2764f2b30 5542       3       org.objectweb.asm.Type::equals (147 bytes)
Event: 136.864 Thread 0x000002b2764f2b30 nmethod 5542 0x000002b26418f910 code [0x000002b26418fbc0, 0x000002b264190b98]
Event: 136.867 Thread 0x000002b2764f2b30 5543       1       java.lang.invoke.MethodHandle::isInvokeSpecial (2 bytes)
Event: 136.867 Thread 0x000002b2764f2b30 nmethod 5543 0x000002b26b5bef90 code [0x000002b26b5bf120, 0x000002b26b5bf1e8]
Event: 136.867 Thread 0x000002b2764f2b30 5544       3       java.lang.ThreadLocal$ThreadLocalMap::expungeStaleEntry (146 bytes)
Event: 136.868 Thread 0x000002b2764f2b30 nmethod 5544 0x000002b264191090 code [0x000002b2641912e0, 0x000002b2641920a0]
Event: 136.873 Thread 0x000002b2764f2b30 5545       3       org.gradle.internal.instantiation.generator.DependencyInjectingInstantiator::verifyParameters (175 bytes)
Event: 136.875 Thread 0x000002b2764f2b30 nmethod 5545 0x000002b264192410 code [0x000002b264192760, 0x000002b2641939d0]
Event: 136.890 Thread 0x000002b2764f2b30 5546       3       com.google.common.base.Preconditions::checkElementIndex (25 bytes)
Event: 136.891 Thread 0x000002b2764f2b30 nmethod 5546 0x000002b264194090 code [0x000002b264194260, 0x000002b2641944d0]
Event: 136.891 Thread 0x000002b2764f2b30 5547       1       org.gradle.api.internal.attributes.DefaultImmutableAttributesContainer::getHead (5 bytes)
Event: 136.891 Thread 0x000002b2764f2b30 nmethod 5547 0x000002b26b5bf290 code [0x000002b26b5bf420, 0x000002b26b5bf4e8]
Event: 136.891 Thread 0x000002b2764f2b30 5548       3       com.google.common.collect.Iterators$SingletonIterator::<init> (10 bytes)
Event: 136.891 Thread 0x000002b2764f2b30 nmethod 5548 0x000002b264194610 code [0x000002b2641947c0, 0x000002b2641949e0]
Event: 136.891 Thread 0x000002b2764f2b30 5549       1       org.gradle.api.internal.attributes.DefaultImmutableAttributesContainer::hashCode (5 bytes)
Event: 136.891 Thread 0x000002b2764f2b30 nmethod 5549 0x000002b26b5bf590 code [0x000002b26b5bf720, 0x000002b26b5bf7e8]

GC Heap History (12 events):
Event: 4.452 GC heap before
{Heap before GC invocations=0 (full 0):
 garbage-first heap   total 262144K, used 26624K [0x00000000e0000000, 0x0000000100000000)
  region size 1024K, 23 young (23552K), 0 survivors (0K)
 Metaspace       used 3087K, committed 3328K, reserved 393216K
  class space    used 359K, committed 448K, reserved 327680K
}
Event: 5.212 GC heap after
{Heap after GC invocations=1 (full 0):
 garbage-first heap   total 262144K, used 11222K [0x00000000e0000000, 0x0000000100000000)
  region size 1024K, 3 young (3072K), 3 survivors (3072K)
 Metaspace       used 3087K, committed 3328K, reserved 393216K
  class space    used 359K, committed 448K, reserved 327680K
}
Event: 8.019 GC heap before
{Heap before GC invocations=1 (full 0):
 garbage-first heap   total 262144K, used 41942K [0x00000000e0000000, 0x0000000100000000)
  region size 1024K, 31 young (31744K), 3 survivors (3072K)
 Metaspace       used 4642K, committed 4864K, reserved 393216K
  class space    used 572K, committed 704K, reserved 327680K
}
Event: 8.031 GC heap after
{Heap after GC invocations=2 (full 0):
 garbage-first heap   total 262144K, used 15371K [0x00000000e0000000, 0x0000000100000000)
  region size 1024K, 4 young (4096K), 4 survivors (4096K)
 Metaspace       used 4642K, committed 4864K, reserved 393216K
  class space    used 572K, committed 704K, reserved 327680K
}
Event: 72.635 GC heap before
{Heap before GC invocations=2 (full 0):
 garbage-first heap   total 262144K, used 139275K [0x00000000e0000000, 0x0000000100000000)
  region size 1024K, 126 young (129024K), 4 survivors (4096K)
 Metaspace       used 20872K, committed 21504K, reserved 393216K
  class space    used 2815K, committed 3136K, reserved 327680K
}
Event: 72.811 GC heap after
{Heap after GC invocations=3 (full 0):
 garbage-first heap   total 262144K, used 23688K [0x00000000e0000000, 0x0000000100000000)
  region size 1024K, 12 young (12288K), 12 survivors (12288K)
 Metaspace       used 20872K, committed 21504K, reserved 393216K
  class space    used 2815K, committed 3136K, reserved 327680K
}
Event: 78.679 GC heap before
{Heap before GC invocations=4 (full 0):
 garbage-first heap   total 262144K, used 126088K [0x00000000e0000000, 0x0000000100000000)
  region size 1024K, 112 young (114688K), 12 survivors (12288K)
 Metaspace       used 34666K, committed 35968K, reserved 393216K
  class space    used 4806K, committed 5440K, reserved 327680K
}
Event: 78.696 GC heap after
{Heap after GC invocations=5 (full 0):
 garbage-first heap   total 262144K, used 29968K [0x00000000e0000000, 0x0000000100000000)
  region size 1024K, 15 young (15360K), 15 survivors (15360K)
 Metaspace       used 34666K, committed 35968K, reserved 393216K
  class space    used 4806K, committed 5440K, reserved 327680K
}
Event: 78.731 GC heap before
{Heap before GC invocations=5 (full 0):
 garbage-first heap   total 262144K, used 30992K [0x00000000e0000000, 0x0000000100000000)
  region size 1024K, 17 young (17408K), 15 survivors (15360K)
 Metaspace       used 34940K, committed 36288K, reserved 393216K
  class space    used 4822K, committed 5504K, reserved 327680K
}
Event: 78.741 GC heap after
{Heap after GC invocations=6 (full 0):
 garbage-first heap   total 262144K, used 30022K [0x00000000e0000000, 0x0000000100000000)
  region size 1024K, 7 young (7168K), 7 survivors (7168K)
 Metaspace       used 34940K, committed 36288K, reserved 393216K
  class space    used 4822K, committed 5504K, reserved 327680K
}
Event: 78.877 GC heap before
{Heap before GC invocations=6 (full 0):
 garbage-first heap   total 262144K, used 32070K [0x00000000e0000000, 0x0000000100000000)
  region size 1024K, 10 young (10240K), 7 survivors (7168K)
 Metaspace       used 35238K, committed 36608K, reserved 393216K
  class space    used 4859K, committed 5568K, reserved 327680K
}
Event: 78.888 GC heap after
{Heap after GC invocations=7 (full 0):
 garbage-first heap   total 262144K, used 30344K [0x00000000e0000000, 0x0000000100000000)
  region size 1024K, 7 young (7168K), 7 survivors (7168K)
 Metaspace       used 35238K, committed 36608K, reserved 393216K
  class space    used 4859K, committed 5568K, reserved 327680K
}

Dll operation events (15 events):
Event: 0.018 Loaded shared library D:\javar\bin\java.dll
Event: 0.738 Loaded shared library D:\javar\bin\jsvml.dll
Event: 0.936 Loaded shared library D:\javar\bin\zip.dll
Event: 0.944 Loaded shared library D:\javar\bin\instrument.dll
Event: 0.964 Loaded shared library D:\javar\bin\net.dll
Event: 0.980 Loaded shared library D:\javar\bin\nio.dll
Event: 0.986 Loaded shared library D:\javar\bin\zip.dll
Event: 1.483 Loaded shared library D:\javar\bin\jimage.dll
Event: 3.953 Loaded shared library D:\javar\bin\verify.dll
Event: 4.090 Loaded shared library C:\Users\hieun\.gradle\native\660c5614fbf4a5f2a75b1949f50a0caf5cd603558e7d8a26e50b933a0cfb79d1\windows-amd64\native-platform.dll
Event: 4.135 Loaded shared library C:\Users\hieun\.gradle\native\0.2.8\x86_64-windows-gnu\gradle-fileevents.dll
Event: 9.593 Loaded shared library D:\javar\bin\management.dll
Event: 9.600 Loaded shared library D:\javar\bin\management_ext.dll
Event: 12.667 Loaded shared library D:\javar\bin\extnet.dll
Event: 26.264 Loaded shared library D:\javar\bin\sunmscapi.dll

Deoptimization events (20 events):
Event: 134.243 Thread 0x000002b276543260 Uncommon trap: trap_request=0xffffff45 fr.pc=0x000002b26b332eac relative=0x000000000000016c
Event: 134.243 Thread 0x000002b276543260 Uncommon trap: reason=unstable_if action=reinterpret pc=0x000002b26b332eac method=java.net.URI.match(CJJ)Z @ 45 c2
Event: 134.243 Thread 0x000002b276543260 DEOPT PACKING pc=0x000002b26b332eac sp=0x000000ed07af7700
Event: 134.243 Thread 0x000002b276543260 DEOPT UNPACKING pc=0x000002b26ad646a2 sp=0x000000ed07af7628 mode 2
Event: 134.243 Thread 0x000002b276543260 Uncommon trap: trap_request=0xffffff45 fr.pc=0x000002b26b2db3f8 relative=0x0000000000000058
Event: 134.243 Thread 0x000002b276543260 Uncommon trap: reason=unstable_if action=reinterpret pc=0x000002b26b2db3f8 method=java.net.URI.match(CJJ)Z @ 19 c2
Event: 134.243 Thread 0x000002b276543260 DEOPT PACKING pc=0x000002b26b2db3f8 sp=0x000000ed07af7710
Event: 134.243 Thread 0x000002b276543260 DEOPT UNPACKING pc=0x000002b26ad646a2 sp=0x000000ed07af76a0 mode 2
Event: 136.470 Thread 0x000002b276543260 Uncommon trap: trap_request=0xffffff3d fr.pc=0x000002b26b4c434c relative=0x0000000000000c4c
Event: 136.470 Thread 0x000002b276543260 Uncommon trap: reason=unstable_fused_if action=reinterpret pc=0x000002b26b4c434c method=org.objectweb.asm.ByteVector.putUTF8(Ljava/lang/String;)Lorg/objectweb/asm/ByteVector; @ 93 c2
Event: 136.470 Thread 0x000002b276543260 DEOPT PACKING pc=0x000002b26b4c434c sp=0x000000ed07af6bc0
Event: 136.470 Thread 0x000002b276543260 DEOPT UNPACKING pc=0x000002b26ad646a2 sp=0x000000ed07af6b18 mode 2
Event: 136.550 Thread 0x000002b276543260 Uncommon trap: trap_request=0xffffff45 fr.pc=0x000002b26b592ad0 relative=0x0000000000001090
Event: 136.550 Thread 0x000002b276543260 Uncommon trap: reason=unstable_if action=reinterpret pc=0x000002b26b592ad0 method=org.objectweb.asm.Frame.execute(IILorg/objectweb/asm/Symbol;Lorg/objectweb/asm/SymbolTable;)V @ 1 c2
Event: 136.550 Thread 0x000002b276543260 DEOPT PACKING pc=0x000002b26b592ad0 sp=0x000000ed07af7b20
Event: 136.550 Thread 0x000002b276543260 DEOPT UNPACKING pc=0x000002b26ad646a2 sp=0x000000ed07af7aa8 mode 2
Event: 136.867 Thread 0x000002b276543260 Uncommon trap: trap_request=0xffffff45 fr.pc=0x000002b26b377250 relative=0x0000000000000130
Event: 136.867 Thread 0x000002b276543260 Uncommon trap: reason=unstable_if action=reinterpret pc=0x000002b26b377250 method=java.util.Arrays.hashCode([Ljava/lang/Object;)I @ 34 c2
Event: 136.867 Thread 0x000002b276543260 DEOPT PACKING pc=0x000002b26b377250 sp=0x000000ed07af8b00
Event: 136.867 Thread 0x000002b276543260 DEOPT UNPACKING pc=0x000002b26ad646a2 sp=0x000000ed07af8a78 mode 2

Classes loaded (20 events):
Event: 134.800 Loading class javax/net/ssl/SSLException
Event: 134.801 Loading class javax/net/ssl/SSLException done
Event: 134.801 Loading class javax/net/ssl/SSLPeerUnverifiedException
Event: 134.801 Loading class javax/net/ssl/SSLPeerUnverifiedException done
Event: 134.801 Loading class javax/naming/NamingException
Event: 134.801 Loading class javax/naming/NamingException done
Event: 134.801 Loading class javax/naming/InvalidNameException
Event: 134.801 Loading class javax/naming/InvalidNameException done
Event: 134.801 Loading class java/security/cert/CertificateParsingException
Event: 134.802 Loading class java/security/cert/CertificateException
Event: 134.802 Loading class java/security/cert/CertificateException done
Event: 134.802 Loading class java/security/cert/CertificateParsingException done
Event: 135.788 Loading class java/nio/file/Path$1
Event: 135.789 Loading class java/nio/file/Path$1 done
Event: 136.560 Loading class java/util/ArrayList$SubList$1
Event: 136.566 Loading class java/util/ArrayList$SubList$1 done
Event: 136.617 Loading class java/util/ArrayList$ListItr
Event: 136.618 Loading class java/util/ArrayList$ListItr done
Event: 136.686 Loading class java/util/regex/Pattern$Pos
Event: 136.686 Loading class java/util/regex/Pattern$Pos done

Classes unloaded (0 events):
No events

Classes redefined (0 events):
No events

Internal exceptions (20 events):
Event: 133.619 Thread 0x000002b276543260 Exception <a 'java/lang/NoSuchMethodError'{0x00000000eb543c68}: 'java.lang.Object java.lang.invoke.DirectMethodHandle$Holder.newInvokeSpecial(java.lang.Object, java.lang.Object, java.lang.Object, java.lang.Object, java.lang.Object, java.lang.Object, java.lang.Object, java.lang.Object, java.lang.Object, java.lang.Object, java.lang.Object, java.lang.Object, java.lang.Object, java.lang.Object, java.lang.Object, java.lang.Object, java.lang.Object, java.lang.Object, java.lang.Object)'> (0x00000000eb543c68) 
thr
Event: 133.619 Thread 0x000002b276543260 Exception <a 'java/lang/NoSuchMethodError'{0x00000000eb54a918}: 'java.lang.Object java.lang.invoke.DirectMethodHandle$Holder.invokeSpecial(java.lang.Object, java.lang.Object, java.lang.Object, java.lang.Object, java.lang.Object, java.lang.Object, java.lang.Object, java.lang.Object, java.lang.Object, java.lang.Object, java.lang.Object, java.lang.Object, java.lang.Object, java.lang.Object, java.lang.Object, java.lang.Object, java.lang.Object, java.lang.Object, java.lang.Object, java.lang.Object)'> (0x0000000
Event: 133.620 Thread 0x000002b276543260 Exception <a 'java/lang/NoSuchMethodError'{0x00000000eb550488}: 'java.lang.Object java.lang.invoke.DelegatingMethodHandle$Holder.reinvoke_L(java.lang.Object, java.lang.Object, java.lang.Object, java.lang.Object, java.lang.Object, java.lang.Object, java.lang.Object, java.lang.Object, java.lang.Object, java.lang.Object, java.lang.Object, java.lang.Object, java.lang.Object, java.lang.Object, java.lang.Object, java.lang.Object, java.lang.Object, java.lang.Object, java.lang.Object)'> (0x00000000eb550488) 
throw
Event: 134.077 Thread 0x000002b276543260 Exception <a 'java/lang/NoSuchMethodError'{0x00000000eb0ba938}: 'java.lang.Object java.lang.invoke.DelegatingMethodHandle$Holder.reinvoke_L(java.lang.Object, java.lang.Object, java.lang.Object, java.lang.Object, int, java.lang.Object, java.lang.Object, java.lang.Object, java.lang.Object, java.lang.Object, java.lang.Object, java.lang.Object, java.lang.Object)'> (0x00000000eb0ba938) 
thrown [s\open\src\hotspot\share\interpreter\linkResolver.cpp, line 773]
Event: 134.221 Thread 0x000002b276543260 Exception <a 'java/lang/NoSuchMethodError'{0x00000000ead1dee8}: 'java.lang.Object java.lang.invoke.DirectMethodHandle$Holder.newInvokeSpecial(java.lang.Object, java.lang.Object, java.lang.Object, int, java.lang.Object)'> (0x00000000ead1dee8) 
thrown [s\open\src\hotspot\share\interpreter\linkResolver.cpp, line 773]
Event: 134.221 Thread 0x000002b276543260 Exception <a 'java/lang/NoSuchMethodError'{0x00000000ead223e0}: 'java.lang.Object java.lang.invoke.Invokers$Holder.linkToTargetMethod(java.lang.Object, java.lang.Object, int, java.lang.Object, java.lang.Object)'> (0x00000000ead223e0) 
thrown [s\open\src\hotspot\share\interpreter\linkResolver.cpp, line 773]
Event: 134.342 Thread 0x000002b276543260 Exception <a 'java/lang/NoSuchMethodError'{0x00000000eab77420}: 'java.lang.Object java.lang.invoke.DirectMethodHandle$Holder.newInvokeSpecial(java.lang.Object, int, java.lang.Object)'> (0x00000000eab77420) 
thrown [s\open\src\hotspot\share\interpreter\linkResolver.cpp, line 773]
Event: 134.610 Thread 0x000002b276543260 Exception <a 'java/lang/NoSuchMethodError'{0x00000000ea94be90}: 'java.lang.Object java.lang.invoke.DirectMethodHandle$Holder.invokeSpecial(java.lang.Object, java.lang.Object, long, int)'> (0x00000000ea94be90) 
thrown [s\open\src\hotspot\share\interpreter\linkResolver.cpp, line 773]
Event: 135.784 Thread 0x000002b276543260 Exception <a 'java/lang/NoSuchMethodError'{0x00000000ea0a89e0}: 'int java.lang.invoke.DirectMethodHandle$Holder.invokeSpecialIFC(java.lang.Object, java.lang.Object, java.lang.Object)'> (0x00000000ea0a89e0) 
thrown [s\open\src\hotspot\share\interpreter\linkResolver.cpp, line 773]
Event: 136.134 Thread 0x000002b276543260 Exception <a 'java/lang/NoSuchMethodError'{0x00000000e9b85fb8}: 'void java.lang.invoke.DirectMethodHandle$Holder.invokeStatic(java.lang.Object, java.lang.Object, java.lang.Object, int, java.lang.Object)'> (0x00000000e9b85fb8) 
thrown [s\open\src\hotspot\share\interpreter\linkResolver.cpp, line 773]
Event: 136.227 Thread 0x000002b276543260 Exception <a 'java/lang/NoSuchMethodError'{0x00000000e992e810}: 'int java.lang.invoke.DirectMethodHandle$Holder.invokeInterface(java.lang.Object, java.lang.Object, java.lang.Object, java.lang.Object, java.lang.Object)'> (0x00000000e992e810) 
thrown [s\open\src\hotspot\share\interpreter\linkResolver.cpp, line 773]
Event: 136.645 Thread 0x000002b276543260 Exception <a 'java/lang/NoSuchMethodError'{0x00000000e910e3f8}: 'int java.lang.invoke.DirectMethodHandle$Holder.invokeInterface(java.lang.Object, java.lang.Object, java.lang.Object, java.lang.Object)'> (0x00000000e910e3f8) 
thrown [s\open\src\hotspot\share\interpreter\linkResolver.cpp, line 773]
Event: 136.753 Thread 0x000002b276543260 Exception <a 'java/lang/NoSuchMethodError'{0x00000000e90ea560}: 'java.lang.Object java.lang.invoke.DirectMethodHandle$Holder.invokeStatic(java.lang.Object, long, java.lang.Object)'> (0x00000000e90ea560) 
thrown [s\open\src\hotspot\share\interpreter\linkResolver.cpp, line 773]
Event: 136.754 Thread 0x000002b276543260 Exception <a 'java/lang/NoSuchMethodError'{0x00000000e90f19f8}: 'java.lang.Object java.lang.invoke.DirectMethodHandle$Holder.newInvokeSpecial(java.lang.Object, long)'> (0x00000000e90f19f8) 
thrown [s\open\src\hotspot\share\interpreter\linkResolver.cpp, line 773]
Event: 136.776 Thread 0x000002b276543260 Exception <a 'java/lang/NoSuchMethodError'{0x00000000e8f51858}: 'java.lang.Object java.lang.invoke.DirectMethodHandle$Holder.newInvokeSpecial(java.lang.Object, java.lang.Object, java.lang.Object, java.lang.Object, java.lang.Object, long, java.lang.Object)'> (0x00000000e8f51858) 
thrown [s\open\src\hotspot\share\interpreter\linkResolver.cpp, line 773]
Event: 136.777 Thread 0x000002b276543260 Exception <a 'java/lang/NoSuchMethodError'{0x00000000e8f5a330}: 'java.lang.Object java.lang.invoke.Invokers$Holder.linkToTargetMethod(java.lang.Object, java.lang.Object, java.lang.Object, java.lang.Object, long, java.lang.Object, java.lang.Object)'> (0x00000000e8f5a330) 
thrown [s\open\src\hotspot\share\interpreter\linkResolver.cpp, line 773]
Event: 136.786 Thread 0x000002b276543260 Exception <a 'java/lang/NoSuchMethodError'{0x00000000e8f9a608}: 'java.lang.Object java.lang.invoke.DirectMethodHandle$Holder.newInvokeSpecial(java.lang.Object, java.lang.Object, java.lang.Object, long, java.lang.Object)'> (0x00000000e8f9a608) 
thrown [s\open\src\hotspot\share\interpreter\linkResolver.cpp, line 773]
Event: 136.786 Thread 0x000002b276543260 Exception <a 'java/lang/NoSuchMethodError'{0x00000000e8f9f4e8}: 'java.lang.Object java.lang.invoke.DirectMethodHandle$Holder.invokeSpecial(java.lang.Object, java.lang.Object, java.lang.Object, java.lang.Object, long, java.lang.Object)'> (0x00000000e8f9f4e8) 
thrown [s\open\src\hotspot\share\interpreter\linkResolver.cpp, line 773]
Event: 136.787 Thread 0x000002b276543260 Exception <a 'java/lang/NoSuchMethodError'{0x00000000e8fa3ad8}: 'java.lang.Object java.lang.invoke.Invokers$Holder.linkToTargetMethod(java.lang.Object, java.lang.Object, long, java.lang.Object, java.lang.Object)'> (0x00000000e8fa3ad8) 
thrown [s\open\src\hotspot\share\interpreter\linkResolver.cpp, line 773]
Event: 136.867 Thread 0x000002b276543260 Implicit null exception at 0x000002b26b37717c to 0x000002b26b377234

ZGC Phase Switch (0 events):
No events

VM Operations (20 events):
Event: 128.739 Executing VM operation: Cleanup
Event: 129.278 Executing VM operation: Cleanup done
Event: 130.292 Executing VM operation: Cleanup
Event: 130.292 Executing VM operation: Cleanup done
Event: 133.299 Executing VM operation: Cleanup
Event: 133.303 Executing VM operation: Cleanup done
Event: 134.310 Executing VM operation: Cleanup
Event: 134.312 Executing VM operation: Cleanup done
Event: 135.320 Executing VM operation: Cleanup
Event: 135.320 Executing VM operation: Cleanup done
Event: 135.806 Executing VM operation: HandshakeAllThreads (Deoptimize)
Event: 135.806 Executing VM operation: HandshakeAllThreads (Deoptimize) done
Event: 136.620 Executing VM operation: HandshakeAllThreads (Deoptimize)
Event: 136.620 Executing VM operation: HandshakeAllThreads (Deoptimize) done
Event: 136.620 Executing VM operation: Cleanup
Event: 136.621 Executing VM operation: Cleanup done
Event: 136.639 Executing VM operation: HandshakeAllThreads (Deoptimize)
Event: 136.639 Executing VM operation: HandshakeAllThreads (Deoptimize) done
Event: 137.653 Executing VM operation: Cleanup
Event: 137.653 Executing VM operation: Cleanup done

Events (20 events):
Event: 78.918 Thread 0x000002b2763b3fd0 flushing nmethod 0x000002b263ba0190
Event: 78.918 Thread 0x000002b2763b3fd0 flushing nmethod 0x000002b263bf2c90
Event: 78.918 Thread 0x000002b2763b3fd0 flushing nmethod 0x000002b263bf3790
Event: 78.918 Thread 0x000002b2763b3fd0 flushing nmethod 0x000002b263bf4090
Event: 90.699 Thread 0x000002b27b070a30 Thread added: 0x000002b27b070a30
Event: 102.790 Thread 0x000002b27da65700 Thread added: 0x000002b27da65700
Event: 103.855 Thread 0x000002b27b787260 Thread added: 0x000002b27b787260
Event: 103.942 Thread 0x000002b27b89eed0 Thread added: 0x000002b27b89eed0
Event: 105.628 Thread 0x000002b27b89eed0 Thread exited: 0x000002b27b89eed0
Event: 105.659 Thread 0x000002b27b787260 Thread exited: 0x000002b27b787260
Event: 105.825 Thread 0x000002b27b787260 Thread added: 0x000002b27b787260
Event: 106.503 Thread 0x000002b27b787260 Thread exited: 0x000002b27b787260
Event: 124.481 Thread 0x000002b27b06dc40 Thread exited: 0x000002b27b06dc40
Event: 125.509 Thread 0x000002b27cfb23b0 Thread exited: 0x000002b27cfb23b0
Event: 125.580 Thread 0x000002b27b06d5b0 Thread exited: 0x000002b27b06d5b0
Event: 125.819 Thread 0x000002b27b9e9cc0 Thread exited: 0x000002b27b9e9cc0
Event: 126.012 Thread 0x000002b27cfb2a40 Thread exited: 0x000002b27cfb2a40
Event: 126.180 Thread 0x000002b27cfb30d0 Thread exited: 0x000002b27cfb30d0
Event: 126.967 Thread 0x000002b27cfaef30 Thread exited: 0x000002b27cfaef30
Event: 128.450 Thread 0x000002b27da66420 Thread added: 0x000002b27da66420


Dynamic libraries:
0x00007ff6a9cf0000 - 0x00007ff6a9d00000 	D:\javar\bin\java.exe
0x00007fffaf4a0000 - 0x00007fffaf707000 	C:\Windows\SYSTEM32\ntdll.dll
0x00007fffadd00000 - 0x00007fffaddcb000 	C:\Windows\System32\KERNEL32.DLL
0x00007fffac730000 - 0x00007fffacb32000 	C:\Windows\System32\KERNELBASE.dll
0x00007fffa85e0000 - 0x00007fffa867f000 	C:\Windows\SYSTEM32\apphelp.dll
0x00007fffacc30000 - 0x00007fffacd7c000 	C:\Windows\System32\ucrtbase.dll
0x00007ffedfce0000 - 0x00007ffedfcfe000 	D:\javar\bin\VCRUNTIME140.dll
0x00007ffedfda0000 - 0x00007ffedfdb9000 	D:\javar\bin\jli.dll
0x00007fffae990000 - 0x00007fffaea4c000 	C:\Windows\System32\ADVAPI32.dll
0x00007fffadb90000 - 0x00007fffadc39000 	C:\Windows\System32\msvcrt.dll
0x00007fffadc40000 - 0x00007fffadce9000 	C:\Windows\System32\sechost.dll
0x00007fffad940000 - 0x00007fffada58000 	C:\Windows\System32\RPCRT4.dll
0x00007fffad6a0000 - 0x00007fffad86f000 	C:\Windows\System32\USER32.dll
0x00007fffacc00000 - 0x00007fffacc27000 	C:\Windows\System32\win32u.dll
0x00007fffaf430000 - 0x00007fffaf45b000 	C:\Windows\System32\GDI32.dll
0x00007fffad090000 - 0x00007fffad1b9000 	C:\Windows\System32\gdi32full.dll
0x00007fffacf20000 - 0x00007fffacfc3000 	C:\Windows\System32\msvcp_win.dll
0x00007fffa9ad0000 - 0x00007fffa9adb000 	C:\Windows\SYSTEM32\VERSION.dll
0x00007fffab890000 - 0x00007fffabb20000 	C:\Windows\WinSxS\amd64_microsoft.windows.common-controls_6595b64144ccf1df_6.0.26100.9278_none_3e0d1ba8e3303201\COMCTL32.dll
0x00007fffad2d0000 - 0x00007fffad301000 	C:\Windows\System32\IMM32.DLL
0x00007fff8e290000 - 0x00007fff8e29c000 	D:\javar\bin\vcruntime140_1.dll
0x00007ffede410000 - 0x00007ffede49d000 	D:\javar\bin\msvcp140.dll
0x00007ffed9070000 - 0x00007ffed9d98000 	D:\javar\bin\server\jvm.dll
0x00007fffae310000 - 0x00007fffae390000 	C:\Windows\System32\WS2_32.dll
0x00007fffa0d00000 - 0x00007fffa0d36000 	C:\Windows\SYSTEM32\WINMM.dll
0x00007fffac500000 - 0x00007fffac55e000 	C:\Windows\SYSTEM32\POWRPROF.dll
0x00007fffac4e0000 - 0x00007fffac4f5000 	C:\Windows\SYSTEM32\UMPDC.dll
0x00007fffaad40000 - 0x00007fffaad5b000 	C:\Windows\SYSTEM32\kernel.appcore.dll
0x00007fff87020000 - 0x00007fff8702a000 	D:\javar\bin\jimage.dll
0x00007fffabe20000 - 0x00007fffac06c000 	C:\Windows\SYSTEM32\DBGHELP.DLL
0x00007fffad310000 - 0x00007fffad695000 	C:\Windows\System32\combase.dll
0x00007fffae020000 - 0x00007fffae0f9000 	C:\Windows\System32\OLEAUT32.dll
0x00007fffabd10000 - 0x00007fffabd4b000 	C:\Windows\SYSTEM32\dbgcore.DLL
0x00007fffacfd0000 - 0x00007fffad07c000 	C:\Windows\System32\bcryptPrimitives.dll
0x00007fff75da0000 - 0x00007fff75db0000 	D:\javar\bin\instrument.dll
0x00007ffedfc20000 - 0x00007ffedfc41000 	D:\javar\bin\java.dll
0x00007fffaea60000 - 0x00007fffaf1f8000 	C:\Windows\System32\SHELL32.dll
0x00007fffa90d0000 - 0x00007fffa997e000 	C:\Windows\SYSTEM32\windows.storage.dll
0x00007fffad1d0000 - 0x00007fffad2cb000 	C:\Windows\System32\SHCORE.dll
0x00007fffada90000 - 0x00007fffadaf6000 	C:\Windows\System32\shlwapi.dll
0x00007fffac5c0000 - 0x00007fffac5e9000 	C:\Windows\SYSTEM32\profapi.dll
0x00007ffede4a0000 - 0x00007ffede577000 	D:\javar\bin\jsvml.dll
0x00007ffedfdc0000 - 0x00007ffedfdd8000 	D:\javar\bin\zip.dll
0x00007ffedfe00000 - 0x00007ffedfe11000 	D:\javar\bin\net.dll
0x00007fffa0d70000 - 0x00007fffa0e9a000 	C:\Windows\SYSTEM32\WINHTTP.dll
0x00007fffaa900000 - 0x00007fffaa96c000 	C:\Windows\system32\mswsock.dll
0x00007ffedfde0000 - 0x00007ffedfdf6000 	D:\javar\bin\nio.dll
0x00007fff86820000 - 0x00007fff86830000 	D:\javar\bin\verify.dll
0x00007ffedfbf0000 - 0x00007ffedfc17000 	C:\Users\hieun\.gradle\native\660c5614fbf4a5f2a75b1949f50a0caf5cd603558e7d8a26e50b933a0cfb79d1\windows-amd64\native-platform.dll
0x00007ffede260000 - 0x00007ffede2d7000 	C:\Users\hieun\.gradle\native\0.2.8\x86_64-windows-gnu\gradle-fileevents.dll
0x00007fff1cb00000 - 0x00007fff1cb0a000 	D:\javar\bin\management.dll
0x00007fff1c710000 - 0x00007fff1c71c000 	D:\javar\bin\management_ext.dll
0x00007fffadcf0000 - 0x00007fffadcf8000 	C:\Windows\System32\PSAPI.DLL
0x00007fffa9dd0000 - 0x00007fffa9e03000 	C:\Windows\SYSTEM32\IPHLPAPI.DLL
0x00007fffae010000 - 0x00007fffae01a000 	C:\Windows\System32\NSI.dll
0x00007fff86540000 - 0x00007fff86549000 	D:\javar\bin\extnet.dll
0x00007fffac1a0000 - 0x00007fffac1bb000 	C:\Windows\SYSTEM32\CRYPTSP.dll
0x00007fffaa300000 - 0x00007fffaa339000 	C:\Windows\system32\rsaenh.dll
0x00007fffaa9b0000 - 0x00007fffaa9e4000 	C:\Windows\SYSTEM32\USERENV.dll
0x00007fffac590000 - 0x00007fffac5ba000 	C:\Windows\SYSTEM32\bcrypt.dll
0x00007fffaabf0000 - 0x00007fffaabfc000 	C:\Windows\SYSTEM32\CRYPTBASE.dll
0x00007fffa3970000 - 0x00007fffa397e000 	D:\javar\bin\sunmscapi.dll
0x00007fffacd90000 - 0x00007fffacf0e000 	C:\Windows\System32\CRYPT32.dll
0x00007fffab710000 - 0x00007fffab740000 	C:\Windows\SYSTEM32\ncrypt.dll
0x00007fffab600000 - 0x00007fffab63f000 	C:\Windows\SYSTEM32\NTASN1.dll
0x00007fff76750000 - 0x00007fff76758000 	C:\Windows\system32\wshunix.dll

dbghelp: loaded successfully - version: 4.0.5 - missing functions: none
symbol engine: initialized successfully - sym options: 0x614 - pdb path: .;D:\javar\bin;C:\Windows\SYSTEM32;C:\Windows\WinSxS\amd64_microsoft.windows.common-controls_6595b64144ccf1df_6.0.26100.9278_none_3e0d1ba8e3303201;D:\javar\bin\server;C:\Users\hieun\.gradle\native\660c5614fbf4a5f2a75b1949f50a0caf5cd603558e7d8a26e50b933a0cfb79d1\windows-amd64;C:\Users\hieun\.gradle\native\0.2.8\x86_64-windows-gnu

VM Arguments:
jvm_args: --add-opens=java.base/java.lang=ALL-UNNAMED --add-opens=java.base/java.lang.invoke=ALL-UNNAMED --add-opens=java.base/java.util=ALL-UNNAMED --add-opens=java.prefs/java.util.prefs=ALL-UNNAMED --add-exports=jdk.compiler/com.sun.tools.javac.api=ALL-UNNAMED --add-exports=jdk.compiler/com.sun.tools.javac.util=ALL-UNNAMED --add-opens=java.base/java.nio.charset=ALL-UNNAMED --add-opens=java.base/java.net=ALL-UNNAMED --add-opens=java.base/java.util.concurrent=ALL-UNNAMED --add-opens=java.base/java.util.concurrent.atomic=ALL-UNNAMED --add-opens=java.xml/javax.xml.namespace=ALL-UNNAMED --add-opens=java.base/java.time=ALL-UNNAMED -XX:MaxMetaspaceSize=384m -XX:+HeapDumpOnOutOfMemoryError -Xms256m -Xmx512m -Dfile.encoding=UTF-8 -Duser.country=US -Duser.language=en -Duser.variant -javaagent:C:\Users\hieun\.gradle\wrapper\dists\gradle-9.5.1-bin\iq79hdu3mqx29lgffhp8bfmx\gradle-9.5.1\lib\agents\gradle-instrumentation-agent-9.5.1.jar 
java_command: org.gradle.launcher.daemon.bootstrap.GradleDaemon 9.5.1
java_class_path (initial): C:\Users\hieun\.gradle\wrapper\dists\gradle-9.5.1-bin\iq79hdu3mqx29lgffhp8bfmx\gradle-9.5.1\lib\gradle-daemon-main-9.5.1.jar
Launcher Type: SUN_STANDARD

[Global flags]
     intx CICompilerCount                          = 4                                         {product} {ergonomic}
   size_t CompressedClassSpaceSize                 = 335544320                                 {product} {ergonomic}
     uint ConcGCThreads                            = 3                                         {product} {ergonomic}
     uint G1ConcRefinementThreads                  = 10                                        {product} {ergonomic}
   size_t G1HeapRegionSize                         = 1048576                                   {product} {ergonomic}
    uintx GCDrainStackTargetSize                   = 64                                        {product} {ergonomic}
     bool HeapDumpOnOutOfMemoryError               = true                                   {manageable} {command line}
   size_t InitialHeapSize                          = 268435456                                 {product} {command line}
   size_t MarkStackSize                            = 4194304                                   {product} {ergonomic}
   size_t MaxHeapSize                              = 536870912                                 {product} {command line}
   size_t MaxMetaspaceSize                         = 402653184                                 {product} {command line}
   size_t MaxNewSize                               = 321912832                                 {product} {ergonomic}
   size_t MinHeapDeltaBytes                        = 1048576                                   {product} {ergonomic}
   size_t MinHeapSize                              = 268435456                                 {product} {command line}
    uintx NonNMethodCodeHeapSize                   = 5839372                                {pd product} {ergonomic}
    uintx NonProfiledCodeHeapSize                  = 122909434                              {pd product} {ergonomic}
    uintx ProfiledCodeHeapSize                     = 122909434                              {pd product} {ergonomic}
    uintx ReservedCodeCacheSize                    = 251658240                              {pd product} {ergonomic}
     bool SegmentedCodeCache                       = true                                      {product} {ergonomic}
   size_t SoftMaxHeapSize                          = 536870912                              {manageable} {ergonomic}
     bool UseCompressedOops                        = true                           {product lp64_product} {ergonomic}
     bool UseG1GC                                  = true                                      {product} {ergonomic}
     bool UseLargePagesIndividualAllocation        = false                                  {pd product} {ergonomic}

Logging:
Log output configuration:
 #0: stdout all=warning uptime,level,tags foldmultilines=false
 #1: stderr all=off uptime,level,tags foldmultilines=false

Environment Variables:
PATH=C:\Program Files\Common Files\Oracle\Java\javapath;C:\Windows\system32;C:\Windows;C:\Windows\System32\Wbem;C:\Windows\System32\WindowsPowerShell\v1.0\;C:\Windows\System32\OpenSSH\;C:\Program Files (x86)\NVIDIA Corporation\PhysX\Common;C:\Program Files\dotnet\;D:\Git\cmd;C:\Program Files\NVIDIA Corporation\NVIDIA App\NvDLISR;C:\Program Files\Docker\Docker\resources\bin;C:\ProgramData\chocolatey\bin;D:\node js\;C:\Users\hieun\AppData\Local\Programs\Python\Launcher\;C:\Users\hieun\AppData\Local\Microsoft\WindowsApps;D:\Microsoft VS Code\bin;C:\Users\hieun\AppData\Roaming\npm
USERNAME=hieun
OS=Windows_NT
PROCESSOR_IDENTIFIER=AMD64 Family 25 Model 68 Stepping 1, AuthenticAMD
TMP=C:\Users\hieun\AppData\Local\Temp
TEMP=C:\Users\hieun\AppData\Local\Temp




Periodic native trim disabled

---------------  S Y S T E M  ---------------

OS:
 Windows 11 , 64 bit Build 26100 (10.0.26100.9444)
OS uptime: 1 days 0:38 hours
Hyper-V role detected

CPU: total 12 (initial active 12) (12 cores per cpu, 2 threads per core) family 25 model 68 stepping 1 microcode 0xa404107, cx8, cmov, fxsr, ht, mmx, 3dnowpref, sse, sse2, sse3, ssse3, sse4a, sse4.1, sse4.2, popcnt, lzcnt, tsc, tscinvbit, avx, avx2, aes, erms, clmul, bmi1, bmi2, adx, sha, fma, vzeroupper, clflush, clflushopt, hv, rdtscp, rdpid, fsrm, f16c, cet_ss
Processor Information for all 12 processors :
  Max Mhz: 3301, Current Mhz: 3301, Mhz Limit: 3301

Memory: 4k page, system-wide physical 15690M (21M free)
TotalPageFile size 48779M (AvailPageFile size 99M)
current process WorkingSet (physical memory assigned to process): 301M, peak: 370M
current process commit charge ("private bytes"): 472M, peak: 512M

vm_info: Java HotSpot(TM) 64-Bit Server VM (21.0.11+9-LTS-211) for windows-amd64 JRE (21.0.11+9-LTS-211), built on 2026-03-11T00:23:15Z by "mach5run" with MS VC++ 17.13 (VS2022)

END.
