#
# There is insufficient memory for the Java Runtime Environment to continue.
# Native memory allocation (malloc) failed to allocate 182256 bytes for Chunk::new
# Possible reasons:
#   The system is out of physical RAM or swap space
#   The process is running with CompressedOops enabled, and the Java Heap may be blocking the growth of the native heap
# Possible solutions:
#   Reduce memory load on the system
#   Increase physical memory or swap space
#   Check if swap backing store is full
#   Decrease Java heap size (-Xmx/-Xms)
#   Decrease number of Java threads
#   Decrease Java thread stack sizes (-Xss)
#   Set larger code cache with -XX:ReservedCodeCacheSize=
#   JVM is running with Unscaled Compressed Oops mode in which the Java heap is
#     placed in the first 4GB address space. The Java Heap base address is the
#     maximum limit for the native heap growth. Please use -XX:HeapBaseMinAddress
#     to set the Java Heap base and to place the Java Heap above 4GB virtual address.
# This output file may be truncated or incomplete.
#
#  Out of Memory Error (arena.cpp:168), pid=47708, tid=35368
#
# JRE version: Java(TM) SE Runtime Environment (21.0.11+9) (build 21.0.11+9-LTS-211)
# Java VM: Java HotSpot(TM) 64-Bit Server VM (21.0.11+9-LTS-211, mixed mode, sharing, tiered, compressed oops, compressed class ptrs, g1 gc, windows-amd64)
# No core dump will be written. Minidumps are not enabled by default on client versions of Windows
#

---------------  S U M M A R Y ------------

Command Line: --add-opens=java.base/java.lang=ALL-UNNAMED --add-opens=java.base/java.lang.invoke=ALL-UNNAMED --add-opens=java.base/java.util=ALL-UNNAMED --add-opens=java.prefs/java.util.prefs=ALL-UNNAMED --add-exports=jdk.compiler/com.sun.tools.javac.api=ALL-UNNAMED --add-exports=jdk.compiler/com.sun.tools.javac.util=ALL-UNNAMED --add-opens=java.base/java.nio.charset=ALL-UNNAMED --add-opens=java.base/java.net=ALL-UNNAMED --add-opens=java.base/java.util.concurrent=ALL-UNNAMED --add-opens=java.base/java.util.concurrent.atomic=ALL-UNNAMED --add-opens=java.xml/javax.xml.namespace=ALL-UNNAMED --add-opens=java.base/java.time=ALL-UNNAMED -XX:MaxMetaspaceSize=384m -XX:+HeapDumpOnOutOfMemoryError -Xms256m -Xmx512m -Dfile.encoding=UTF-8 -Duser.country=US -Duser.language=en -Duser.variant -javaagent:C:\Users\hieun\.gradle\wrapper\dists\gradle-9.5.1-bin\iq79hdu3mqx29lgffhp8bfmx\gradle-9.5.1\lib\agents\gradle-instrumentation-agent-9.5.1.jar org.gradle.launcher.daemon.bootstrap.GradleDaemon 9.5.1

Host: AMD Ryzen 5 7535HS with Radeon Graphics        , 12 cores, 15G,  Windows 11 , 64 bit Build 26100 (10.0.26100.9168)
Time: Mon Aug 24 22:45:19 2026 SE Asia Standard Time elapsed time: 262.995675 seconds (0d 0h 4m 22s)

---------------  T H R E A D  ---------------

Current thread (0x000002189b1726b0):  JavaThread "C2 CompilerThread0" daemon [_thread_in_native, id=35368, stack(0x000000feb6f00000,0x000000feb7000000) (1024K)]


Current CompileTask:
C2: 262995 7354       4       org.gradle.internal.logging.text.AbstractLineChoppingStyledTextOutput::doAppend (43 bytes)

Stack: [0x000000feb6f00000,0x000000feb7000000]
Native frames: (J=compiled Java code, j=interpreted, Vv=VM code, C=native code)
V  [jvm.dll+0x6d0ef9]
V  [jvm.dll+0x860126]
V  [jvm.dll+0x86261e]
V  [jvm.dll+0x862cf3]
V  [jvm.dll+0x282bc6]
V  [jvm.dll+0xc67ad]
V  [jvm.dll+0xc6cf1]
V  [jvm.dll+0x2f81be]
V  [jvm.dll+0x5fb0e7]
V  [jvm.dll+0x254b87]
V  [jvm.dll+0x24d0eb]
V  [jvm.dll+0x24a9fe]
V  [jvm.dll+0x1cae7e]
V  [jvm.dll+0x25a7d9]
V  [jvm.dll+0x258d65]
V  [jvm.dll+0x3f50d1]
V  [jvm.dll+0x80ac0d]
V  [jvm.dll+0x6cf79d]
C  [ucrtbase.dll+0x2cd30]
C  [KERNEL32.DLL+0x2ccb7]
C  [ntdll.dll+0xaad6c]


---------------  P R O C E S S  ---------------

Threads class SMR info:
_java_thread_list=0x00000218b7488b00, length=50, elements={
0x00000218fdb4c220, 0x000002189b16a9b0, 0x000002189b16bf80, 0x000002189b16d9f0,
0x000002189b170460, 0x000002189b170ec0, 0x000002189b171920, 0x000002189b1726b0,
0x000002189b182200, 0x000002189b3406d0, 0x000002189b39ea00, 0x00000218b5461ba0,
0x00000218b575e950, 0x000002189b275500, 0x00000218b5324ba0, 0x00000218b5325210,
0x00000218b5315a40, 0x00000218b523af90, 0x00000218b523b620, 0x00000218b523d6f0,
0x00000218b523e410, 0x00000218b523bcb0, 0x00000218b523c340, 0x00000218b523d060,
0x00000218b7543650, 0x00000218b7542fc0, 0x00000218b7544370, 0x00000218b7541c10,
0x00000218b7540ef0, 0x00000218b7544a00, 0x00000218b7541580, 0x00000218b7545090,
0x00000218b7545720, 0x00000218b7545db0, 0x00000218b7546ad0, 0x00000218b7548510,
0x00000218b7547e80, 0x00000218b523dd80, 0x00000218b6f1cb30, 0x00000218b6f1d1c0,
0x00000218b6f1dee0, 0x00000218b6f1d850, 0x00000218b6f1e570, 0x00000218b6f1ec00,
0x00000218b6f1f290, 0x00000218b6f1be10, 0x00000218b6f1f920, 0x00000218b6f1c4a0,
0x00000218b6f20640, 0x00000218b6f22080
}

Java Threads: ( => current thread )
  0x00000218fdb4c220 JavaThread "main"                              [_thread_blocked, id=43896, stack(0x000000feb6100000,0x000000feb6200000) (1024K)]
  0x000002189b16a9b0 JavaThread "Reference Handler"          daemon [_thread_blocked, id=32964, stack(0x000000feb6900000,0x000000feb6a00000) (1024K)]
  0x000002189b16bf80 JavaThread "Finalizer"                  daemon [_thread_blocked, id=11092, stack(0x000000feb6a00000,0x000000feb6b00000) (1024K)]
  0x000002189b16d9f0 JavaThread "Signal Dispatcher"          daemon [_thread_blocked, id=32660, stack(0x000000feb6b00000,0x000000feb6c00000) (1024K)]
  0x000002189b170460 JavaThread "Attach Listener"            daemon [_thread_blocked, id=9252, stack(0x000000feb6c00000,0x000000feb6d00000) (1024K)]
  0x000002189b170ec0 JavaThread "Service Thread"             daemon [_thread_blocked, id=7396, stack(0x000000feb6d00000,0x000000feb6e00000) (1024K)]
  0x000002189b171920 JavaThread "Monitor Deflation Thread"   daemon [_thread_blocked, id=3976, stack(0x000000feb6e00000,0x000000feb6f00000) (1024K)]
=>0x000002189b1726b0 JavaThread "C2 CompilerThread0"         daemon [_thread_in_native, id=35368, stack(0x000000feb6f00000,0x000000feb7000000) (1024K)]
  0x000002189b182200 JavaThread "C1 CompilerThread0"         daemon [_thread_blocked, id=26184, stack(0x000000feb7000000,0x000000feb7100000) (1024K)]
  0x000002189b3406d0 JavaThread "Common-Cleaner"             daemon [_thread_blocked, id=2176, stack(0x000000feb7100000,0x000000feb7200000) (1024K)]
  0x000002189b39ea00 JavaThread "Notification Thread"        daemon [_thread_blocked, id=15896, stack(0x000000feb7200000,0x000000feb7300000) (1024K)]
  0x00000218b5461ba0 JavaThread "Daemon health stats"               [_thread_blocked, id=50040, stack(0x000000feb7300000,0x000000feb7400000) (1024K)]
  0x00000218b575e950 JavaThread "Incoming local TCP Connector on port 56553"        [_thread_in_native, id=40792, stack(0x000000feb7900000,0x000000feb7a00000) (1024K)]
  0x000002189b275500 JavaThread "Daemon periodic checks"            [_thread_in_native, id=50456, stack(0x000000feb7a00000,0x000000feb7b00000) (1024K)]
  0x00000218b5324ba0 JavaThread "Daemon"                            [_thread_blocked, id=7148, stack(0x000000feb7b00000,0x000000feb7c00000) (1024K)]
  0x00000218b5325210 JavaThread "Handler for socket connection from /127.0.0.1:56553 to /127.0.0.1:56554"        [_thread_in_native, id=53812, stack(0x000000feb7c00000,0x000000feb7d00000) (1024K)]
  0x00000218b5315a40 JavaThread "Cancel handler"                    [_thread_blocked, id=25184, stack(0x000000feb7d00000,0x000000feb7e00000) (1024K)]
  0x00000218b523af90 JavaThread "Daemon worker"                     [_thread_in_Java, id=53104, stack(0x000000feb7e00000,0x000000feb7f00000) (1024K)]
  0x00000218b523b620 JavaThread "Asynchronous log dispatcher for DefaultDaemonConnection: socket connection from /127.0.0.1:56553 to /127.0.0.1:56554"        [_thread_blocked, id=22472, stack(0x000000feb7f00000,0x000000feb8000000) (1024K)]
  0x00000218b523d6f0 JavaThread "Stdin handler"                     [_thread_blocked, id=18804, stack(0x000000feb8000000,0x000000feb8100000) (1024K)]
  0x00000218b523e410 JavaThread "Daemon client event forwarder"        [_thread_blocked, id=6436, stack(0x000000feb8100000,0x000000feb8200000) (1024K)]
  0x00000218b523bcb0 JavaThread "Cache worker for journal cache (C:\Users\hieun\.gradle\caches\journal-1)"        [_thread_blocked, id=23412, stack(0x000000feb8200000,0x000000feb8300000) (1024K)]
  0x00000218b523c340 JavaThread "File lock request listener"        [_thread_in_native, id=25640, stack(0x000000feb8300000,0x000000feb8400000) (1024K)]
  0x00000218b523d060 JavaThread "Cache worker for file hash cache (C:\Users\hieun\.gradle\caches\9.5.1\fileHashes)"        [_thread_blocked, id=30992, stack(0x000000feb8500000,0x000000feb8600000) (1024K)]
  0x00000218b7543650 JavaThread "Cache worker for file hash cache (D:\n1h5-models-backend\.gradle\9.5.1\fileHashes)"        [_thread_blocked, id=54596, stack(0x000000feb8c00000,0x000000feb8d00000) (1024K)]
  0x00000218b7542fc0 JavaThread "Cache worker for Build Output Cleanup Cache (D:\n1h5-models-backend\.gradle\buildOutputCleanup)"        [_thread_blocked, id=32392, stack(0x000000feb8d00000,0x000000feb8e00000) (1024K)]
  0x00000218b7544370 JavaThread "File watcher server"        daemon [_thread_in_native, id=27188, stack(0x000000feb8e00000,0x000000feb8f00000) (1024K)]
  0x00000218b7541c10 JavaThread "File watcher consumer"      daemon [_thread_blocked, id=28516, stack(0x000000feb8f00000,0x000000feb9000000) (1024K)]
  0x00000218b7540ef0 JavaThread "Cache worker for file content cache (C:\Users\hieun\.gradle\caches\9.5.1\fileContent)"        [_thread_blocked, id=22344, stack(0x000000feb9000000,0x000000feb9100000) (1024K)]
  0x00000218b7544a00 JavaThread "Cache worker for checksums cache (D:\n1h5-models-backend\.gradle\9.5.1\checksums)"        [_thread_blocked, id=7696, stack(0x000000feb9100000,0x000000feb9200000) (1024K)]
  0x00000218b7541580 JavaThread "Cache worker for cache directory md-supplier (C:\Users\hieun\.gradle\caches\9.5.1\md-supplier)"        [_thread_blocked, id=19972, stack(0x000000feb5e00000,0x000000feb5f00000) (1024K)]
  0x00000218b7545090 JavaThread "Cache worker for cache directory md-rule (C:\Users\hieun\.gradle\caches\9.5.1\md-rule)"        [_thread_blocked, id=35244, stack(0x000000feb9200000,0x000000feb9300000) (1024K)]
  0x00000218b7545720 JavaThread "jar transforms"                    [_thread_blocked, id=37752, stack(0x000000feb9300000,0x000000feb9400000) (1024K)]
  0x00000218b7545db0 JavaThread "jar transforms Thread 2"           [_thread_blocked, id=51548, stack(0x000000feb6000000,0x000000feb6100000) (1024K)]
  0x00000218b7546ad0 JavaThread "jar transforms Thread 3"           [_thread_blocked, id=51752, stack(0x000000feb8400000,0x000000feb8500000) (1024K)]
  0x00000218b7548510 JavaThread "Build operations"                  [_thread_blocked, id=23820, stack(0x000000feb9400000,0x000000feb9500000) (1024K)]
  0x00000218b7547e80 JavaThread "Build operations Thread 2"         [_thread_blocked, id=13988, stack(0x000000feb9500000,0x000000feb9600000) (1024K)]
  0x00000218b523dd80 JavaThread "Build operations Thread 3"         [_thread_blocked, id=48928, stack(0x000000feb9600000,0x000000feb9700000) (1024K)]
  0x00000218b6f1cb30 JavaThread "Build operations Thread 4"         [_thread_blocked, id=36732, stack(0x000000feb9700000,0x000000feb9800000) (1024K)]
  0x00000218b6f1d1c0 JavaThread "Build operations Thread 5"         [_thread_blocked, id=26464, stack(0x000000feb9800000,0x000000feb9900000) (1024K)]
  0x00000218b6f1dee0 JavaThread "Build operations Thread 6"         [_thread_blocked, id=45880, stack(0x000000feb9900000,0x000000feb9a00000) (1024K)]
  0x00000218b6f1d850 JavaThread "Build operations Thread 7"         [_thread_blocked, id=47316, stack(0x000000feb9a00000,0x000000feb9b00000) (1024K)]
  0x00000218b6f1e570 JavaThread "Build operations Thread 8"         [_thread_blocked, id=13676, stack(0x000000feb9b00000,0x000000feb9c00000) (1024K)]
  0x00000218b6f1ec00 JavaThread "Build operations Thread 9"         [_thread_blocked, id=53504, stack(0x000000feb9c00000,0x000000feb9d00000) (1024K)]
  0x00000218b6f1f290 JavaThread "Build operations Thread 10"        [_thread_blocked, id=56228, stack(0x000000feb9d00000,0x000000feb9e00000) (1024K)]
  0x00000218b6f1be10 JavaThread "Build operations Thread 11"        [_thread_blocked, id=12420, stack(0x000000feb9e00000,0x000000feb9f00000) (1024K)]
  0x00000218b6f1f920 JavaThread "Build operations Thread 12"        [_thread_blocked, id=19828, stack(0x000000feb9f00000,0x000000feba000000) (1024K)]
  0x00000218b6f1c4a0 JavaThread "Memory manager"                    [_thread_blocked, id=53176, stack(0x000000feba000000,0x000000feba100000) (1024K)]
  0x00000218b6f20640 JavaThread "File lock release action executor Thread 3"        [_thread_blocked, id=2704, stack(0x000000feb5f00000,0x000000feb6000000) (1024K)]
  0x00000218b6f22080 JavaThread "jar transforms Thread 4"           [_thread_blocked, id=52504, stack(0x000000feba100000,0x000000feba200000) (1024K)]
Total: 50

Other Threads:
  0x000002189b009410 VMThread "VM Thread"                           [id=38820, stack(0x000000feb6800000,0x000000feb6900000) (1024K)]
  0x000002189aff7ac0 WatcherThread "VM Periodic Task Thread"        [id=19620, stack(0x000000feb6700000,0x000000feb6800000) (1024K)]
  0x00000218ffeb5c30 WorkerThread "GC Thread#0"                     [id=52628, stack(0x000000feb6200000,0x000000feb6300000) (1024K)]
  0x00000218b5228550 WorkerThread "GC Thread#1"                     [id=12916, stack(0x000000feb7400000,0x000000feb7500000) (1024K)]
  0x00000218b5228900 WorkerThread "GC Thread#2"                     [id=24936, stack(0x000000feb7500000,0x000000feb7600000) (1024K)]
  0x00000218b5375b10 WorkerThread "GC Thread#3"                     [id=12344, stack(0x000000feb7600000,0x000000feb7700000) (1024K)]
  0x00000218b5375ec0 WorkerThread "GC Thread#4"                     [id=8824, stack(0x000000feb7700000,0x000000feb7800000) (1024K)]
  0x00000218b5376270 WorkerThread "GC Thread#5"                     [id=29632, stack(0x000000feb7800000,0x000000feb7900000) (1024K)]
  0x00000218b6608050 WorkerThread "GC Thread#6"                     [id=42180, stack(0x000000feb8600000,0x000000feb8700000) (1024K)]
  0x00000218b66078f0 WorkerThread "GC Thread#7"                     [id=21812, stack(0x000000feb8700000,0x000000feb8800000) (1024K)]
  0x00000218b6608b60 WorkerThread "GC Thread#8"                     [id=43516, stack(0x000000feb8800000,0x000000feb8900000) (1024K)]
  0x00000218b6608400 WorkerThread "GC Thread#9"                     [id=3120, stack(0x000000feb8900000,0x000000feb8a00000) (1024K)]
  0x00000218ffebab30 ConcurrentGCThread "G1 Main Marker"            [id=28760, stack(0x000000feb6300000,0x000000feb6400000) (1024K)]
  0x00000218ffebb550 WorkerThread "G1 Conc#0"                       [id=28296, stack(0x000000feb6400000,0x000000feb6500000) (1024K)]
  0x00000218b656b6b0 WorkerThread "G1 Conc#1"                       [id=57268, stack(0x000000feb8a00000,0x000000feb8b00000) (1024K)]
  0x00000218b656d430 WorkerThread "G1 Conc#2"                       [id=11232, stack(0x000000feb8b00000,0x000000feb8c00000) (1024K)]
  0x000002189aec6610 ConcurrentGCThread "G1 Refine#0"               [id=54472, stack(0x000000feb6500000,0x000000feb6600000) (1024K)]
  0x000002189aec70a0 ConcurrentGCThread "G1 Service"                [id=55672, stack(0x000000feb6600000,0x000000feb6700000) (1024K)]
Total: 18

Threads with active compile tasks:
C2 CompilerThread0   263029 7354       4       org.gradle.internal.logging.text.AbstractLineChoppingStyledTextOutput::doAppend (43 bytes)
Total: 1

VM state: not at safepoint (normal execution)

VM Mutex/Monitor currently owned by a thread: None

Heap address: 0x00000000e0000000, size: 512 MB, Compressed Oops mode: 32-bit

CDS archive(s) mapped at: [0x000002189c000000-0x000002189cc90000-0x000002189cc90000), size 13172736, SharedBaseAddress: 0x000002189c000000, ArchiveRelocationMode: 1.
Compressed class space mapped at: 0x000002189d000000-0x00000218b1000000, reserved size: 335544320
Narrow klass base: 0x000002189c000000, Narrow klass shift: 0, Narrow klass range: 0x100000000

GC Precious Log:
 CardTable entry size: 512
 Card Set container configuration: InlinePtr #cards 5 size 8 Array Of Cards #cards 12 size 40 Howl #buckets 4 coarsen threshold 1843 Howl Bitmap #cards 512 size 80 coarsen threshold 460 Card regions per heap region 1 cards per card region 2048
 CPUs: 12 total, 12 available
 Memory: 15690M
 Large Page Support: Disabled
 NUMA Support: Disabled
 Compressed Oops: Enabled (32-bit)
 Heap Region Size: 1M
 Heap Min Capacity: 256M
 Heap Initial Capacity: 256M
 Heap Max Capacity: 512M
 Pre-touch: Disabled
 Parallel Workers: 10
 Concurrent Workers: 3
 Concurrent Refinement Workers: 10
 Periodic GC: Disabled

Heap:
 garbage-first heap   total 262144K, used 104722K [0x00000000e0000000, 0x0000000100000000)
  region size 1024K, 82 young (83968K), 15 survivors (15360K)
 Metaspace       used 53627K, committed 55808K, reserved 393216K
  class space    used 7885K, committed 8960K, reserved 327680K

Heap Regions: E=young(eden), S=young(survivor), O=old, HS=humongous(starts), HC=humongous(continues), CS=collection set, F=free, TAMS=top-at-mark-start, PB=parsable bottom
|   0|0x00000000e0000000, 0x00000000e0100000, 0x00000000e0100000|100%|HS|  |TAMS 0x00000000e0000000| PB 0x00000000e0000000| Complete 
|   1|0x00000000e0100000, 0x00000000e0200000, 0x00000000e0200000|100%|HC|  |TAMS 0x00000000e0100000| PB 0x00000000e0100000| Complete 
|   2|0x00000000e0200000, 0x00000000e0300000, 0x00000000e0300000|100%|HC|  |TAMS 0x00000000e0200000| PB 0x00000000e0200000| Complete 
|   3|0x00000000e0300000, 0x00000000e0400000, 0x00000000e0400000|100%|HC|  |TAMS 0x00000000e0300000| PB 0x00000000e0300000| Complete 
|   4|0x00000000e0400000, 0x00000000e0500000, 0x00000000e0500000|100%| O|  |TAMS 0x00000000e0400000| PB 0x00000000e0400000| Untracked 
|   5|0x00000000e0500000, 0x00000000e0600000, 0x00000000e0600000|100%| O|  |TAMS 0x00000000e0500000| PB 0x00000000e0500000| Untracked 
|   6|0x00000000e0600000, 0x00000000e0700000, 0x00000000e0700000|100%| O|  |TAMS 0x00000000e0600000| PB 0x00000000e0600000| Untracked 
|   7|0x00000000e0700000, 0x00000000e0800000, 0x00000000e0800000|100%| O|  |TAMS 0x00000000e0700000| PB 0x00000000e0700000| Untracked 
|   8|0x00000000e0800000, 0x00000000e0900000, 0x00000000e0900000|100%|HS|  |TAMS 0x00000000e0800000| PB 0x00000000e0800000| Complete 
|   9|0x00000000e0900000, 0x00000000e0a00000, 0x00000000e0a00000|100%| O|  |TAMS 0x00000000e0900000| PB 0x00000000e0900000| Untracked 
|  10|0x00000000e0a00000, 0x00000000e0b00000, 0x00000000e0b00000|100%| O|  |TAMS 0x00000000e0a00000| PB 0x00000000e0a00000| Untracked 
|  11|0x00000000e0b00000, 0x00000000e0c00000, 0x00000000e0c00000|100%| O|  |TAMS 0x00000000e0b00000| PB 0x00000000e0b00000| Untracked 
|  12|0x00000000e0c00000, 0x00000000e0d00000, 0x00000000e0d00000|100%| O|Cm|TAMS 0x00000000e0c00000| PB 0x00000000e0c00000| Complete 
|  13|0x00000000e0d00000, 0x00000000e0e00000, 0x00000000e0e00000|100%| O|  |TAMS 0x00000000e0d00000| PB 0x00000000e0d00000| Untracked 
|  14|0x00000000e0e00000, 0x00000000e0f00000, 0x00000000e0f00000|100%| O|  |TAMS 0x00000000e0e00000| PB 0x00000000e0e00000| Untracked 
|  15|0x00000000e0f00000, 0x00000000e1000000, 0x00000000e1000000|100%| O|  |TAMS 0x00000000e0f00000| PB 0x00000000e0f00000| Untracked 
|  16|0x00000000e1000000, 0x00000000e1100000, 0x00000000e1100000|100%| O|  |TAMS 0x00000000e1000000| PB 0x00000000e1000000| Untracked 
|  17|0x00000000e1100000, 0x00000000e1200000, 0x00000000e1200000|100%| O|  |TAMS 0x00000000e1100000| PB 0x00000000e1100000| Untracked 
|  18|0x00000000e1200000, 0x00000000e1300000, 0x00000000e1300000|100%| O|  |TAMS 0x00000000e1200000| PB 0x00000000e1200000| Untracked 
|  19|0x00000000e1300000, 0x00000000e1400000, 0x00000000e1400000|100%| O|  |TAMS 0x00000000e1300000| PB 0x00000000e1300000| Untracked 
|  20|0x00000000e1400000, 0x00000000e1500000, 0x00000000e1500000|100%| O|  |TAMS 0x00000000e1400000| PB 0x00000000e1400000| Untracked 
|  21|0x00000000e1500000, 0x00000000e1600000, 0x00000000e1600000|100%| O|  |TAMS 0x00000000e1500000| PB 0x00000000e1500000| Untracked 
|  22|0x00000000e1600000, 0x00000000e1644a00, 0x00000000e1700000| 26%| O|  |TAMS 0x00000000e1600000| PB 0x00000000e1600000| Untracked 
|  23|0x00000000e1700000, 0x00000000e1700000, 0x00000000e1800000|  0%| F|  |TAMS 0x00000000e1700000| PB 0x00000000e1700000| Untracked 
|  24|0x00000000e1800000, 0x00000000e1800000, 0x00000000e1900000|  0%| F|  |TAMS 0x00000000e1800000| PB 0x00000000e1800000| Untracked 
|  25|0x00000000e1900000, 0x00000000e1900000, 0x00000000e1a00000|  0%| F|  |TAMS 0x00000000e1900000| PB 0x00000000e1900000| Untracked 
|  26|0x00000000e1a00000, 0x00000000e1a00000, 0x00000000e1b00000|  0%| F|  |TAMS 0x00000000e1a00000| PB 0x00000000e1a00000| Untracked 
|  27|0x00000000e1b00000, 0x00000000e1b00000, 0x00000000e1c00000|  0%| F|  |TAMS 0x00000000e1b00000| PB 0x00000000e1b00000| Untracked 
|  28|0x00000000e1c00000, 0x00000000e1c00000, 0x00000000e1d00000|  0%| F|  |TAMS 0x00000000e1c00000| PB 0x00000000e1c00000| Untracked 
|  29|0x00000000e1d00000, 0x00000000e1d00000, 0x00000000e1e00000|  0%| F|  |TAMS 0x00000000e1d00000| PB 0x00000000e1d00000| Untracked 
|  30|0x00000000e1e00000, 0x00000000e1e00000, 0x00000000e1f00000|  0%| F|  |TAMS 0x00000000e1e00000| PB 0x00000000e1e00000| Untracked 
|  31|0x00000000e1f00000, 0x00000000e1f00000, 0x00000000e2000000|  0%| F|  |TAMS 0x00000000e1f00000| PB 0x00000000e1f00000| Untracked 
|  32|0x00000000e2000000, 0x00000000e2000000, 0x00000000e2100000|  0%| F|  |TAMS 0x00000000e2000000| PB 0x00000000e2000000| Untracked 
|  33|0x00000000e2100000, 0x00000000e2100000, 0x00000000e2200000|  0%| F|  |TAMS 0x00000000e2100000| PB 0x00000000e2100000| Untracked 
|  34|0x00000000e2200000, 0x00000000e2200000, 0x00000000e2300000|  0%| F|  |TAMS 0x00000000e2200000| PB 0x00000000e2200000| Untracked 
|  35|0x00000000e2300000, 0x00000000e2300000, 0x00000000e2400000|  0%| F|  |TAMS 0x00000000e2300000| PB 0x00000000e2300000| Untracked 
|  36|0x00000000e2400000, 0x00000000e2400000, 0x00000000e2500000|  0%| F|  |TAMS 0x00000000e2400000| PB 0x00000000e2400000| Untracked 
|  37|0x00000000e2500000, 0x00000000e2500000, 0x00000000e2600000|  0%| F|  |TAMS 0x00000000e2500000| PB 0x00000000e2500000| Untracked 
|  38|0x00000000e2600000, 0x00000000e2600000, 0x00000000e2700000|  0%| F|  |TAMS 0x00000000e2600000| PB 0x00000000e2600000| Untracked 
|  39|0x00000000e2700000, 0x00000000e2700000, 0x00000000e2800000|  0%| F|  |TAMS 0x00000000e2700000| PB 0x00000000e2700000| Untracked 
|  40|0x00000000e2800000, 0x00000000e2800000, 0x00000000e2900000|  0%| F|  |TAMS 0x00000000e2800000| PB 0x00000000e2800000| Untracked 
|  41|0x00000000e2900000, 0x00000000e2900000, 0x00000000e2a00000|  0%| F|  |TAMS 0x00000000e2900000| PB 0x00000000e2900000| Untracked 
|  42|0x00000000e2a00000, 0x00000000e2a00000, 0x00000000e2b00000|  0%| F|  |TAMS 0x00000000e2a00000| PB 0x00000000e2a00000| Untracked 
|  43|0x00000000e2b00000, 0x00000000e2b00000, 0x00000000e2c00000|  0%| F|  |TAMS 0x00000000e2b00000| PB 0x00000000e2b00000| Untracked 
|  44|0x00000000e2c00000, 0x00000000e2c00000, 0x00000000e2d00000|  0%| F|  |TAMS 0x00000000e2c00000| PB 0x00000000e2c00000| Untracked 
|  45|0x00000000e2d00000, 0x00000000e2d00000, 0x00000000e2e00000|  0%| F|  |TAMS 0x00000000e2d00000| PB 0x00000000e2d00000| Untracked 
|  46|0x00000000e2e00000, 0x00000000e2e00000, 0x00000000e2f00000|  0%| F|  |TAMS 0x00000000e2e00000| PB 0x00000000e2e00000| Untracked 
|  47|0x00000000e2f00000, 0x00000000e2f00000, 0x00000000e3000000|  0%| F|  |TAMS 0x00000000e2f00000| PB 0x00000000e2f00000| Untracked 
|  48|0x00000000e3000000, 0x00000000e3000000, 0x00000000e3100000|  0%| F|  |TAMS 0x00000000e3000000| PB 0x00000000e3000000| Untracked 
|  49|0x00000000e3100000, 0x00000000e3100000, 0x00000000e3200000|  0%| F|  |TAMS 0x00000000e3100000| PB 0x00000000e3100000| Untracked 
|  50|0x00000000e3200000, 0x00000000e3200000, 0x00000000e3300000|  0%| F|  |TAMS 0x00000000e3200000| PB 0x00000000e3200000| Untracked 
|  51|0x00000000e3300000, 0x00000000e3300000, 0x00000000e3400000|  0%| F|  |TAMS 0x00000000e3300000| PB 0x00000000e3300000| Untracked 
|  52|0x00000000e3400000, 0x00000000e3400000, 0x00000000e3500000|  0%| F|  |TAMS 0x00000000e3400000| PB 0x00000000e3400000| Untracked 
|  53|0x00000000e3500000, 0x00000000e3500000, 0x00000000e3600000|  0%| F|  |TAMS 0x00000000e3500000| PB 0x00000000e3500000| Untracked 
|  54|0x00000000e3600000, 0x00000000e3600000, 0x00000000e3700000|  0%| F|  |TAMS 0x00000000e3600000| PB 0x00000000e3600000| Untracked 
|  55|0x00000000e3700000, 0x00000000e3700000, 0x00000000e3800000|  0%| F|  |TAMS 0x00000000e3700000| PB 0x00000000e3700000| Untracked 
|  56|0x00000000e3800000, 0x00000000e3800000, 0x00000000e3900000|  0%| F|  |TAMS 0x00000000e3800000| PB 0x00000000e3800000| Untracked 
|  57|0x00000000e3900000, 0x00000000e3900000, 0x00000000e3a00000|  0%| F|  |TAMS 0x00000000e3900000| PB 0x00000000e3900000| Untracked 
|  58|0x00000000e3a00000, 0x00000000e3a00000, 0x00000000e3b00000|  0%| F|  |TAMS 0x00000000e3a00000| PB 0x00000000e3a00000| Untracked 
|  59|0x00000000e3b00000, 0x00000000e3b00000, 0x00000000e3c00000|  0%| F|  |TAMS 0x00000000e3b00000| PB 0x00000000e3b00000| Untracked 
|  60|0x00000000e3c00000, 0x00000000e3c00000, 0x00000000e3d00000|  0%| F|  |TAMS 0x00000000e3c00000| PB 0x00000000e3c00000| Untracked 
|  61|0x00000000e3d00000, 0x00000000e3d00000, 0x00000000e3e00000|  0%| F|  |TAMS 0x00000000e3d00000| PB 0x00000000e3d00000| Untracked 
|  62|0x00000000e3e00000, 0x00000000e3e00000, 0x00000000e3f00000|  0%| F|  |TAMS 0x00000000e3e00000| PB 0x00000000e3e00000| Untracked 
|  63|0x00000000e3f00000, 0x00000000e3f00000, 0x00000000e4000000|  0%| F|  |TAMS 0x00000000e3f00000| PB 0x00000000e3f00000| Untracked 
|  64|0x00000000e4000000, 0x00000000e4000000, 0x00000000e4100000|  0%| F|  |TAMS 0x00000000e4000000| PB 0x00000000e4000000| Untracked 
|  65|0x00000000e4100000, 0x00000000e4100000, 0x00000000e4200000|  0%| F|  |TAMS 0x00000000e4100000| PB 0x00000000e4100000| Untracked 
|  66|0x00000000e4200000, 0x00000000e4200000, 0x00000000e4300000|  0%| F|  |TAMS 0x00000000e4200000| PB 0x00000000e4200000| Untracked 
|  67|0x00000000e4300000, 0x00000000e4300000, 0x00000000e4400000|  0%| F|  |TAMS 0x00000000e4300000| PB 0x00000000e4300000| Untracked 
|  68|0x00000000e4400000, 0x00000000e4400000, 0x00000000e4500000|  0%| F|  |TAMS 0x00000000e4400000| PB 0x00000000e4400000| Untracked 
|  69|0x00000000e4500000, 0x00000000e4500000, 0x00000000e4600000|  0%| F|  |TAMS 0x00000000e4500000| PB 0x00000000e4500000| Untracked 
|  70|0x00000000e4600000, 0x00000000e4600000, 0x00000000e4700000|  0%| F|  |TAMS 0x00000000e4600000| PB 0x00000000e4600000| Untracked 
|  71|0x00000000e4700000, 0x00000000e4700000, 0x00000000e4800000|  0%| F|  |TAMS 0x00000000e4700000| PB 0x00000000e4700000| Untracked 
|  72|0x00000000e4800000, 0x00000000e4800000, 0x00000000e4900000|  0%| F|  |TAMS 0x00000000e4800000| PB 0x00000000e4800000| Untracked 
|  73|0x00000000e4900000, 0x00000000e4900000, 0x00000000e4a00000|  0%| F|  |TAMS 0x00000000e4900000| PB 0x00000000e4900000| Untracked 
|  74|0x00000000e4a00000, 0x00000000e4a00000, 0x00000000e4b00000|  0%| F|  |TAMS 0x00000000e4a00000| PB 0x00000000e4a00000| Untracked 
|  75|0x00000000e4b00000, 0x00000000e4b00000, 0x00000000e4c00000|  0%| F|  |TAMS 0x00000000e4b00000| PB 0x00000000e4b00000| Untracked 
|  76|0x00000000e4c00000, 0x00000000e4c00000, 0x00000000e4d00000|  0%| F|  |TAMS 0x00000000e4c00000| PB 0x00000000e4c00000| Untracked 
|  77|0x00000000e4d00000, 0x00000000e4d00000, 0x00000000e4e00000|  0%| F|  |TAMS 0x00000000e4d00000| PB 0x00000000e4d00000| Untracked 
|  78|0x00000000e4e00000, 0x00000000e4e00000, 0x00000000e4f00000|  0%| F|  |TAMS 0x00000000e4e00000| PB 0x00000000e4e00000| Untracked 
|  79|0x00000000e4f00000, 0x00000000e4f00000, 0x00000000e5000000|  0%| F|  |TAMS 0x00000000e4f00000| PB 0x00000000e4f00000| Untracked 
|  80|0x00000000e5000000, 0x00000000e5000000, 0x00000000e5100000|  0%| F|  |TAMS 0x00000000e5000000| PB 0x00000000e5000000| Untracked 
|  81|0x00000000e5100000, 0x00000000e5100000, 0x00000000e5200000|  0%| F|  |TAMS 0x00000000e5100000| PB 0x00000000e5100000| Untracked 
|  82|0x00000000e5200000, 0x00000000e5200000, 0x00000000e5300000|  0%| F|  |TAMS 0x00000000e5200000| PB 0x00000000e5200000| Untracked 
|  83|0x00000000e5300000, 0x00000000e5300000, 0x00000000e5400000|  0%| F|  |TAMS 0x00000000e5300000| PB 0x00000000e5300000| Untracked 
|  84|0x00000000e5400000, 0x00000000e5400000, 0x00000000e5500000|  0%| F|  |TAMS 0x00000000e5400000| PB 0x00000000e5400000| Untracked 
|  85|0x00000000e5500000, 0x00000000e5500000, 0x00000000e5600000|  0%| F|  |TAMS 0x00000000e5500000| PB 0x00000000e5500000| Untracked 
|  86|0x00000000e5600000, 0x00000000e5600000, 0x00000000e5700000|  0%| F|  |TAMS 0x00000000e5600000| PB 0x00000000e5600000| Untracked 
|  87|0x00000000e5700000, 0x00000000e5700000, 0x00000000e5800000|  0%| F|  |TAMS 0x00000000e5700000| PB 0x00000000e5700000| Untracked 
|  88|0x00000000e5800000, 0x00000000e5900000, 0x00000000e5900000|100%| S|CS|TAMS 0x00000000e5800000| PB 0x00000000e5800000| Complete 
|  89|0x00000000e5900000, 0x00000000e5a00000, 0x00000000e5a00000|100%| S|CS|TAMS 0x00000000e5900000| PB 0x00000000e5900000| Complete 
|  90|0x00000000e5a00000, 0x00000000e5b00000, 0x00000000e5b00000|100%| S|CS|TAMS 0x00000000e5a00000| PB 0x00000000e5a00000| Complete 
|  91|0x00000000e5b00000, 0x00000000e5c00000, 0x00000000e5c00000|100%| S|CS|TAMS 0x00000000e5b00000| PB 0x00000000e5b00000| Complete 
|  92|0x00000000e5c00000, 0x00000000e5d00000, 0x00000000e5d00000|100%| S|CS|TAMS 0x00000000e5c00000| PB 0x00000000e5c00000| Complete 
|  93|0x00000000e5d00000, 0x00000000e5e00000, 0x00000000e5e00000|100%| S|CS|TAMS 0x00000000e5d00000| PB 0x00000000e5d00000| Complete 
|  94|0x00000000e5e00000, 0x00000000e5f00000, 0x00000000e5f00000|100%| S|CS|TAMS 0x00000000e5e00000| PB 0x00000000e5e00000| Complete 
|  95|0x00000000e5f00000, 0x00000000e6000000, 0x00000000e6000000|100%| S|CS|TAMS 0x00000000e5f00000| PB 0x00000000e5f00000| Complete 
|  96|0x00000000e6000000, 0x00000000e6100000, 0x00000000e6100000|100%| S|CS|TAMS 0x00000000e6000000| PB 0x00000000e6000000| Complete 
|  97|0x00000000e6100000, 0x00000000e6200000, 0x00000000e6200000|100%| S|CS|TAMS 0x00000000e6100000| PB 0x00000000e6100000| Complete 
|  98|0x00000000e6200000, 0x00000000e6300000, 0x00000000e6300000|100%| S|CS|TAMS 0x00000000e6200000| PB 0x00000000e6200000| Complete 
|  99|0x00000000e6300000, 0x00000000e6400000, 0x00000000e6400000|100%| S|CS|TAMS 0x00000000e6300000| PB 0x00000000e6300000| Complete 
| 100|0x00000000e6400000, 0x00000000e6500000, 0x00000000e6500000|100%| S|CS|TAMS 0x00000000e6400000| PB 0x00000000e6400000| Complete 
| 101|0x00000000e6500000, 0x00000000e6600000, 0x00000000e6600000|100%| S|CS|TAMS 0x00000000e6500000| PB 0x00000000e6500000| Complete 
| 102|0x00000000e6600000, 0x00000000e6700000, 0x00000000e6700000|100%| S|CS|TAMS 0x00000000e6600000| PB 0x00000000e6600000| Complete 
| 103|0x00000000e6700000, 0x00000000e6700000, 0x00000000e6800000|  0%| F|  |TAMS 0x00000000e6700000| PB 0x00000000e6700000| Untracked 
| 104|0x00000000e6800000, 0x00000000e6800000, 0x00000000e6900000|  0%| F|  |TAMS 0x00000000e6800000| PB 0x00000000e6800000| Untracked 
| 105|0x00000000e6900000, 0x00000000e6900000, 0x00000000e6a00000|  0%| F|  |TAMS 0x00000000e6900000| PB 0x00000000e6900000| Untracked 
| 106|0x00000000e6a00000, 0x00000000e6a00000, 0x00000000e6b00000|  0%| F|  |TAMS 0x00000000e6a00000| PB 0x00000000e6a00000| Untracked 
| 107|0x00000000e6b00000, 0x00000000e6b00000, 0x00000000e6c00000|  0%| F|  |TAMS 0x00000000e6b00000| PB 0x00000000e6b00000| Untracked 
| 108|0x00000000e6c00000, 0x00000000e6c00000, 0x00000000e6d00000|  0%| F|  |TAMS 0x00000000e6c00000| PB 0x00000000e6c00000| Untracked 
| 109|0x00000000e6d00000, 0x00000000e6d00000, 0x00000000e6e00000|  0%| F|  |TAMS 0x00000000e6d00000| PB 0x00000000e6d00000| Untracked 
| 110|0x00000000e6e00000, 0x00000000e6e00000, 0x00000000e6f00000|  0%| F|  |TAMS 0x00000000e6e00000| PB 0x00000000e6e00000| Untracked 
| 111|0x00000000e6f00000, 0x00000000e6f00000, 0x00000000e7000000|  0%| F|  |TAMS 0x00000000e6f00000| PB 0x00000000e6f00000| Untracked 
| 112|0x00000000e7000000, 0x00000000e7000000, 0x00000000e7100000|  0%| F|  |TAMS 0x00000000e7000000| PB 0x00000000e7000000| Untracked 
| 113|0x00000000e7100000, 0x00000000e7100000, 0x00000000e7200000|  0%| F|  |TAMS 0x00000000e7100000| PB 0x00000000e7100000| Untracked 
| 114|0x00000000e7200000, 0x00000000e7200000, 0x00000000e7300000|  0%| F|  |TAMS 0x00000000e7200000| PB 0x00000000e7200000| Untracked 
| 115|0x00000000e7300000, 0x00000000e7300000, 0x00000000e7400000|  0%| F|  |TAMS 0x00000000e7300000| PB 0x00000000e7300000| Untracked 
| 116|0x00000000e7400000, 0x00000000e7400000, 0x00000000e7500000|  0%| F|  |TAMS 0x00000000e7400000| PB 0x00000000e7400000| Untracked 
| 117|0x00000000e7500000, 0x00000000e7500000, 0x00000000e7600000|  0%| F|  |TAMS 0x00000000e7500000| PB 0x00000000e7500000| Untracked 
| 118|0x00000000e7600000, 0x00000000e7600000, 0x00000000e7700000|  0%| F|  |TAMS 0x00000000e7600000| PB 0x00000000e7600000| Untracked 
| 119|0x00000000e7700000, 0x00000000e7700000, 0x00000000e7800000|  0%| F|  |TAMS 0x00000000e7700000| PB 0x00000000e7700000| Untracked 
| 120|0x00000000e7800000, 0x00000000e7800000, 0x00000000e7900000|  0%| F|  |TAMS 0x00000000e7800000| PB 0x00000000e7800000| Untracked 
| 121|0x00000000e7900000, 0x00000000e7900000, 0x00000000e7a00000|  0%| F|  |TAMS 0x00000000e7900000| PB 0x00000000e7900000| Untracked 
| 122|0x00000000e7a00000, 0x00000000e7a00000, 0x00000000e7b00000|  0%| F|  |TAMS 0x00000000e7a00000| PB 0x00000000e7a00000| Untracked 
| 123|0x00000000e7b00000, 0x00000000e7b00000, 0x00000000e7c00000|  0%| F|  |TAMS 0x00000000e7b00000| PB 0x00000000e7b00000| Untracked 
| 124|0x00000000e7c00000, 0x00000000e7c00000, 0x00000000e7d00000|  0%| F|  |TAMS 0x00000000e7c00000| PB 0x00000000e7c00000| Untracked 
| 125|0x00000000e7d00000, 0x00000000e7d00000, 0x00000000e7e00000|  0%| F|  |TAMS 0x00000000e7d00000| PB 0x00000000e7d00000| Untracked 
| 126|0x00000000e7e00000, 0x00000000e7e00000, 0x00000000e7f00000|  0%| F|  |TAMS 0x00000000e7e00000| PB 0x00000000e7e00000| Untracked 
| 127|0x00000000e7f00000, 0x00000000e7f00000, 0x00000000e8000000|  0%| F|  |TAMS 0x00000000e7f00000| PB 0x00000000e7f00000| Untracked 
| 128|0x00000000e8000000, 0x00000000e8000000, 0x00000000e8100000|  0%| F|  |TAMS 0x00000000e8000000| PB 0x00000000e8000000| Untracked 
| 129|0x00000000e8100000, 0x00000000e8100000, 0x00000000e8200000|  0%| F|  |TAMS 0x00000000e8100000| PB 0x00000000e8100000| Untracked 
| 130|0x00000000e8200000, 0x00000000e8200000, 0x00000000e8300000|  0%| F|  |TAMS 0x00000000e8200000| PB 0x00000000e8200000| Untracked 
| 131|0x00000000e8300000, 0x00000000e8300000, 0x00000000e8400000|  0%| F|  |TAMS 0x00000000e8300000| PB 0x00000000e8300000| Untracked 
| 132|0x00000000e8400000, 0x00000000e8400000, 0x00000000e8500000|  0%| F|  |TAMS 0x00000000e8400000| PB 0x00000000e8400000| Untracked 
| 133|0x00000000e8500000, 0x00000000e8500000, 0x00000000e8600000|  0%| F|  |TAMS 0x00000000e8500000| PB 0x00000000e8500000| Untracked 
| 134|0x00000000e8600000, 0x00000000e8600000, 0x00000000e8700000|  0%| F|  |TAMS 0x00000000e8600000| PB 0x00000000e8600000| Untracked 
| 135|0x00000000e8700000, 0x00000000e8700000, 0x00000000e8800000|  0%| F|  |TAMS 0x00000000e8700000| PB 0x00000000e8700000| Untracked 
| 136|0x00000000e8800000, 0x00000000e8800000, 0x00000000e8900000|  0%| F|  |TAMS 0x00000000e8800000| PB 0x00000000e8800000| Untracked 
| 137|0x00000000e8900000, 0x00000000e8900000, 0x00000000e8a00000|  0%| F|  |TAMS 0x00000000e8900000| PB 0x00000000e8900000| Untracked 
| 138|0x00000000e8a00000, 0x00000000e8a00000, 0x00000000e8b00000|  0%| F|  |TAMS 0x00000000e8a00000| PB 0x00000000e8a00000| Untracked 
| 139|0x00000000e8b00000, 0x00000000e8b00000, 0x00000000e8c00000|  0%| F|  |TAMS 0x00000000e8b00000| PB 0x00000000e8b00000| Untracked 
| 140|0x00000000e8c00000, 0x00000000e8c00000, 0x00000000e8d00000|  0%| F|  |TAMS 0x00000000e8c00000| PB 0x00000000e8c00000| Untracked 
| 141|0x00000000e8d00000, 0x00000000e8d00000, 0x00000000e8e00000|  0%| F|  |TAMS 0x00000000e8d00000| PB 0x00000000e8d00000| Untracked 
| 142|0x00000000e8e00000, 0x00000000e8e00000, 0x00000000e8f00000|  0%| F|  |TAMS 0x00000000e8e00000| PB 0x00000000e8e00000| Untracked 
| 143|0x00000000e8f00000, 0x00000000e8f00000, 0x00000000e9000000|  0%| F|  |TAMS 0x00000000e8f00000| PB 0x00000000e8f00000| Untracked 
| 144|0x00000000e9000000, 0x00000000e9000000, 0x00000000e9100000|  0%| F|  |TAMS 0x00000000e9000000| PB 0x00000000e9000000| Untracked 
| 145|0x00000000e9100000, 0x00000000e9100000, 0x00000000e9200000|  0%| F|  |TAMS 0x00000000e9100000| PB 0x00000000e9100000| Untracked 
| 146|0x00000000e9200000, 0x00000000e9200000, 0x00000000e9300000|  0%| F|  |TAMS 0x00000000e9200000| PB 0x00000000e9200000| Untracked 
| 147|0x00000000e9300000, 0x00000000e9300000, 0x00000000e9400000|  0%| F|  |TAMS 0x00000000e9300000| PB 0x00000000e9300000| Untracked 
| 148|0x00000000e9400000, 0x00000000e9400000, 0x00000000e9500000|  0%| F|  |TAMS 0x00000000e9400000| PB 0x00000000e9400000| Untracked 
| 149|0x00000000e9500000, 0x00000000e9500000, 0x00000000e9600000|  0%| F|  |TAMS 0x00000000e9500000| PB 0x00000000e9500000| Untracked 
| 150|0x00000000e9600000, 0x00000000e9600000, 0x00000000e9700000|  0%| F|  |TAMS 0x00000000e9600000| PB 0x00000000e9600000| Untracked 
| 151|0x00000000e9700000, 0x00000000e9700000, 0x00000000e9800000|  0%| F|  |TAMS 0x00000000e9700000| PB 0x00000000e9700000| Untracked 
| 152|0x00000000e9800000, 0x00000000e9800000, 0x00000000e9900000|  0%| F|  |TAMS 0x00000000e9800000| PB 0x00000000e9800000| Untracked 
| 153|0x00000000e9900000, 0x00000000e9900000, 0x00000000e9a00000|  0%| F|  |TAMS 0x00000000e9900000| PB 0x00000000e9900000| Untracked 
| 154|0x00000000e9a00000, 0x00000000e9a00000, 0x00000000e9b00000|  0%| F|  |TAMS 0x00000000e9a00000| PB 0x00000000e9a00000| Untracked 
| 155|0x00000000e9b00000, 0x00000000e9b00000, 0x00000000e9c00000|  0%| F|  |TAMS 0x00000000e9b00000| PB 0x00000000e9b00000| Untracked 
| 156|0x00000000e9c00000, 0x00000000e9c00000, 0x00000000e9d00000|  0%| F|  |TAMS 0x00000000e9c00000| PB 0x00000000e9c00000| Untracked 
| 157|0x00000000e9d00000, 0x00000000e9d00000, 0x00000000e9e00000|  0%| F|  |TAMS 0x00000000e9d00000| PB 0x00000000e9d00000| Untracked 
| 158|0x00000000e9e00000, 0x00000000e9e00000, 0x00000000e9f00000|  0%| F|  |TAMS 0x00000000e9e00000| PB 0x00000000e9e00000| Untracked 
| 159|0x00000000e9f00000, 0x00000000e9f00000, 0x00000000ea000000|  0%| F|  |TAMS 0x00000000e9f00000| PB 0x00000000e9f00000| Untracked 
| 160|0x00000000ea000000, 0x00000000ea000000, 0x00000000ea100000|  0%| F|  |TAMS 0x00000000ea000000| PB 0x00000000ea000000| Untracked 
| 161|0x00000000ea100000, 0x00000000ea100000, 0x00000000ea200000|  0%| F|  |TAMS 0x00000000ea100000| PB 0x00000000ea100000| Untracked 
| 162|0x00000000ea200000, 0x00000000ea200000, 0x00000000ea300000|  0%| F|  |TAMS 0x00000000ea200000| PB 0x00000000ea200000| Untracked 
| 163|0x00000000ea300000, 0x00000000ea300000, 0x00000000ea400000|  0%| F|  |TAMS 0x00000000ea300000| PB 0x00000000ea300000| Untracked 
| 164|0x00000000ea400000, 0x00000000ea400000, 0x00000000ea500000|  0%| F|  |TAMS 0x00000000ea400000| PB 0x00000000ea400000| Untracked 
| 165|0x00000000ea500000, 0x00000000ea500000, 0x00000000ea600000|  0%| F|  |TAMS 0x00000000ea500000| PB 0x00000000ea500000| Untracked 
| 166|0x00000000ea600000, 0x00000000ea600000, 0x00000000ea700000|  0%| F|  |TAMS 0x00000000ea600000| PB 0x00000000ea600000| Untracked 
| 167|0x00000000ea700000, 0x00000000ea700000, 0x00000000ea800000|  0%| F|  |TAMS 0x00000000ea700000| PB 0x00000000ea700000| Untracked 
| 168|0x00000000ea800000, 0x00000000ea800000, 0x00000000ea900000|  0%| F|  |TAMS 0x00000000ea800000| PB 0x00000000ea800000| Untracked 
| 169|0x00000000ea900000, 0x00000000ea900000, 0x00000000eaa00000|  0%| F|  |TAMS 0x00000000ea900000| PB 0x00000000ea900000| Untracked 
| 170|0x00000000eaa00000, 0x00000000eaa00000, 0x00000000eab00000|  0%| F|  |TAMS 0x00000000eaa00000| PB 0x00000000eaa00000| Untracked 
| 171|0x00000000eab00000, 0x00000000eab00000, 0x00000000eac00000|  0%| F|  |TAMS 0x00000000eab00000| PB 0x00000000eab00000| Untracked 
| 172|0x00000000eac00000, 0x00000000eac00000, 0x00000000ead00000|  0%| F|  |TAMS 0x00000000eac00000| PB 0x00000000eac00000| Untracked 
| 173|0x00000000ead00000, 0x00000000ead00000, 0x00000000eae00000|  0%| F|  |TAMS 0x00000000ead00000| PB 0x00000000ead00000| Untracked 
| 174|0x00000000eae00000, 0x00000000eae00000, 0x00000000eaf00000|  0%| F|  |TAMS 0x00000000eae00000| PB 0x00000000eae00000| Untracked 
| 175|0x00000000eaf00000, 0x00000000eaf00000, 0x00000000eb000000|  0%| F|  |TAMS 0x00000000eaf00000| PB 0x00000000eaf00000| Untracked 
| 176|0x00000000eb000000, 0x00000000eb000000, 0x00000000eb100000|  0%| F|  |TAMS 0x00000000eb000000| PB 0x00000000eb000000| Untracked 
| 177|0x00000000eb100000, 0x00000000eb100000, 0x00000000eb200000|  0%| F|  |TAMS 0x00000000eb100000| PB 0x00000000eb100000| Untracked 
| 178|0x00000000eb200000, 0x00000000eb200000, 0x00000000eb300000|  0%| F|  |TAMS 0x00000000eb200000| PB 0x00000000eb200000| Untracked 
| 179|0x00000000eb300000, 0x00000000eb300000, 0x00000000eb400000|  0%| F|  |TAMS 0x00000000eb300000| PB 0x00000000eb300000| Untracked 
| 180|0x00000000eb400000, 0x00000000eb400000, 0x00000000eb500000|  0%| F|  |TAMS 0x00000000eb400000| PB 0x00000000eb400000| Untracked 
| 181|0x00000000eb500000, 0x00000000eb500000, 0x00000000eb600000|  0%| F|  |TAMS 0x00000000eb500000| PB 0x00000000eb500000| Untracked 
| 182|0x00000000eb600000, 0x00000000eb600000, 0x00000000eb700000|  0%| F|  |TAMS 0x00000000eb600000| PB 0x00000000eb600000| Untracked 
| 183|0x00000000eb700000, 0x00000000eb700000, 0x00000000eb800000|  0%| F|  |TAMS 0x00000000eb700000| PB 0x00000000eb700000| Untracked 
| 184|0x00000000eb800000, 0x00000000eb800000, 0x00000000eb900000|  0%| F|  |TAMS 0x00000000eb800000| PB 0x00000000eb800000| Untracked 
| 185|0x00000000eb900000, 0x00000000eb900000, 0x00000000eba00000|  0%| F|  |TAMS 0x00000000eb900000| PB 0x00000000eb900000| Untracked 
| 186|0x00000000eba00000, 0x00000000eba00000, 0x00000000ebb00000|  0%| F|  |TAMS 0x00000000eba00000| PB 0x00000000eba00000| Untracked 
| 187|0x00000000ebb00000, 0x00000000ebb00000, 0x00000000ebc00000|  0%| F|  |TAMS 0x00000000ebb00000| PB 0x00000000ebb00000| Untracked 
| 188|0x00000000ebc00000, 0x00000000ebc00000, 0x00000000ebd00000|  0%| F|  |TAMS 0x00000000ebc00000| PB 0x00000000ebc00000| Untracked 
| 189|0x00000000ebd00000, 0x00000000ebd80000, 0x00000000ebe00000| 50%| E|  |TAMS 0x00000000ebd00000| PB 0x00000000ebd00000| Complete 
| 190|0x00000000ebe00000, 0x00000000ebf00000, 0x00000000ebf00000|100%| E|CS|TAMS 0x00000000ebe00000| PB 0x00000000ebe00000| Complete 
| 191|0x00000000ebf00000, 0x00000000ebfffbd0, 0x00000000ec000000| 99%| E|  |TAMS 0x00000000ebf00000| PB 0x00000000ebf00000| Complete 
| 192|0x00000000ec000000, 0x00000000ec100000, 0x00000000ec100000|100%| E|CS|TAMS 0x00000000ec000000| PB 0x00000000ec000000| Complete 
| 193|0x00000000ec100000, 0x00000000ec200000, 0x00000000ec200000|100%| E|CS|TAMS 0x00000000ec100000| PB 0x00000000ec100000| Complete 
| 194|0x00000000ec200000, 0x00000000ec300000, 0x00000000ec300000|100%| E|CS|TAMS 0x00000000ec200000| PB 0x00000000ec200000| Complete 
| 195|0x00000000ec300000, 0x00000000ec400000, 0x00000000ec400000|100%| E|CS|TAMS 0x00000000ec300000| PB 0x00000000ec300000| Complete 
| 196|0x00000000ec400000, 0x00000000ec500000, 0x00000000ec500000|100%| E|CS|TAMS 0x00000000ec400000| PB 0x00000000ec400000| Complete 
| 197|0x00000000ec500000, 0x00000000ec600000, 0x00000000ec600000|100%| E|CS|TAMS 0x00000000ec500000| PB 0x00000000ec500000| Complete 
| 198|0x00000000ec600000, 0x00000000ec700000, 0x00000000ec700000|100%| E|CS|TAMS 0x00000000ec600000| PB 0x00000000ec600000| Complete 
| 199|0x00000000ec700000, 0x00000000ec800000, 0x00000000ec800000|100%| E|CS|TAMS 0x00000000ec700000| PB 0x00000000ec700000| Complete 
| 200|0x00000000ec800000, 0x00000000ec900000, 0x00000000ec900000|100%| E|CS|TAMS 0x00000000ec800000| PB 0x00000000ec800000| Complete 
| 201|0x00000000ec900000, 0x00000000eca00000, 0x00000000eca00000|100%| E|CS|TAMS 0x00000000ec900000| PB 0x00000000ec900000| Complete 
| 202|0x00000000eca00000, 0x00000000ecb00000, 0x00000000ecb00000|100%| E|CS|TAMS 0x00000000eca00000| PB 0x00000000eca00000| Complete 
| 203|0x00000000ecb00000, 0x00000000ecc00000, 0x00000000ecc00000|100%| E|CS|TAMS 0x00000000ecb00000| PB 0x00000000ecb00000| Complete 
| 204|0x00000000ecc00000, 0x00000000ecd00000, 0x00000000ecd00000|100%| E|CS|TAMS 0x00000000ecc00000| PB 0x00000000ecc00000| Complete 
| 205|0x00000000ecd00000, 0x00000000ece00000, 0x00000000ece00000|100%| E|CS|TAMS 0x00000000ecd00000| PB 0x00000000ecd00000| Complete 
| 206|0x00000000ece00000, 0x00000000ecf00000, 0x00000000ecf00000|100%| E|CS|TAMS 0x00000000ece00000| PB 0x00000000ece00000| Complete 
| 207|0x00000000ecf00000, 0x00000000ed000000, 0x00000000ed000000|100%| E|CS|TAMS 0x00000000ecf00000| PB 0x00000000ecf00000| Complete 
| 208|0x00000000ed000000, 0x00000000ed100000, 0x00000000ed100000|100%| E|CS|TAMS 0x00000000ed000000| PB 0x00000000ed000000| Complete 
| 209|0x00000000ed100000, 0x00000000ed200000, 0x00000000ed200000|100%| E|CS|TAMS 0x00000000ed100000| PB 0x00000000ed100000| Complete 
| 210|0x00000000ed200000, 0x00000000ed300000, 0x00000000ed300000|100%| E|CS|TAMS 0x00000000ed200000| PB 0x00000000ed200000| Complete 
| 211|0x00000000ed300000, 0x00000000ed400000, 0x00000000ed400000|100%| E|CS|TAMS 0x00000000ed300000| PB 0x00000000ed300000| Complete 
| 212|0x00000000ed400000, 0x00000000ed500000, 0x00000000ed500000|100%| E|CS|TAMS 0x00000000ed400000| PB 0x00000000ed400000| Complete 
| 213|0x00000000ed500000, 0x00000000ed600000, 0x00000000ed600000|100%| E|CS|TAMS 0x00000000ed500000| PB 0x00000000ed500000| Complete 
| 214|0x00000000ed600000, 0x00000000ed700000, 0x00000000ed700000|100%| E|CS|TAMS 0x00000000ed600000| PB 0x00000000ed600000| Complete 
| 215|0x00000000ed700000, 0x00000000ed800000, 0x00000000ed800000|100%| E|CS|TAMS 0x00000000ed700000| PB 0x00000000ed700000| Complete 
| 216|0x00000000ed800000, 0x00000000ed900000, 0x00000000ed900000|100%| E|CS|TAMS 0x00000000ed800000| PB 0x00000000ed800000| Complete 
| 217|0x00000000ed900000, 0x00000000eda00000, 0x00000000eda00000|100%| E|CS|TAMS 0x00000000ed900000| PB 0x00000000ed900000| Complete 
| 218|0x00000000eda00000, 0x00000000edb00000, 0x00000000edb00000|100%| E|CS|TAMS 0x00000000eda00000| PB 0x00000000eda00000| Complete 
| 219|0x00000000edb00000, 0x00000000edc00000, 0x00000000edc00000|100%| E|CS|TAMS 0x00000000edb00000| PB 0x00000000edb00000| Complete 
| 220|0x00000000edc00000, 0x00000000edd00000, 0x00000000edd00000|100%| E|CS|TAMS 0x00000000edc00000| PB 0x00000000edc00000| Complete 
| 221|0x00000000edd00000, 0x00000000ede00000, 0x00000000ede00000|100%| E|CS|TAMS 0x00000000edd00000| PB 0x00000000edd00000| Complete 
| 222|0x00000000ede00000, 0x00000000edf00000, 0x00000000edf00000|100%| E|CS|TAMS 0x00000000ede00000| PB 0x00000000ede00000| Complete 
| 223|0x00000000edf00000, 0x00000000ee000000, 0x00000000ee000000|100%| E|CS|TAMS 0x00000000edf00000| PB 0x00000000edf00000| Complete 
| 224|0x00000000ee000000, 0x00000000ee100000, 0x00000000ee100000|100%| E|CS|TAMS 0x00000000ee000000| PB 0x00000000ee000000| Complete 
| 225|0x00000000ee100000, 0x00000000ee200000, 0x00000000ee200000|100%| E|CS|TAMS 0x00000000ee100000| PB 0x00000000ee100000| Complete 
| 226|0x00000000ee200000, 0x00000000ee300000, 0x00000000ee300000|100%| E|CS|TAMS 0x00000000ee200000| PB 0x00000000ee200000| Complete 
| 227|0x00000000ee300000, 0x00000000ee400000, 0x00000000ee400000|100%| E|CS|TAMS 0x00000000ee300000| PB 0x00000000ee300000| Complete 
| 228|0x00000000ee400000, 0x00000000ee500000, 0x00000000ee500000|100%| E|CS|TAMS 0x00000000ee400000| PB 0x00000000ee400000| Complete 
| 229|0x00000000ee500000, 0x00000000ee600000, 0x00000000ee600000|100%| E|CS|TAMS 0x00000000ee500000| PB 0x00000000ee500000| Complete 
| 230|0x00000000ee600000, 0x00000000ee700000, 0x00000000ee700000|100%| E|CS|TAMS 0x00000000ee600000| PB 0x00000000ee600000| Complete 
| 231|0x00000000ee700000, 0x00000000ee800000, 0x00000000ee800000|100%| E|CS|TAMS 0x00000000ee700000| PB 0x00000000ee700000| Complete 
| 232|0x00000000ee800000, 0x00000000ee900000, 0x00000000ee900000|100%| E|CS|TAMS 0x00000000ee800000| PB 0x00000000ee800000| Complete 
| 233|0x00000000ee900000, 0x00000000eea00000, 0x00000000eea00000|100%| E|CS|TAMS 0x00000000ee900000| PB 0x00000000ee900000| Complete 
| 234|0x00000000eea00000, 0x00000000eeb00000, 0x00000000eeb00000|100%| E|CS|TAMS 0x00000000eea00000| PB 0x00000000eea00000| Complete 
| 235|0x00000000eeb00000, 0x00000000eec00000, 0x00000000eec00000|100%| E|CS|TAMS 0x00000000eeb00000| PB 0x00000000eeb00000| Complete 
| 236|0x00000000eec00000, 0x00000000eed00000, 0x00000000eed00000|100%| E|CS|TAMS 0x00000000eec00000| PB 0x00000000eec00000| Complete 
| 237|0x00000000eed00000, 0x00000000eee00000, 0x00000000eee00000|100%| E|CS|TAMS 0x00000000eed00000| PB 0x00000000eed00000| Complete 
| 238|0x00000000eee00000, 0x00000000eef00000, 0x00000000eef00000|100%| E|CS|TAMS 0x00000000eee00000| PB 0x00000000eee00000| Complete 
| 239|0x00000000eef00000, 0x00000000ef000000, 0x00000000ef000000|100%| E|CS|TAMS 0x00000000eef00000| PB 0x00000000eef00000| Complete 
| 240|0x00000000ef000000, 0x00000000ef100000, 0x00000000ef100000|100%| E|CS|TAMS 0x00000000ef000000| PB 0x00000000ef000000| Complete 
| 241|0x00000000ef100000, 0x00000000ef200000, 0x00000000ef200000|100%| E|CS|TAMS 0x00000000ef100000| PB 0x00000000ef100000| Complete 
| 242|0x00000000ef200000, 0x00000000ef300000, 0x00000000ef300000|100%| E|CS|TAMS 0x00000000ef200000| PB 0x00000000ef200000| Complete 
| 243|0x00000000ef300000, 0x00000000ef400000, 0x00000000ef400000|100%| E|CS|TAMS 0x00000000ef300000| PB 0x00000000ef300000| Complete 
| 244|0x00000000ef400000, 0x00000000ef500000, 0x00000000ef500000|100%| E|CS|TAMS 0x00000000ef400000| PB 0x00000000ef400000| Complete 
| 245|0x00000000ef500000, 0x00000000ef600000, 0x00000000ef600000|100%| E|CS|TAMS 0x00000000ef500000| PB 0x00000000ef500000| Complete 
| 246|0x00000000ef600000, 0x00000000ef700000, 0x00000000ef700000|100%| E|CS|TAMS 0x00000000ef600000| PB 0x00000000ef600000| Complete 
| 247|0x00000000ef700000, 0x00000000ef800000, 0x00000000ef800000|100%| E|CS|TAMS 0x00000000ef700000| PB 0x00000000ef700000| Complete 
| 248|0x00000000ef800000, 0x00000000ef900000, 0x00000000ef900000|100%| E|CS|TAMS 0x00000000ef800000| PB 0x00000000ef800000| Complete 
| 249|0x00000000ef900000, 0x00000000efa00000, 0x00000000efa00000|100%| E|CS|TAMS 0x00000000ef900000| PB 0x00000000ef900000| Complete 
| 250|0x00000000efa00000, 0x00000000efb00000, 0x00000000efb00000|100%| E|CS|TAMS 0x00000000efa00000| PB 0x00000000efa00000| Complete 
| 251|0x00000000efb00000, 0x00000000efc00000, 0x00000000efc00000|100%| E|CS|TAMS 0x00000000efb00000| PB 0x00000000efb00000| Complete 
| 252|0x00000000efc00000, 0x00000000efd00000, 0x00000000efd00000|100%| E|CS|TAMS 0x00000000efc00000| PB 0x00000000efc00000| Complete 
| 253|0x00000000efd00000, 0x00000000efe00000, 0x00000000efe00000|100%| E|CS|TAMS 0x00000000efd00000| PB 0x00000000efd00000| Complete 
| 254|0x00000000efe00000, 0x00000000eff00000, 0x00000000eff00000|100%| E|CS|TAMS 0x00000000efe00000| PB 0x00000000efe00000| Complete 
| 255|0x00000000eff00000, 0x00000000f0000000, 0x00000000f0000000|100%| E|CS|TAMS 0x00000000eff00000| PB 0x00000000eff00000| Complete 

Card table byte_map: [0x0000021897a60000,0x0000021897b60000] _byte_map_base: 0x0000021897360000

Marking Bits: (CMBitMap*) 0x00000218ffeb6250
 Bits: [0x0000021897b60000, 0x0000021898360000)

Polling page: 0x00000218fddb0000

Metaspace:

Usage:
  Non-class:     44.69 MB used.
      Class:      7.70 MB used.
       Both:     52.39 MB used.

Virtual space:
  Non-class space:       64.00 MB reserved,      45.75 MB ( 71%) committed,  1 nodes.
      Class space:      320.00 MB reserved,       8.75 MB (  3%) committed,  1 nodes.
             Both:      384.00 MB reserved,      54.50 MB ( 14%) committed. 

Chunk freelists:
   Non-Class:  2.08 MB
       Class:  7.27 MB
        Both:  9.34 MB

MaxMetaspaceSize: 384.00 MB
CompressedClassSpaceSize: 320.00 MB
Initial GC threshold: 21.00 MB
Current GC threshold: 58.69 MB
CDS: on
 - commit_granule_bytes: 65536.
 - commit_granule_words: 8192.
 - virtual_space_node_default_size: 8388608.
 - enlarge_chunks_in_place: 1.
 - use_allocation_guard: 0.


Internal statistics:

num_allocs_failed_limit: 6.
num_arena_births: 3800.
num_arena_deaths: 0.
num_vsnodes_births: 2.
num_vsnodes_deaths: 0.
num_space_committed: 872.
num_space_uncommitted: 0.
num_chunks_returned_to_freelist: 6.
num_chunks_taken_from_freelist: 6549.
num_chunk_merges: 6.
num_chunk_splits: 4197.
num_chunks_enlarged: 2471.
num_inconsistent_stats: 0.

CodeHeap 'non-profiled nmethods': size=120000Kb used=4198Kb max_used=4198Kb free=115801Kb
 bounds [0x000002188fec0000, 0x00000218902e0000, 0x00000218973f0000]
CodeHeap 'profiled nmethods': size=120000Kb used=13347Kb max_used=13347Kb free=106652Kb
 bounds [0x00000218883f0000, 0x0000021889100000, 0x000002188f920000]
CodeHeap 'non-nmethods': size=5760Kb used=2022Kb max_used=2050Kb free=3737Kb
 bounds [0x000002188f920000, 0x000002188fb90000, 0x000002188fec0000]
 total_blobs=7695 nmethods=6924 adapters=674
 compilation: enabled
              stopped_count=0, restarted_count=0
 full_count=0

Compilation events (20 events):
Event: 259.859 Thread 0x000002189b1726b0 7349       4       org.gradle.internal.logging.text.AbstractLineChoppingStyledTextOutput$1::execute (140 bytes)
Event: 259.867 Thread 0x000002189b1726b0 nmethod 7349 0x00000218902d7910 code [0x00000218902d7b40, 0x00000218902d81c8]
Event: 259.867 Thread 0x000002189b1726b0 7350       4       org.gradle.internal.logging.text.AbstractLineChoppingStyledTextOutput$2::execute (77 bytes)
Event: 259.872 Thread 0x000002189b1726b0 nmethod 7350 0x00000218902d8790 code [0x00000218902d89a0, 0x00000218902d8e28]
Event: 259.872 Thread 0x000002189b1726b0 7351       4       org.gradle.internal.logging.text.AbstractLineChoppingStyledTextOutput$StateContext::setState (10 bytes)
Event: 259.874 Thread 0x000002189b1726b0 nmethod 7351 0x00000218902d9290 code [0x00000218902d9420, 0x00000218902d9598]
Event: 259.945 Thread 0x000002189b182200 7353       3       org.gradle.internal.logging.text.AbstractLineChoppingStyledTextOutput$StateContext::flushLineText (113 bytes)
Event: 259.946 Thread 0x000002189b1726b0 7354       4       org.gradle.internal.logging.text.AbstractLineChoppingStyledTextOutput::doAppend (43 bytes)
Event: 259.946 Thread 0x000002189b182200 nmethod 7353 0x00000218890e4390 code [0x00000218890e4620, 0x00000218890e4fa0]
Event: 259.946 Thread 0x000002189b182200 7355       3       org.gradle.internal.logging.text.AbstractStyledTextOutput::style (20 bytes)
Event: 259.946 Thread 0x000002189b182200 nmethod 7355 0x00000218890e5390 code [0x00000218890e5540, 0x00000218890e57b0]
Event: 260.534 Thread 0x000002189b182200 7356       3       java.lang.management.ManagementFactory::getPlatformMXBeans (57 bytes)
Event: 260.961 Thread 0x000002189b182200 nmethod 7356 0x00000218890e5890 code [0x00000218890e5b80, 0x00000218890e6c28]
Event: 260.961 Thread 0x000002189b182200 7357       3       java.lang.management.ManagementFactory$PlatformMBeanFinder::findFirst (52 bytes)
Event: 260.962 Thread 0x000002189b182200 nmethod 7357 0x00000218890e7190 code [0x00000218890e74a0, 0x00000218890e8750]
Event: 260.962 Thread 0x000002189b182200 7358       3       java.lang.management.ManagementFactory$PlatformMBeanFinder$$Lambda/0x000002189d073d68::<init> (10 bytes)
Event: 260.962 Thread 0x000002189b182200 nmethod 7358 0x00000218890e8d10 code [0x00000218890e8ec0, 0x00000218890e9078]
Event: 262.529 Thread 0x000002189b182200 7359       3       java.lang.management.ManagementFactory::getMemoryPoolMXBeans (6 bytes)
Event: 262.529 Thread 0x000002189b182200 nmethod 7359 0x00000218890e9110 code [0x00000218890e92c0, 0x00000218890e93e0]
Event: 262.529 Thread 0x000002189b182200 7360       3       java.lang.management.DefaultPlatformMBeanProvider$6::nameToMBeanMap (85 bytes)

GC Heap History (12 events):
Event: 2.797 GC heap before
{Heap before GC invocations=0 (full 0):
 garbage-first heap   total 262144K, used 26624K [0x00000000e0000000, 0x0000000100000000)
  region size 1024K, 23 young (23552K), 0 survivors (0K)
 Metaspace       used 2965K, committed 3072K, reserved 393216K
  class space    used 338K, committed 384K, reserved 327680K
}
Event: 2.811 GC heap after
{Heap after GC invocations=1 (full 0):
 garbage-first heap   total 262144K, used 11264K [0x00000000e0000000, 0x0000000100000000)
  region size 1024K, 3 young (3072K), 3 survivors (3072K)
 Metaspace       used 2965K, committed 3072K, reserved 393216K
  class space    used 338K, committed 384K, reserved 327680K
}
Event: 4.885 GC heap before
{Heap before GC invocations=1 (full 0):
 garbage-first heap   total 262144K, used 40960K [0x00000000e0000000, 0x0000000100000000)
  region size 1024K, 31 young (31744K), 3 survivors (3072K)
 Metaspace       used 4654K, committed 4864K, reserved 393216K
  class space    used 571K, committed 704K, reserved 327680K
}
Event: 4.891 GC heap after
{Heap after GC invocations=2 (full 0):
 garbage-first heap   total 262144K, used 14736K [0x00000000e0000000, 0x0000000100000000)
  region size 1024K, 3 young (3072K), 3 survivors (3072K)
 Metaspace       used 4654K, committed 4864K, reserved 393216K
  class space    used 571K, committed 704K, reserved 327680K
}
Event: 21.375 GC heap before
{Heap before GC invocations=2 (full 0):
 garbage-first heap   total 262144K, used 104848K [0x00000000e0000000, 0x0000000100000000)
  region size 1024K, 91 young (93184K), 3 survivors (3072K)
 Metaspace       used 18238K, committed 18752K, reserved 393216K
  class space    used 2446K, committed 2688K, reserved 327680K
}
Event: 21.384 GC heap after
{Heap after GC invocations=3 (full 0):
 garbage-first heap   total 262144K, used 23054K [0x00000000e0000000, 0x0000000100000000)
  region size 1024K, 11 young (11264K), 11 survivors (11264K)
 Metaspace       used 18238K, committed 18752K, reserved 393216K
  class space    used 2446K, committed 2688K, reserved 327680K
}
Event: 23.060 GC heap before
{Heap before GC invocations=3 (full 0):
 garbage-first heap   total 262144K, used 42510K [0x00000000e0000000, 0x0000000100000000)
  region size 1024K, 31 young (31744K), 11 survivors (11264K)
 Metaspace       used 20801K, committed 21504K, reserved 393216K
  class space    used 2863K, committed 3200K, reserved 327680K
}
Event: 23.067 GC heap after
{Heap after GC invocations=4 (full 0):
 garbage-first heap   total 262144K, used 24850K [0x00000000e0000000, 0x0000000100000000)
  region size 1024K, 2 young (2048K), 2 survivors (2048K)
 Metaspace       used 20801K, committed 21504K, reserved 393216K
  class space    used 2863K, committed 3200K, reserved 327680K
}
Event: 32.591 GC heap before
{Heap before GC invocations=5 (full 0):
 garbage-first heap   total 262144K, used 124178K [0x00000000e0000000, 0x0000000100000000)
  region size 1024K, 101 young (103424K), 2 survivors (2048K)
 Metaspace       used 34577K, committed 35968K, reserved 393216K
  class space    used 4902K, committed 5568K, reserved 327680K
}
Event: 32.598 GC heap after
{Heap after GC invocations=6 (full 0):
 garbage-first heap   total 262144K, used 30899K [0x00000000e0000000, 0x0000000100000000)
  region size 1024K, 8 young (8192K), 8 survivors (8192K)
 Metaspace       used 34577K, committed 35968K, reserved 393216K
  class space    used 4902K, committed 5568K, reserved 327680K
}
Event: 151.038 GC heap before
{Heap before GC invocations=7 (full 0):
 garbage-first heap   total 262144K, used 179379K [0x00000000e0000000, 0x0000000100000000)
  region size 1024K, 153 young (156672K), 8 survivors (8192K)
 Metaspace       used 48421K, committed 50368K, reserved 393216K
  class space    used 7143K, committed 8128K, reserved 327680K
}
Event: 151.059 GC heap after
{Heap after GC invocations=8 (full 0):
 garbage-first heap   total 262144K, used 38162K [0x00000000e0000000, 0x0000000100000000)
  region size 1024K, 15 young (15360K), 15 survivors (15360K)
 Metaspace       used 48421K, committed 50368K, reserved 393216K
  class space    used 7143K, committed 8128K, reserved 327680K
}

Dll operation events (15 events):
Event: 0.022 Loaded shared library D:\javar\bin\java.dll
Event: 0.262 Loaded shared library D:\javar\bin\jsvml.dll
Event: 0.363 Loaded shared library D:\javar\bin\zip.dll
Event: 0.386 Loaded shared library D:\javar\bin\instrument.dll
Event: 0.394 Loaded shared library D:\javar\bin\net.dll
Event: 0.398 Loaded shared library D:\javar\bin\nio.dll
Event: 0.403 Loaded shared library D:\javar\bin\zip.dll
Event: 1.833 Loaded shared library D:\javar\bin\jimage.dll
Event: 2.561 Loaded shared library D:\javar\bin\verify.dll
Event: 2.617 Loaded shared library C:\Users\hieun\.gradle\native\660c5614fbf4a5f2a75b1949f50a0caf5cd603558e7d8a26e50b933a0cfb79d1\windows-amd64\native-platform.dll
Event: 2.651 Loaded shared library C:\Users\hieun\.gradle\native\0.2.8\x86_64-windows-gnu\gradle-fileevents.dll
Event: 7.336 Loaded shared library D:\javar\bin\management.dll
Event: 7.376 Loaded shared library D:\javar\bin\management_ext.dll
Event: 10.790 Loaded shared library D:\javar\bin\extnet.dll
Event: 12.751 Loaded shared library D:\javar\bin\sunmscapi.dll

Deoptimization events (20 events):
Event: 259.062 Thread 0x00000218b523af90 DEOPT PACKING pc=0x0000021888a5f3f3 sp=0x000000feb7ef9680
Event: 259.062 Thread 0x00000218b523af90 DEOPT UNPACKING pc=0x000002188f974e42 sp=0x000000feb7ef8b30 mode 0
Event: 259.062 Thread 0x00000218b523af90 DEOPT PACKING pc=0x0000021888a5f3f3 sp=0x000000feb7ef9680
Event: 259.062 Thread 0x00000218b523af90 DEOPT UNPACKING pc=0x000002188f974e42 sp=0x000000feb7ef8b30 mode 0
Event: 259.062 Thread 0x00000218b523af90 DEOPT PACKING pc=0x0000021888a5f3f3 sp=0x000000feb7ef9680
Event: 259.063 Thread 0x00000218b523af90 DEOPT UNPACKING pc=0x000002188f974e42 sp=0x000000feb7ef8b30 mode 0
Event: 259.063 Thread 0x00000218b523af90 DEOPT PACKING pc=0x0000021888a5f3f3 sp=0x000000feb7ef9680
Event: 259.063 Thread 0x00000218b523af90 DEOPT UNPACKING pc=0x000002188f974e42 sp=0x000000feb7ef8b30 mode 0
Event: 259.063 Thread 0x00000218b523af90 DEOPT PACKING pc=0x0000021888a5f3f3 sp=0x000000feb7ef9680
Event: 259.063 Thread 0x00000218b523af90 DEOPT UNPACKING pc=0x000002188f974e42 sp=0x000000feb7ef8b30 mode 0
Event: 259.063 Thread 0x00000218b523af90 DEOPT PACKING pc=0x0000021888a5f3f3 sp=0x000000feb7ef9680
Event: 259.063 Thread 0x00000218b523af90 DEOPT UNPACKING pc=0x000002188f974e42 sp=0x000000feb7ef8b30 mode 0
Event: 259.063 Thread 0x00000218b523af90 DEOPT PACKING pc=0x0000021888a5f3f3 sp=0x000000feb7ef9680
Event: 259.063 Thread 0x00000218b523af90 DEOPT UNPACKING pc=0x000002188f974e42 sp=0x000000feb7ef8b30 mode 0
Event: 259.064 Thread 0x00000218b523af90 DEOPT PACKING pc=0x0000021888a5f3f3 sp=0x000000feb7ef9680
Event: 259.064 Thread 0x00000218b523af90 DEOPT UNPACKING pc=0x000002188f974e42 sp=0x000000feb7ef8b30 mode 0
Event: 259.843 Thread 0x00000218b6f22710 Uncommon trap: trap_request=0xffffff45 fr.pc=0x000002188fee3ff8 relative=0x0000000000000058
Event: 259.843 Thread 0x00000218b6f22710 Uncommon trap: reason=unstable_if action=reinterpret pc=0x000002188fee3ff8 method=java.lang.Thread.getAndClearInterrupt()Z @ 6 c2
Event: 259.843 Thread 0x00000218b6f22710 DEOPT PACKING pc=0x000002188fee3ff8 sp=0x000000feba2ff430
Event: 259.843 Thread 0x00000218b6f22710 DEOPT UNPACKING pc=0x000002188f9746a2 sp=0x000000feba2ff368 mode 2

Classes loaded (20 events):
Event: 259.821 Loading class sun/nio/fs/WindowsLinkSupport
Event: 259.822 Loading class sun/nio/fs/WindowsLinkSupport done
Event: 259.822 Loading class sun/nio/fs/WindowsSecurity
Event: 259.824 Loading class sun/nio/fs/WindowsSecurity done
Event: 259.834 Loading class sun/nio/fs/WindowsSecurity$Privilege
Event: 259.836 Loading class sun/nio/fs/WindowsSecurity$Privilege done
Event: 259.841 Loading class sun/nio/fs/WindowsAclFileAttributeView
Event: 259.841 Loading class sun/nio/fs/AbstractAclFileAttributeView
Event: 259.841 Loading class java/nio/file/attribute/AclFileAttributeView
Event: 259.842 Loading class java/nio/file/attribute/FileOwnerAttributeView
Event: 259.842 Loading class java/nio/file/attribute/FileOwnerAttributeView done
Event: 259.842 Loading class java/nio/file/attribute/AclFileAttributeView done
Event: 259.842 Loading class sun/nio/fs/AbstractAclFileAttributeView done
Event: 259.842 Loading class sun/nio/fs/WindowsAclFileAttributeView done
Event: 259.878 Loading class java/io/ObjectOutputStream$BlockDataOutputStream
Event: 259.879 Loading class java/io/ObjectOutputStream$BlockDataOutputStream done
Event: 259.879 Loading class java/io/ObjectOutputStream$HandleTable
Event: 259.879 Loading class java/io/ObjectOutputStream$HandleTable done
Event: 259.879 Loading class java/io/ObjectOutputStream$ReplaceTable
Event: 259.880 Loading class java/io/ObjectOutputStream$ReplaceTable done

Classes unloaded (0 events):
No events

Classes redefined (0 events):
No events

Internal exceptions (20 events):
Event: 258.750 Thread 0x00000218b523af90 Exception <a 'java/lang/ClassNotFoundException'{0x00000000ecdf6918}: org/gradle/api/internal/artifacts/dsl/dependencies/DefaultDependencyHandlerBeanInfo> (0x00000000ecdf6918) 
thrown [s\open\src\hotspot\share\classfile\systemDictionary.cpp, line 313]
Event: 258.752 Thread 0x00000218b523af90 Exception <a 'java/lang/ClassNotFoundException'{0x00000000ecc0e968}: org/gradle/api/internal/artifacts/dsl/dependencies/DefaultDependencyHandlerCustomizer> (0x00000000ecc0e968) 
thrown [s\open\src\hotspot\share\classfile\systemDictionary.cpp, line 313]
Event: 258.758 Thread 0x00000218b523af90 Exception <a 'java/lang/ClassNotFoundException'{0x00000000ecc5a080}: org/gradle/api/internal/artifacts/dsl/dependencies/DefaultDependencyHandler_DecoratedCustomizer> (0x00000000ecc5a080) 
thrown [s\open\src\hotspot\share\classfile\systemDictionary.cpp, line 313]
Event: 258.807 Thread 0x00000218b523af90 Exception <a 'java/lang/ClassNotFoundException'{0x00000000ecbc9620}: org/gradle/api/internal/tasks/DefaultTaskContainer_DecoratedBeanInfo> (0x00000000ecbc9620) 
thrown [s\open\src\hotspot\share\classfile\systemDictionary.cpp, line 313]
Event: 258.808 Thread 0x00000218b523af90 Exception <a 'java/lang/ClassNotFoundException'{0x00000000ecbdb898}: org/gradle/api/internal/tasks/DefaultTaskContainerBeanInfo> (0x00000000ecbdb898) 
thrown [s\open\src\hotspot\share\classfile\systemDictionary.cpp, line 313]
Event: 258.809 Thread 0x00000218b523af90 Exception <a 'java/lang/ClassNotFoundException'{0x00000000ecbee090}: org/gradle/api/internal/tasks/DefaultTaskCollectionBeanInfo> (0x00000000ecbee090) 
thrown [s\open\src\hotspot\share\classfile\systemDictionary.cpp, line 313]
Event: 258.811 Thread 0x00000218b523af90 Exception <a 'java/lang/ClassNotFoundException'{0x00000000eca01580}: org/gradle/api/internal/DefaultNamedDomainObjectSetBeanInfo> (0x00000000eca01580) 
thrown [s\open\src\hotspot\share\classfile\systemDictionary.cpp, line 313]
Event: 258.813 Thread 0x00000218b523af90 Exception <a 'java/lang/ClassNotFoundException'{0x00000000eca142a0}: org/gradle/api/internal/DefaultNamedDomainObjectSetCustomizer> (0x00000000eca142a0) 
thrown [s\open\src\hotspot\share\classfile\systemDictionary.cpp, line 313]
Event: 258.817 Thread 0x00000218b523af90 Exception <a 'java/lang/ClassNotFoundException'{0x00000000eca55ef8}: org/gradle/api/internal/tasks/DefaultTaskCollectionCustomizer> (0x00000000eca55ef8) 
thrown [s\open\src\hotspot\share\classfile\systemDictionary.cpp, line 313]
Event: 258.822 Thread 0x00000218b523af90 Exception <a 'java/lang/ClassNotFoundException'{0x00000000ecabcaa8}: org/gradle/api/internal/tasks/DefaultTaskContainerCustomizer> (0x00000000ecabcaa8) 
thrown [s\open\src\hotspot\share\classfile\systemDictionary.cpp, line 313]
Event: 258.828 Thread 0x00000218b523af90 Exception <a 'java/lang/ClassNotFoundException'{0x00000000ec94c6d8}: org/gradle/api/internal/tasks/DefaultTaskContainer_DecoratedCustomizer> (0x00000000ec94c6d8) 
thrown [s\open\src\hotspot\share\classfile\systemDictionary.cpp, line 313]
Event: 258.872 Thread 0x00000218b523af90 Exception <a 'java/lang/NoSuchMethodError'{0x00000000ec86d150}: 'int java.lang.invoke.DirectMethodHandle$Holder.invokeSpecial(java.lang.Object, java.lang.Object, java.lang.Object, java.lang.Object, java.lang.Object)'> (0x00000000ec86d150) 
thrown [s\open\src\hotspot\share\interpreter\linkResolver.cpp, line 773]
Event: 258.897 Thread 0x00000218b523af90 Exception <a 'java/lang/NoSuchMethodError'{0x00000000ec8a5f80}: 'void java.lang.invoke.DirectMethodHandle$Holder.invokeInterface(java.lang.Object, java.lang.Object, java.lang.Object, java.lang.Object)'> (0x00000000ec8a5f80) 
thrown [s\open\src\hotspot\share\interpreter\linkResolver.cpp, line 773]
Event: 259.513 Thread 0x00000218b523af90 Exception <a 'java/lang/NoSuchMethodError'{0x00000000ec157b20}: 'void java.lang.invoke.DirectMethodHandle$Holder.invokeInterface(java.lang.Object, java.lang.Object, java.lang.Object, int)'> (0x00000000ec157b20) 
thrown [s\open\src\hotspot\share\interpreter\linkResolver.cpp, line 773]
Event: 259.514 Thread 0x00000218b523af90 Exception <a 'java/lang/IncompatibleClassChangeError'{0x00000000ec15b698}: Found class java.lang.Object, but interface was expected> (0x00000000ec15b698) 
thrown [s\open\src\hotspot\share\interpreter\linkResolver.cpp, line 840]
Event: 259.533 Thread 0x00000218b523af90 Exception <a 'java/lang/NoSuchMethodError'{0x00000000ec15fd58}: 'void java.lang.invoke.DelegatingMethodHandle$Holder.reinvoke_L(java.lang.Object, java.lang.Object, java.lang.Object, int)'> (0x00000000ec15fd58) 
thrown [s\open\src\hotspot\share\interpreter\linkResolver.cpp, line 773]
Event: 259.597 Thread 0x00000218b523af90 Exception <a 'sun/nio/fs/WindowsException'{0x00000000ec17c9f0}> (0x00000000ec17c9f0) 
thrown [s\open\src\hotspot\share\prims\jni.cpp, line 520]
Event: 259.815 Thread 0x00000218b6f22710 Exception <a 'sun/nio/fs/WindowsException'{0x00000000ebfd0f58}> (0x00000000ebfd0f58) 
thrown [s\open\src\hotspot\share\prims\jni.cpp, line 520]
Event: 259.842 Thread 0x00000218b6f22710 Exception <a 'sun/nio/fs/WindowsException'{0x00000000ebfe7038}> (0x00000000ebfe7038) 
thrown [s\open\src\hotspot\share\prims\jni.cpp, line 520]
Event: 259.898 Thread 0x00000218b523af90 Exception <a 'java/lang/NoSuchMethodError'{0x00000000ebe8d898}: 'void java.lang.invoke.DirectMethodHandle$Holder.invokeStatic(java.lang.Object, int, java.lang.Object)'> (0x00000000ebe8d898) 
thrown [s\open\src\hotspot\share\interpreter\linkResolver.cpp, line 773]

ZGC Phase Switch (0 events):
No events

VM Operations (20 events):
Event: 203.608 Executing VM operation: Cleanup
Event: 203.608 Executing VM operation: Cleanup done
Event: 223.682 Executing VM operation: Cleanup
Event: 223.683 Executing VM operation: Cleanup done
Event: 226.700 Executing VM operation: Cleanup
Event: 226.700 Executing VM operation: Cleanup done
Event: 228.717 Executing VM operation: Cleanup
Event: 228.717 Executing VM operation: Cleanup done
Event: 256.835 Executing VM operation: Cleanup
Event: 256.917 Executing VM operation: Cleanup done
Event: 257.927 Executing VM operation: Cleanup
Event: 258.061 Executing VM operation: Cleanup done
Event: 259.072 Executing VM operation: Cleanup
Event: 259.073 Executing VM operation: Cleanup done
Event: 259.939 Executing VM operation: HandshakeAllThreads (Deoptimize)
Event: 259.944 Executing VM operation: HandshakeAllThreads (Deoptimize) done
Event: 260.959 Executing VM operation: Cleanup
Event: 260.959 Executing VM operation: Cleanup done
Event: 262.961 Executing VM operation: Cleanup
Event: 262.961 Executing VM operation: Cleanup done

Events (20 events):
Event: 146.691 Thread 0x00000218b7548510 Thread added: 0x00000218b7548510
Event: 146.692 Thread 0x00000218b7547e80 Thread added: 0x00000218b7547e80
Event: 146.692 Thread 0x00000218b523dd80 Thread added: 0x00000218b523dd80
Event: 146.692 Thread 0x00000218b6f1cb30 Thread added: 0x00000218b6f1cb30
Event: 146.693 Thread 0x00000218b6f1d1c0 Thread added: 0x00000218b6f1d1c0
Event: 146.694 Thread 0x00000218b6f1dee0 Thread added: 0x00000218b6f1dee0
Event: 146.694 Thread 0x00000218b6f1d850 Thread added: 0x00000218b6f1d850
Event: 146.695 Thread 0x00000218b6f1e570 Thread added: 0x00000218b6f1e570
Event: 146.696 Thread 0x00000218b6f1ec00 Thread added: 0x00000218b6f1ec00
Event: 146.697 Thread 0x00000218b6f1f290 Thread added: 0x00000218b6f1f290
Event: 146.697 Thread 0x00000218b6f1be10 Thread added: 0x00000218b6f1be10
Event: 147.206 Thread 0x00000218b7abc4e0 Thread added: 0x00000218b7abc4e0
Event: 148.009 Thread 0x00000218b7abc4e0 Thread exited: 0x00000218b7abc4e0
Event: 148.509 Thread 0x00000218b6f1f920 Thread added: 0x00000218b6f1f920
Event: 150.908 Thread 0x00000218b6f1c4a0 Thread added: 0x00000218b6f1c4a0
Event: 215.749 Thread 0x00000218b75422a0 Thread exited: 0x00000218b75422a0
Event: 255.929 Thread 0x00000218b6f20640 Thread added: 0x00000218b6f20640
Event: 256.100 Thread 0x00000218b6f22080 Thread added: 0x00000218b6f22080
Event: 259.261 Thread 0x00000218b6f22710 Thread added: 0x00000218b6f22710
Event: 259.846 Thread 0x00000218b6f22710 Thread exited: 0x00000218b6f22710


Dynamic libraries:
0x00007ff64cc80000 - 0x00007ff64cc90000 	D:\javar\bin\java.exe
0x00007ffae01e0000 - 0x00007ffae0446000 	C:\Windows\SYSTEM32\ntdll.dll
0x00007ffadf780000 - 0x00007ffadf849000 	C:\Windows\System32\KERNEL32.DLL
0x00007ffadd630000 - 0x00007ffadda2f000 	C:\Windows\System32\KERNELBASE.dll
0x00007ffada250000 - 0x00007ffada2ef000 	C:\Windows\SYSTEM32\apphelp.dll
0x00007ffadd3f0000 - 0x00007ffadd53c000 	C:\Windows\System32\ucrtbase.dll
0x00007ffab0810000 - 0x00007ffab0829000 	D:\javar\bin\jli.dll
0x00007ffac9ac0000 - 0x00007ffac9ade000 	D:\javar\bin\VCRUNTIME140.dll
0x00007ffadec80000 - 0x00007ffaded3c000 	C:\Windows\System32\ADVAPI32.dll
0x00007ffadf510000 - 0x00007ffadf5b9000 	C:\Windows\System32\msvcrt.dll
0x00007ffadfe10000 - 0x00007ffadfeba000 	C:\Windows\System32\sechost.dll
0x00007ffadfa60000 - 0x00007ffadfb78000 	C:\Windows\System32\RPCRT4.dll
0x00007ffadfb80000 - 0x00007ffadfd46000 	C:\Windows\System32\USER32.dll
0x00007ffadd600000 - 0x00007ffadd627000 	C:\Windows\System32\win32u.dll
0x00007ffaded50000 - 0x00007ffaded7b000 	C:\Windows\System32\GDI32.dll
0x00007ffaddde0000 - 0x00007ffaddf09000 	C:\Windows\System32\gdi32full.dll
0x00007ffadd550000 - 0x00007ffadd5f3000 	C:\Windows\System32\msvcp_win.dll
0x00007ffac7080000 - 0x00007ffac7311000 	C:\Windows\WinSxS\amd64_microsoft.windows.common-controls_6595b64144ccf1df_6.0.26100.8972_none_3e0da176e32f9d4b\COMCTL32.dll
0x00007ffad46c0000 - 0x00007ffad46cb000 	C:\Windows\SYSTEM32\VERSION.dll
0x00007ffadfdd0000 - 0x00007ffadfe02000 	C:\Windows\System32\IMM32.DLL
0x00007ffad2b70000 - 0x00007ffad2b7c000 	D:\javar\bin\vcruntime140_1.dll
0x00007ffa7a7d0000 - 0x00007ffa7a85d000 	D:\javar\bin\msvcp140.dll
0x00007ffa3d4d0000 - 0x00007ffa3e1f8000 	D:\javar\bin\server\jvm.dll
0x00007ffadf6f0000 - 0x00007ffadf772000 	C:\Windows\System32\WS2_32.dll
0x00007ffadd250000 - 0x00007ffadd2ae000 	C:\Windows\SYSTEM32\POWRPROF.dll
0x00007ffad3e20000 - 0x00007ffad3e56000 	C:\Windows\SYSTEM32\WINMM.dll
0x00007ffadd230000 - 0x00007ffadd245000 	C:\Windows\SYSTEM32\UMPDC.dll
0x00007ffadc0e0000 - 0x00007ffadc0fb000 	C:\Windows\SYSTEM32\kernel.appcore.dll
0x00007ffad17a0000 - 0x00007ffad17aa000 	D:\javar\bin\jimage.dll
0x00007ffad2be0000 - 0x00007ffad2e22000 	C:\Windows\SYSTEM32\DBGHELP.DLL
0x00007ffade0d0000 - 0x00007ffade455000 	C:\Windows\System32\combase.dll
0x00007ffade470000 - 0x00007ffade549000 	C:\Windows\System32\OLEAUT32.dll
0x00007ffab7310000 - 0x00007ffab734b000 	C:\Windows\SYSTEM32\dbgcore.DLL
0x00007ffadda40000 - 0x00007ffaddaec000 	C:\Windows\System32\bcryptPrimitives.dll
0x00007ffac5920000 - 0x00007ffac5930000 	D:\javar\bin\instrument.dll
0x00007ffa8b7a0000 - 0x00007ffa8b7c1000 	D:\javar\bin\java.dll
0x00007ffaded80000 - 0x00007ffadf508000 	C:\Windows\System32\SHELL32.dll
0x00007ffadae70000 - 0x00007ffadb70b000 	C:\Windows\SYSTEM32\windows.storage.dll
0x00007ffade6c0000 - 0x00007ffade7b9000 	C:\Windows\System32\SHCORE.dll
0x00007ffadf8a0000 - 0x00007ffadf906000 	C:\Windows\System32\shlwapi.dll
0x00007ffadd310000 - 0x00007ffadd339000 	C:\Windows\SYSTEM32\profapi.dll
0x00007ffa4eb90000 - 0x00007ffa4ec67000 	D:\javar\bin\jsvml.dll
0x00007ffab19e0000 - 0x00007ffab19f8000 	D:\javar\bin\zip.dll
0x00007ffac9860000 - 0x00007ffac9871000 	D:\javar\bin\net.dll
0x00007ffad6060000 - 0x00007ffad6188000 	C:\Windows\SYSTEM32\WINHTTP.dll
0x00007ffadc690000 - 0x00007ffadc6fc000 	C:\Windows\system32\mswsock.dll
0x00007ffab5560000 - 0x00007ffab5576000 	D:\javar\bin\nio.dll
0x00007ffabc2d0000 - 0x00007ffabc2e0000 	D:\javar\bin\verify.dll
0x00007ffa7b640000 - 0x00007ffa7b667000 	C:\Users\hieun\.gradle\native\660c5614fbf4a5f2a75b1949f50a0caf5cd603558e7d8a26e50b933a0cfb79d1\windows-amd64\native-platform.dll
0x00007ffa5d800000 - 0x00007ffa5d877000 	C:\Users\hieun\.gradle\native\0.2.8\x86_64-windows-gnu\gradle-fileevents.dll
0x00007ffa95b40000 - 0x00007ffa95b4a000 	D:\javar\bin\management.dll
0x00007ffa8cda0000 - 0x00007ffa8cdac000 	D:\javar\bin\management_ext.dll
0x00007ffade7c0000 - 0x00007ffade7c8000 	C:\Windows\System32\PSAPI.DLL
0x00007ffadbb10000 - 0x00007ffadbb43000 	C:\Windows\SYSTEM32\IPHLPAPI.DLL
0x00007ffade460000 - 0x00007ffade46a000 	C:\Windows\System32\NSI.dll
0x00007ffab3a70000 - 0x00007ffab3a79000 	D:\javar\bin\extnet.dll
0x00007ffadc980000 - 0x00007ffadc99b000 	C:\Windows\SYSTEM32\CRYPTSP.dll
0x00007ffadc040000 - 0x00007ffadc079000 	C:\Windows\system32\rsaenh.dll
0x00007ffadc740000 - 0x00007ffadc772000 	C:\Windows\SYSTEM32\USERENV.dll
0x00007ffadd2e0000 - 0x00007ffadd30a000 	C:\Windows\SYSTEM32\bcrypt.dll
0x00007ffadc9a0000 - 0x00007ffadc9ac000 	C:\Windows\SYSTEM32\CRYPTBASE.dll
0x00007ffab05a0000 - 0x00007ffab05ae000 	D:\javar\bin\sunmscapi.dll
0x00007ffaddb90000 - 0x00007ffaddd0e000 	C:\Windows\System32\CRYPT32.dll
0x00007ffadcbc0000 - 0x00007ffadcbf0000 	C:\Windows\SYSTEM32\ncrypt.dll
0x00007ffadcb70000 - 0x00007ffadcbaf000 	C:\Windows\SYSTEM32\NTASN1.dll
0x00007ffaafcb0000 - 0x00007ffaafcb8000 	C:\Windows\system32\wshunix.dll
0x00007ffadc210000 - 0x00007ffadc246000 	C:\Windows\SYSTEM32\ntmarta.dll

dbghelp: loaded successfully - version: 4.0.5 - missing functions: none
symbol engine: initialized successfully - sym options: 0x614 - pdb path: .;D:\javar\bin;C:\Windows\SYSTEM32;C:\Windows\WinSxS\amd64_microsoft.windows.common-controls_6595b64144ccf1df_6.0.26100.8972_none_3e0da176e32f9d4b;D:\javar\bin\server;C:\Users\hieun\.gradle\native\660c5614fbf4a5f2a75b1949f50a0caf5cd603558e7d8a26e50b933a0cfb79d1\windows-amd64;C:\Users\hieun\.gradle\native\0.2.8\x86_64-windows-gnu

VM Arguments:
jvm_args: --add-opens=java.base/java.lang=ALL-UNNAMED --add-opens=java.base/java.lang.invoke=ALL-UNNAMED --add-opens=java.base/java.util=ALL-UNNAMED --add-opens=java.prefs/java.util.prefs=ALL-UNNAMED --add-exports=jdk.compiler/com.sun.tools.javac.api=ALL-UNNAMED --add-exports=jdk.compiler/com.sun.tools.javac.util=ALL-UNNAMED --add-opens=java.base/java.nio.charset=ALL-UNNAMED --add-opens=java.base/java.net=ALL-UNNAMED --add-opens=java.base/java.util.concurrent=ALL-UNNAMED --add-opens=java.base/java.util.concurrent.atomic=ALL-UNNAMED --add-opens=java.xml/javax.xml.namespace=ALL-UNNAMED --add-opens=java.base/java.time=ALL-UNNAMED -XX:MaxMetaspaceSize=384m -XX:+HeapDumpOnOutOfMemoryError -Xms256m -Xmx512m -Dfile.encoding=UTF-8 -Duser.country=US -Duser.language=en -Duser.variant -javaagent:C:\Users\hieun\.gradle\wrapper\dists\gradle-9.5.1-bin\iq79hdu3mqx29lgffhp8bfmx\gradle-9.5.1\lib\agents\gradle-instrumentation-agent-9.5.1.jar 
java_command: org.gradle.launcher.daemon.bootstrap.GradleDaemon 9.5.1
java_class_path (initial): C:\Users\hieun\.gradle\wrapper\dists\gradle-9.5.1-bin\iq79hdu3mqx29lgffhp8bfmx\gradle-9.5.1\lib\gradle-daemon-main-9.5.1.jar
Launcher Type: SUN_STANDARD

[Global flags]
     intx CICompilerCount                          = 4                                         {product} {ergonomic}
   size_t CompressedClassSpaceSize                 = 335544320                                 {product} {ergonomic}
     uint ConcGCThreads                            = 3                                         {product} {ergonomic}
     uint G1ConcRefinementThreads                  = 10                                        {product} {ergonomic}
   size_t G1HeapRegionSize                         = 1048576                                   {product} {ergonomic}
    uintx GCDrainStackTargetSize                   = 64                                        {product} {ergonomic}
     bool HeapDumpOnOutOfMemoryError               = true                                   {manageable} {command line}
   size_t InitialHeapSize                          = 268435456                                 {product} {command line}
   size_t MarkStackSize                            = 4194304                                   {product} {ergonomic}
   size_t MaxHeapSize                              = 536870912                                 {product} {command line}
   size_t MaxMetaspaceSize                         = 402653184                                 {product} {command line}
   size_t MaxNewSize                               = 321912832                                 {product} {ergonomic}
   size_t MinHeapDeltaBytes                        = 1048576                                   {product} {ergonomic}
   size_t MinHeapSize                              = 268435456                                 {product} {command line}
    uintx NonNMethodCodeHeapSize                   = 5839372                                {pd product} {ergonomic}
    uintx NonProfiledCodeHeapSize                  = 122909434                              {pd product} {ergonomic}
    uintx ProfiledCodeHeapSize                     = 122909434                              {pd product} {ergonomic}
    uintx ReservedCodeCacheSize                    = 251658240                              {pd product} {ergonomic}
     bool SegmentedCodeCache                       = true                                      {product} {ergonomic}
   size_t SoftMaxHeapSize                          = 536870912                              {manageable} {ergonomic}
     bool UseCompressedOops                        = true                           {product lp64_product} {ergonomic}
     bool UseG1GC                                  = true                                      {product} {ergonomic}
     bool UseLargePagesIndividualAllocation        = false                                  {pd product} {ergonomic}

Logging:
Log output configuration:
 #0: stdout all=warning uptime,level,tags foldmultilines=false
 #1: stderr all=off uptime,level,tags foldmultilines=false

Environment Variables:
PATH=C:\Program Files\Common Files\Oracle\Java\javapath;C:\Windows\system32;C:\Windows;C:\Windows\System32\Wbem;C:\Windows\System32\WindowsPowerShell\v1.0\;C:\Windows\System32\OpenSSH\;C:\Program Files (x86)\NVIDIA Corporation\PhysX\Common;C:\Program Files\dotnet\;D:\Git\cmd;C:\Program Files\NVIDIA Corporation\NVIDIA App\NvDLISR;C:\Program Files\Docker\Docker\resources\bin;C:\ProgramData\chocolatey\bin;D:\node js\;C:\Users\hieun\AppData\Local\Programs\Python\Launcher\;C:\Users\hieun\AppData\Local\Microsoft\WindowsApps;D:\Microsoft VS Code\bin;C:\Users\hieun\AppData\Roaming\npm
USERNAME=hieun
OS=Windows_NT
PROCESSOR_IDENTIFIER=AMD64 Family 25 Model 68 Stepping 1, AuthenticAMD
TMP=C:\Users\hieun\AppData\Local\Temp
TEMP=C:\Users\hieun\AppData\Local\Temp




Periodic native trim disabled

---------------  S Y S T E M  ---------------

OS:
 Windows 11 , 64 bit Build 26100 (10.0.26100.9168)
OS uptime: 4 days 9:45 hours
Hyper-V role detected

CPU: total 12 (initial active 12) (12 cores per cpu, 2 threads per core) family 25 model 68 stepping 1 microcode 0xa404107, cx8, cmov, fxsr, ht, mmx, 3dnowpref, sse, sse2, sse3, ssse3, sse4a, sse4.1, sse4.2, popcnt, lzcnt, tsc, tscinvbit, avx, avx2, aes, erms, clmul, bmi1, bmi2, adx, sha, fma, vzeroupper, clflush, clflushopt, hv, rdtscp, rdpid, fsrm, f16c, cet_ss
Processor Information for all 12 processors :
  Max Mhz: 3301, Current Mhz: 3301, Mhz Limit: 3301

Memory: 4k page, system-wide physical 15690M (383M free)
TotalPageFile size 48779M (AvailPageFile size 5M)
current process WorkingSet (physical memory assigned to process): 154M, peak: 316M
current process commit charge ("private bytes"): 474M, peak: 494M

vm_info: Java HotSpot(TM) 64-Bit Server VM (21.0.11+9-LTS-211) for windows-amd64 JRE (21.0.11+9-LTS-211), built on 2026-03-11T00:23:15Z by "mach5run" with MS VC++ 17.13 (VS2022)

END.
