#
# There is insufficient memory for the Java Runtime Environment to continue.
# Native memory allocation (malloc) failed to allocate 481728 bytes for Chunk::new
# Possible reasons:
#   The system is out of physical RAM or swap space
#   The process is running with CompressedOops enabled, and the Java Heap may be blocking the growth of the native heap
# Possible solutions:
#   Reduce memory load on the system
#   Increase physical memory or swap space
#   Check if swap backing store is full
#   Decrease Java heap size (-Xmx/-Xms)
#   Decrease number of Java threads
#   Decrease Java thread stack sizes (-Xss)
#   Set larger code cache with -XX:ReservedCodeCacheSize=
#   JVM is running with Unscaled Compressed Oops mode in which the Java heap is
#     placed in the first 4GB address space. The Java Heap base address is the
#     maximum limit for the native heap growth. Please use -XX:HeapBaseMinAddress
#     to set the Java Heap base and to place the Java Heap above 4GB virtual address.
# This output file may be truncated or incomplete.
#
#  Out of Memory Error (arena.cpp:168), pid=11752, tid=38148
#
# JRE version: Java(TM) SE Runtime Environment (21.0.11+9) (build 21.0.11+9-LTS-211)
# Java VM: Java HotSpot(TM) 64-Bit Server VM (21.0.11+9-LTS-211, mixed mode, sharing, tiered, compressed oops, compressed class ptrs, g1 gc, windows-amd64)
# No core dump will be written. Minidumps are not enabled by default on client versions of Windows
#

---------------  S U M M A R Y ------------

Command Line: --add-opens=java.base/java.lang=ALL-UNNAMED --add-opens=java.base/java.lang.invoke=ALL-UNNAMED --add-opens=java.base/java.util=ALL-UNNAMED --add-opens=java.prefs/java.util.prefs=ALL-UNNAMED --add-exports=jdk.compiler/com.sun.tools.javac.api=ALL-UNNAMED --add-exports=jdk.compiler/com.sun.tools.javac.util=ALL-UNNAMED --add-opens=java.base/java.nio.charset=ALL-UNNAMED --add-opens=java.base/java.net=ALL-UNNAMED --add-opens=java.base/java.util.concurrent=ALL-UNNAMED --add-opens=java.base/java.util.concurrent.atomic=ALL-UNNAMED --add-opens=java.xml/javax.xml.namespace=ALL-UNNAMED --add-opens=java.base/java.time=ALL-UNNAMED -XX:MaxMetaspaceSize=384m -XX:+HeapDumpOnOutOfMemoryError -Xms256m -Xmx512m -Dfile.encoding=UTF-8 -Duser.country=US -Duser.language=en -Duser.variant -javaagent:C:\Users\hieun\.gradle\wrapper\dists\gradle-9.5.1-bin\iq79hdu3mqx29lgffhp8bfmx\gradle-9.5.1\lib\agents\gradle-instrumentation-agent-9.5.1.jar org.gradle.launcher.daemon.bootstrap.GradleDaemon 9.5.1

Host: AMD Ryzen 5 7535HS with Radeon Graphics        , 12 cores, 15G,  Windows 11 , 64 bit Build 26100 (10.0.26100.9168)
Time: Mon Aug 24 22:43:50 2026 SE Asia Standard Time elapsed time: 378.381825 seconds (0d 0h 6m 18s)

---------------  T H R E A D  ---------------

Current thread (0x00000151b811ec70):  JavaThread "C2 CompilerThread0" daemon [_thread_in_native, id=38148, stack(0x0000001998600000,0x0000001998700000) (1024K)]


Current CompileTask:
C2: 378384 8900       4       java.util.TreeMap::put (221 bytes)

Stack: [0x0000001998600000,0x0000001998700000]
Native frames: (J=compiled Java code, j=interpreted, Vv=VM code, C=native code)
V  [jvm.dll+0x6d0ef9]
V  [jvm.dll+0x860126]
V  [jvm.dll+0x86261e]
V  [jvm.dll+0x862cf3]
V  [jvm.dll+0x282bc6]
V  [jvm.dll+0xc67ad]
V  [jvm.dll+0xc6cf1]
V  [jvm.dll+0x3bbeab]
V  [jvm.dll+0x388322]
V  [jvm.dll+0x38776a]
V  [jvm.dll+0x24b520]
V  [jvm.dll+0x24aaff]
V  [jvm.dll+0x1cae7e]
V  [jvm.dll+0x25a7d9]
V  [jvm.dll+0x258d65]
V  [jvm.dll+0x3f50d1]
V  [jvm.dll+0x80ac0d]
V  [jvm.dll+0x6cf79d]
C  [ucrtbase.dll+0x2cd30]
C  [KERNEL32.DLL+0x2ccb7]
C  [ntdll.dll+0xaad6c]


---------------  P R O C E S S  ---------------

Threads class SMR info:
_java_thread_list=0x00000151bb3ed0c0, length=53, elements={
0x0000015181c2b900, 0x00000151b81160a0, 0x00000151b8117820, 0x00000151b8119fb0,
0x00000151b811ca20, 0x00000151b811d480, 0x00000151b811dee0, 0x00000151b811ec70,
0x00000151b81282d0, 0x00000151b83d3000, 0x00000151b832be20, 0x00000151b99570e0,
0x00000151b857f610, 0x00000151b92567a0, 0x00000151b923fe30, 0x00000151b98f72a0,
0x00000151b98f51d0, 0x00000151b98f4b40, 0x00000151b8f3d3b0, 0x00000151b8f3c000,
0x00000151b8f39f30, 0x00000151b8f3e760, 0x00000151b8f3da40, 0x00000151b8f3e0d0,
0x00000151bba63a40, 0x00000151bba67be0, 0x00000151bba661a0, 0x00000151b8f40830,
0x00000151b8f40ec0, 0x00000151bba65480, 0x00000151bba66830, 0x00000151bba633b0,
0x00000151bba640d0, 0x00000151bba66ec0, 0x00000151bba67550, 0x00000151bba64760,
0x00000151bba64df0, 0x00000151bba68900, 0x00000151bba68f90, 0x00000151bba6a9d0,
0x00000151bba69620, 0x00000151bba6a340, 0x00000151b8f3a5c0, 0x00000151b8f3cd20,
0x00000151b8f3ac50, 0x00000151b8f3c690, 0x00000151b8f3edf0, 0x00000151b8f3b970,
0x00000151b8f3f480, 0x00000151b8f3fb10, 0x00000151b98f3e20, 0x00000151b98f44b0,
0x00000151b98f5860
}

Java Threads: ( => current thread )
  0x0000015181c2b900 JavaThread "main"                              [_thread_blocked, id=55480, stack(0x0000001997800000,0x0000001997900000) (1024K)]
  0x00000151b81160a0 JavaThread "Reference Handler"          daemon [_thread_blocked, id=25632, stack(0x0000001998000000,0x0000001998100000) (1024K)]
  0x00000151b8117820 JavaThread "Finalizer"                  daemon [_thread_blocked, id=996, stack(0x0000001998100000,0x0000001998200000) (1024K)]
  0x00000151b8119fb0 JavaThread "Signal Dispatcher"          daemon [_thread_blocked, id=13608, stack(0x0000001998200000,0x0000001998300000) (1024K)]
  0x00000151b811ca20 JavaThread "Attach Listener"            daemon [_thread_blocked, id=56508, stack(0x0000001998300000,0x0000001998400000) (1024K)]
  0x00000151b811d480 JavaThread "Service Thread"             daemon [_thread_blocked, id=53772, stack(0x0000001998400000,0x0000001998500000) (1024K)]
  0x00000151b811dee0 JavaThread "Monitor Deflation Thread"   daemon [_thread_blocked, id=45476, stack(0x0000001998500000,0x0000001998600000) (1024K)]
=>0x00000151b811ec70 JavaThread "C2 CompilerThread0"         daemon [_thread_in_native, id=38148, stack(0x0000001998600000,0x0000001998700000) (1024K)]
  0x00000151b81282d0 JavaThread "C1 CompilerThread0"         daemon [_thread_blocked, id=40568, stack(0x0000001998700000,0x0000001998800000) (1024K)]
  0x00000151b83d3000 JavaThread "Common-Cleaner"             daemon [_thread_blocked, id=54324, stack(0x0000001998800000,0x0000001998900000) (1024K)]
  0x00000151b832be20 JavaThread "Notification Thread"        daemon [_thread_blocked, id=15248, stack(0x0000001998900000,0x0000001998a00000) (1024K)]
  0x00000151b99570e0 JavaThread "Daemon health stats"               [_thread_blocked, id=34988, stack(0x0000001998f00000,0x0000001999000000) (1024K)]
  0x00000151b857f610 JavaThread "Incoming local TCP Connector on port 64488"        [_thread_in_native, id=42868, stack(0x0000001999000000,0x0000001999100000) (1024K)]
  0x00000151b92567a0 JavaThread "Daemon periodic checks"            [_thread_blocked, id=51396, stack(0x0000001999100000,0x0000001999200000) (1024K)]
  0x00000151b923fe30 JavaThread "Daemon worker"                     [_thread_in_native, id=49976, stack(0x0000001999400000,0x0000001999500000) (1024K)]
  0x00000151b98f72a0 JavaThread "Cache worker for journal cache (C:\Users\hieun\.gradle\caches\journal-1)"        [_thread_blocked, id=41628, stack(0x0000001999800000,0x0000001999900000) (1024K)]
  0x00000151b98f51d0 JavaThread "File lock request listener"        [_thread_in_native, id=19792, stack(0x0000001999900000,0x0000001999a00000) (1024K)]
  0x00000151b98f4b40 JavaThread "Cache worker for file hash cache (C:\Users\hieun\.gradle\caches\9.5.1\fileHashes)"        [_thread_blocked, id=14604, stack(0x0000001999b00000,0x0000001999c00000) (1024K)]
  0x00000151b8f3d3b0 JavaThread "File watcher server"        daemon [_thread_in_native, id=43476, stack(0x000000199a400000,0x000000199a500000) (1024K)]
  0x00000151b8f3c000 JavaThread "File watcher consumer"      daemon [_thread_blocked, id=11668, stack(0x000000199a500000,0x000000199a600000) (1024K)]
  0x00000151b8f39f30 JavaThread "Cache worker for file content cache (C:\Users\hieun\.gradle\caches\9.5.1\fileContent)"        [_thread_blocked, id=32160, stack(0x000000199a600000,0x000000199a700000) (1024K)]
  0x00000151b8f3e760 JavaThread "jar transforms"                    [_thread_blocked, id=48888, stack(0x000000199aa00000,0x000000199ab00000) (1024K)]
  0x00000151b8f3da40 JavaThread "jar transforms Thread 2"           [_thread_blocked, id=53484, stack(0x000000199ab00000,0x000000199ac00000) (1024K)]
  0x00000151b8f3e0d0 JavaThread "jar transforms Thread 3"           [_thread_blocked, id=4672, stack(0x0000001997500000,0x0000001997600000) (1024K)]
  0x00000151bba63a40 JavaThread "Memory manager"                    [_thread_blocked, id=42556, stack(0x000000199b700000,0x000000199b800000) (1024K)]
  0x00000151bba67be0 JavaThread "jar transforms Thread 4"           [_thread_blocked, id=36984, stack(0x000000199b800000,0x000000199b900000) (1024K)]
  0x00000151bba661a0 JavaThread "Daemon Thread 3"                   [_thread_blocked, id=36604, stack(0x0000001999500000,0x0000001999600000) (1024K)]
  0x00000151b8f40830 JavaThread "File lock release action executor Thread 3"        [_thread_blocked, id=20412, stack(0x0000001997600000,0x0000001997700000) (1024K)]
  0x00000151b8f40ec0 JavaThread "jar transforms Thread 5"           [_thread_blocked, id=56388, stack(0x0000001997700000,0x0000001997800000) (1024K)]
  0x00000151bba65480 JavaThread "jar transforms Thread 6"           [_thread_blocked, id=40304, stack(0x0000001999a00000,0x0000001999b00000) (1024K)]
  0x00000151bba66830 JavaThread "VFS cleanup Thread 4"              [_thread_blocked, id=36148, stack(0x0000001999300000,0x0000001999400000) (1024K)]
  0x00000151bba633b0 JavaThread "Handler for socket connection from /127.0.0.1:64488 to /127.0.0.1:61838"        [_thread_in_native, id=27460, stack(0x0000001999200000,0x0000001999300000) (1024K)]
  0x00000151bba640d0 JavaThread "Cancel handler"                    [_thread_blocked, id=57452, stack(0x0000001999600000,0x0000001999700000) (1024K)]
  0x00000151bba66ec0 JavaThread "Asynchronous log dispatcher for DefaultDaemonConnection: socket connection from /127.0.0.1:64488 to /127.0.0.1:61838"        [_thread_blocked, id=7708, stack(0x0000001999700000,0x0000001999800000) (1024K)]
  0x00000151bba67550 JavaThread "Stdin handler"                     [_thread_blocked, id=55440, stack(0x0000001999c00000,0x0000001999d00000) (1024K)]
  0x00000151bba64760 JavaThread "Daemon client event forwarder"        [_thread_blocked, id=52156, stack(0x000000199a300000,0x000000199a400000) (1024K)]
  0x00000151bba64df0 JavaThread "Cache worker for file hash cache (D:\n1h5-models-backend\.gradle\9.5.1\fileHashes)"        [_thread_blocked, id=31908, stack(0x000000199a700000,0x000000199a800000) (1024K)]
  0x00000151bba68900 JavaThread "Cache worker for Build Output Cleanup Cache (D:\n1h5-models-backend\.gradle\buildOutputCleanup)"        [_thread_blocked, id=30688, stack(0x000000199a800000,0x000000199a900000) (1024K)]
  0x00000151bba68f90 JavaThread "Cache worker for checksums cache (D:\n1h5-models-backend\.gradle\9.5.1\checksums)"        [_thread_blocked, id=41328, stack(0x000000199a900000,0x000000199aa00000) (1024K)]
  0x00000151bba6a9d0 JavaThread "Cache worker for cache directory md-supplier (C:\Users\hieun\.gradle\caches\9.5.1\md-supplier)"        [_thread_blocked, id=20944, stack(0x000000199ac00000,0x000000199ad00000) (1024K)]
  0x00000151bba69620 JavaThread "Cache worker for cache directory md-rule (C:\Users\hieun\.gradle\caches\9.5.1\md-rule)"        [_thread_blocked, id=16016, stack(0x000000199ad00000,0x000000199ae00000) (1024K)]
  0x00000151bba6a340 JavaThread "Build operations"                  [_thread_blocked, id=46200, stack(0x000000199ae00000,0x000000199af00000) (1024K)]
  0x00000151b8f3a5c0 JavaThread "Build operations Thread 2"         [_thread_blocked, id=12104, stack(0x000000199af00000,0x000000199b000000) (1024K)]
  0x00000151b8f3cd20 JavaThread "Build operations Thread 3"         [_thread_blocked, id=43904, stack(0x000000199b000000,0x000000199b100000) (1024K)]
  0x00000151b8f3ac50 JavaThread "Build operations Thread 4"         [_thread_blocked, id=20520, stack(0x000000199b100000,0x000000199b200000) (1024K)]
  0x00000151b8f3c690 JavaThread "Build operations Thread 5"         [_thread_blocked, id=3372, stack(0x000000199b400000,0x000000199b500000) (1024K)]
  0x00000151b8f3edf0 JavaThread "Build operations Thread 6"         [_thread_blocked, id=13440, stack(0x000000199b500000,0x000000199b600000) (1024K)]
  0x00000151b8f3b970 JavaThread "Build operations Thread 7"         [_thread_blocked, id=9708, stack(0x000000199b600000,0x000000199b700000) (1024K)]
  0x00000151b8f3f480 JavaThread "Build operations Thread 8"         [_thread_blocked, id=8396, stack(0x000000199b900000,0x000000199ba00000) (1024K)]
  0x00000151b8f3fb10 JavaThread "Build operations Thread 9"         [_thread_blocked, id=39812, stack(0x000000199ba00000,0x000000199bb00000) (1024K)]
  0x00000151b98f3e20 JavaThread "Build operations Thread 10"        [_thread_blocked, id=20456, stack(0x000000199bb00000,0x000000199bc00000) (1024K)]
  0x00000151b98f44b0 JavaThread "Build operations Thread 11"        [_thread_blocked, id=57512, stack(0x000000199bc00000,0x000000199bd00000) (1024K)]
  0x00000151b98f5860 JavaThread "Build operations Thread 12"        [_thread_blocked, id=14764, stack(0x000000199bd00000,0x000000199be00000) (1024K)]
Total: 53

Other Threads:
  0x000001519ef16680 VMThread "VM Thread"                           [id=27296, stack(0x0000001997f00000,0x0000001998000000) (1024K)]
  0x000001519ef04f30 WatcherThread "VM Periodic Task Thread"        [id=52028, stack(0x0000001997e00000,0x0000001997f00000) (1024K)]
  0x0000015182185860 WorkerThread "GC Thread#0"                     [id=54104, stack(0x0000001997900000,0x0000001997a00000) (1024K)]
  0x00000151b8e93870 WorkerThread "GC Thread#1"                     [id=52612, stack(0x0000001998a00000,0x0000001998b00000) (1024K)]
  0x00000151b8db95f0 WorkerThread "GC Thread#2"                     [id=47416, stack(0x0000001998b00000,0x0000001998c00000) (1024K)]
  0x00000151b8db99a0 WorkerThread "GC Thread#3"                     [id=22828, stack(0x0000001998c00000,0x0000001998d00000) (1024K)]
  0x00000151b8db9d50 WorkerThread "GC Thread#4"                     [id=22504, stack(0x0000001998d00000,0x0000001998e00000) (1024K)]
  0x00000151b8d74c40 WorkerThread "GC Thread#5"                     [id=8008, stack(0x0000001998e00000,0x0000001998f00000) (1024K)]
  0x00000151ba638590 WorkerThread "GC Thread#6"                     [id=46632, stack(0x0000001999d00000,0x0000001999e00000) (1024K)]
  0x00000151ba63a6c0 WorkerThread "GC Thread#7"                     [id=7860, stack(0x0000001999e00000,0x0000001999f00000) (1024K)]
  0x00000151ba63aa70 WorkerThread "GC Thread#8"                     [id=720, stack(0x0000001999f00000,0x000000199a000000) (1024K)]
  0x00000151ba639800 WorkerThread "GC Thread#9"                     [id=35436, stack(0x000000199a000000,0x000000199a100000) (1024K)]
  0x000001518218a760 ConcurrentGCThread "G1 Main Marker"            [id=46360, stack(0x0000001997a00000,0x0000001997b00000) (1024K)]
  0x000001518218b180 WorkerThread "G1 Conc#0"                       [id=16816, stack(0x0000001997b00000,0x0000001997c00000) (1024K)]
  0x00000151ba63ae20 WorkerThread "G1 Conc#1"                       [id=11732, stack(0x000000199a100000,0x000000199a200000) (1024K)]
  0x00000151ba63a310 WorkerThread "G1 Conc#2"                       [id=18400, stack(0x000000199a200000,0x000000199a300000) (1024K)]
  0x000001518220e570 ConcurrentGCThread "G1 Refine#0"               [id=38812, stack(0x0000001997c00000,0x0000001997d00000) (1024K)]
  0x000001519edd5750 ConcurrentGCThread "G1 Service"                [id=20484, stack(0x0000001997d00000,0x0000001997e00000) (1024K)]
Total: 18

Threads with active compile tasks:
C2 CompilerThread0   378442 8900       4       java.util.TreeMap::put (221 bytes)
Total: 1

VM state: not at safepoint (normal execution)

VM Mutex/Monitor currently owned by a thread: None

Heap address: 0x00000000e0000000, size: 512 MB, Compressed Oops mode: 32-bit

CDS archive(s) mapped at: [0x000001519f000000-0x000001519fc90000-0x000001519fc90000), size 13172736, SharedBaseAddress: 0x000001519f000000, ArchiveRelocationMode: 1.
Compressed class space mapped at: 0x00000151a0000000-0x00000151b4000000, reserved size: 335544320
Narrow klass base: 0x000001519f000000, Narrow klass shift: 0, Narrow klass range: 0x100000000

GC Precious Log:
 CardTable entry size: 512
 Card Set container configuration: InlinePtr #cards 5 size 8 Array Of Cards #cards 12 size 40 Howl #buckets 4 coarsen threshold 1843 Howl Bitmap #cards 512 size 80 coarsen threshold 460 Card regions per heap region 1 cards per card region 2048
 CPUs: 12 total, 12 available
 Memory: 15690M
 Large Page Support: Disabled
 NUMA Support: Disabled
 Compressed Oops: Enabled (32-bit)
 Heap Region Size: 1M
 Heap Min Capacity: 256M
 Heap Initial Capacity: 256M
 Heap Max Capacity: 512M
 Pre-touch: Disabled
 Parallel Workers: 10
 Concurrent Workers: 3
 Concurrent Refinement Workers: 10
 Periodic GC: Disabled

Heap:
 garbage-first heap   total 262144K, used 51062K [0x00000000e0000000, 0x0000000100000000)
  region size 1024K, 21 young (21504K), 17 survivors (17408K)
 Metaspace       used 57543K, committed 59776K, reserved 393216K
  class space    used 8308K, committed 9408K, reserved 327680K

Heap Regions: E=young(eden), S=young(survivor), O=old, HS=humongous(starts), HC=humongous(continues), CS=collection set, F=free, TAMS=top-at-mark-start, PB=parsable bottom
|   0|0x00000000e0000000, 0x00000000e0100000, 0x00000000e0100000|100%|HS|  |TAMS 0x00000000e0000000| PB 0x00000000e0000000| Complete 
|   1|0x00000000e0100000, 0x00000000e0200000, 0x00000000e0200000|100%|HC|  |TAMS 0x00000000e0100000| PB 0x00000000e0100000| Complete 
|   2|0x00000000e0200000, 0x00000000e0300000, 0x00000000e0300000|100%|HC|  |TAMS 0x00000000e0200000| PB 0x00000000e0200000| Complete 
|   3|0x00000000e0300000, 0x00000000e0400000, 0x00000000e0400000|100%|HC|  |TAMS 0x00000000e0300000| PB 0x00000000e0300000| Complete 
|   4|0x00000000e0400000, 0x00000000e0500000, 0x00000000e0500000|100%| O|  |TAMS 0x00000000e0400000| PB 0x00000000e0400000| Untracked 
|   5|0x00000000e0500000, 0x00000000e0600000, 0x00000000e0600000|100%| O|  |TAMS 0x00000000e0500000| PB 0x00000000e0500000| Untracked 
|   6|0x00000000e0600000, 0x00000000e0700000, 0x00000000e0700000|100%| O|  |TAMS 0x00000000e0600000| PB 0x00000000e0600000| Untracked 
|   7|0x00000000e0700000, 0x00000000e0800000, 0x00000000e0800000|100%| O|  |TAMS 0x00000000e0700000| PB 0x00000000e0700000| Untracked 
|   8|0x00000000e0800000, 0x00000000e0900000, 0x00000000e0900000|100%|HS|  |TAMS 0x00000000e0800000| PB 0x00000000e0800000| Complete 
|   9|0x00000000e0900000, 0x00000000e0a00000, 0x00000000e0a00000|100%| O|  |TAMS 0x00000000e0900000| PB 0x00000000e0900000| Untracked 
|  10|0x00000000e0a00000, 0x00000000e0b00000, 0x00000000e0b00000|100%| O|  |TAMS 0x00000000e0a00000| PB 0x00000000e0a00000| Untracked 
|  11|0x00000000e0b00000, 0x00000000e0c00000, 0x00000000e0c00000|100%| O|  |TAMS 0x00000000e0b00000| PB 0x00000000e0b00000| Untracked 
|  12|0x00000000e0c00000, 0x00000000e0c00000, 0x00000000e0d00000|  0%| F|  |TAMS 0x00000000e0c00000| PB 0x00000000e0c00000| Untracked 
|  13|0x00000000e0d00000, 0x00000000e0e00000, 0x00000000e0e00000|100%| O|  |TAMS 0x00000000e0d00000| PB 0x00000000e0d00000| Untracked 
|  14|0x00000000e0e00000, 0x00000000e0f00000, 0x00000000e0f00000|100%| O|  |TAMS 0x00000000e0e00000| PB 0x00000000e0e00000| Untracked 
|  15|0x00000000e0f00000, 0x00000000e1000000, 0x00000000e1000000|100%| O|  |TAMS 0x00000000e0f00000| PB 0x00000000e0f00000| Untracked 
|  16|0x00000000e1000000, 0x00000000e1100000, 0x00000000e1100000|100%| O|  |TAMS 0x00000000e1000000| PB 0x00000000e1000000| Untracked 
|  17|0x00000000e1100000, 0x00000000e1200000, 0x00000000e1200000|100%| O|  |TAMS 0x00000000e1100000| PB 0x00000000e1100000| Untracked 
|  18|0x00000000e1200000, 0x00000000e1300000, 0x00000000e1300000|100%| O|  |TAMS 0x00000000e1200000| PB 0x00000000e1200000| Untracked 
|  19|0x00000000e1300000, 0x00000000e1400000, 0x00000000e1400000|100%| O|  |TAMS 0x00000000e1300000| PB 0x00000000e1300000| Untracked 
|  20|0x00000000e1400000, 0x00000000e1500000, 0x00000000e1500000|100%| O|  |TAMS 0x00000000e1400000| PB 0x00000000e1400000| Untracked 
|  21|0x00000000e1500000, 0x00000000e1600000, 0x00000000e1600000|100%| O|  |TAMS 0x00000000e1500000| PB 0x00000000e1500000| Untracked 
|  22|0x00000000e1600000, 0x00000000e1700000, 0x00000000e1700000|100%| O|  |TAMS 0x00000000e1600000| PB 0x00000000e1600000| Untracked 
|  23|0x00000000e1700000, 0x00000000e1800000, 0x00000000e1800000|100%| O|  |TAMS 0x00000000e1700000| PB 0x00000000e1700000| Untracked 
|  24|0x00000000e1800000, 0x00000000e1800000, 0x00000000e1900000|  0%| F|  |TAMS 0x00000000e1800000| PB 0x00000000e1800000| Untracked 
|  25|0x00000000e1900000, 0x00000000e1900000, 0x00000000e1a00000|  0%| F|  |TAMS 0x00000000e1900000| PB 0x00000000e1900000| Untracked 
|  26|0x00000000e1a00000, 0x00000000e1b00000, 0x00000000e1b00000|100%| O|  |TAMS 0x00000000e1a00000| PB 0x00000000e1a00000| Untracked 
|  27|0x00000000e1b00000, 0x00000000e1c00000, 0x00000000e1c00000|100%| O|  |TAMS 0x00000000e1b00000| PB 0x00000000e1b00000| Untracked 
|  28|0x00000000e1c00000, 0x00000000e1d00000, 0x00000000e1d00000|100%| O|  |TAMS 0x00000000e1c00000| PB 0x00000000e1c00000| Untracked 
|  29|0x00000000e1d00000, 0x00000000e1e00000, 0x00000000e1e00000|100%| O|  |TAMS 0x00000000e1d00000| PB 0x00000000e1d00000| Untracked 
|  30|0x00000000e1e00000, 0x00000000e1f00000, 0x00000000e1f00000|100%| O|  |TAMS 0x00000000e1e00000| PB 0x00000000e1e00000| Untracked 
|  31|0x00000000e1f00000, 0x00000000e2000000, 0x00000000e2000000|100%| O|  |TAMS 0x00000000e1f00000| PB 0x00000000e1f00000| Untracked 
|  32|0x00000000e2000000, 0x00000000e20dd9c0, 0x00000000e2100000| 86%| O|  |TAMS 0x00000000e2000000| PB 0x00000000e2000000| Untracked 
|  33|0x00000000e2100000, 0x00000000e2100000, 0x00000000e2200000|  0%| F|  |TAMS 0x00000000e2100000| PB 0x00000000e2100000| Untracked 
|  34|0x00000000e2200000, 0x00000000e2200000, 0x00000000e2300000|  0%| F|  |TAMS 0x00000000e2200000| PB 0x00000000e2200000| Untracked 
|  35|0x00000000e2300000, 0x00000000e2300000, 0x00000000e2400000|  0%| F|  |TAMS 0x00000000e2300000| PB 0x00000000e2300000| Untracked 
|  36|0x00000000e2400000, 0x00000000e2400000, 0x00000000e2500000|  0%| F|  |TAMS 0x00000000e2400000| PB 0x00000000e2400000| Untracked 
|  37|0x00000000e2500000, 0x00000000e2500000, 0x00000000e2600000|  0%| F|  |TAMS 0x00000000e2500000| PB 0x00000000e2500000| Untracked 
|  38|0x00000000e2600000, 0x00000000e2600000, 0x00000000e2700000|  0%| F|  |TAMS 0x00000000e2600000| PB 0x00000000e2600000| Untracked 
|  39|0x00000000e2700000, 0x00000000e2700000, 0x00000000e2800000|  0%| F|  |TAMS 0x00000000e2700000| PB 0x00000000e2700000| Untracked 
|  40|0x00000000e2800000, 0x00000000e2800000, 0x00000000e2900000|  0%| F|  |TAMS 0x00000000e2800000| PB 0x00000000e2800000| Untracked 
|  41|0x00000000e2900000, 0x00000000e2900000, 0x00000000e2a00000|  0%| F|  |TAMS 0x00000000e2900000| PB 0x00000000e2900000| Untracked 
|  42|0x00000000e2a00000, 0x00000000e2a00000, 0x00000000e2b00000|  0%| F|  |TAMS 0x00000000e2a00000| PB 0x00000000e2a00000| Untracked 
|  43|0x00000000e2b00000, 0x00000000e2b00000, 0x00000000e2c00000|  0%| F|  |TAMS 0x00000000e2b00000| PB 0x00000000e2b00000| Untracked 
|  44|0x00000000e2c00000, 0x00000000e2c00000, 0x00000000e2d00000|  0%| F|  |TAMS 0x00000000e2c00000| PB 0x00000000e2c00000| Untracked 
|  45|0x00000000e2d00000, 0x00000000e2d00000, 0x00000000e2e00000|  0%| F|  |TAMS 0x00000000e2d00000| PB 0x00000000e2d00000| Untracked 
|  46|0x00000000e2e00000, 0x00000000e2e00000, 0x00000000e2f00000|  0%| F|  |TAMS 0x00000000e2e00000| PB 0x00000000e2e00000| Untracked 
|  47|0x00000000e2f00000, 0x00000000e2f00000, 0x00000000e3000000|  0%| F|  |TAMS 0x00000000e2f00000| PB 0x00000000e2f00000| Untracked 
|  48|0x00000000e3000000, 0x00000000e3000000, 0x00000000e3100000|  0%| F|  |TAMS 0x00000000e3000000| PB 0x00000000e3000000| Untracked 
|  49|0x00000000e3100000, 0x00000000e3100000, 0x00000000e3200000|  0%| F|  |TAMS 0x00000000e3100000| PB 0x00000000e3100000| Untracked 
|  50|0x00000000e3200000, 0x00000000e3200000, 0x00000000e3300000|  0%| F|  |TAMS 0x00000000e3200000| PB 0x00000000e3200000| Untracked 
|  51|0x00000000e3300000, 0x00000000e3300000, 0x00000000e3400000|  0%| F|  |TAMS 0x00000000e3300000| PB 0x00000000e3300000| Untracked 
|  52|0x00000000e3400000, 0x00000000e3400000, 0x00000000e3500000|  0%| F|  |TAMS 0x00000000e3400000| PB 0x00000000e3400000| Untracked 
|  53|0x00000000e3500000, 0x00000000e3500000, 0x00000000e3600000|  0%| F|  |TAMS 0x00000000e3500000| PB 0x00000000e3500000| Untracked 
|  54|0x00000000e3600000, 0x00000000e3600000, 0x00000000e3700000|  0%| F|  |TAMS 0x00000000e3600000| PB 0x00000000e3600000| Untracked 
|  55|0x00000000e3700000, 0x00000000e3700000, 0x00000000e3800000|  0%| F|  |TAMS 0x00000000e3700000| PB 0x00000000e3700000| Untracked 
|  56|0x00000000e3800000, 0x00000000e3800000, 0x00000000e3900000|  0%| F|  |TAMS 0x00000000e3800000| PB 0x00000000e3800000| Untracked 
|  57|0x00000000e3900000, 0x00000000e3900000, 0x00000000e3a00000|  0%| F|  |TAMS 0x00000000e3900000| PB 0x00000000e3900000| Untracked 
|  58|0x00000000e3a00000, 0x00000000e3a00000, 0x00000000e3b00000|  0%| F|  |TAMS 0x00000000e3a00000| PB 0x00000000e3a00000| Untracked 
|  59|0x00000000e3b00000, 0x00000000e3b00000, 0x00000000e3c00000|  0%| F|  |TAMS 0x00000000e3b00000| PB 0x00000000e3b00000| Untracked 
|  60|0x00000000e3c00000, 0x00000000e3c00000, 0x00000000e3d00000|  0%| F|  |TAMS 0x00000000e3c00000| PB 0x00000000e3c00000| Untracked 
|  61|0x00000000e3d00000, 0x00000000e3d00000, 0x00000000e3e00000|  0%| F|  |TAMS 0x00000000e3d00000| PB 0x00000000e3d00000| Untracked 
|  62|0x00000000e3e00000, 0x00000000e3e00000, 0x00000000e3f00000|  0%| F|  |TAMS 0x00000000e3e00000| PB 0x00000000e3e00000| Untracked 
|  63|0x00000000e3f00000, 0x00000000e3f00000, 0x00000000e4000000|  0%| F|  |TAMS 0x00000000e3f00000| PB 0x00000000e3f00000| Untracked 
|  64|0x00000000e4000000, 0x00000000e4000000, 0x00000000e4100000|  0%| F|  |TAMS 0x00000000e4000000| PB 0x00000000e4000000| Untracked 
|  65|0x00000000e4100000, 0x00000000e4100000, 0x00000000e4200000|  0%| F|  |TAMS 0x00000000e4100000| PB 0x00000000e4100000| Untracked 
|  66|0x00000000e4200000, 0x00000000e4200000, 0x00000000e4300000|  0%| F|  |TAMS 0x00000000e4200000| PB 0x00000000e4200000| Untracked 
|  67|0x00000000e4300000, 0x00000000e4300000, 0x00000000e4400000|  0%| F|  |TAMS 0x00000000e4300000| PB 0x00000000e4300000| Untracked 
|  68|0x00000000e4400000, 0x00000000e4400000, 0x00000000e4500000|  0%| F|  |TAMS 0x00000000e4400000| PB 0x00000000e4400000| Untracked 
|  69|0x00000000e4500000, 0x00000000e4500000, 0x00000000e4600000|  0%| F|  |TAMS 0x00000000e4500000| PB 0x00000000e4500000| Untracked 
|  70|0x00000000e4600000, 0x00000000e4600000, 0x00000000e4700000|  0%| F|  |TAMS 0x00000000e4600000| PB 0x00000000e4600000| Untracked 
|  71|0x00000000e4700000, 0x00000000e4700000, 0x00000000e4800000|  0%| F|  |TAMS 0x00000000e4700000| PB 0x00000000e4700000| Untracked 
|  72|0x00000000e4800000, 0x00000000e4800000, 0x00000000e4900000|  0%| F|  |TAMS 0x00000000e4800000| PB 0x00000000e4800000| Untracked 
|  73|0x00000000e4900000, 0x00000000e4900000, 0x00000000e4a00000|  0%| F|  |TAMS 0x00000000e4900000| PB 0x00000000e4900000| Untracked 
|  74|0x00000000e4a00000, 0x00000000e4a00000, 0x00000000e4b00000|  0%| F|  |TAMS 0x00000000e4a00000| PB 0x00000000e4a00000| Untracked 
|  75|0x00000000e4b00000, 0x00000000e4b00000, 0x00000000e4c00000|  0%| F|  |TAMS 0x00000000e4b00000| PB 0x00000000e4b00000| Untracked 
|  76|0x00000000e4c00000, 0x00000000e4c00000, 0x00000000e4d00000|  0%| F|  |TAMS 0x00000000e4c00000| PB 0x00000000e4c00000| Untracked 
|  77|0x00000000e4d00000, 0x00000000e4d00000, 0x00000000e4e00000|  0%| F|  |TAMS 0x00000000e4d00000| PB 0x00000000e4d00000| Untracked 
|  78|0x00000000e4e00000, 0x00000000e4e00000, 0x00000000e4f00000|  0%| F|  |TAMS 0x00000000e4e00000| PB 0x00000000e4e00000| Untracked 
|  79|0x00000000e4f00000, 0x00000000e4f00000, 0x00000000e5000000|  0%| F|  |TAMS 0x00000000e4f00000| PB 0x00000000e4f00000| Untracked 
|  80|0x00000000e5000000, 0x00000000e5000000, 0x00000000e5100000|  0%| F|  |TAMS 0x00000000e5000000| PB 0x00000000e5000000| Untracked 
|  81|0x00000000e5100000, 0x00000000e5100000, 0x00000000e5200000|  0%| F|  |TAMS 0x00000000e5100000| PB 0x00000000e5100000| Untracked 
|  82|0x00000000e5200000, 0x00000000e5200000, 0x00000000e5300000|  0%| F|  |TAMS 0x00000000e5200000| PB 0x00000000e5200000| Untracked 
|  83|0x00000000e5300000, 0x00000000e5300000, 0x00000000e5400000|  0%| F|  |TAMS 0x00000000e5300000| PB 0x00000000e5300000| Untracked 
|  84|0x00000000e5400000, 0x00000000e5400000, 0x00000000e5500000|  0%| F|  |TAMS 0x00000000e5400000| PB 0x00000000e5400000| Untracked 
|  85|0x00000000e5500000, 0x00000000e5500000, 0x00000000e5600000|  0%| F|  |TAMS 0x00000000e5500000| PB 0x00000000e5500000| Untracked 
|  86|0x00000000e5600000, 0x00000000e5700000, 0x00000000e5700000|100%| S|CS|TAMS 0x00000000e5600000| PB 0x00000000e5600000| Complete 
|  87|0x00000000e5700000, 0x00000000e5800000, 0x00000000e5800000|100%| S|CS|TAMS 0x00000000e5700000| PB 0x00000000e5700000| Complete 
|  88|0x00000000e5800000, 0x00000000e5900000, 0x00000000e5900000|100%| S|CS|TAMS 0x00000000e5800000| PB 0x00000000e5800000| Complete 
|  89|0x00000000e5900000, 0x00000000e5a00000, 0x00000000e5a00000|100%| S|CS|TAMS 0x00000000e5900000| PB 0x00000000e5900000| Complete 
|  90|0x00000000e5a00000, 0x00000000e5b00000, 0x00000000e5b00000|100%| S|CS|TAMS 0x00000000e5a00000| PB 0x00000000e5a00000| Complete 
|  91|0x00000000e5b00000, 0x00000000e5c00000, 0x00000000e5c00000|100%| S|CS|TAMS 0x00000000e5b00000| PB 0x00000000e5b00000| Complete 
|  92|0x00000000e5c00000, 0x00000000e5d00000, 0x00000000e5d00000|100%| S|CS|TAMS 0x00000000e5c00000| PB 0x00000000e5c00000| Complete 
|  93|0x00000000e5d00000, 0x00000000e5e00000, 0x00000000e5e00000|100%| S|CS|TAMS 0x00000000e5d00000| PB 0x00000000e5d00000| Complete 
|  94|0x00000000e5e00000, 0x00000000e5f00000, 0x00000000e5f00000|100%| S|CS|TAMS 0x00000000e5e00000| PB 0x00000000e5e00000| Complete 
|  95|0x00000000e5f00000, 0x00000000e6000000, 0x00000000e6000000|100%| S|CS|TAMS 0x00000000e5f00000| PB 0x00000000e5f00000| Complete 
|  96|0x00000000e6000000, 0x00000000e6100000, 0x00000000e6100000|100%| S|CS|TAMS 0x00000000e6000000| PB 0x00000000e6000000| Complete 
|  97|0x00000000e6100000, 0x00000000e6200000, 0x00000000e6200000|100%| S|CS|TAMS 0x00000000e6100000| PB 0x00000000e6100000| Complete 
|  98|0x00000000e6200000, 0x00000000e6300000, 0x00000000e6300000|100%| S|CS|TAMS 0x00000000e6200000| PB 0x00000000e6200000| Complete 
|  99|0x00000000e6300000, 0x00000000e6300000, 0x00000000e6400000|  0%| F|  |TAMS 0x00000000e6300000| PB 0x00000000e6300000| Untracked 
| 100|0x00000000e6400000, 0x00000000e6400000, 0x00000000e6500000|  0%| F|  |TAMS 0x00000000e6400000| PB 0x00000000e6400000| Untracked 
| 101|0x00000000e6500000, 0x00000000e6500000, 0x00000000e6600000|  0%| F|  |TAMS 0x00000000e6500000| PB 0x00000000e6500000| Untracked 
| 102|0x00000000e6600000, 0x00000000e6600000, 0x00000000e6700000|  0%| F|  |TAMS 0x00000000e6600000| PB 0x00000000e6600000| Untracked 
| 103|0x00000000e6700000, 0x00000000e6700000, 0x00000000e6800000|  0%| F|  |TAMS 0x00000000e6700000| PB 0x00000000e6700000| Untracked 
| 104|0x00000000e6800000, 0x00000000e6800000, 0x00000000e6900000|  0%| F|  |TAMS 0x00000000e6800000| PB 0x00000000e6800000| Untracked 
| 105|0x00000000e6900000, 0x00000000e6900000, 0x00000000e6a00000|  0%| F|  |TAMS 0x00000000e6900000| PB 0x00000000e6900000| Untracked 
| 106|0x00000000e6a00000, 0x00000000e6a00000, 0x00000000e6b00000|  0%| F|  |TAMS 0x00000000e6a00000| PB 0x00000000e6a00000| Untracked 
| 107|0x00000000e6b00000, 0x00000000e6b00000, 0x00000000e6c00000|  0%| F|  |TAMS 0x00000000e6b00000| PB 0x00000000e6b00000| Untracked 
| 108|0x00000000e6c00000, 0x00000000e6c00000, 0x00000000e6d00000|  0%| F|  |TAMS 0x00000000e6c00000| PB 0x00000000e6c00000| Untracked 
| 109|0x00000000e6d00000, 0x00000000e6d00000, 0x00000000e6e00000|  0%| F|  |TAMS 0x00000000e6d00000| PB 0x00000000e6d00000| Untracked 
| 110|0x00000000e6e00000, 0x00000000e6e00000, 0x00000000e6f00000|  0%| F|  |TAMS 0x00000000e6e00000| PB 0x00000000e6e00000| Untracked 
| 111|0x00000000e6f00000, 0x00000000e6f00000, 0x00000000e7000000|  0%| F|  |TAMS 0x00000000e6f00000| PB 0x00000000e6f00000| Untracked 
| 112|0x00000000e7000000, 0x00000000e7000000, 0x00000000e7100000|  0%| F|  |TAMS 0x00000000e7000000| PB 0x00000000e7000000| Untracked 
| 113|0x00000000e7100000, 0x00000000e7200000, 0x00000000e7200000|100%| S|CS|TAMS 0x00000000e7100000| PB 0x00000000e7100000| Complete 
| 114|0x00000000e7200000, 0x00000000e7300000, 0x00000000e7300000|100%| S|CS|TAMS 0x00000000e7200000| PB 0x00000000e7200000| Complete 
| 115|0x00000000e7300000, 0x00000000e7400000, 0x00000000e7400000|100%| S|CS|TAMS 0x00000000e7300000| PB 0x00000000e7300000| Complete 
| 116|0x00000000e7400000, 0x00000000e7500000, 0x00000000e7500000|100%| S|CS|TAMS 0x00000000e7400000| PB 0x00000000e7400000| Complete 
| 117|0x00000000e7500000, 0x00000000e7500000, 0x00000000e7600000|  0%| F|  |TAMS 0x00000000e7500000| PB 0x00000000e7500000| Untracked 
| 118|0x00000000e7600000, 0x00000000e7600000, 0x00000000e7700000|  0%| F|  |TAMS 0x00000000e7600000| PB 0x00000000e7600000| Untracked 
| 119|0x00000000e7700000, 0x00000000e7700000, 0x00000000e7800000|  0%| F|  |TAMS 0x00000000e7700000| PB 0x00000000e7700000| Untracked 
| 120|0x00000000e7800000, 0x00000000e7800000, 0x00000000e7900000|  0%| F|  |TAMS 0x00000000e7800000| PB 0x00000000e7800000| Untracked 
| 121|0x00000000e7900000, 0x00000000e7900000, 0x00000000e7a00000|  0%| F|  |TAMS 0x00000000e7900000| PB 0x00000000e7900000| Untracked 
| 122|0x00000000e7a00000, 0x00000000e7a00000, 0x00000000e7b00000|  0%| F|  |TAMS 0x00000000e7a00000| PB 0x00000000e7a00000| Untracked 
| 123|0x00000000e7b00000, 0x00000000e7b00000, 0x00000000e7c00000|  0%| F|  |TAMS 0x00000000e7b00000| PB 0x00000000e7b00000| Untracked 
| 124|0x00000000e7c00000, 0x00000000e7c00000, 0x00000000e7d00000|  0%| F|  |TAMS 0x00000000e7c00000| PB 0x00000000e7c00000| Untracked 
| 125|0x00000000e7d00000, 0x00000000e7d00000, 0x00000000e7e00000|  0%| F|  |TAMS 0x00000000e7d00000| PB 0x00000000e7d00000| Untracked 
| 126|0x00000000e7e00000, 0x00000000e7e00000, 0x00000000e7f00000|  0%| F|  |TAMS 0x00000000e7e00000| PB 0x00000000e7e00000| Untracked 
| 127|0x00000000e7f00000, 0x00000000e7f00000, 0x00000000e8000000|  0%| F|  |TAMS 0x00000000e7f00000| PB 0x00000000e7f00000| Untracked 
| 128|0x00000000e8000000, 0x00000000e8000000, 0x00000000e8100000|  0%| F|  |TAMS 0x00000000e8000000| PB 0x00000000e8000000| Untracked 
| 129|0x00000000e8100000, 0x00000000e8100000, 0x00000000e8200000|  0%| F|  |TAMS 0x00000000e8100000| PB 0x00000000e8100000| Untracked 
| 130|0x00000000e8200000, 0x00000000e8200000, 0x00000000e8300000|  0%| F|  |TAMS 0x00000000e8200000| PB 0x00000000e8200000| Untracked 
| 131|0x00000000e8300000, 0x00000000e8300000, 0x00000000e8400000|  0%| F|  |TAMS 0x00000000e8300000| PB 0x00000000e8300000| Untracked 
| 132|0x00000000e8400000, 0x00000000e8400000, 0x00000000e8500000|  0%| F|  |TAMS 0x00000000e8400000| PB 0x00000000e8400000| Untracked 
| 133|0x00000000e8500000, 0x00000000e8500000, 0x00000000e8600000|  0%| F|  |TAMS 0x00000000e8500000| PB 0x00000000e8500000| Untracked 
| 134|0x00000000e8600000, 0x00000000e8600000, 0x00000000e8700000|  0%| F|  |TAMS 0x00000000e8600000| PB 0x00000000e8600000| Untracked 
| 135|0x00000000e8700000, 0x00000000e8700000, 0x00000000e8800000|  0%| F|  |TAMS 0x00000000e8700000| PB 0x00000000e8700000| Untracked 
| 136|0x00000000e8800000, 0x00000000e8800000, 0x00000000e8900000|  0%| F|  |TAMS 0x00000000e8800000| PB 0x00000000e8800000| Untracked 
| 137|0x00000000e8900000, 0x00000000e8900000, 0x00000000e8a00000|  0%| F|  |TAMS 0x00000000e8900000| PB 0x00000000e8900000| Untracked 
| 138|0x00000000e8a00000, 0x00000000e8a00000, 0x00000000e8b00000|  0%| F|  |TAMS 0x00000000e8a00000| PB 0x00000000e8a00000| Untracked 
| 139|0x00000000e8b00000, 0x00000000e8b00000, 0x00000000e8c00000|  0%| F|  |TAMS 0x00000000e8b00000| PB 0x00000000e8b00000| Untracked 
| 140|0x00000000e8c00000, 0x00000000e8c00000, 0x00000000e8d00000|  0%| F|  |TAMS 0x00000000e8c00000| PB 0x00000000e8c00000| Untracked 
| 141|0x00000000e8d00000, 0x00000000e8d00000, 0x00000000e8e00000|  0%| F|  |TAMS 0x00000000e8d00000| PB 0x00000000e8d00000| Untracked 
| 142|0x00000000e8e00000, 0x00000000e8e00000, 0x00000000e8f00000|  0%| F|  |TAMS 0x00000000e8e00000| PB 0x00000000e8e00000| Untracked 
| 143|0x00000000e8f00000, 0x00000000e8f00000, 0x00000000e9000000|  0%| F|  |TAMS 0x00000000e8f00000| PB 0x00000000e8f00000| Untracked 
| 144|0x00000000e9000000, 0x00000000e9000000, 0x00000000e9100000|  0%| F|  |TAMS 0x00000000e9000000| PB 0x00000000e9000000| Untracked 
| 145|0x00000000e9100000, 0x00000000e9100000, 0x00000000e9200000|  0%| F|  |TAMS 0x00000000e9100000| PB 0x00000000e9100000| Untracked 
| 146|0x00000000e9200000, 0x00000000e9200000, 0x00000000e9300000|  0%| F|  |TAMS 0x00000000e9200000| PB 0x00000000e9200000| Untracked 
| 147|0x00000000e9300000, 0x00000000e9300000, 0x00000000e9400000|  0%| F|  |TAMS 0x00000000e9300000| PB 0x00000000e9300000| Untracked 
| 148|0x00000000e9400000, 0x00000000e9400000, 0x00000000e9500000|  0%| F|  |TAMS 0x00000000e9400000| PB 0x00000000e9400000| Untracked 
| 149|0x00000000e9500000, 0x00000000e9500000, 0x00000000e9600000|  0%| F|  |TAMS 0x00000000e9500000| PB 0x00000000e9500000| Untracked 
| 150|0x00000000e9600000, 0x00000000e9600000, 0x00000000e9700000|  0%| F|  |TAMS 0x00000000e9600000| PB 0x00000000e9600000| Untracked 
| 151|0x00000000e9700000, 0x00000000e9700000, 0x00000000e9800000|  0%| F|  |TAMS 0x00000000e9700000| PB 0x00000000e9700000| Untracked 
| 152|0x00000000e9800000, 0x00000000e9800000, 0x00000000e9900000|  0%| F|  |TAMS 0x00000000e9800000| PB 0x00000000e9800000| Untracked 
| 153|0x00000000e9900000, 0x00000000e9900000, 0x00000000e9a00000|  0%| F|  |TAMS 0x00000000e9900000| PB 0x00000000e9900000| Untracked 
| 154|0x00000000e9a00000, 0x00000000e9a00000, 0x00000000e9b00000|  0%| F|  |TAMS 0x00000000e9a00000| PB 0x00000000e9a00000| Untracked 
| 155|0x00000000e9b00000, 0x00000000e9b00000, 0x00000000e9c00000|  0%| F|  |TAMS 0x00000000e9b00000| PB 0x00000000e9b00000| Untracked 
| 156|0x00000000e9c00000, 0x00000000e9c00000, 0x00000000e9d00000|  0%| F|  |TAMS 0x00000000e9c00000| PB 0x00000000e9c00000| Untracked 
| 157|0x00000000e9d00000, 0x00000000e9d00000, 0x00000000e9e00000|  0%| F|  |TAMS 0x00000000e9d00000| PB 0x00000000e9d00000| Untracked 
| 158|0x00000000e9e00000, 0x00000000e9e00000, 0x00000000e9f00000|  0%| F|  |TAMS 0x00000000e9e00000| PB 0x00000000e9e00000| Untracked 
| 159|0x00000000e9f00000, 0x00000000e9f00000, 0x00000000ea000000|  0%| F|  |TAMS 0x00000000e9f00000| PB 0x00000000e9f00000| Untracked 
| 160|0x00000000ea000000, 0x00000000ea000000, 0x00000000ea100000|  0%| F|  |TAMS 0x00000000ea000000| PB 0x00000000ea000000| Untracked 
| 161|0x00000000ea100000, 0x00000000ea100000, 0x00000000ea200000|  0%| F|  |TAMS 0x00000000ea100000| PB 0x00000000ea100000| Untracked 
| 162|0x00000000ea200000, 0x00000000ea200000, 0x00000000ea300000|  0%| F|  |TAMS 0x00000000ea200000| PB 0x00000000ea200000| Untracked 
| 163|0x00000000ea300000, 0x00000000ea300000, 0x00000000ea400000|  0%| F|  |TAMS 0x00000000ea300000| PB 0x00000000ea300000| Untracked 
| 164|0x00000000ea400000, 0x00000000ea400000, 0x00000000ea500000|  0%| F|  |TAMS 0x00000000ea400000| PB 0x00000000ea400000| Untracked 
| 165|0x00000000ea500000, 0x00000000ea500000, 0x00000000ea600000|  0%| F|  |TAMS 0x00000000ea500000| PB 0x00000000ea500000| Untracked 
| 166|0x00000000ea600000, 0x00000000ea600000, 0x00000000ea700000|  0%| F|  |TAMS 0x00000000ea600000| PB 0x00000000ea600000| Untracked 
| 167|0x00000000ea700000, 0x00000000ea700000, 0x00000000ea800000|  0%| F|  |TAMS 0x00000000ea700000| PB 0x00000000ea700000| Untracked 
| 168|0x00000000ea800000, 0x00000000ea800000, 0x00000000ea900000|  0%| F|  |TAMS 0x00000000ea800000| PB 0x00000000ea800000| Untracked 
| 169|0x00000000ea900000, 0x00000000ea900000, 0x00000000eaa00000|  0%| F|  |TAMS 0x00000000ea900000| PB 0x00000000ea900000| Untracked 
| 170|0x00000000eaa00000, 0x00000000eaa00000, 0x00000000eab00000|  0%| F|  |TAMS 0x00000000eaa00000| PB 0x00000000eaa00000| Untracked 
| 171|0x00000000eab00000, 0x00000000eab00000, 0x00000000eac00000|  0%| F|  |TAMS 0x00000000eab00000| PB 0x00000000eab00000| Untracked 
| 172|0x00000000eac00000, 0x00000000eac00000, 0x00000000ead00000|  0%| F|  |TAMS 0x00000000eac00000| PB 0x00000000eac00000| Untracked 
| 173|0x00000000ead00000, 0x00000000ead00000, 0x00000000eae00000|  0%| F|  |TAMS 0x00000000ead00000| PB 0x00000000ead00000| Untracked 
| 174|0x00000000eae00000, 0x00000000eae00000, 0x00000000eaf00000|  0%| F|  |TAMS 0x00000000eae00000| PB 0x00000000eae00000| Untracked 
| 175|0x00000000eaf00000, 0x00000000eaf00000, 0x00000000eb000000|  0%| F|  |TAMS 0x00000000eaf00000| PB 0x00000000eaf00000| Untracked 
| 176|0x00000000eb000000, 0x00000000eb000000, 0x00000000eb100000|  0%| F|  |TAMS 0x00000000eb000000| PB 0x00000000eb000000| Untracked 
| 177|0x00000000eb100000, 0x00000000eb100000, 0x00000000eb200000|  0%| F|  |TAMS 0x00000000eb100000| PB 0x00000000eb100000| Untracked 
| 178|0x00000000eb200000, 0x00000000eb200000, 0x00000000eb300000|  0%| F|  |TAMS 0x00000000eb200000| PB 0x00000000eb200000| Untracked 
| 179|0x00000000eb300000, 0x00000000eb300000, 0x00000000eb400000|  0%| F|  |TAMS 0x00000000eb300000| PB 0x00000000eb300000| Untracked 
| 180|0x00000000eb400000, 0x00000000eb400000, 0x00000000eb500000|  0%| F|  |TAMS 0x00000000eb400000| PB 0x00000000eb400000| Untracked 
| 181|0x00000000eb500000, 0x00000000eb500000, 0x00000000eb600000|  0%| F|  |TAMS 0x00000000eb500000| PB 0x00000000eb500000| Untracked 
| 182|0x00000000eb600000, 0x00000000eb600000, 0x00000000eb700000|  0%| F|  |TAMS 0x00000000eb600000| PB 0x00000000eb600000| Untracked 
| 183|0x00000000eb700000, 0x00000000eb700000, 0x00000000eb800000|  0%| F|  |TAMS 0x00000000eb700000| PB 0x00000000eb700000| Untracked 
| 184|0x00000000eb800000, 0x00000000eb800000, 0x00000000eb900000|  0%| F|  |TAMS 0x00000000eb800000| PB 0x00000000eb800000| Untracked 
| 185|0x00000000eb900000, 0x00000000eb900000, 0x00000000eba00000|  0%| F|  |TAMS 0x00000000eb900000| PB 0x00000000eb900000| Untracked 
| 186|0x00000000eba00000, 0x00000000eba00000, 0x00000000ebb00000|  0%| F|  |TAMS 0x00000000eba00000| PB 0x00000000eba00000| Untracked 
| 187|0x00000000ebb00000, 0x00000000ebb00000, 0x00000000ebc00000|  0%| F|  |TAMS 0x00000000ebb00000| PB 0x00000000ebb00000| Untracked 
| 188|0x00000000ebc00000, 0x00000000ebc00000, 0x00000000ebd00000|  0%| F|  |TAMS 0x00000000ebc00000| PB 0x00000000ebc00000| Untracked 
| 189|0x00000000ebd00000, 0x00000000ebd00000, 0x00000000ebe00000|  0%| F|  |TAMS 0x00000000ebd00000| PB 0x00000000ebd00000| Untracked 
| 190|0x00000000ebe00000, 0x00000000ebe00000, 0x00000000ebf00000|  0%| F|  |TAMS 0x00000000ebe00000| PB 0x00000000ebe00000| Untracked 
| 191|0x00000000ebf00000, 0x00000000ebf00000, 0x00000000ec000000|  0%| F|  |TAMS 0x00000000ebf00000| PB 0x00000000ebf00000| Untracked 
| 192|0x00000000ec000000, 0x00000000ec000000, 0x00000000ec100000|  0%| F|  |TAMS 0x00000000ec000000| PB 0x00000000ec000000| Untracked 
| 193|0x00000000ec100000, 0x00000000ec100000, 0x00000000ec200000|  0%| F|  |TAMS 0x00000000ec100000| PB 0x00000000ec100000| Untracked 
| 194|0x00000000ec200000, 0x00000000ec200000, 0x00000000ec300000|  0%| F|  |TAMS 0x00000000ec200000| PB 0x00000000ec200000| Untracked 
| 195|0x00000000ec300000, 0x00000000ec300000, 0x00000000ec400000|  0%| F|  |TAMS 0x00000000ec300000| PB 0x00000000ec300000| Untracked 
| 196|0x00000000ec400000, 0x00000000ec400000, 0x00000000ec500000|  0%| F|  |TAMS 0x00000000ec400000| PB 0x00000000ec400000| Untracked 
| 197|0x00000000ec500000, 0x00000000ec500000, 0x00000000ec600000|  0%| F|  |TAMS 0x00000000ec500000| PB 0x00000000ec500000| Untracked 
| 198|0x00000000ec600000, 0x00000000ec600000, 0x00000000ec700000|  0%| F|  |TAMS 0x00000000ec600000| PB 0x00000000ec600000| Untracked 
| 199|0x00000000ec700000, 0x00000000ec700000, 0x00000000ec800000|  0%| F|  |TAMS 0x00000000ec700000| PB 0x00000000ec700000| Untracked 
| 200|0x00000000ec800000, 0x00000000ec800000, 0x00000000ec900000|  0%| F|  |TAMS 0x00000000ec800000| PB 0x00000000ec800000| Untracked 
| 201|0x00000000ec900000, 0x00000000ec900000, 0x00000000eca00000|  0%| F|  |TAMS 0x00000000ec900000| PB 0x00000000ec900000| Untracked 
| 202|0x00000000eca00000, 0x00000000eca00000, 0x00000000ecb00000|  0%| F|  |TAMS 0x00000000eca00000| PB 0x00000000eca00000| Untracked 
| 203|0x00000000ecb00000, 0x00000000ecb00000, 0x00000000ecc00000|  0%| F|  |TAMS 0x00000000ecb00000| PB 0x00000000ecb00000| Untracked 
| 204|0x00000000ecc00000, 0x00000000ecc00000, 0x00000000ecd00000|  0%| F|  |TAMS 0x00000000ecc00000| PB 0x00000000ecc00000| Untracked 
| 205|0x00000000ecd00000, 0x00000000ecd00000, 0x00000000ece00000|  0%| F|  |TAMS 0x00000000ecd00000| PB 0x00000000ecd00000| Untracked 
| 206|0x00000000ece00000, 0x00000000ece00000, 0x00000000ecf00000|  0%| F|  |TAMS 0x00000000ece00000| PB 0x00000000ece00000| Untracked 
| 207|0x00000000ecf00000, 0x00000000ecf00000, 0x00000000ed000000|  0%| F|  |TAMS 0x00000000ecf00000| PB 0x00000000ecf00000| Untracked 
| 208|0x00000000ed000000, 0x00000000ed000000, 0x00000000ed100000|  0%| F|  |TAMS 0x00000000ed000000| PB 0x00000000ed000000| Untracked 
| 209|0x00000000ed100000, 0x00000000ed100000, 0x00000000ed200000|  0%| F|  |TAMS 0x00000000ed100000| PB 0x00000000ed100000| Untracked 
| 210|0x00000000ed200000, 0x00000000ed200000, 0x00000000ed300000|  0%| F|  |TAMS 0x00000000ed200000| PB 0x00000000ed200000| Untracked 
| 211|0x00000000ed300000, 0x00000000ed300000, 0x00000000ed400000|  0%| F|  |TAMS 0x00000000ed300000| PB 0x00000000ed300000| Untracked 
| 212|0x00000000ed400000, 0x00000000ed400000, 0x00000000ed500000|  0%| F|  |TAMS 0x00000000ed400000| PB 0x00000000ed400000| Untracked 
| 213|0x00000000ed500000, 0x00000000ed500000, 0x00000000ed600000|  0%| F|  |TAMS 0x00000000ed500000| PB 0x00000000ed500000| Untracked 
| 214|0x00000000ed600000, 0x00000000ed600000, 0x00000000ed700000|  0%| F|  |TAMS 0x00000000ed600000| PB 0x00000000ed600000| Untracked 
| 215|0x00000000ed700000, 0x00000000ed700000, 0x00000000ed800000|  0%| F|  |TAMS 0x00000000ed700000| PB 0x00000000ed700000| Untracked 
| 216|0x00000000ed800000, 0x00000000ed800000, 0x00000000ed900000|  0%| F|  |TAMS 0x00000000ed800000| PB 0x00000000ed800000| Untracked 
| 217|0x00000000ed900000, 0x00000000ed900000, 0x00000000eda00000|  0%| F|  |TAMS 0x00000000ed900000| PB 0x00000000ed900000| Untracked 
| 218|0x00000000eda00000, 0x00000000eda00000, 0x00000000edb00000|  0%| F|  |TAMS 0x00000000eda00000| PB 0x00000000eda00000| Untracked 
| 219|0x00000000edb00000, 0x00000000edb00000, 0x00000000edc00000|  0%| F|  |TAMS 0x00000000edb00000| PB 0x00000000edb00000| Untracked 
| 220|0x00000000edc00000, 0x00000000edc00000, 0x00000000edd00000|  0%| F|  |TAMS 0x00000000edc00000| PB 0x00000000edc00000| Untracked 
| 221|0x00000000edd00000, 0x00000000edd00000, 0x00000000ede00000|  0%| F|  |TAMS 0x00000000edd00000| PB 0x00000000edd00000| Untracked 
| 222|0x00000000ede00000, 0x00000000ede00000, 0x00000000edf00000|  0%| F|  |TAMS 0x00000000ede00000| PB 0x00000000ede00000| Untracked 
| 223|0x00000000edf00000, 0x00000000edf00000, 0x00000000ee000000|  0%| F|  |TAMS 0x00000000edf00000| PB 0x00000000edf00000| Untracked 
| 224|0x00000000ee000000, 0x00000000ee000000, 0x00000000ee100000|  0%| F|  |TAMS 0x00000000ee000000| PB 0x00000000ee000000| Untracked 
| 225|0x00000000ee100000, 0x00000000ee100000, 0x00000000ee200000|  0%| F|  |TAMS 0x00000000ee100000| PB 0x00000000ee100000| Untracked 
| 226|0x00000000ee200000, 0x00000000ee200000, 0x00000000ee300000|  0%| F|  |TAMS 0x00000000ee200000| PB 0x00000000ee200000| Untracked 
| 227|0x00000000ee300000, 0x00000000ee300000, 0x00000000ee400000|  0%| F|  |TAMS 0x00000000ee300000| PB 0x00000000ee300000| Untracked 
| 228|0x00000000ee400000, 0x00000000ee400000, 0x00000000ee500000|  0%| F|  |TAMS 0x00000000ee400000| PB 0x00000000ee400000| Untracked 
| 229|0x00000000ee500000, 0x00000000ee500000, 0x00000000ee600000|  0%| F|  |TAMS 0x00000000ee500000| PB 0x00000000ee500000| Untracked 
| 230|0x00000000ee600000, 0x00000000ee600000, 0x00000000ee700000|  0%| F|  |TAMS 0x00000000ee600000| PB 0x00000000ee600000| Untracked 
| 231|0x00000000ee700000, 0x00000000ee700000, 0x00000000ee800000|  0%| F|  |TAMS 0x00000000ee700000| PB 0x00000000ee700000| Untracked 
| 232|0x00000000ee800000, 0x00000000ee800000, 0x00000000ee900000|  0%| F|  |TAMS 0x00000000ee800000| PB 0x00000000ee800000| Untracked 
| 233|0x00000000ee900000, 0x00000000ee900000, 0x00000000eea00000|  0%| F|  |TAMS 0x00000000ee900000| PB 0x00000000ee900000| Untracked 
| 234|0x00000000eea00000, 0x00000000eea00000, 0x00000000eeb00000|  0%| F|  |TAMS 0x00000000eea00000| PB 0x00000000eea00000| Untracked 
| 235|0x00000000eeb00000, 0x00000000eeb00000, 0x00000000eec00000|  0%| F|  |TAMS 0x00000000eeb00000| PB 0x00000000eeb00000| Untracked 
| 236|0x00000000eec00000, 0x00000000eec00000, 0x00000000eed00000|  0%| F|  |TAMS 0x00000000eec00000| PB 0x00000000eec00000| Untracked 
| 237|0x00000000eed00000, 0x00000000eed00000, 0x00000000eee00000|  0%| F|  |TAMS 0x00000000eed00000| PB 0x00000000eed00000| Untracked 
| 238|0x00000000eee00000, 0x00000000eee00000, 0x00000000eef00000|  0%| F|  |TAMS 0x00000000eee00000| PB 0x00000000eee00000| Untracked 
| 239|0x00000000eef00000, 0x00000000eef00000, 0x00000000ef000000|  0%| F|  |TAMS 0x00000000eef00000| PB 0x00000000eef00000| Untracked 
| 240|0x00000000ef000000, 0x00000000ef000000, 0x00000000ef100000|  0%| F|  |TAMS 0x00000000ef000000| PB 0x00000000ef000000| Untracked 
| 241|0x00000000ef100000, 0x00000000ef100000, 0x00000000ef200000|  0%| F|  |TAMS 0x00000000ef100000| PB 0x00000000ef100000| Untracked 
| 242|0x00000000ef200000, 0x00000000ef200000, 0x00000000ef300000|  0%| F|  |TAMS 0x00000000ef200000| PB 0x00000000ef200000| Untracked 
| 243|0x00000000ef300000, 0x00000000ef300000, 0x00000000ef400000|  0%| F|  |TAMS 0x00000000ef300000| PB 0x00000000ef300000| Untracked 
| 244|0x00000000ef400000, 0x00000000ef400000, 0x00000000ef500000|  0%| F|  |TAMS 0x00000000ef400000| PB 0x00000000ef400000| Untracked 
| 245|0x00000000ef500000, 0x00000000ef500000, 0x00000000ef600000|  0%| F|  |TAMS 0x00000000ef500000| PB 0x00000000ef500000| Untracked 
| 246|0x00000000ef600000, 0x00000000ef600000, 0x00000000ef700000|  0%| F|  |TAMS 0x00000000ef600000| PB 0x00000000ef600000| Untracked 
| 247|0x00000000ef700000, 0x00000000ef700000, 0x00000000ef800000|  0%| F|  |TAMS 0x00000000ef700000| PB 0x00000000ef700000| Untracked 
| 248|0x00000000ef800000, 0x00000000ef800000, 0x00000000ef900000|  0%| F|  |TAMS 0x00000000ef800000| PB 0x00000000ef800000| Untracked 
| 249|0x00000000ef900000, 0x00000000ef900000, 0x00000000efa00000|  0%| F|  |TAMS 0x00000000ef900000| PB 0x00000000ef900000| Untracked 
| 250|0x00000000efa00000, 0x00000000efa00000, 0x00000000efb00000|  0%| F|  |TAMS 0x00000000efa00000| PB 0x00000000efa00000| Untracked 
| 251|0x00000000efb00000, 0x00000000efb00000, 0x00000000efc00000|  0%| F|  |TAMS 0x00000000efb00000| PB 0x00000000efb00000| Untracked 
| 252|0x00000000efc00000, 0x00000000efcc21f0, 0x00000000efd00000| 75%| E|  |TAMS 0x00000000efc00000| PB 0x00000000efc00000| Complete 
| 253|0x00000000efd00000, 0x00000000efe00000, 0x00000000efe00000|100%| E|CS|TAMS 0x00000000efd00000| PB 0x00000000efd00000| Complete 
| 254|0x00000000efe00000, 0x00000000eff00000, 0x00000000eff00000|100%| E|CS|TAMS 0x00000000efe00000| PB 0x00000000efe00000| Complete 
| 255|0x00000000eff00000, 0x00000000f0000000, 0x00000000f0000000|100%| E|CS|TAMS 0x00000000eff00000| PB 0x00000000eff00000| Complete 

Card table byte_map: [0x000001519b960000,0x000001519ba60000] _byte_map_base: 0x000001519b260000

Marking Bits: (CMBitMap*) 0x0000015182185e80
 Bits: [0x000001519ba60000, 0x000001519c260000)

Polling page: 0x0000015181e60000

Metaspace:

Usage:
  Non-class:     48.08 MB used.
      Class:      8.11 MB used.
       Both:     56.20 MB used.

Virtual space:
  Non-class space:       64.00 MB reserved,      49.19 MB ( 77%) committed,  1 nodes.
      Class space:      320.00 MB reserved,       9.19 MB (  3%) committed,  1 nodes.
             Both:      384.00 MB reserved,      58.38 MB ( 15%) committed. 

Chunk freelists:
   Non-Class:  14.00 MB
       Class:  6.83 MB
        Both:  20.83 MB

MaxMetaspaceSize: 384.00 MB
CompressedClassSpaceSize: 320.00 MB
Initial GC threshold: 21.00 MB
Current GC threshold: 58.69 MB
CDS: on
 - commit_granule_bytes: 65536.
 - commit_granule_words: 8192.
 - virtual_space_node_default_size: 8388608.
 - enlarge_chunks_in_place: 1.
 - use_allocation_guard: 0.


Internal statistics:

num_allocs_failed_limit: 6.
num_arena_births: 3998.
num_arena_deaths: 0.
num_vsnodes_births: 2.
num_vsnodes_deaths: 0.
num_space_committed: 934.
num_space_uncommitted: 0.
num_chunks_returned_to_freelist: 6.
num_chunks_taken_from_freelist: 6966.
num_chunk_merges: 3.
num_chunk_splits: 4423.
num_chunks_enlarged: 2606.
num_inconsistent_stats: 0.

CodeHeap 'non-profiled nmethods': size=120000Kb used=4949Kb max_used=4949Kb free=115050Kb
 bounds [0x00000151936b0000, 0x0000015193b90000, 0x000001519abe0000]
CodeHeap 'profiled nmethods': size=120000Kb used=16494Kb max_used=16494Kb free=103505Kb
 bounds [0x000001518bbe0000, 0x000001518cc00000, 0x0000015193110000]
CodeHeap 'non-nmethods': size=5760Kb used=2028Kb max_used=2064Kb free=3731Kb
 bounds [0x0000015193110000, 0x0000015193380000, 0x00000151936b0000]
 total_blobs=9267 nmethods=8489 adapters=682
 compilation: enabled
              stopped_count=0, restarted_count=0
 full_count=0

Compilation events (20 events):
Event: 376.957 Thread 0x00000151b81282d0 8929       3       org.gradle.api.internal.DefaultNamedDomainObjectCollection::findByNameWithoutRules (11 bytes)
Event: 376.957 Thread 0x00000151b81282d0 nmethod 8929 0x000001518cbf8f90 code [0x000001518cbf9140, 0x000001518cbf9318]
Event: 376.957 Thread 0x00000151b81282d0 8931       3       org.codehaus.groovy.reflection.CachedClass::getHierarchy (11 bytes)
Event: 376.958 Thread 0x00000151b81282d0 nmethod 8931 0x000001518cbf9410 code [0x000001518cbf95c0, 0x000001518cbf9898]
Event: 376.958 Thread 0x00000151b81282d0 8932       1       groovy.lang.MetaClassImpl::getTheClass (5 bytes)
Event: 376.958 Thread 0x00000151b81282d0 nmethod 8932 0x0000015193b84b90 code [0x0000015193b84d20, 0x0000015193b84de8]
Event: 376.958 Thread 0x00000151b81282d0 8933       1       groovy.lang.MetaClassImpl::isInitialized (5 bytes)
Event: 376.958 Thread 0x00000151b81282d0 nmethod 8933 0x0000015193b84e90 code [0x0000015193b85020, 0x0000015193b850f0]
Event: 376.958 Thread 0x00000151b81282d0 8934       3       org.gradle.internal.typeconversion.NotationConverterToNotationParserAdapter::parseNotation (41 bytes)
Event: 376.958 Thread 0x00000151b81282d0 nmethod 8934 0x000001518cbf9990 code [0x000001518cbf9b80, 0x000001518cbfa030]
Event: 376.958 Thread 0x00000151b81282d0 8936   !   3       java.lang.invoke.MethodHandleImpl::profileBoolean (34 bytes)
Event: 376.959 Thread 0x00000151b81282d0 nmethod 8936 0x000001518cbfa210 code [0x000001518cbfa3e0, 0x000001518cbfa7c8]
Event: 376.959 Thread 0x00000151b81282d0 8935       3       org.gradle.internal.typeconversion.NotationConverterToNotationParserAdapter$ResultImpl::<init> (5 bytes)
Event: 376.959 Thread 0x00000151b81282d0 nmethod 8935 0x000001518cbfaa90 code [0x000001518cbfac40, 0x000001518cbfae08]
Event: 376.959 Thread 0x00000151b81282d0 8937       1       org.codehaus.groovy.runtime.metaclass.ClosureMetaClass::isInitialized (5 bytes)
Event: 376.959 Thread 0x00000151b81282d0 nmethod 8937 0x0000015193b85190 code [0x0000015193b85320, 0x0000015193b853f0]
Event: 376.959 Thread 0x00000151b81282d0 8938       3       java.lang.String::codePoints (43 bytes)
Event: 376.959 Thread 0x00000151b81282d0 nmethod 8938 0x000001518cbfaf10 code [0x000001518cbfb100, 0x000001518cbfb490]
Event: 376.960 Thread 0x00000151b81282d0 8939       3       org.gradle.util.Path::asString (20 bytes)
Event: 376.960 Thread 0x00000151b81282d0 nmethod 8939 0x000001518cbfb610 code [0x000001518cbfb7c0, 0x000001518cbfb998]

GC Heap History (12 events):
Event: 1.600 GC heap before
{Heap before GC invocations=0 (full 0):
 garbage-first heap   total 262144K, used 26624K [0x00000000e0000000, 0x0000000100000000)
  region size 1024K, 23 young (23552K), 0 survivors (0K)
 Metaspace       used 3065K, committed 3200K, reserved 393216K
  class space    used 357K, committed 448K, reserved 327680K
}
Event: 1.654 GC heap after
{Heap after GC invocations=1 (full 0):
 garbage-first heap   total 262144K, used 10855K [0x00000000e0000000, 0x0000000100000000)
  region size 1024K, 3 young (3072K), 3 survivors (3072K)
 Metaspace       used 3065K, committed 3200K, reserved 393216K
  class space    used 357K, committed 448K, reserved 327680K
}
Event: 5.029 GC heap before
{Heap before GC invocations=1 (full 0):
 garbage-first heap   total 262144K, used 41575K [0x00000000e0000000, 0x0000000100000000)
  region size 1024K, 31 young (31744K), 3 survivors (3072K)
 Metaspace       used 4643K, committed 4864K, reserved 393216K
  class space    used 570K, committed 704K, reserved 327680K
}
Event: 5.033 GC heap after
{Heap after GC invocations=2 (full 0):
 garbage-first heap   total 262144K, used 15510K [0x00000000e0000000, 0x0000000100000000)
  region size 1024K, 4 young (4096K), 4 survivors (4096K)
 Metaspace       used 4643K, committed 4864K, reserved 393216K
  class space    used 570K, committed 704K, reserved 327680K
}
Event: 47.527 GC heap before
{Heap before GC invocations=2 (full 0):
 garbage-first heap   total 262144K, used 124054K [0x00000000e0000000, 0x0000000100000000)
  region size 1024K, 111 young (113664K), 4 survivors (4096K)
 Metaspace       used 20880K, committed 21504K, reserved 393216K
  class space    used 2877K, committed 3200K, reserved 327680K
}
Event: 50.093 GC heap after
{Heap after GC invocations=3 (full 0):
 garbage-first heap   total 262144K, used 24163K [0x00000000e0000000, 0x0000000100000000)
  region size 1024K, 12 young (12288K), 12 survivors (12288K)
 Metaspace       used 20880K, committed 21504K, reserved 393216K
  class space    used 2877K, committed 3200K, reserved 327680K
}
Event: 65.029 GC heap before
{Heap before GC invocations=4 (full 0):
 garbage-first heap   total 262144K, used 122467K [0x00000000e0000000, 0x0000000100000000)
  region size 1024K, 110 young (112640K), 12 survivors (12288K)
 Metaspace       used 34579K, committed 35968K, reserved 393216K
  class space    used 4902K, committed 5632K, reserved 327680K
}
Event: 65.044 GC heap after
{Heap after GC invocations=5 (full 0):
 garbage-first heap   total 262144K, used 31210K [0x00000000e0000000, 0x0000000100000000)
  region size 1024K, 7 young (7168K), 7 survivors (7168K)
 Metaspace       used 34579K, committed 35968K, reserved 393216K
  class space    used 4902K, committed 5632K, reserved 327680K
}
Event: 127.018 GC heap before
{Heap before GC invocations=6 (full 0):
 garbage-first heap   total 262144K, used 169450K [0x00000000e0000000, 0x0000000100000000)
  region size 1024K, 143 young (146432K), 7 survivors (7168K)
 Metaspace       used 48343K, committed 50368K, reserved 393216K
  class space    used 7125K, committed 8128K, reserved 327680K
}
Event: 127.040 GC heap after
{Heap after GC invocations=7 (full 0):
 garbage-first heap   total 262144K, used 38147K [0x00000000e0000000, 0x0000000100000000)
  region size 1024K, 14 young (14336K), 14 survivors (14336K)
 Metaspace       used 48343K, committed 50368K, reserved 393216K
  class space    used 7125K, committed 8128K, reserved 327680K
}
Event: 374.808 GC heap before
{Heap before GC invocations=7 (full 0):
 garbage-first heap   total 262144K, used 181507K [0x00000000e0000000, 0x0000000100000000)
  region size 1024K, 153 young (156672K), 14 survivors (14336K)
 Metaspace       used 57493K, committed 59776K, reserved 393216K
  class space    used 8305K, committed 9408K, reserved 327680K
}
Event: 374.883 GC heap after
{Heap after GC invocations=8 (full 0):
 garbage-first heap   total 262144K, used 47990K [0x00000000e0000000, 0x0000000100000000)
  region size 1024K, 17 young (17408K), 17 survivors (17408K)
 Metaspace       used 57493K, committed 59776K, reserved 393216K
  class space    used 8305K, committed 9408K, reserved 327680K
}

Dll operation events (15 events):
Event: 0.021 Loaded shared library D:\javar\bin\java.dll
Event: 0.304 Loaded shared library D:\javar\bin\jsvml.dll
Event: 0.352 Loaded shared library D:\javar\bin\zip.dll
Event: 0.364 Loaded shared library D:\javar\bin\instrument.dll
Event: 0.379 Loaded shared library D:\javar\bin\net.dll
Event: 0.384 Loaded shared library D:\javar\bin\nio.dll
Event: 0.392 Loaded shared library D:\javar\bin\zip.dll
Event: 0.703 Loaded shared library D:\javar\bin\jimage.dll
Event: 1.186 Loaded shared library D:\javar\bin\verify.dll
Event: 1.364 Loaded shared library C:\Users\hieun\.gradle\native\660c5614fbf4a5f2a75b1949f50a0caf5cd603558e7d8a26e50b933a0cfb79d1\windows-amd64\native-platform.dll
Event: 1.388 Loaded shared library C:\Users\hieun\.gradle\native\0.2.8\x86_64-windows-gnu\gradle-fileevents.dll
Event: 7.412 Loaded shared library D:\javar\bin\management.dll
Event: 7.431 Loaded shared library D:\javar\bin\management_ext.dll
Event: 23.440 Loaded shared library D:\javar\bin\extnet.dll
Event: 30.706 Loaded shared library D:\javar\bin\sunmscapi.dll

Deoptimization events (20 events):
Event: 374.893 Thread 0x00000151b923fe30 Uncommon trap: trap_request=0xffffff45 fr.pc=0x0000015193b08fb4 relative=0x00000000000002d4
Event: 374.893 Thread 0x00000151b923fe30 Uncommon trap: reason=unstable_if action=reinterpret pc=0x0000015193b08fb4 method=java.lang.ThreadLocal$ThreadLocalMap.cleanSomeSlots(II)Z @ 37 c2
Event: 374.893 Thread 0x00000151b923fe30 DEOPT PACKING pc=0x0000015193b08fb4 sp=0x00000019994f5f50
Event: 374.893 Thread 0x00000151b923fe30 DEOPT UNPACKING pc=0x00000151931646a2 sp=0x00000019994f5e78 mode 2
Event: 374.905 Thread 0x00000151b923fe30 Uncommon trap: trap_request=0xffffffbe fr.pc=0x0000015193b44238 relative=0x0000000000001278
Event: 374.905 Thread 0x00000151b923fe30 Uncommon trap: reason=profile_predicate action=maybe_recompile pc=0x0000015193b44238 method=java.util.TreeMap.put(Ljava/lang/Object;Ljava/lang/Object;Z)Ljava/lang/Object; @ 27 c2
Event: 374.905 Thread 0x00000151b923fe30 DEOPT PACKING pc=0x0000015193b44238 sp=0x00000019994f6750
Event: 374.905 Thread 0x00000151b923fe30 DEOPT UNPACKING pc=0x00000151931646a2 sp=0x00000019994f6740 mode 2
Event: 374.905 Thread 0x00000151b923fe30 Uncommon trap: trap_request=0xffffffbe fr.pc=0x0000015193b44238 relative=0x0000000000001278
Event: 374.905 Thread 0x00000151b923fe30 Uncommon trap: reason=profile_predicate action=maybe_recompile pc=0x0000015193b44238 method=java.util.TreeMap.put(Ljava/lang/Object;Ljava/lang/Object;Z)Ljava/lang/Object; @ 27 c2
Event: 374.905 Thread 0x00000151b923fe30 DEOPT PACKING pc=0x0000015193b44238 sp=0x00000019994f6750
Event: 374.905 Thread 0x00000151b923fe30 DEOPT UNPACKING pc=0x00000151931646a2 sp=0x00000019994f6740 mode 2
Event: 374.905 Thread 0x00000151b923fe30 Uncommon trap: trap_request=0xffffffbe fr.pc=0x0000015193b44238 relative=0x0000000000001278
Event: 374.905 Thread 0x00000151b923fe30 Uncommon trap: reason=profile_predicate action=maybe_recompile pc=0x0000015193b44238 method=java.util.TreeMap.put(Ljava/lang/Object;Ljava/lang/Object;Z)Ljava/lang/Object; @ 27 c2
Event: 374.905 Thread 0x00000151b923fe30 DEOPT PACKING pc=0x0000015193b44238 sp=0x00000019994f67c0
Event: 374.905 Thread 0x00000151b923fe30 DEOPT UNPACKING pc=0x00000151931646a2 sp=0x00000019994f67b0 mode 2
Event: 374.906 Thread 0x00000151b923fe30 Uncommon trap: trap_request=0xffffffbe fr.pc=0x0000015193b44238 relative=0x0000000000001278
Event: 374.906 Thread 0x00000151b923fe30 Uncommon trap: reason=profile_predicate action=maybe_recompile pc=0x0000015193b44238 method=java.util.TreeMap.put(Ljava/lang/Object;Ljava/lang/Object;Z)Ljava/lang/Object; @ 27 c2
Event: 374.906 Thread 0x00000151b923fe30 DEOPT PACKING pc=0x0000015193b44238 sp=0x00000019994f6750
Event: 374.906 Thread 0x00000151b923fe30 DEOPT UNPACKING pc=0x00000151931646a2 sp=0x00000019994f6740 mode 2

Classes loaded (20 events):
Event: 256.054 Loading class jdk/internal/math/FormattedFPDecimal
Event: 256.055 Loading class jdk/internal/math/FormattedFPDecimal done
Event: 256.759 Loading class sun/net/ConnectionResetException
Event: 256.759 Loading class sun/net/ConnectionResetException done
Event: 368.646 Loading class java/util/AbstractList$RandomAccessSubList
Event: 368.655 Loading class java/util/AbstractList$SubList
Event: 368.661 Loading class java/util/AbstractList$SubList done
Event: 368.662 Loading class java/util/AbstractList$RandomAccessSubList done
Event: 368.662 Loading class java/util/AbstractList$SubList$1
Event: 368.663 Loading class java/util/AbstractList$SubList$1 done
Event: 371.655 Loading class java/lang/BooleanBeanInfo
Event: 371.655 Loading class java/lang/BooleanBeanInfo done
Event: 371.655 Loading class java/lang/BooleanBeanInfo
Event: 371.655 Loading class java/lang/BooleanBeanInfo done
Event: 371.655 Loading class java/lang/BooleanCustomizer
Event: 371.655 Loading class java/lang/BooleanCustomizer done
Event: 371.656 Loading class java/lang/BooleanCustomizer
Event: 371.656 Loading class java/lang/BooleanCustomizer done
Event: 371.656 Loading class jdk/internal/ValueBased
Event: 371.658 Loading class jdk/internal/ValueBased done

Classes unloaded (0 events):
No events

Classes redefined (0 events):
No events

Internal exceptions (20 events):
Event: 369.537 Thread 0x00000151b923fe30 Exception <a 'java/lang/NoSuchMethodError'{0x00000000e8e4d5d0}: 'int java.lang.invoke.DirectMethodHandle$Holder.invokeSpecial(java.lang.Object, java.lang.Object, int, java.lang.Object)'> (0x00000000e8e4d5d0) 
thrown [s\open\src\hotspot\share\interpreter\linkResolver.cpp, line 773]
Event: 369.839 Thread 0x00000151b98f6c10 Exception <a 'java/lang/NoSuchMethodError'{0x00000000e8cbf6a0}: 'java.lang.Object java.lang.invoke.DirectMethodHandle$Holder.newInvokeSpecial(java.lang.Object, java.lang.Object, int, java.lang.Object, java.lang.Object)'> (0x00000000e8cbf6a0) 
thrown [s\open\src\hotspot\share\interpreter\linkResolver.cpp, line 773]
Event: 369.840 Thread 0x00000151b98f6c10 Exception <a 'java/lang/NoSuchMethodError'{0x00000000e8cc3048}: 'java.lang.Object java.lang.invoke.Invokers$Holder.linkToTargetMethod(java.lang.Object, int, java.lang.Object, java.lang.Object, java.lang.Object)'> (0x00000000e8cc3048) 
thrown [s\open\src\hotspot\share\interpreter\linkResolver.cpp, line 773]
Event: 371.227 Thread 0x00000151be743550 Exception <a 'java/lang/ClassNotFoundException'{0x00000000e86e5a68}: org/gradle/api/internal/plugins/DefaultPluginContainerBeanInfo> (0x00000000e86e5a68) 
thrown [s\open\src\hotspot\share\classfile\systemDictionary.cpp, line 313]
Event: 371.235 Thread 0x00000151be743550 Exception <a 'java/lang/ClassNotFoundException'{0x00000000e86f5e78}: org/gradle/api/internal/plugins/DefaultPluginCollectionBeanInfo> (0x00000000e86f5e78) 
thrown [s\open\src\hotspot\share\classfile\systemDictionary.cpp, line 313]
Event: 371.240 Thread 0x00000151be743550 Exception <a 'java/lang/ClassNotFoundException'{0x00000000e8506c68}: org/gradle/api/internal/DefaultDomainObjectSetBeanInfo> (0x00000000e8506c68) 
thrown [s\open\src\hotspot\share\classfile\systemDictionary.cpp, line 313]
Event: 371.259 Thread 0x00000151be743550 Exception <a 'java/lang/ClassNotFoundException'{0x00000000e8516c98}: org/gradle/api/internal/DefaultDomainObjectSetCustomizer> (0x00000000e8516c98) 
thrown [s\open\src\hotspot\share\classfile\systemDictionary.cpp, line 313]
Event: 371.312 Thread 0x00000151be743550 Exception <a 'java/lang/ClassNotFoundException'{0x00000000e8540cc0}: org/gradle/api/internal/plugins/DefaultPluginCollectionCustomizer> (0x00000000e8540cc0) 
thrown [s\open\src\hotspot\share\classfile\systemDictionary.cpp, line 313]
Event: 371.387 Thread 0x00000151be743550 Exception <a 'java/lang/ClassNotFoundException'{0x00000000e858aa00}: org/gradle/api/internal/plugins/DefaultPluginContainerCustomizer> (0x00000000e858aa00) 
thrown [s\open\src\hotspot\share\classfile\systemDictionary.cpp, line 313]
Event: 371.655 Thread 0x00000151be743550 Exception <a 'java/lang/ClassNotFoundException'{0x00000000e8404980}: java/lang/BooleanBeanInfo> (0x00000000e8404980) 
thrown [s\open\src\hotspot\share\classfile\systemDictionary.cpp, line 313]
Event: 371.656 Thread 0x00000151be743550 Exception <a 'java/lang/ClassNotFoundException'{0x00000000e840a180}: java/lang/BooleanCustomizer> (0x00000000e840a180) 
thrown [s\open\src\hotspot\share\classfile\systemDictionary.cpp, line 313]
Event: 371.802 Thread 0x00000151b923fe30 Exception <a 'sun/nio/fs/WindowsException'{0x00000000e8c43688}> (0x00000000e8c43688) 
thrown [s\open\src\hotspot\share\prims\jni.cpp, line 520]
Event: 373.065 Thread 0x00000151b923fe30 Exception <a 'sun/nio/fs/WindowsException'{0x00000000e7b2c7c8}> (0x00000000e7b2c7c8) 
thrown [s\open\src\hotspot\share\prims\jni.cpp, line 520]
Event: 373.066 Thread 0x00000151b923fe30 Exception <a 'sun/nio/fs/WindowsException'{0x00000000e7b2df58}> (0x00000000e7b2df58) 
thrown [s\open\src\hotspot\share\prims\jni.cpp, line 520]
Event: 373.066 Thread 0x00000151b923fe30 Exception <a 'sun/nio/fs/WindowsException'{0x00000000e7b2f6d8}> (0x00000000e7b2f6d8) 
thrown [s\open\src\hotspot\share\prims\jni.cpp, line 520]
Event: 373.067 Thread 0x00000151b923fe30 Exception <a 'sun/nio/fs/WindowsException'{0x00000000e7b30a50}> (0x00000000e7b30a50) 
thrown [s\open\src\hotspot\share\prims\jni.cpp, line 520]
Event: 376.948 Thread 0x00000151b923fe30 Exception <a 'java/lang/NoClassDefFoundError'{0x00000000efefb210}: org/jetbrains/kotlin/gradle/plugin/KotlinPluginWrapper> (0x00000000efefb210) 
thrown [s\open\src\hotspot\share\oops\constantPool.cpp, line 873]
Event: 376.948 Thread 0x00000151b923fe30 Exception <a 'java/lang/NoClassDefFoundError'{0x00000000efefd8c8}: org/graalvm/buildtools/gradle/NativeImagePlugin> (0x00000000efefd8c8) 
thrown [s\open\src\hotspot\share\oops\constantPool.cpp, line 873]
Event: 376.949 Thread 0x00000151b923fe30 Exception <a 'java/lang/NoClassDefFoundError'{0x00000000efc22958}: org/cyclonedx/gradle/CyclonedxPlugin> (0x00000000efc22958) 
thrown [s\open\src\hotspot\share\oops\constantPool.cpp, line 873]
Event: 376.949 Thread 0x00000151b923fe30 Exception <a 'java/lang/NoClassDefFoundError'{0x00000000efc25010}: com/google/protobuf/gradle/ProtobufPlugin> (0x00000000efc25010) 
thrown [s\open\src\hotspot\share\oops\constantPool.cpp, line 873]

ZGC Phase Switch (0 events):
No events

VM Operations (20 events):
Event: 370.168 Executing VM operation: Cleanup
Event: 370.169 Executing VM operation: Cleanup done
Event: 370.862 Executing VM operation: HandshakeAllThreads (Deoptimize)
Event: 370.863 Executing VM operation: HandshakeAllThreads (Deoptimize) done
Event: 370.911 Executing VM operation: HandshakeAllThreads (Deoptimize)
Event: 370.921 Executing VM operation: HandshakeAllThreads (Deoptimize) done
Event: 371.703 Executing VM operation: HandshakeAllThreads (Deoptimize)
Event: 371.703 Executing VM operation: HandshakeAllThreads (Deoptimize) done
Event: 371.703 Executing VM operation: Cleanup
Event: 371.703 Executing VM operation: Cleanup done
Event: 373.708 Executing VM operation: Cleanup
Event: 373.708 Executing VM operation: Cleanup done
Event: 374.714 Executing VM operation: Cleanup
Event: 374.715 Executing VM operation: Cleanup done
Event: 374.793 Executing VM operation: G1CollectForAllocation (G1 Evacuation Pause)
Event: 374.884 Executing VM operation: G1CollectForAllocation (G1 Evacuation Pause) done
Event: 376.884 Executing VM operation: Cleanup
Event: 376.948 Executing VM operation: Cleanup done
Event: 377.949 Executing VM operation: Cleanup
Event: 377.949 Executing VM operation: Cleanup done

Events (20 events):
Event: 372.047 Thread 0x00000151bba66ec0 Thread added: 0x00000151bba66ec0
Event: 372.058 Thread 0x00000151bba67550 Thread added: 0x00000151bba67550
Event: 372.059 Thread 0x00000151bba64760 Thread added: 0x00000151bba64760
Event: 372.157 Thread 0x00000151bba64df0 Thread added: 0x00000151bba64df0
Event: 372.183 Thread 0x00000151bba68900 Thread added: 0x00000151bba68900
Event: 372.988 Thread 0x00000151bba68f90 Thread added: 0x00000151bba68f90
Event: 373.021 Thread 0x00000151bba6a9d0 Thread added: 0x00000151bba6a9d0
Event: 373.039 Thread 0x00000151bba69620 Thread added: 0x00000151bba69620
Event: 374.747 Thread 0x00000151bba6a340 Thread added: 0x00000151bba6a340
Event: 374.748 Thread 0x00000151b8f3a5c0 Thread added: 0x00000151b8f3a5c0
Event: 374.748 Thread 0x00000151b8f3cd20 Thread added: 0x00000151b8f3cd20
Event: 374.748 Thread 0x00000151b8f3ac50 Thread added: 0x00000151b8f3ac50
Event: 374.749 Thread 0x00000151b8f3c690 Thread added: 0x00000151b8f3c690
Event: 374.749 Thread 0x00000151b8f3edf0 Thread added: 0x00000151b8f3edf0
Event: 374.749 Thread 0x00000151b8f3b970 Thread added: 0x00000151b8f3b970
Event: 374.750 Thread 0x00000151b8f3f480 Thread added: 0x00000151b8f3f480
Event: 374.750 Thread 0x00000151b8f3fb10 Thread added: 0x00000151b8f3fb10
Event: 374.750 Thread 0x00000151b98f3e20 Thread added: 0x00000151b98f3e20
Event: 374.750 Thread 0x00000151b98f44b0 Thread added: 0x00000151b98f44b0
Event: 374.789 Thread 0x00000151b98f5860 Thread added: 0x00000151b98f5860


Dynamic libraries:
0x00007ff64cc80000 - 0x00007ff64cc90000 	D:\javar\bin\java.exe
0x00007ffae01e0000 - 0x00007ffae0446000 	C:\Windows\SYSTEM32\ntdll.dll
0x00007ffadf780000 - 0x00007ffadf849000 	C:\Windows\System32\KERNEL32.DLL
0x00007ffadd630000 - 0x00007ffadda2f000 	C:\Windows\System32\KERNELBASE.dll
0x00007ffada250000 - 0x00007ffada2ef000 	C:\Windows\SYSTEM32\apphelp.dll
0x00007ffadd3f0000 - 0x00007ffadd53c000 	C:\Windows\System32\ucrtbase.dll
0x00007ffab0810000 - 0x00007ffab0829000 	D:\javar\bin\jli.dll
0x00007ffac9ac0000 - 0x00007ffac9ade000 	D:\javar\bin\VCRUNTIME140.dll
0x00007ffadec80000 - 0x00007ffaded3c000 	C:\Windows\System32\ADVAPI32.dll
0x00007ffadf510000 - 0x00007ffadf5b9000 	C:\Windows\System32\msvcrt.dll
0x00007ffadfe10000 - 0x00007ffadfeba000 	C:\Windows\System32\sechost.dll
0x00007ffadfa60000 - 0x00007ffadfb78000 	C:\Windows\System32\RPCRT4.dll
0x00007ffadfb80000 - 0x00007ffadfd46000 	C:\Windows\System32\USER32.dll
0x00007ffac7080000 - 0x00007ffac7311000 	C:\Windows\WinSxS\amd64_microsoft.windows.common-controls_6595b64144ccf1df_6.0.26100.8972_none_3e0da176e32f9d4b\COMCTL32.dll
0x00007ffadd600000 - 0x00007ffadd627000 	C:\Windows\System32\win32u.dll
0x00007ffaded50000 - 0x00007ffaded7b000 	C:\Windows\System32\GDI32.dll
0x00007ffaddde0000 - 0x00007ffaddf09000 	C:\Windows\System32\gdi32full.dll
0x00007ffadd550000 - 0x00007ffadd5f3000 	C:\Windows\System32\msvcp_win.dll
0x00007ffad46c0000 - 0x00007ffad46cb000 	C:\Windows\SYSTEM32\VERSION.dll
0x00007ffadfdd0000 - 0x00007ffadfe02000 	C:\Windows\System32\IMM32.DLL
0x00007ffad2b70000 - 0x00007ffad2b7c000 	D:\javar\bin\vcruntime140_1.dll
0x00007ffa7a7d0000 - 0x00007ffa7a85d000 	D:\javar\bin\msvcp140.dll
0x00007ffa3d4d0000 - 0x00007ffa3e1f8000 	D:\javar\bin\server\jvm.dll
0x00007ffadf6f0000 - 0x00007ffadf772000 	C:\Windows\System32\WS2_32.dll
0x00007ffadd250000 - 0x00007ffadd2ae000 	C:\Windows\SYSTEM32\POWRPROF.dll
0x00007ffad3e20000 - 0x00007ffad3e56000 	C:\Windows\SYSTEM32\WINMM.dll
0x00007ffadd230000 - 0x00007ffadd245000 	C:\Windows\SYSTEM32\UMPDC.dll
0x00007ffadc0e0000 - 0x00007ffadc0fb000 	C:\Windows\SYSTEM32\kernel.appcore.dll
0x00007ffad17a0000 - 0x00007ffad17aa000 	D:\javar\bin\jimage.dll
0x00007ffad2be0000 - 0x00007ffad2e22000 	C:\Windows\SYSTEM32\DBGHELP.DLL
0x00007ffade0d0000 - 0x00007ffade455000 	C:\Windows\System32\combase.dll
0x00007ffade470000 - 0x00007ffade549000 	C:\Windows\System32\OLEAUT32.dll
0x00007ffab7310000 - 0x00007ffab734b000 	C:\Windows\SYSTEM32\dbgcore.DLL
0x00007ffadda40000 - 0x00007ffaddaec000 	C:\Windows\System32\bcryptPrimitives.dll
0x00007ffac5920000 - 0x00007ffac5930000 	D:\javar\bin\instrument.dll
0x00007ffa8b7a0000 - 0x00007ffa8b7c1000 	D:\javar\bin\java.dll
0x00007ffaded80000 - 0x00007ffadf508000 	C:\Windows\System32\SHELL32.dll
0x00007ffadae70000 - 0x00007ffadb70b000 	C:\Windows\SYSTEM32\windows.storage.dll
0x00007ffade6c0000 - 0x00007ffade7b9000 	C:\Windows\System32\SHCORE.dll
0x00007ffadf8a0000 - 0x00007ffadf906000 	C:\Windows\System32\shlwapi.dll
0x00007ffadd310000 - 0x00007ffadd339000 	C:\Windows\SYSTEM32\profapi.dll
0x00007ffa4eb90000 - 0x00007ffa4ec67000 	D:\javar\bin\jsvml.dll
0x00007ffab19e0000 - 0x00007ffab19f8000 	D:\javar\bin\zip.dll
0x00007ffac9860000 - 0x00007ffac9871000 	D:\javar\bin\net.dll
0x00007ffad6060000 - 0x00007ffad6188000 	C:\Windows\SYSTEM32\WINHTTP.dll
0x00007ffadc690000 - 0x00007ffadc6fc000 	C:\Windows\system32\mswsock.dll
0x00007ffab5560000 - 0x00007ffab5576000 	D:\javar\bin\nio.dll
0x00007ffabc2d0000 - 0x00007ffabc2e0000 	D:\javar\bin\verify.dll
0x00007ffa7b640000 - 0x00007ffa7b667000 	C:\Users\hieun\.gradle\native\660c5614fbf4a5f2a75b1949f50a0caf5cd603558e7d8a26e50b933a0cfb79d1\windows-amd64\native-platform.dll
0x00007ffa5d800000 - 0x00007ffa5d877000 	C:\Users\hieun\.gradle\native\0.2.8\x86_64-windows-gnu\gradle-fileevents.dll
0x00007ffa95b40000 - 0x00007ffa95b4a000 	D:\javar\bin\management.dll
0x00007ffa8cda0000 - 0x00007ffa8cdac000 	D:\javar\bin\management_ext.dll
0x00007ffade7c0000 - 0x00007ffade7c8000 	C:\Windows\System32\PSAPI.DLL
0x00007ffadbb10000 - 0x00007ffadbb43000 	C:\Windows\SYSTEM32\IPHLPAPI.DLL
0x00007ffade460000 - 0x00007ffade46a000 	C:\Windows\System32\NSI.dll
0x00007ffab3a70000 - 0x00007ffab3a79000 	D:\javar\bin\extnet.dll
0x00007ffadc980000 - 0x00007ffadc99b000 	C:\Windows\SYSTEM32\CRYPTSP.dll
0x00007ffadc040000 - 0x00007ffadc079000 	C:\Windows\system32\rsaenh.dll
0x00007ffadc740000 - 0x00007ffadc772000 	C:\Windows\SYSTEM32\USERENV.dll
0x00007ffadd2e0000 - 0x00007ffadd30a000 	C:\Windows\SYSTEM32\bcrypt.dll
0x00007ffadc9a0000 - 0x00007ffadc9ac000 	C:\Windows\SYSTEM32\CRYPTBASE.dll
0x00007ffab05a0000 - 0x00007ffab05ae000 	D:\javar\bin\sunmscapi.dll
0x00007ffaddb90000 - 0x00007ffaddd0e000 	C:\Windows\System32\CRYPT32.dll
0x00007ffadcbc0000 - 0x00007ffadcbf0000 	C:\Windows\SYSTEM32\ncrypt.dll
0x00007ffadcb70000 - 0x00007ffadcbaf000 	C:\Windows\SYSTEM32\NTASN1.dll
0x00007ffaafcb0000 - 0x00007ffaafcb8000 	C:\Windows\system32\wshunix.dll
0x00007ffadc210000 - 0x00007ffadc246000 	C:\Windows\SYSTEM32\ntmarta.dll

dbghelp: loaded successfully - version: 4.0.5 - missing functions: none
symbol engine: initialized successfully - sym options: 0x614 - pdb path: .;D:\javar\bin;C:\Windows\SYSTEM32;C:\Windows\WinSxS\amd64_microsoft.windows.common-controls_6595b64144ccf1df_6.0.26100.8972_none_3e0da176e32f9d4b;D:\javar\bin\server;C:\Users\hieun\.gradle\native\660c5614fbf4a5f2a75b1949f50a0caf5cd603558e7d8a26e50b933a0cfb79d1\windows-amd64;C:\Users\hieun\.gradle\native\0.2.8\x86_64-windows-gnu

VM Arguments:
jvm_args: --add-opens=java.base/java.lang=ALL-UNNAMED --add-opens=java.base/java.lang.invoke=ALL-UNNAMED --add-opens=java.base/java.util=ALL-UNNAMED --add-opens=java.prefs/java.util.prefs=ALL-UNNAMED --add-exports=jdk.compiler/com.sun.tools.javac.api=ALL-UNNAMED --add-exports=jdk.compiler/com.sun.tools.javac.util=ALL-UNNAMED --add-opens=java.base/java.nio.charset=ALL-UNNAMED --add-opens=java.base/java.net=ALL-UNNAMED --add-opens=java.base/java.util.concurrent=ALL-UNNAMED --add-opens=java.base/java.util.concurrent.atomic=ALL-UNNAMED --add-opens=java.xml/javax.xml.namespace=ALL-UNNAMED --add-opens=java.base/java.time=ALL-UNNAMED -XX:MaxMetaspaceSize=384m -XX:+HeapDumpOnOutOfMemoryError -Xms256m -Xmx512m -Dfile.encoding=UTF-8 -Duser.country=US -Duser.language=en -Duser.variant -javaagent:C:\Users\hieun\.gradle\wrapper\dists\gradle-9.5.1-bin\iq79hdu3mqx29lgffhp8bfmx\gradle-9.5.1\lib\agents\gradle-instrumentation-agent-9.5.1.jar 
java_command: org.gradle.launcher.daemon.bootstrap.GradleDaemon 9.5.1
java_class_path (initial): C:\Users\hieun\.gradle\wrapper\dists\gradle-9.5.1-bin\iq79hdu3mqx29lgffhp8bfmx\gradle-9.5.1\lib\gradle-daemon-main-9.5.1.jar
Launcher Type: SUN_STANDARD

[Global flags]
     intx CICompilerCount                          = 4                                         {product} {ergonomic}
   size_t CompressedClassSpaceSize                 = 335544320                                 {product} {ergonomic}
     uint ConcGCThreads                            = 3                                         {product} {ergonomic}
     uint G1ConcRefinementThreads                  = 10                                        {product} {ergonomic}
   size_t G1HeapRegionSize                         = 1048576                                   {product} {ergonomic}
    uintx GCDrainStackTargetSize                   = 64                                        {product} {ergonomic}
     bool HeapDumpOnOutOfMemoryError               = true                                   {manageable} {command line}
   size_t InitialHeapSize                          = 268435456                                 {product} {command line}
   size_t MarkStackSize                            = 4194304                                   {product} {ergonomic}
   size_t MaxHeapSize                              = 536870912                                 {product} {command line}
   size_t MaxMetaspaceSize                         = 402653184                                 {product} {command line}
   size_t MaxNewSize                               = 321912832                                 {product} {ergonomic}
   size_t MinHeapDeltaBytes                        = 1048576                                   {product} {ergonomic}
   size_t MinHeapSize                              = 268435456                                 {product} {command line}
    uintx NonNMethodCodeHeapSize                   = 5839372                                {pd product} {ergonomic}
    uintx NonProfiledCodeHeapSize                  = 122909434                              {pd product} {ergonomic}
    uintx ProfiledCodeHeapSize                     = 122909434                              {pd product} {ergonomic}
    uintx ReservedCodeCacheSize                    = 251658240                              {pd product} {ergonomic}
     bool SegmentedCodeCache                       = true                                      {product} {ergonomic}
   size_t SoftMaxHeapSize                          = 536870912                              {manageable} {ergonomic}
     bool UseCompressedOops                        = true                           {product lp64_product} {ergonomic}
     bool UseG1GC                                  = true                                      {product} {ergonomic}
     bool UseLargePagesIndividualAllocation        = false                                  {pd product} {ergonomic}

Logging:
Log output configuration:
 #0: stdout all=warning uptime,level,tags foldmultilines=false
 #1: stderr all=off uptime,level,tags foldmultilines=false

Environment Variables:
PATH=C:\Program Files\Common Files\Oracle\Java\javapath;C:\Windows\system32;C:\Windows;C:\Windows\System32\Wbem;C:\Windows\System32\WindowsPowerShell\v1.0\;C:\Windows\System32\OpenSSH\;C:\Program Files (x86)\NVIDIA Corporation\PhysX\Common;C:\Program Files\dotnet\;D:\Git\cmd;C:\Program Files\NVIDIA Corporation\NVIDIA App\NvDLISR;C:\Program Files\Docker\Docker\resources\bin;C:\ProgramData\chocolatey\bin;D:\node js\;C:\Users\hieun\AppData\Local\Programs\Python\Launcher\;C:\Users\hieun\AppData\Local\Microsoft\WindowsApps;D:\Microsoft VS Code\bin;C:\Users\hieun\AppData\Roaming\npm
USERNAME=hieun
OS=Windows_NT
PROCESSOR_IDENTIFIER=AMD64 Family 25 Model 68 Stepping 1, AuthenticAMD
TMP=C:\Users\hieun\AppData\Local\Temp
TEMP=C:\Users\hieun\AppData\Local\Temp




Periodic native trim disabled

---------------  S Y S T E M  ---------------

OS:
 Windows 11 , 64 bit Build 26100 (10.0.26100.9168)
OS uptime: 4 days 9:43 hours
Hyper-V role detected

CPU: total 12 (initial active 12) (12 cores per cpu, 2 threads per core) family 25 model 68 stepping 1 microcode 0xa404107, cx8, cmov, fxsr, ht, mmx, 3dnowpref, sse, sse2, sse3, ssse3, sse4a, sse4.1, sse4.2, popcnt, lzcnt, tsc, tscinvbit, avx, avx2, aes, erms, clmul, bmi1, bmi2, adx, sha, fma, vzeroupper, clflush, clflushopt, hv, rdtscp, rdpid, fsrm, f16c, cet_ss
Processor Information for all 12 processors :
  Max Mhz: 3301, Current Mhz: 3301, Mhz Limit: 3301

Memory: 4k page, system-wide physical 15690M (359M free)
TotalPageFile size 48779M (AvailPageFile size 709M)
current process WorkingSet (physical memory assigned to process): 264M, peak: 312M
current process commit charge ("private bytes"): 491M, peak: 508M

vm_info: Java HotSpot(TM) 64-Bit Server VM (21.0.11+9-LTS-211) for windows-amd64 JRE (21.0.11+9-LTS-211), built on 2026-03-11T00:23:15Z by "mach5run" with MS VC++ 17.13 (VS2022)

END.
