#
# There is insufficient memory for the Java Runtime Environment to continue.
# Native memory allocation (malloc) failed to allocate 996096 bytes for Chunk::new
# Possible reasons:
#   The system is out of physical RAM or swap space
#   The process is running with CompressedOops enabled, and the Java Heap may be blocking the growth of the native heap
# Possible solutions:
#   Reduce memory load on the system
#   Increase physical memory or swap space
#   Check if swap backing store is full
#   Decrease Java heap size (-Xmx/-Xms)
#   Decrease number of Java threads
#   Decrease Java thread stack sizes (-Xss)
#   Set larger code cache with -XX:ReservedCodeCacheSize=
#   JVM is running with Unscaled Compressed Oops mode in which the Java heap is
#     placed in the first 4GB address space. The Java Heap base address is the
#     maximum limit for the native heap growth. Please use -XX:HeapBaseMinAddress
#     to set the Java Heap base and to place the Java Heap above 4GB virtual address.
# This output file may be truncated or incomplete.
#
#  Out of Memory Error (arena.cpp:168), pid=18544, tid=19040
#
# JRE version: Java(TM) SE Runtime Environment (21.0.11+9) (build 21.0.11+9-LTS-211)
# Java VM: Java HotSpot(TM) 64-Bit Server VM (21.0.11+9-LTS-211, mixed mode, sharing, tiered, compressed oops, compressed class ptrs, g1 gc, windows-amd64)
# No core dump will be written. Minidumps are not enabled by default on client versions of Windows
#

---------------  S U M M A R Y ------------

Command Line: --add-opens=java.base/java.lang=ALL-UNNAMED --add-opens=java.base/java.lang.invoke=ALL-UNNAMED --add-opens=java.base/java.util=ALL-UNNAMED --add-opens=java.prefs/java.util.prefs=ALL-UNNAMED --add-exports=jdk.compiler/com.sun.tools.javac.api=ALL-UNNAMED --add-exports=jdk.compiler/com.sun.tools.javac.util=ALL-UNNAMED --add-opens=java.base/java.nio.charset=ALL-UNNAMED --add-opens=java.base/java.net=ALL-UNNAMED --add-opens=java.base/java.util.concurrent=ALL-UNNAMED --add-opens=java.base/java.util.concurrent.atomic=ALL-UNNAMED --add-opens=java.xml/javax.xml.namespace=ALL-UNNAMED --add-opens=java.base/java.time=ALL-UNNAMED -XX:MaxMetaspaceSize=384m -XX:+HeapDumpOnOutOfMemoryError -Xms256m -Xmx512m -Dfile.encoding=UTF-8 -Duser.country=US -Duser.language=en -Duser.variant -javaagent:C:\Users\hieun\.gradle\wrapper\dists\gradle-9.5.1-bin\iq79hdu3mqx29lgffhp8bfmx\gradle-9.5.1\lib\agents\gradle-instrumentation-agent-9.5.1.jar org.gradle.launcher.daemon.bootstrap.GradleDaemon 9.5.1

Host: AMD Ryzen 5 7535HS with Radeon Graphics        , 12 cores, 15G,  Windows 11 , 64 bit Build 26100 (10.0.26100.9444)
Time: Sat Sep 26 22:24:00 2026 SE Asia Standard Time elapsed time: 42.489949 seconds (0d 0h 0m 42s)

---------------  T H R E A D  ---------------

Current thread (0x0000027078124850):  JavaThread "C2 CompilerThread0" daemon [_thread_in_native, id=19040, stack(0x000000a061500000,0x000000a061600000) (1024K)]


Current CompileTask:
C2:  42490 3451   !   4       java.net.URLClassLoader::findClass (47 bytes)

Stack: [0x000000a061500000,0x000000a061600000]
Native frames: (J=compiled Java code, j=interpreted, Vv=VM code, C=native code)
V  [jvm.dll+0x6d0ef9]
V  [jvm.dll+0x860126]
V  [jvm.dll+0x86261e]
V  [jvm.dll+0x862cf3]
V  [jvm.dll+0x282bc6]
V  [jvm.dll+0xc67ad]
V  [jvm.dll+0xc6cf1]
V  [jvm.dll+0x2f81be]
V  [jvm.dll+0x5fb0e7]
V  [jvm.dll+0x254b87]
V  [jvm.dll+0x254f4d]
V  [jvm.dll+0x24d57f]
V  [jvm.dll+0x24a9fe]
V  [jvm.dll+0x1cae7e]
V  [jvm.dll+0x25a7d9]
V  [jvm.dll+0x258d65]
V  [jvm.dll+0x3f50d1]
V  [jvm.dll+0x80ac0d]
V  [jvm.dll+0x6cf79d]
C  [ucrtbase.dll+0x2cd30]
C  [KERNEL32.DLL+0x2cd87]
C  [ntdll.dll+0xacaec]


---------------  P R O C E S S  ---------------

Threads class SMR info:
_java_thread_list=0x000002707c3346d0, length=27, elements={
0x0000027043effc70, 0x000002707811b1a0, 0x000002707811edd0, 0x000002707811f830,
0x0000027078120290, 0x0000027078120cf0, 0x0000027078123910, 0x0000027078124850,
0x0000027078137820, 0x00000270782c86c0, 0x00000270784aace0, 0x000002707a00b420,
0x00000270785f2090, 0x00000270791a1180, 0x000002707903dbf0, 0x000002707903e260,
0x0000027078634320, 0x000002707826c030, 0x0000027078541d30, 0x00000270785423c0,
0x00000270785402f0, 0x00000270785416a0, 0x000002707853f5d0, 0x0000027078540980,
0x000002707853fc60, 0x000002707b4b77f0, 0x000002707b4b6440
}

Java Threads: ( => current thread )
  0x0000027043effc70 JavaThread "main"                              [_thread_blocked, id=38272, stack(0x000000a060700000,0x000000a060800000) (1024K)]
  0x000002707811b1a0 JavaThread "Reference Handler"          daemon [_thread_blocked, id=33800, stack(0x000000a060f00000,0x000000a061000000) (1024K)]
  0x000002707811edd0 JavaThread "Finalizer"                  daemon [_thread_blocked, id=37240, stack(0x000000a061000000,0x000000a061100000) (1024K)]
  0x000002707811f830 JavaThread "Signal Dispatcher"          daemon [_thread_blocked, id=26120, stack(0x000000a061100000,0x000000a061200000) (1024K)]
  0x0000027078120290 JavaThread "Attach Listener"            daemon [_thread_blocked, id=12088, stack(0x000000a061200000,0x000000a061300000) (1024K)]
  0x0000027078120cf0 JavaThread "Service Thread"             daemon [_thread_blocked, id=24488, stack(0x000000a061300000,0x000000a061400000) (1024K)]
  0x0000027078123910 JavaThread "Monitor Deflation Thread"   daemon [_thread_blocked, id=20884, stack(0x000000a061400000,0x000000a061500000) (1024K)]
=>0x0000027078124850 JavaThread "C2 CompilerThread0"         daemon [_thread_in_native, id=19040, stack(0x000000a061500000,0x000000a061600000) (1024K)]
  0x0000027078137820 JavaThread "C1 CompilerThread0"         daemon [_thread_blocked, id=31592, stack(0x000000a061600000,0x000000a061700000) (1024K)]
  0x00000270782c86c0 JavaThread "Common-Cleaner"             daemon [_thread_blocked, id=19976, stack(0x000000a061700000,0x000000a061800000) (1024K)]
  0x00000270784aace0 JavaThread "Notification Thread"        daemon [_thread_blocked, id=19224, stack(0x000000a061800000,0x000000a061900000) (1024K)]
  0x000002707a00b420 JavaThread "Daemon health stats"               [_thread_blocked, id=6184, stack(0x000000a061e00000,0x000000a061f00000) (1024K)]
  0x00000270785f2090 JavaThread "Incoming local TCP Connector on port 52562"        [_thread_in_native, id=27800, stack(0x000000a061f00000,0x000000a062000000) (1024K)]
  0x00000270791a1180 JavaThread "Daemon periodic checks"            [_thread_blocked, id=21260, stack(0x000000a062000000,0x000000a062100000) (1024K)]
  0x000002707903dbf0 JavaThread "Daemon"                            [_thread_blocked, id=17136, stack(0x000000a062100000,0x000000a062200000) (1024K)]
  0x000002707903e260 JavaThread "Handler for socket connection from /127.0.0.1:52562 to /127.0.0.1:53631"        [_thread_in_native, id=41044, stack(0x000000a062200000,0x000000a062300000) (1024K)]
  0x0000027078634320 JavaThread "Cancel handler"                    [_thread_blocked, id=34492, stack(0x000000a062300000,0x000000a062400000) (1024K)]
  0x000002707826c030 JavaThread "Daemon worker"                     [_thread_blocked, id=45416, stack(0x000000a062400000,0x000000a062500000) (1024K)]
  0x0000027078541d30 JavaThread "Asynchronous log dispatcher for DefaultDaemonConnection: socket connection from /127.0.0.1:52562 to /127.0.0.1:53631"        [_thread_blocked, id=35132, stack(0x000000a062500000,0x000000a062600000) (1024K)]
  0x00000270785423c0 JavaThread "Stdin handler"                     [_thread_blocked, id=22604, stack(0x000000a062600000,0x000000a062700000) (1024K)]
  0x00000270785402f0 JavaThread "Daemon client event forwarder"        [_thread_blocked, id=19480, stack(0x000000a062700000,0x000000a062800000) (1024K)]
  0x00000270785416a0 JavaThread "Cache worker for journal cache (C:\Users\hieun\.gradle\caches\journal-1)"        [_thread_blocked, id=9920, stack(0x000000a062800000,0x000000a062900000) (1024K)]
  0x000002707853f5d0 JavaThread "File lock request listener"        [_thread_in_native, id=41592, stack(0x000000a062900000,0x000000a062a00000) (1024K)]
  0x0000027078540980 JavaThread "File lock release action executor"        [_thread_blocked, id=29964, stack(0x000000a062a00000,0x000000a062b00000) (1024K)]
  0x000002707853fc60 JavaThread "Cache worker for file hash cache (C:\Users\hieun\.gradle\caches\9.5.1\fileHashes)"        [_thread_blocked, id=35276, stack(0x000000a060500000,0x000000a060600000) (1024K)]
  0x000002707b4b77f0 JavaThread "Cache worker for file hash cache (D:\n1h5-models-backend\.gradle\9.5.1\fileHashes)"        [_thread_new, id=22996, stack(0x0000000000000000,0x0000000000000000) (0B)]
  0x000002707b4b6440 JavaThread "Cache worker for Build Output Cleanup Cache (D:\n1h5-models-backend\.gradle\buildOutputCleanup)"        [_thread_blocked, id=40208, stack(0x000000a063200000,0x000000a063300000) (1024K)]
Total: 27

Other Threads:
  0x000002705ef8a140 VMThread "VM Thread"                           [id=42868, stack(0x000000a060e00000,0x000000a060f00000) (1024K)] _threads_hazard_ptr=0x000002707c3346d0
  0x000002705ef7c980 WatcherThread "VM Periodic Task Thread"        [id=36704, stack(0x000000a060d00000,0x000000a060e00000) (1024K)]
  0x0000027043f29e10 WorkerThread "GC Thread#0"                     [id=26808, stack(0x000000a060800000,0x000000a060900000) (1024K)]
  0x0000027078e02ba0 WorkerThread "GC Thread#1"                     [id=33636, stack(0x000000a061900000,0x000000a061a00000) (1024K)]
  0x0000027078e02f50 WorkerThread "GC Thread#2"                     [id=13532, stack(0x000000a061a00000,0x000000a061b00000) (1024K)]
  0x0000027078cf7ce0 WorkerThread "GC Thread#3"                     [id=28264, stack(0x000000a061b00000,0x000000a061c00000) (1024K)]
  0x0000027078cf8090 WorkerThread "GC Thread#4"                     [id=17560, stack(0x000000a061c00000,0x000000a061d00000) (1024K)]
  0x0000027078cf8440 WorkerThread "GC Thread#5"                     [id=39928, stack(0x000000a061d00000,0x000000a061e00000) (1024K)]
  0x00000270796cafe0 WorkerThread "GC Thread#6"                     [id=408, stack(0x000000a062b00000,0x000000a062c00000) (1024K)]
  0x000002707a7f9050 WorkerThread "GC Thread#7"                     [id=31828, stack(0x000000a062c00000,0x000000a062d00000) (1024K)]
  0x000002707acae3f0 WorkerThread "GC Thread#8"                     [id=36512, stack(0x000000a062d00000,0x000000a062e00000) (1024K)]
  0x000002707acad180 WorkerThread "GC Thread#9"                     [id=39732, stack(0x000000a062e00000,0x000000a062f00000) (1024K)]
  0x0000027043f2fbc0 ConcurrentGCThread "G1 Main Marker"            [id=23628, stack(0x000000a060900000,0x000000a060a00000) (1024K)]
  0x0000027043f30480 WorkerThread "G1 Conc#0"                       [id=42656, stack(0x000000a060a00000,0x000000a060b00000) (1024K)]
  0x000002707bd02410 WorkerThread "G1 Conc#1"                       [id=19904, stack(0x000000a062f00000,0x000000a063000000) (1024K)]
  0x000002707bd02b70 WorkerThread "G1 Conc#2"                       [id=45236, stack(0x000000a063000000,0x000000a063100000) (1024K)]
  0x0000027043fae920 ConcurrentGCThread "G1 Refine#0"               [id=44200, stack(0x000000a060b00000,0x000000a060c00000) (1024K)]
  0x000002705ee47600 ConcurrentGCThread "G1 Service"                [id=11720, stack(0x000000a060c00000,0x000000a060d00000) (1024K)]
Total: 18

Threads with active compile tasks:
C2 CompilerThread0    42532 3451   !   4       java.net.URLClassLoader::findClass (47 bytes)
Total: 1

VM state: not at safepoint (normal execution)

VM Mutex/Monitor currently owned by a thread: None

Heap address: 0x00000000e0000000, size: 512 MB, Compressed Oops mode: 32-bit

CDS archive(s) mapped at: [0x000002705f000000-0x000002705fc90000-0x000002705fc90000), size 13172736, SharedBaseAddress: 0x000002705f000000, ArchiveRelocationMode: 1.
Compressed class space mapped at: 0x0000027060000000-0x0000027074000000, reserved size: 335544320
Narrow klass base: 0x000002705f000000, Narrow klass shift: 0, Narrow klass range: 0x100000000

GC Precious Log:
 CardTable entry size: 512
 Card Set container configuration: InlinePtr #cards 5 size 8 Array Of Cards #cards 12 size 40 Howl #buckets 4 coarsen threshold 1843 Howl Bitmap #cards 512 size 80 coarsen threshold 460 Card regions per heap region 1 cards per card region 2048
 CPUs: 12 total, 12 available
 Memory: 15690M
 Large Page Support: Disabled
 NUMA Support: Disabled
 Compressed Oops: Enabled (32-bit)
 Heap Region Size: 1M
 Heap Min Capacity: 256M
 Heap Initial Capacity: 256M
 Heap Max Capacity: 512M
 Pre-touch: Disabled
 Parallel Workers: 10
 Concurrent Workers: 3
 Concurrent Refinement Workers: 10
 Periodic GC: Disabled

Heap:
 garbage-first heap   total 262144K, used 58628K [0x00000000e0000000, 0x0000000100000000)
  region size 1024K, 37 young (37888K), 3 survivors (3072K)
 Metaspace       used 25068K, committed 26048K, reserved 393216K
  class space    used 3569K, committed 4032K, reserved 327680K

Heap Regions: E=young(eden), S=young(survivor), O=old, HS=humongous(starts), HC=humongous(continues), CS=collection set, F=free, TAMS=top-at-mark-start, PB=parsable bottom
|   0|0x00000000e0000000, 0x00000000e0100000, 0x00000000e0100000|100%|HS|  |TAMS 0x00000000e0000000| PB 0x00000000e0000000| Complete 
|   1|0x00000000e0100000, 0x00000000e0200000, 0x00000000e0200000|100%|HC|  |TAMS 0x00000000e0100000| PB 0x00000000e0100000| Complete 
|   2|0x00000000e0200000, 0x00000000e0300000, 0x00000000e0300000|100%|HC|  |TAMS 0x00000000e0200000| PB 0x00000000e0200000| Complete 
|   3|0x00000000e0300000, 0x00000000e0400000, 0x00000000e0400000|100%|HC|  |TAMS 0x00000000e0300000| PB 0x00000000e0300000| Complete 
|   4|0x00000000e0400000, 0x00000000e0500000, 0x00000000e0500000|100%| O|  |TAMS 0x00000000e0400000| PB 0x00000000e0400000| Untracked 
|   5|0x00000000e0500000, 0x00000000e0600000, 0x00000000e0600000|100%| O|  |TAMS 0x00000000e0500000| PB 0x00000000e0500000| Untracked 
|   6|0x00000000e0600000, 0x00000000e0700000, 0x00000000e0700000|100%| O|  |TAMS 0x00000000e0600000| PB 0x00000000e0600000| Untracked 
|   7|0x00000000e0700000, 0x00000000e0800000, 0x00000000e0800000|100%| O|  |TAMS 0x00000000e0700000| PB 0x00000000e0700000| Untracked 
|   8|0x00000000e0800000, 0x00000000e0900000, 0x00000000e0900000|100%|HS|  |TAMS 0x00000000e0800000| PB 0x00000000e0800000| Complete 
|   9|0x00000000e0900000, 0x00000000e0a00000, 0x00000000e0a00000|100%| O|  |TAMS 0x00000000e0900000| PB 0x00000000e0900000| Untracked 
|  10|0x00000000e0a00000, 0x00000000e0b00000, 0x00000000e0b00000|100%| O|  |TAMS 0x00000000e0a00000| PB 0x00000000e0a00000| Untracked 
|  11|0x00000000e0b00000, 0x00000000e0c00000, 0x00000000e0c00000|100%| O|  |TAMS 0x00000000e0b00000| PB 0x00000000e0b00000| Untracked 
|  12|0x00000000e0c00000, 0x00000000e0d00000, 0x00000000e0d00000|100%| O|  |TAMS 0x00000000e0c00000| PB 0x00000000e0c00000| Untracked 
|  13|0x00000000e0d00000, 0x00000000e0e00000, 0x00000000e0e00000|100%| O|  |TAMS 0x00000000e0d00000| PB 0x00000000e0d00000| Untracked 
|  14|0x00000000e0e00000, 0x00000000e0f00000, 0x00000000e0f00000|100%| O|  |TAMS 0x00000000e0e00000| PB 0x00000000e0e00000| Untracked 
|  15|0x00000000e0f00000, 0x00000000e1000000, 0x00000000e1000000|100%| O|  |TAMS 0x00000000e0f00000| PB 0x00000000e0f00000| Untracked 
|  16|0x00000000e1000000, 0x00000000e1100000, 0x00000000e1100000|100%| O|  |TAMS 0x00000000e1000000| PB 0x00000000e1000000| Untracked 
|  17|0x00000000e1100000, 0x00000000e1200000, 0x00000000e1200000|100%| O|  |TAMS 0x00000000e1100000| PB 0x00000000e1100000| Untracked 
|  18|0x00000000e1200000, 0x00000000e1300000, 0x00000000e1300000|100%| O|  |TAMS 0x00000000e1200000| PB 0x00000000e1200000| Untracked 
|  19|0x00000000e1300000, 0x00000000e1400000, 0x00000000e1400000|100%| O|  |TAMS 0x00000000e1300000| PB 0x00000000e1300000| Untracked 
|  20|0x00000000e1400000, 0x00000000e1500000, 0x00000000e1500000|100%| O|  |TAMS 0x00000000e1400000| PB 0x00000000e1400000| Untracked 
|  21|0x00000000e1500000, 0x00000000e1600000, 0x00000000e1600000|100%| O|  |TAMS 0x00000000e1500000| PB 0x00000000e1500000| Untracked 
|  22|0x00000000e1600000, 0x00000000e1600000, 0x00000000e1700000|  0%| F|  |TAMS 0x00000000e1600000| PB 0x00000000e1600000| Untracked 
|  23|0x00000000e1700000, 0x00000000e1700000, 0x00000000e1800000|  0%| F|  |TAMS 0x00000000e1700000| PB 0x00000000e1700000| Untracked 
|  24|0x00000000e1800000, 0x00000000e1800000, 0x00000000e1900000|  0%| F|  |TAMS 0x00000000e1800000| PB 0x00000000e1800000| Untracked 
|  25|0x00000000e1900000, 0x00000000e1900000, 0x00000000e1a00000|  0%| F|  |TAMS 0x00000000e1900000| PB 0x00000000e1900000| Untracked 
|  26|0x00000000e1a00000, 0x00000000e1a00000, 0x00000000e1b00000|  0%| F|  |TAMS 0x00000000e1a00000| PB 0x00000000e1a00000| Untracked 
|  27|0x00000000e1b00000, 0x00000000e1b00000, 0x00000000e1c00000|  0%| F|  |TAMS 0x00000000e1b00000| PB 0x00000000e1b00000| Untracked 
|  28|0x00000000e1c00000, 0x00000000e1c00000, 0x00000000e1d00000|  0%| F|  |TAMS 0x00000000e1c00000| PB 0x00000000e1c00000| Untracked 
|  29|0x00000000e1d00000, 0x00000000e1d00000, 0x00000000e1e00000|  0%| F|  |TAMS 0x00000000e1d00000| PB 0x00000000e1d00000| Untracked 
|  30|0x00000000e1e00000, 0x00000000e1e00000, 0x00000000e1f00000|  0%| F|  |TAMS 0x00000000e1e00000| PB 0x00000000e1e00000| Untracked 
|  31|0x00000000e1f00000, 0x00000000e1f00000, 0x00000000e2000000|  0%| F|  |TAMS 0x00000000e1f00000| PB 0x00000000e1f00000| Untracked 
|  32|0x00000000e2000000, 0x00000000e2000000, 0x00000000e2100000|  0%| F|  |TAMS 0x00000000e2000000| PB 0x00000000e2000000| Untracked 
|  33|0x00000000e2100000, 0x00000000e2100000, 0x00000000e2200000|  0%| F|  |TAMS 0x00000000e2100000| PB 0x00000000e2100000| Untracked 
|  34|0x00000000e2200000, 0x00000000e2200000, 0x00000000e2300000|  0%| F|  |TAMS 0x00000000e2200000| PB 0x00000000e2200000| Untracked 
|  35|0x00000000e2300000, 0x00000000e2300000, 0x00000000e2400000|  0%| F|  |TAMS 0x00000000e2300000| PB 0x00000000e2300000| Untracked 
|  36|0x00000000e2400000, 0x00000000e2400000, 0x00000000e2500000|  0%| F|  |TAMS 0x00000000e2400000| PB 0x00000000e2400000| Untracked 
|  37|0x00000000e2500000, 0x00000000e2500000, 0x00000000e2600000|  0%| F|  |TAMS 0x00000000e2500000| PB 0x00000000e2500000| Untracked 
|  38|0x00000000e2600000, 0x00000000e2600000, 0x00000000e2700000|  0%| F|  |TAMS 0x00000000e2600000| PB 0x00000000e2600000| Untracked 
|  39|0x00000000e2700000, 0x00000000e2700000, 0x00000000e2800000|  0%| F|  |TAMS 0x00000000e2700000| PB 0x00000000e2700000| Untracked 
|  40|0x00000000e2800000, 0x00000000e2800000, 0x00000000e2900000|  0%| F|  |TAMS 0x00000000e2800000| PB 0x00000000e2800000| Untracked 
|  41|0x00000000e2900000, 0x00000000e2900000, 0x00000000e2a00000|  0%| F|  |TAMS 0x00000000e2900000| PB 0x00000000e2900000| Untracked 
|  42|0x00000000e2a00000, 0x00000000e2a00000, 0x00000000e2b00000|  0%| F|  |TAMS 0x00000000e2a00000| PB 0x00000000e2a00000| Untracked 
|  43|0x00000000e2b00000, 0x00000000e2b00000, 0x00000000e2c00000|  0%| F|  |TAMS 0x00000000e2b00000| PB 0x00000000e2b00000| Untracked 
|  44|0x00000000e2c00000, 0x00000000e2c00000, 0x00000000e2d00000|  0%| F|  |TAMS 0x00000000e2c00000| PB 0x00000000e2c00000| Untracked 
|  45|0x00000000e2d00000, 0x00000000e2d00000, 0x00000000e2e00000|  0%| F|  |TAMS 0x00000000e2d00000| PB 0x00000000e2d00000| Untracked 
|  46|0x00000000e2e00000, 0x00000000e2e00000, 0x00000000e2f00000|  0%| F|  |TAMS 0x00000000e2e00000| PB 0x00000000e2e00000| Untracked 
|  47|0x00000000e2f00000, 0x00000000e2f00000, 0x00000000e3000000|  0%| F|  |TAMS 0x00000000e2f00000| PB 0x00000000e2f00000| Untracked 
|  48|0x00000000e3000000, 0x00000000e3000000, 0x00000000e3100000|  0%| F|  |TAMS 0x00000000e3000000| PB 0x00000000e3000000| Untracked 
|  49|0x00000000e3100000, 0x00000000e3100000, 0x00000000e3200000|  0%| F|  |TAMS 0x00000000e3100000| PB 0x00000000e3100000| Untracked 
|  50|0x00000000e3200000, 0x00000000e3200000, 0x00000000e3300000|  0%| F|  |TAMS 0x00000000e3200000| PB 0x00000000e3200000| Untracked 
|  51|0x00000000e3300000, 0x00000000e3300000, 0x00000000e3400000|  0%| F|  |TAMS 0x00000000e3300000| PB 0x00000000e3300000| Untracked 
|  52|0x00000000e3400000, 0x00000000e3400000, 0x00000000e3500000|  0%| F|  |TAMS 0x00000000e3400000| PB 0x00000000e3400000| Untracked 
|  53|0x00000000e3500000, 0x00000000e3500000, 0x00000000e3600000|  0%| F|  |TAMS 0x00000000e3500000| PB 0x00000000e3500000| Untracked 
|  54|0x00000000e3600000, 0x00000000e3600000, 0x00000000e3700000|  0%| F|  |TAMS 0x00000000e3600000| PB 0x00000000e3600000| Untracked 
|  55|0x00000000e3700000, 0x00000000e3700000, 0x00000000e3800000|  0%| F|  |TAMS 0x00000000e3700000| PB 0x00000000e3700000| Untracked 
|  56|0x00000000e3800000, 0x00000000e3800000, 0x00000000e3900000|  0%| F|  |TAMS 0x00000000e3800000| PB 0x00000000e3800000| Untracked 
|  57|0x00000000e3900000, 0x00000000e3900000, 0x00000000e3a00000|  0%| F|  |TAMS 0x00000000e3900000| PB 0x00000000e3900000| Untracked 
|  58|0x00000000e3a00000, 0x00000000e3a00000, 0x00000000e3b00000|  0%| F|  |TAMS 0x00000000e3a00000| PB 0x00000000e3a00000| Untracked 
|  59|0x00000000e3b00000, 0x00000000e3b00000, 0x00000000e3c00000|  0%| F|  |TAMS 0x00000000e3b00000| PB 0x00000000e3b00000| Untracked 
|  60|0x00000000e3c00000, 0x00000000e3c00000, 0x00000000e3d00000|  0%| F|  |TAMS 0x00000000e3c00000| PB 0x00000000e3c00000| Untracked 
|  61|0x00000000e3d00000, 0x00000000e3d00000, 0x00000000e3e00000|  0%| F|  |TAMS 0x00000000e3d00000| PB 0x00000000e3d00000| Untracked 
|  62|0x00000000e3e00000, 0x00000000e3e00000, 0x00000000e3f00000|  0%| F|  |TAMS 0x00000000e3e00000| PB 0x00000000e3e00000| Untracked 
|  63|0x00000000e3f00000, 0x00000000e3f00000, 0x00000000e4000000|  0%| F|  |TAMS 0x00000000e3f00000| PB 0x00000000e3f00000| Untracked 
|  64|0x00000000e4000000, 0x00000000e4000000, 0x00000000e4100000|  0%| F|  |TAMS 0x00000000e4000000| PB 0x00000000e4000000| Untracked 
|  65|0x00000000e4100000, 0x00000000e4100000, 0x00000000e4200000|  0%| F|  |TAMS 0x00000000e4100000| PB 0x00000000e4100000| Untracked 
|  66|0x00000000e4200000, 0x00000000e4200000, 0x00000000e4300000|  0%| F|  |TAMS 0x00000000e4200000| PB 0x00000000e4200000| Untracked 
|  67|0x00000000e4300000, 0x00000000e4300000, 0x00000000e4400000|  0%| F|  |TAMS 0x00000000e4300000| PB 0x00000000e4300000| Untracked 
|  68|0x00000000e4400000, 0x00000000e4400000, 0x00000000e4500000|  0%| F|  |TAMS 0x00000000e4400000| PB 0x00000000e4400000| Untracked 
|  69|0x00000000e4500000, 0x00000000e4500000, 0x00000000e4600000|  0%| F|  |TAMS 0x00000000e4500000| PB 0x00000000e4500000| Untracked 
|  70|0x00000000e4600000, 0x00000000e4600000, 0x00000000e4700000|  0%| F|  |TAMS 0x00000000e4600000| PB 0x00000000e4600000| Untracked 
|  71|0x00000000e4700000, 0x00000000e4700000, 0x00000000e4800000|  0%| F|  |TAMS 0x00000000e4700000| PB 0x00000000e4700000| Untracked 
|  72|0x00000000e4800000, 0x00000000e4800000, 0x00000000e4900000|  0%| F|  |TAMS 0x00000000e4800000| PB 0x00000000e4800000| Untracked 
|  73|0x00000000e4900000, 0x00000000e4900000, 0x00000000e4a00000|  0%| F|  |TAMS 0x00000000e4900000| PB 0x00000000e4900000| Untracked 
|  74|0x00000000e4a00000, 0x00000000e4a00000, 0x00000000e4b00000|  0%| F|  |TAMS 0x00000000e4a00000| PB 0x00000000e4a00000| Untracked 
|  75|0x00000000e4b00000, 0x00000000e4b00000, 0x00000000e4c00000|  0%| F|  |TAMS 0x00000000e4b00000| PB 0x00000000e4b00000| Untracked 
|  76|0x00000000e4c00000, 0x00000000e4c00000, 0x00000000e4d00000|  0%| F|  |TAMS 0x00000000e4c00000| PB 0x00000000e4c00000| Untracked 
|  77|0x00000000e4d00000, 0x00000000e4d00000, 0x00000000e4e00000|  0%| F|  |TAMS 0x00000000e4d00000| PB 0x00000000e4d00000| Untracked 
|  78|0x00000000e4e00000, 0x00000000e4e00000, 0x00000000e4f00000|  0%| F|  |TAMS 0x00000000e4e00000| PB 0x00000000e4e00000| Untracked 
|  79|0x00000000e4f00000, 0x00000000e4f00000, 0x00000000e5000000|  0%| F|  |TAMS 0x00000000e4f00000| PB 0x00000000e4f00000| Untracked 
|  80|0x00000000e5000000, 0x00000000e5000000, 0x00000000e5100000|  0%| F|  |TAMS 0x00000000e5000000| PB 0x00000000e5000000| Untracked 
|  81|0x00000000e5100000, 0x00000000e5100000, 0x00000000e5200000|  0%| F|  |TAMS 0x00000000e5100000| PB 0x00000000e5100000| Untracked 
|  82|0x00000000e5200000, 0x00000000e5200000, 0x00000000e5300000|  0%| F|  |TAMS 0x00000000e5200000| PB 0x00000000e5200000| Untracked 
|  83|0x00000000e5300000, 0x00000000e5300000, 0x00000000e5400000|  0%| F|  |TAMS 0x00000000e5300000| PB 0x00000000e5300000| Untracked 
|  84|0x00000000e5400000, 0x00000000e5400000, 0x00000000e5500000|  0%| F|  |TAMS 0x00000000e5400000| PB 0x00000000e5400000| Untracked 
|  85|0x00000000e5500000, 0x00000000e5500000, 0x00000000e5600000|  0%| F|  |TAMS 0x00000000e5500000| PB 0x00000000e5500000| Untracked 
|  86|0x00000000e5600000, 0x00000000e5600000, 0x00000000e5700000|  0%| F|  |TAMS 0x00000000e5600000| PB 0x00000000e5600000| Untracked 
|  87|0x00000000e5700000, 0x00000000e5700000, 0x00000000e5800000|  0%| F|  |TAMS 0x00000000e5700000| PB 0x00000000e5700000| Untracked 
|  88|0x00000000e5800000, 0x00000000e5800000, 0x00000000e5900000|  0%| F|  |TAMS 0x00000000e5800000| PB 0x00000000e5800000| Untracked 
|  89|0x00000000e5900000, 0x00000000e5900000, 0x00000000e5a00000|  0%| F|  |TAMS 0x00000000e5900000| PB 0x00000000e5900000| Untracked 
|  90|0x00000000e5a00000, 0x00000000e5a00000, 0x00000000e5b00000|  0%| F|  |TAMS 0x00000000e5a00000| PB 0x00000000e5a00000| Untracked 
|  91|0x00000000e5b00000, 0x00000000e5b00000, 0x00000000e5c00000|  0%| F|  |TAMS 0x00000000e5b00000| PB 0x00000000e5b00000| Untracked 
|  92|0x00000000e5c00000, 0x00000000e5c00000, 0x00000000e5d00000|  0%| F|  |TAMS 0x00000000e5c00000| PB 0x00000000e5c00000| Untracked 
|  93|0x00000000e5d00000, 0x00000000e5d00000, 0x00000000e5e00000|  0%| F|  |TAMS 0x00000000e5d00000| PB 0x00000000e5d00000| Untracked 
|  94|0x00000000e5e00000, 0x00000000e5e00000, 0x00000000e5f00000|  0%| F|  |TAMS 0x00000000e5e00000| PB 0x00000000e5e00000| Untracked 
|  95|0x00000000e5f00000, 0x00000000e5f00000, 0x00000000e6000000|  0%| F|  |TAMS 0x00000000e5f00000| PB 0x00000000e5f00000| Untracked 
|  96|0x00000000e6000000, 0x00000000e6000000, 0x00000000e6100000|  0%| F|  |TAMS 0x00000000e6000000| PB 0x00000000e6000000| Untracked 
|  97|0x00000000e6100000, 0x00000000e6100000, 0x00000000e6200000|  0%| F|  |TAMS 0x00000000e6100000| PB 0x00000000e6100000| Untracked 
|  98|0x00000000e6200000, 0x00000000e6200000, 0x00000000e6300000|  0%| F|  |TAMS 0x00000000e6200000| PB 0x00000000e6200000| Untracked 
|  99|0x00000000e6300000, 0x00000000e6300000, 0x00000000e6400000|  0%| F|  |TAMS 0x00000000e6300000| PB 0x00000000e6300000| Untracked 
| 100|0x00000000e6400000, 0x00000000e6400000, 0x00000000e6500000|  0%| F|  |TAMS 0x00000000e6400000| PB 0x00000000e6400000| Untracked 
| 101|0x00000000e6500000, 0x00000000e6500000, 0x00000000e6600000|  0%| F|  |TAMS 0x00000000e6500000| PB 0x00000000e6500000| Untracked 
| 102|0x00000000e6600000, 0x00000000e6600000, 0x00000000e6700000|  0%| F|  |TAMS 0x00000000e6600000| PB 0x00000000e6600000| Untracked 
| 103|0x00000000e6700000, 0x00000000e6700000, 0x00000000e6800000|  0%| F|  |TAMS 0x00000000e6700000| PB 0x00000000e6700000| Untracked 
| 104|0x00000000e6800000, 0x00000000e6800000, 0x00000000e6900000|  0%| F|  |TAMS 0x00000000e6800000| PB 0x00000000e6800000| Untracked 
| 105|0x00000000e6900000, 0x00000000e6900000, 0x00000000e6a00000|  0%| F|  |TAMS 0x00000000e6900000| PB 0x00000000e6900000| Untracked 
| 106|0x00000000e6a00000, 0x00000000e6a00000, 0x00000000e6b00000|  0%| F|  |TAMS 0x00000000e6a00000| PB 0x00000000e6a00000| Untracked 
| 107|0x00000000e6b00000, 0x00000000e6b00000, 0x00000000e6c00000|  0%| F|  |TAMS 0x00000000e6b00000| PB 0x00000000e6b00000| Untracked 
| 108|0x00000000e6c00000, 0x00000000e6c00000, 0x00000000e6d00000|  0%| F|  |TAMS 0x00000000e6c00000| PB 0x00000000e6c00000| Untracked 
| 109|0x00000000e6d00000, 0x00000000e6d00000, 0x00000000e6e00000|  0%| F|  |TAMS 0x00000000e6d00000| PB 0x00000000e6d00000| Untracked 
| 110|0x00000000e6e00000, 0x00000000e6e00000, 0x00000000e6f00000|  0%| F|  |TAMS 0x00000000e6e00000| PB 0x00000000e6e00000| Untracked 
| 111|0x00000000e6f00000, 0x00000000e6f00000, 0x00000000e7000000|  0%| F|  |TAMS 0x00000000e6f00000| PB 0x00000000e6f00000| Untracked 
| 112|0x00000000e7000000, 0x00000000e7000000, 0x00000000e7100000|  0%| F|  |TAMS 0x00000000e7000000| PB 0x00000000e7000000| Untracked 
| 113|0x00000000e7100000, 0x00000000e7100000, 0x00000000e7200000|  0%| F|  |TAMS 0x00000000e7100000| PB 0x00000000e7100000| Untracked 
| 114|0x00000000e7200000, 0x00000000e7200000, 0x00000000e7300000|  0%| F|  |TAMS 0x00000000e7200000| PB 0x00000000e7200000| Untracked 
| 115|0x00000000e7300000, 0x00000000e7300000, 0x00000000e7400000|  0%| F|  |TAMS 0x00000000e7300000| PB 0x00000000e7300000| Untracked 
| 116|0x00000000e7400000, 0x00000000e7400000, 0x00000000e7500000|  0%| F|  |TAMS 0x00000000e7400000| PB 0x00000000e7400000| Untracked 
| 117|0x00000000e7500000, 0x00000000e7500000, 0x00000000e7600000|  0%| F|  |TAMS 0x00000000e7500000| PB 0x00000000e7500000| Untracked 
| 118|0x00000000e7600000, 0x00000000e7600000, 0x00000000e7700000|  0%| F|  |TAMS 0x00000000e7600000| PB 0x00000000e7600000| Untracked 
| 119|0x00000000e7700000, 0x00000000e7700000, 0x00000000e7800000|  0%| F|  |TAMS 0x00000000e7700000| PB 0x00000000e7700000| Untracked 
| 120|0x00000000e7800000, 0x00000000e7800000, 0x00000000e7900000|  0%| F|  |TAMS 0x00000000e7800000| PB 0x00000000e7800000| Untracked 
| 121|0x00000000e7900000, 0x00000000e7900000, 0x00000000e7a00000|  0%| F|  |TAMS 0x00000000e7900000| PB 0x00000000e7900000| Untracked 
| 122|0x00000000e7a00000, 0x00000000e7a00000, 0x00000000e7b00000|  0%| F|  |TAMS 0x00000000e7a00000| PB 0x00000000e7a00000| Untracked 
| 123|0x00000000e7b00000, 0x00000000e7b00000, 0x00000000e7c00000|  0%| F|  |TAMS 0x00000000e7b00000| PB 0x00000000e7b00000| Untracked 
| 124|0x00000000e7c00000, 0x00000000e7c00000, 0x00000000e7d00000|  0%| F|  |TAMS 0x00000000e7c00000| PB 0x00000000e7c00000| Untracked 
| 125|0x00000000e7d00000, 0x00000000e7d00000, 0x00000000e7e00000|  0%| F|  |TAMS 0x00000000e7d00000| PB 0x00000000e7d00000| Untracked 
| 126|0x00000000e7e00000, 0x00000000e7e00000, 0x00000000e7f00000|  0%| F|  |TAMS 0x00000000e7e00000| PB 0x00000000e7e00000| Untracked 
| 127|0x00000000e7f00000, 0x00000000e7f00000, 0x00000000e8000000|  0%| F|  |TAMS 0x00000000e7f00000| PB 0x00000000e7f00000| Untracked 
| 128|0x00000000e8000000, 0x00000000e8000000, 0x00000000e8100000|  0%| F|  |TAMS 0x00000000e8000000| PB 0x00000000e8000000| Untracked 
| 129|0x00000000e8100000, 0x00000000e8100000, 0x00000000e8200000|  0%| F|  |TAMS 0x00000000e8100000| PB 0x00000000e8100000| Untracked 
| 130|0x00000000e8200000, 0x00000000e8200000, 0x00000000e8300000|  0%| F|  |TAMS 0x00000000e8200000| PB 0x00000000e8200000| Untracked 
| 131|0x00000000e8300000, 0x00000000e8300000, 0x00000000e8400000|  0%| F|  |TAMS 0x00000000e8300000| PB 0x00000000e8300000| Untracked 
| 132|0x00000000e8400000, 0x00000000e8400000, 0x00000000e8500000|  0%| F|  |TAMS 0x00000000e8400000| PB 0x00000000e8400000| Untracked 
| 133|0x00000000e8500000, 0x00000000e8500000, 0x00000000e8600000|  0%| F|  |TAMS 0x00000000e8500000| PB 0x00000000e8500000| Untracked 
| 134|0x00000000e8600000, 0x00000000e8600000, 0x00000000e8700000|  0%| F|  |TAMS 0x00000000e8600000| PB 0x00000000e8600000| Untracked 
| 135|0x00000000e8700000, 0x00000000e8700000, 0x00000000e8800000|  0%| F|  |TAMS 0x00000000e8700000| PB 0x00000000e8700000| Untracked 
| 136|0x00000000e8800000, 0x00000000e8800000, 0x00000000e8900000|  0%| F|  |TAMS 0x00000000e8800000| PB 0x00000000e8800000| Untracked 
| 137|0x00000000e8900000, 0x00000000e8900000, 0x00000000e8a00000|  0%| F|  |TAMS 0x00000000e8900000| PB 0x00000000e8900000| Untracked 
| 138|0x00000000e8a00000, 0x00000000e8a00000, 0x00000000e8b00000|  0%| F|  |TAMS 0x00000000e8a00000| PB 0x00000000e8a00000| Untracked 
| 139|0x00000000e8b00000, 0x00000000e8b00000, 0x00000000e8c00000|  0%| F|  |TAMS 0x00000000e8b00000| PB 0x00000000e8b00000| Untracked 
| 140|0x00000000e8c00000, 0x00000000e8c00000, 0x00000000e8d00000|  0%| F|  |TAMS 0x00000000e8c00000| PB 0x00000000e8c00000| Untracked 
| 141|0x00000000e8d00000, 0x00000000e8d00000, 0x00000000e8e00000|  0%| F|  |TAMS 0x00000000e8d00000| PB 0x00000000e8d00000| Untracked 
| 142|0x00000000e8e00000, 0x00000000e8e00000, 0x00000000e8f00000|  0%| F|  |TAMS 0x00000000e8e00000| PB 0x00000000e8e00000| Untracked 
| 143|0x00000000e8f00000, 0x00000000e8f00000, 0x00000000e9000000|  0%| F|  |TAMS 0x00000000e8f00000| PB 0x00000000e8f00000| Untracked 
| 144|0x00000000e9000000, 0x00000000e9000000, 0x00000000e9100000|  0%| F|  |TAMS 0x00000000e9000000| PB 0x00000000e9000000| Untracked 
| 145|0x00000000e9100000, 0x00000000e9100000, 0x00000000e9200000|  0%| F|  |TAMS 0x00000000e9100000| PB 0x00000000e9100000| Untracked 
| 146|0x00000000e9200000, 0x00000000e9200000, 0x00000000e9300000|  0%| F|  |TAMS 0x00000000e9200000| PB 0x00000000e9200000| Untracked 
| 147|0x00000000e9300000, 0x00000000e9300000, 0x00000000e9400000|  0%| F|  |TAMS 0x00000000e9300000| PB 0x00000000e9300000| Untracked 
| 148|0x00000000e9400000, 0x00000000e9400000, 0x00000000e9500000|  0%| F|  |TAMS 0x00000000e9400000| PB 0x00000000e9400000| Untracked 
| 149|0x00000000e9500000, 0x00000000e9500000, 0x00000000e9600000|  0%| F|  |TAMS 0x00000000e9500000| PB 0x00000000e9500000| Untracked 
| 150|0x00000000e9600000, 0x00000000e9600000, 0x00000000e9700000|  0%| F|  |TAMS 0x00000000e9600000| PB 0x00000000e9600000| Untracked 
| 151|0x00000000e9700000, 0x00000000e9700000, 0x00000000e9800000|  0%| F|  |TAMS 0x00000000e9700000| PB 0x00000000e9700000| Untracked 
| 152|0x00000000e9800000, 0x00000000e9800000, 0x00000000e9900000|  0%| F|  |TAMS 0x00000000e9800000| PB 0x00000000e9800000| Untracked 
| 153|0x00000000e9900000, 0x00000000e9900000, 0x00000000e9a00000|  0%| F|  |TAMS 0x00000000e9900000| PB 0x00000000e9900000| Untracked 
| 154|0x00000000e9a00000, 0x00000000e9a00000, 0x00000000e9b00000|  0%| F|  |TAMS 0x00000000e9a00000| PB 0x00000000e9a00000| Untracked 
| 155|0x00000000e9b00000, 0x00000000e9b00000, 0x00000000e9c00000|  0%| F|  |TAMS 0x00000000e9b00000| PB 0x00000000e9b00000| Untracked 
| 156|0x00000000e9c00000, 0x00000000e9c00000, 0x00000000e9d00000|  0%| F|  |TAMS 0x00000000e9c00000| PB 0x00000000e9c00000| Untracked 
| 157|0x00000000e9d00000, 0x00000000e9d00000, 0x00000000e9e00000|  0%| F|  |TAMS 0x00000000e9d00000| PB 0x00000000e9d00000| Untracked 
| 158|0x00000000e9e00000, 0x00000000e9e00000, 0x00000000e9f00000|  0%| F|  |TAMS 0x00000000e9e00000| PB 0x00000000e9e00000| Untracked 
| 159|0x00000000e9f00000, 0x00000000e9f00000, 0x00000000ea000000|  0%| F|  |TAMS 0x00000000e9f00000| PB 0x00000000e9f00000| Untracked 
| 160|0x00000000ea000000, 0x00000000ea000000, 0x00000000ea100000|  0%| F|  |TAMS 0x00000000ea000000| PB 0x00000000ea000000| Untracked 
| 161|0x00000000ea100000, 0x00000000ea100000, 0x00000000ea200000|  0%| F|  |TAMS 0x00000000ea100000| PB 0x00000000ea100000| Untracked 
| 162|0x00000000ea200000, 0x00000000ea200000, 0x00000000ea300000|  0%| F|  |TAMS 0x00000000ea200000| PB 0x00000000ea200000| Untracked 
| 163|0x00000000ea300000, 0x00000000ea300000, 0x00000000ea400000|  0%| F|  |TAMS 0x00000000ea300000| PB 0x00000000ea300000| Untracked 
| 164|0x00000000ea400000, 0x00000000ea400000, 0x00000000ea500000|  0%| F|  |TAMS 0x00000000ea400000| PB 0x00000000ea400000| Untracked 
| 165|0x00000000ea500000, 0x00000000ea500000, 0x00000000ea600000|  0%| F|  |TAMS 0x00000000ea500000| PB 0x00000000ea500000| Untracked 
| 166|0x00000000ea600000, 0x00000000ea600000, 0x00000000ea700000|  0%| F|  |TAMS 0x00000000ea600000| PB 0x00000000ea600000| Untracked 
| 167|0x00000000ea700000, 0x00000000ea700000, 0x00000000ea800000|  0%| F|  |TAMS 0x00000000ea700000| PB 0x00000000ea700000| Untracked 
| 168|0x00000000ea800000, 0x00000000ea800000, 0x00000000ea900000|  0%| F|  |TAMS 0x00000000ea800000| PB 0x00000000ea800000| Untracked 
| 169|0x00000000ea900000, 0x00000000ea900000, 0x00000000eaa00000|  0%| F|  |TAMS 0x00000000ea900000| PB 0x00000000ea900000| Untracked 
| 170|0x00000000eaa00000, 0x00000000eaa00000, 0x00000000eab00000|  0%| F|  |TAMS 0x00000000eaa00000| PB 0x00000000eaa00000| Untracked 
| 171|0x00000000eab00000, 0x00000000eab00000, 0x00000000eac00000|  0%| F|  |TAMS 0x00000000eab00000| PB 0x00000000eab00000| Untracked 
| 172|0x00000000eac00000, 0x00000000eac00000, 0x00000000ead00000|  0%| F|  |TAMS 0x00000000eac00000| PB 0x00000000eac00000| Untracked 
| 173|0x00000000ead00000, 0x00000000ead00000, 0x00000000eae00000|  0%| F|  |TAMS 0x00000000ead00000| PB 0x00000000ead00000| Untracked 
| 174|0x00000000eae00000, 0x00000000eae00000, 0x00000000eaf00000|  0%| F|  |TAMS 0x00000000eae00000| PB 0x00000000eae00000| Untracked 
| 175|0x00000000eaf00000, 0x00000000eaf00000, 0x00000000eb000000|  0%| F|  |TAMS 0x00000000eaf00000| PB 0x00000000eaf00000| Untracked 
| 176|0x00000000eb000000, 0x00000000eb000000, 0x00000000eb100000|  0%| F|  |TAMS 0x00000000eb000000| PB 0x00000000eb000000| Untracked 
| 177|0x00000000eb100000, 0x00000000eb100000, 0x00000000eb200000|  0%| F|  |TAMS 0x00000000eb100000| PB 0x00000000eb100000| Untracked 
| 178|0x00000000eb200000, 0x00000000eb200000, 0x00000000eb300000|  0%| F|  |TAMS 0x00000000eb200000| PB 0x00000000eb200000| Untracked 
| 179|0x00000000eb300000, 0x00000000eb300000, 0x00000000eb400000|  0%| F|  |TAMS 0x00000000eb300000| PB 0x00000000eb300000| Untracked 
| 180|0x00000000eb400000, 0x00000000eb400000, 0x00000000eb500000|  0%| F|  |TAMS 0x00000000eb400000| PB 0x00000000eb400000| Untracked 
| 181|0x00000000eb500000, 0x00000000eb500000, 0x00000000eb600000|  0%| F|  |TAMS 0x00000000eb500000| PB 0x00000000eb500000| Untracked 
| 182|0x00000000eb600000, 0x00000000eb600000, 0x00000000eb700000|  0%| F|  |TAMS 0x00000000eb600000| PB 0x00000000eb600000| Untracked 
| 183|0x00000000eb700000, 0x00000000eb700000, 0x00000000eb800000|  0%| F|  |TAMS 0x00000000eb700000| PB 0x00000000eb700000| Untracked 
| 184|0x00000000eb800000, 0x00000000eb800000, 0x00000000eb900000|  0%| F|  |TAMS 0x00000000eb800000| PB 0x00000000eb800000| Untracked 
| 185|0x00000000eb900000, 0x00000000eb900000, 0x00000000eba00000|  0%| F|  |TAMS 0x00000000eb900000| PB 0x00000000eb900000| Untracked 
| 186|0x00000000eba00000, 0x00000000eba00000, 0x00000000ebb00000|  0%| F|  |TAMS 0x00000000eba00000| PB 0x00000000eba00000| Untracked 
| 187|0x00000000ebb00000, 0x00000000ebb00000, 0x00000000ebc00000|  0%| F|  |TAMS 0x00000000ebb00000| PB 0x00000000ebb00000| Untracked 
| 188|0x00000000ebc00000, 0x00000000ebc00000, 0x00000000ebd00000|  0%| F|  |TAMS 0x00000000ebc00000| PB 0x00000000ebc00000| Untracked 
| 189|0x00000000ebd00000, 0x00000000ebd00000, 0x00000000ebe00000|  0%| F|  |TAMS 0x00000000ebd00000| PB 0x00000000ebd00000| Untracked 
| 190|0x00000000ebe00000, 0x00000000ebe00000, 0x00000000ebf00000|  0%| F|  |TAMS 0x00000000ebe00000| PB 0x00000000ebe00000| Untracked 
| 191|0x00000000ebf00000, 0x00000000ebf00000, 0x00000000ec000000|  0%| F|  |TAMS 0x00000000ebf00000| PB 0x00000000ebf00000| Untracked 
| 192|0x00000000ec000000, 0x00000000ec000000, 0x00000000ec100000|  0%| F|  |TAMS 0x00000000ec000000| PB 0x00000000ec000000| Untracked 
| 193|0x00000000ec100000, 0x00000000ec100000, 0x00000000ec200000|  0%| F|  |TAMS 0x00000000ec100000| PB 0x00000000ec100000| Untracked 
| 194|0x00000000ec200000, 0x00000000ec200000, 0x00000000ec300000|  0%| F|  |TAMS 0x00000000ec200000| PB 0x00000000ec200000| Untracked 
| 195|0x00000000ec300000, 0x00000000ec300000, 0x00000000ec400000|  0%| F|  |TAMS 0x00000000ec300000| PB 0x00000000ec300000| Untracked 
| 196|0x00000000ec400000, 0x00000000ec400000, 0x00000000ec500000|  0%| F|  |TAMS 0x00000000ec400000| PB 0x00000000ec400000| Untracked 
| 197|0x00000000ec500000, 0x00000000ec500000, 0x00000000ec600000|  0%| F|  |TAMS 0x00000000ec500000| PB 0x00000000ec500000| Untracked 
| 198|0x00000000ec600000, 0x00000000ec600000, 0x00000000ec700000|  0%| F|  |TAMS 0x00000000ec600000| PB 0x00000000ec600000| Untracked 
| 199|0x00000000ec700000, 0x00000000ec700000, 0x00000000ec800000|  0%| F|  |TAMS 0x00000000ec700000| PB 0x00000000ec700000| Untracked 
| 200|0x00000000ec800000, 0x00000000ec800000, 0x00000000ec900000|  0%| F|  |TAMS 0x00000000ec800000| PB 0x00000000ec800000| Untracked 
| 201|0x00000000ec900000, 0x00000000ec900000, 0x00000000eca00000|  0%| F|  |TAMS 0x00000000ec900000| PB 0x00000000ec900000| Untracked 
| 202|0x00000000eca00000, 0x00000000eca00000, 0x00000000ecb00000|  0%| F|  |TAMS 0x00000000eca00000| PB 0x00000000eca00000| Untracked 
| 203|0x00000000ecb00000, 0x00000000ecb00000, 0x00000000ecc00000|  0%| F|  |TAMS 0x00000000ecb00000| PB 0x00000000ecb00000| Untracked 
| 204|0x00000000ecc00000, 0x00000000ecc00000, 0x00000000ecd00000|  0%| F|  |TAMS 0x00000000ecc00000| PB 0x00000000ecc00000| Untracked 
| 205|0x00000000ecd00000, 0x00000000ecd00000, 0x00000000ece00000|  0%| F|  |TAMS 0x00000000ecd00000| PB 0x00000000ecd00000| Untracked 
| 206|0x00000000ece00000, 0x00000000ece00000, 0x00000000ecf00000|  0%| F|  |TAMS 0x00000000ece00000| PB 0x00000000ece00000| Untracked 
| 207|0x00000000ecf00000, 0x00000000ecf00000, 0x00000000ed000000|  0%| F|  |TAMS 0x00000000ecf00000| PB 0x00000000ecf00000| Untracked 
| 208|0x00000000ed000000, 0x00000000ed000000, 0x00000000ed100000|  0%| F|  |TAMS 0x00000000ed000000| PB 0x00000000ed000000| Untracked 
| 209|0x00000000ed100000, 0x00000000ed100000, 0x00000000ed200000|  0%| F|  |TAMS 0x00000000ed100000| PB 0x00000000ed100000| Untracked 
| 210|0x00000000ed200000, 0x00000000ed200000, 0x00000000ed300000|  0%| F|  |TAMS 0x00000000ed200000| PB 0x00000000ed200000| Untracked 
| 211|0x00000000ed300000, 0x00000000ed300000, 0x00000000ed400000|  0%| F|  |TAMS 0x00000000ed300000| PB 0x00000000ed300000| Untracked 
| 212|0x00000000ed400000, 0x00000000ed400000, 0x00000000ed500000|  0%| F|  |TAMS 0x00000000ed400000| PB 0x00000000ed400000| Untracked 
| 213|0x00000000ed500000, 0x00000000ed500000, 0x00000000ed600000|  0%| F|  |TAMS 0x00000000ed500000| PB 0x00000000ed500000| Untracked 
| 214|0x00000000ed600000, 0x00000000ed600000, 0x00000000ed700000|  0%| F|  |TAMS 0x00000000ed600000| PB 0x00000000ed600000| Untracked 
| 215|0x00000000ed700000, 0x00000000ed700000, 0x00000000ed800000|  0%| F|  |TAMS 0x00000000ed700000| PB 0x00000000ed700000| Untracked 
| 216|0x00000000ed800000, 0x00000000ed800000, 0x00000000ed900000|  0%| F|  |TAMS 0x00000000ed800000| PB 0x00000000ed800000| Untracked 
| 217|0x00000000ed900000, 0x00000000ed900000, 0x00000000eda00000|  0%| F|  |TAMS 0x00000000ed900000| PB 0x00000000ed900000| Untracked 
| 218|0x00000000eda00000, 0x00000000eda00000, 0x00000000edb00000|  0%| F|  |TAMS 0x00000000eda00000| PB 0x00000000eda00000| Untracked 
| 219|0x00000000edb00000, 0x00000000edb64f10, 0x00000000edc00000| 39%| E|  |TAMS 0x00000000edb00000| PB 0x00000000edb00000| Complete 
| 220|0x00000000edc00000, 0x00000000edd00000, 0x00000000edd00000|100%| E|CS|TAMS 0x00000000edc00000| PB 0x00000000edc00000| Complete 
| 221|0x00000000edd00000, 0x00000000ede00000, 0x00000000ede00000|100%| E|CS|TAMS 0x00000000edd00000| PB 0x00000000edd00000| Complete 
| 222|0x00000000ede00000, 0x00000000edf00000, 0x00000000edf00000|100%| E|CS|TAMS 0x00000000ede00000| PB 0x00000000ede00000| Complete 
| 223|0x00000000edf00000, 0x00000000ee000000, 0x00000000ee000000|100%| E|CS|TAMS 0x00000000edf00000| PB 0x00000000edf00000| Complete 
| 224|0x00000000ee000000, 0x00000000ee100000, 0x00000000ee100000|100%| E|CS|TAMS 0x00000000ee000000| PB 0x00000000ee000000| Complete 
| 225|0x00000000ee100000, 0x00000000ee200000, 0x00000000ee200000|100%| E|CS|TAMS 0x00000000ee100000| PB 0x00000000ee100000| Complete 
| 226|0x00000000ee200000, 0x00000000ee300000, 0x00000000ee300000|100%| E|CS|TAMS 0x00000000ee200000| PB 0x00000000ee200000| Complete 
| 227|0x00000000ee300000, 0x00000000ee400000, 0x00000000ee400000|100%| E|CS|TAMS 0x00000000ee300000| PB 0x00000000ee300000| Complete 
| 228|0x00000000ee400000, 0x00000000ee500000, 0x00000000ee500000|100%| E|CS|TAMS 0x00000000ee400000| PB 0x00000000ee400000| Complete 
| 229|0x00000000ee500000, 0x00000000ee541330, 0x00000000ee600000| 25%| S|CS|TAMS 0x00000000ee500000| PB 0x00000000ee500000| Complete 
| 230|0x00000000ee600000, 0x00000000ee700000, 0x00000000ee700000|100%| S|CS|TAMS 0x00000000ee600000| PB 0x00000000ee600000| Complete 
| 231|0x00000000ee700000, 0x00000000ee800000, 0x00000000ee800000|100%| S|CS|TAMS 0x00000000ee700000| PB 0x00000000ee700000| Complete 
| 232|0x00000000ee800000, 0x00000000ee900000, 0x00000000ee900000|100%| E|CS|TAMS 0x00000000ee800000| PB 0x00000000ee800000| Complete 
| 233|0x00000000ee900000, 0x00000000eea00000, 0x00000000eea00000|100%| E|CS|TAMS 0x00000000ee900000| PB 0x00000000ee900000| Complete 
| 234|0x00000000eea00000, 0x00000000eeb00000, 0x00000000eeb00000|100%| E|CS|TAMS 0x00000000eea00000| PB 0x00000000eea00000| Complete 
| 235|0x00000000eeb00000, 0x00000000eec00000, 0x00000000eec00000|100%| E|CS|TAMS 0x00000000eeb00000| PB 0x00000000eeb00000| Complete 
| 236|0x00000000eec00000, 0x00000000eed00000, 0x00000000eed00000|100%| E|CS|TAMS 0x00000000eec00000| PB 0x00000000eec00000| Complete 
| 237|0x00000000eed00000, 0x00000000eee00000, 0x00000000eee00000|100%| E|CS|TAMS 0x00000000eed00000| PB 0x00000000eed00000| Complete 
| 238|0x00000000eee00000, 0x00000000eef00000, 0x00000000eef00000|100%| E|CS|TAMS 0x00000000eee00000| PB 0x00000000eee00000| Complete 
| 239|0x00000000eef00000, 0x00000000ef000000, 0x00000000ef000000|100%| E|CS|TAMS 0x00000000eef00000| PB 0x00000000eef00000| Complete 
| 240|0x00000000ef000000, 0x00000000ef100000, 0x00000000ef100000|100%| E|CS|TAMS 0x00000000ef000000| PB 0x00000000ef000000| Complete 
| 241|0x00000000ef100000, 0x00000000ef200000, 0x00000000ef200000|100%| E|CS|TAMS 0x00000000ef100000| PB 0x00000000ef100000| Complete 
| 242|0x00000000ef200000, 0x00000000ef300000, 0x00000000ef300000|100%| E|CS|TAMS 0x00000000ef200000| PB 0x00000000ef200000| Complete 
| 243|0x00000000ef300000, 0x00000000ef400000, 0x00000000ef400000|100%| E|CS|TAMS 0x00000000ef300000| PB 0x00000000ef300000| Complete 
| 244|0x00000000ef400000, 0x00000000ef500000, 0x00000000ef500000|100%| E|CS|TAMS 0x00000000ef400000| PB 0x00000000ef400000| Complete 
| 245|0x00000000ef500000, 0x00000000ef600000, 0x00000000ef600000|100%| E|CS|TAMS 0x00000000ef500000| PB 0x00000000ef500000| Complete 
| 246|0x00000000ef600000, 0x00000000ef700000, 0x00000000ef700000|100%| E|CS|TAMS 0x00000000ef600000| PB 0x00000000ef600000| Complete 
| 247|0x00000000ef700000, 0x00000000ef800000, 0x00000000ef800000|100%| E|CS|TAMS 0x00000000ef700000| PB 0x00000000ef700000| Complete 
| 248|0x00000000ef800000, 0x00000000ef900000, 0x00000000ef900000|100%| E|CS|TAMS 0x00000000ef800000| PB 0x00000000ef800000| Complete 
| 249|0x00000000ef900000, 0x00000000efa00000, 0x00000000efa00000|100%| E|CS|TAMS 0x00000000ef900000| PB 0x00000000ef900000| Complete 
| 250|0x00000000efa00000, 0x00000000efb00000, 0x00000000efb00000|100%| E|CS|TAMS 0x00000000efa00000| PB 0x00000000efa00000| Complete 
| 251|0x00000000efb00000, 0x00000000efc00000, 0x00000000efc00000|100%| E|CS|TAMS 0x00000000efb00000| PB 0x00000000efb00000| Complete 
| 252|0x00000000efc00000, 0x00000000efd00000, 0x00000000efd00000|100%| E|CS|TAMS 0x00000000efc00000| PB 0x00000000efc00000| Complete 
| 253|0x00000000efd00000, 0x00000000efe00000, 0x00000000efe00000|100%| E|CS|TAMS 0x00000000efd00000| PB 0x00000000efd00000| Complete 
| 254|0x00000000efe00000, 0x00000000eff00000, 0x00000000eff00000|100%| E|CS|TAMS 0x00000000efe00000| PB 0x00000000efe00000| Complete 
| 255|0x00000000eff00000, 0x00000000f0000000, 0x00000000f0000000|100%| E|CS|TAMS 0x00000000eff00000| PB 0x00000000eff00000| Complete 

Card table byte_map: [0x000002705b9f0000,0x000002705baf0000] _byte_map_base: 0x000002705b2f0000

Marking Bits: (CMBitMap*) 0x0000027043f2b2e0
 Bits: [0x000002705baf0000, 0x000002705c2f0000)

Polling page: 0x0000027041eb0000

Metaspace:

Usage:
  Non-class:     20.99 MB used.
      Class:      3.49 MB used.
       Both:     24.48 MB used.

Virtual space:
  Non-class space:       64.00 MB reserved,      21.50 MB ( 34%) committed,  1 nodes.
      Class space:      320.00 MB reserved,       3.94 MB (  1%) committed,  1 nodes.
             Both:      384.00 MB reserved,      25.44 MB (  7%) committed. 

Chunk freelists:
   Non-Class:  9.67 MB
       Class:  11.88 MB
        Both:  21.55 MB

MaxMetaspaceSize: 384.00 MB
CompressedClassSpaceSize: 320.00 MB
Initial GC threshold: 21.00 MB
Current GC threshold: 35.12 MB
CDS: on
 - commit_granule_bytes: 65536.
 - commit_granule_words: 8192.
 - virtual_space_node_default_size: 8388608.
 - enlarge_chunks_in_place: 1.
 - use_allocation_guard: 0.


Internal statistics:

num_allocs_failed_limit: 3.
num_arena_births: 1502.
num_arena_deaths: 0.
num_vsnodes_births: 2.
num_vsnodes_deaths: 0.
num_space_committed: 407.
num_space_uncommitted: 0.
num_chunks_returned_to_freelist: 3.
num_chunks_taken_from_freelist: 2608.
num_chunk_merges: 3.
num_chunk_splits: 1682.
num_chunks_enlarged: 1059.
num_inconsistent_stats: 0.

CodeHeap 'non-profiled nmethods': size=120000Kb used=1620Kb max_used=1620Kb free=118379Kb
 bounds [0x0000027053e70000, 0x00000270540e0000, 0x000002705b3a0000]
CodeHeap 'profiled nmethods': size=120000Kb used=6846Kb max_used=6846Kb free=113153Kb
 bounds [0x000002704c3a0000, 0x000002704ca50000, 0x00000270538d0000]
CodeHeap 'non-nmethods': size=5760Kb used=1527Kb max_used=1576Kb free=4232Kb
 bounds [0x00000270538d0000, 0x0000027053b40000, 0x0000027053e70000]
 total_blobs=4069 nmethods=3476 adapters=496
 compilation: enabled
              stopped_count=0, restarted_count=0
 full_count=0

Compilation events (20 events):
Event: 42.300 Thread 0x0000027078124850 nmethod 3465 0x0000027054003110 code [0x0000027054003340, 0x0000027054003b90]
Event: 42.300 Thread 0x0000027078124850 3466       4       java.util.Objects::equals (23 bytes)
Event: 42.300 Thread 0x0000027078124850 nmethod 3466 0x0000027054004210 code [0x00000270540043a0, 0x0000027054004460]
Event: 42.300 Thread 0x0000027078124850 3467   !   4       java.security.AccessController::doPrivileged (26 bytes)
Event: 42.303 Thread 0x0000027078124850 nmethod 3467 0x0000027054004510 code [0x00000270540046c0, 0x0000027054004898]
Event: 42.304 Thread 0x0000027078124850 3451   !   4       java.net.URLClassLoader::findClass (47 bytes)
Event: 42.336 Thread 0x0000027078137820 3480       3       jdk.internal.misc.CDS::isDumpingClassList (4 bytes)
Event: 42.336 Thread 0x0000027078137820 nmethod 3480 0x000002704ca4ad90 code [0x000002704ca4af20, 0x000002704ca4b010]
Event: 42.340 Thread 0x0000027078137820 3483       3       org.gradle.internal.service.DefaultServiceRegistry$FactoryMethodService::getParameterTypes (10 bytes)
Event: 42.340 Thread 0x0000027078137820 nmethod 3483 0x000002704ca4b090 code [0x000002704ca4b240, 0x000002704ca4b450]
Event: 42.340 Thread 0x0000027078137820 3484       3       org.gradle.internal.service.DefaultServiceRegistry$FactoryMethodService::createServiceInstance (17 bytes)
Event: 42.340 Thread 0x0000027078137820 nmethod 3484 0x000002704ca4b590 code [0x000002704ca4b760, 0x000002704ca4b9d8]
Event: 42.390 Thread 0x0000027078137820 3485       3       java.lang.WeakPairMap$Pair$Weak::first (5 bytes)
Event: 42.391 Thread 0x0000027078137820 nmethod 3485 0x000002704ca4bb10 code [0x000002704ca4bca0, 0x000002704ca4be60]
Event: 42.404 Thread 0x0000027078137820 3487       3       jdk.internal.org.objectweb.asm.Frame::getAbstractTypeFromDescriptor (415 bytes)
Event: 42.406 Thread 0x0000027078137820 nmethod 3487 0x000002704ca4bf10 code [0x000002704ca4c2c0, 0x000002704ca4de10]
Event: 42.412 Thread 0x0000027078137820 3488       3       java.lang.invoke.DirectMethodHandle$Holder::newInvokeSpecial (20 bytes)
Event: 42.412 Thread 0x0000027078137820 nmethod 3488 0x000002704ca4e710 code [0x000002704ca4e900, 0x000002704ca4efc0]
Event: 42.477 Thread 0x0000027078137820 3489   !   3       java.util.concurrent.locks.AbstractQueuedSynchronizer::tryInitializeHead (66 bytes)
Event: 42.477 Thread 0x0000027078137820 nmethod 3489 0x000002704ca4f190 code [0x000002704ca4f380, 0x000002704ca4f938]

GC Heap History (8 events):
Event: 3.033 GC heap before
{Heap before GC invocations=0 (full 0):
 garbage-first heap   total 262144K, used 26624K [0x00000000e0000000, 0x0000000100000000)
  region size 1024K, 23 young (23552K), 0 survivors (0K)
 Metaspace       used 2974K, committed 3072K, reserved 393216K
  class space    used 340K, committed 384K, reserved 327680K
}
Event: 4.786 GC heap after
{Heap after GC invocations=1 (full 0):
 garbage-first heap   total 262144K, used 11177K [0x00000000e0000000, 0x0000000100000000)
  region size 1024K, 3 young (3072K), 3 survivors (3072K)
 Metaspace       used 2974K, committed 3072K, reserved 393216K
  class space    used 340K, committed 384K, reserved 327680K
}
Event: 7.356 GC heap before
{Heap before GC invocations=1 (full 0):
 garbage-first heap   total 262144K, used 40873K [0x00000000e0000000, 0x0000000100000000)
  region size 1024K, 31 young (31744K), 3 survivors (3072K)
 Metaspace       used 4670K, committed 4928K, reserved 393216K
  class space    used 572K, committed 704K, reserved 327680K
}
Event: 7.362 GC heap after
{Heap after GC invocations=2 (full 0):
 garbage-first heap   total 262144K, used 15164K [0x00000000e0000000, 0x0000000100000000)
  region size 1024K, 3 young (3072K), 3 survivors (3072K)
 Metaspace       used 4670K, committed 4928K, reserved 393216K
  class space    used 572K, committed 704K, reserved 327680K
}
Event: 37.581 GC heap before
{Heap before GC invocations=2 (full 0):
 garbage-first heap   total 262144K, used 103228K [0x00000000e0000000, 0x0000000100000000)
  region size 1024K, 89 young (91136K), 3 survivors (3072K)
 Metaspace       used 17831K, committed 18368K, reserved 393216K
  class space    used 2389K, committed 2624K, reserved 327680K
}
Event: 38.856 GC heap after
{Heap after GC invocations=3 (full 0):
 garbage-first heap   total 262144K, used 22909K [0x00000000e0000000, 0x0000000100000000)
  region size 1024K, 11 young (11264K), 11 survivors (11264K)
 Metaspace       used 17831K, committed 18368K, reserved 393216K
  class space    used 2389K, committed 2624K, reserved 327680K
}
Event: 40.634 GC heap before
{Heap before GC invocations=3 (full 0):
 garbage-first heap   total 262144K, used 46461K [0x00000000e0000000, 0x0000000100000000)
  region size 1024K, 35 young (35840K), 11 survivors (11264K)
 Metaspace       used 20870K, committed 21504K, reserved 393216K
  class space    used 2878K, committed 3200K, reserved 327680K
}
Event: 40.646 GC heap after
{Heap after GC invocations=4 (full 0):
 garbage-first heap   total 262144K, used 24836K [0x00000000e0000000, 0x0000000100000000)
  region size 1024K, 3 young (3072K), 3 survivors (3072K)
 Metaspace       used 20870K, committed 21504K, reserved 393216K
  class space    used 2878K, committed 3200K, reserved 327680K
}

Dll operation events (15 events):
Event: 0.094 Loaded shared library D:\javar\bin\java.dll
Event: 0.338 Loaded shared library D:\javar\bin\jsvml.dll
Event: 0.421 Loaded shared library D:\javar\bin\zip.dll
Event: 0.432 Loaded shared library D:\javar\bin\instrument.dll
Event: 0.446 Loaded shared library D:\javar\bin\net.dll
Event: 0.451 Loaded shared library D:\javar\bin\nio.dll
Event: 0.455 Loaded shared library D:\javar\bin\zip.dll
Event: 1.182 Loaded shared library D:\javar\bin\jimage.dll
Event: 2.270 Loaded shared library D:\javar\bin\verify.dll
Event: 2.347 Loaded shared library C:\Users\hieun\.gradle\native\660c5614fbf4a5f2a75b1949f50a0caf5cd603558e7d8a26e50b933a0cfb79d1\windows-amd64\native-platform.dll
Event: 2.438 Loaded shared library C:\Users\hieun\.gradle\native\0.2.8\x86_64-windows-gnu\gradle-fileevents.dll
Event: 9.796 Loaded shared library D:\javar\bin\management.dll
Event: 9.805 Loaded shared library D:\javar\bin\management_ext.dll
Event: 11.769 Loaded shared library D:\javar\bin\extnet.dll
Event: 17.872 Loaded shared library D:\javar\bin\sunmscapi.dll

Deoptimization events (20 events):
Event: 41.350 Thread 0x000002707826c030 DEOPT PACKING pc=0x0000027053fd4374 sp=0x000000a0624fb310
Event: 41.350 Thread 0x000002707826c030 DEOPT UNPACKING pc=0x00000270539246a2 sp=0x000000a0624fb280 mode 2
Event: 41.350 Thread 0x000002707826c030 Uncommon trap: trap_request=0xffffffc6 fr.pc=0x0000027053fa455c relative=0x0000000000000e7c
Event: 41.350 Thread 0x000002707826c030 Uncommon trap: reason=bimorphic_or_optimized_type_check action=maybe_recompile pc=0x0000027053fa455c method=java.util.HashMap.putVal(ILjava/lang/Object;Ljava/lang/Object;ZZ)Ljava/lang/Object; @ 203 c2
Event: 41.350 Thread 0x000002707826c030 DEOPT PACKING pc=0x0000027053fa455c sp=0x000000a0624fb270
Event: 41.350 Thread 0x000002707826c030 DEOPT UNPACKING pc=0x00000270539246a2 sp=0x000000a0624fb200 mode 2
Event: 41.350 Thread 0x000002707826c030 Uncommon trap: trap_request=0xffffffc6 fr.pc=0x0000027053fa455c relative=0x0000000000000e7c
Event: 41.350 Thread 0x000002707826c030 Uncommon trap: reason=bimorphic_or_optimized_type_check action=maybe_recompile pc=0x0000027053fa455c method=java.util.HashMap.putVal(ILjava/lang/Object;Ljava/lang/Object;ZZ)Ljava/lang/Object; @ 203 c2
Event: 41.350 Thread 0x000002707826c030 DEOPT PACKING pc=0x0000027053fa455c sp=0x000000a0624fb270
Event: 41.350 Thread 0x000002707826c030 DEOPT UNPACKING pc=0x00000270539246a2 sp=0x000000a0624fb200 mode 2
Event: 41.522 Thread 0x000002707826c030 DEOPT PACKING pc=0x000002704c48605e sp=0x000000a0624fa400
Event: 41.522 Thread 0x000002707826c030 DEOPT UNPACKING pc=0x0000027053924e42 sp=0x000000a0624f9980 mode 0
Event: 41.723 Thread 0x000002707826c030 Uncommon trap: trap_request=0xffffffde fr.pc=0x0000027053e85548 relative=0x00000000000001a8
Event: 41.723 Thread 0x000002707826c030 Uncommon trap: reason=class_check action=maybe_recompile pc=0x0000027053e85548 method=java.lang.String.equals(Ljava/lang/Object;)Z @ 8 c2
Event: 41.723 Thread 0x000002707826c030 DEOPT PACKING pc=0x0000027053e85548 sp=0x000000a0624fa090
Event: 41.723 Thread 0x000002707826c030 DEOPT UNPACKING pc=0x00000270539246a2 sp=0x000000a0624fa028 mode 2
Event: 42.386 Thread 0x000002707826c030 Uncommon trap: trap_request=0xffffff45 fr.pc=0x0000027053fae414 relative=0x0000000000000cf4
Event: 42.386 Thread 0x000002707826c030 Uncommon trap: reason=unstable_if action=reinterpret pc=0x0000027053fae414 method=jdk.internal.org.objectweb.asm.SymbolTable.addType(Ljava/lang/String;)I @ 33 c2
Event: 42.386 Thread 0x000002707826c030 DEOPT PACKING pc=0x0000027053fae414 sp=0x000000a0624fbbe0
Event: 42.386 Thread 0x000002707826c030 DEOPT UNPACKING pc=0x00000270539246a2 sp=0x000000a0624fbb18 mode 2

Classes loaded (20 events):
Event: 40.993 Loading class org/xml/sax/ErrorHandler
Event: 40.993 Loading class org/xml/sax/ErrorHandler done
Event: 41.019 Loading class java/nio/file/AtomicMoveNotSupportedException
Event: 41.019 Loading class java/nio/file/AtomicMoveNotSupportedException done
Event: 41.224 Loading class java/util/Collections$2
Event: 41.224 Loading class java/util/Collections$2 done
Event: 41.680 Loading class java/util/zip/GZIPOutputStream
Event: 41.682 Loading class java/util/zip/DeflaterOutputStream
Event: 41.682 Loading class java/util/zip/DeflaterOutputStream done
Event: 41.682 Loading class java/util/zip/GZIPOutputStream done
Event: 41.682 Loading class java/util/zip/GZIPInputStream
Event: 41.682 Loading class java/util/zip/GZIPInputStream done
Event: 41.699 Loading class java/io/UnsupportedEncodingException
Event: 41.699 Loading class java/io/UnsupportedEncodingException done
Event: 42.460 Loading class java/util/stream/SliceOps
Event: 42.475 Loading class java/util/stream/SliceOps done
Event: 42.475 Loading class java/util/stream/SliceOps$1
Event: 42.475 Loading class java/util/stream/ReferencePipeline$StatefulOp
Event: 42.476 Loading class java/util/stream/ReferencePipeline$StatefulOp done
Event: 42.476 Loading class java/util/stream/SliceOps$1 done

Classes unloaded (0 events):
No events

Classes redefined (0 events):
No events

Internal exceptions (20 events):
Event: 40.897 Thread 0x000002707826c030 Exception <a 'java/lang/NoSuchMethodError'{0x00000000efb96de8}: 'java.lang.Object java.lang.invoke.DirectMethodHandle$Holder.invokeVirtual(java.lang.Object, java.lang.Object, java.lang.Object, java.lang.Object, java.lang.Object, java.lang.Object, java.lang.Object, java.lang.Object, java.lang.Object, java.lang.Object, java.lang.Object, java.lang.Object, java.lang.Object, java.lang.Object, java.lang.Object, java.lang.Object, java.lang.Object, java.lang.Object, java.lang.Object, java.lang.Object, java.lang.Ob
Event: 41.075 Thread 0x000002707826c030 Exception <a 'java/lang/NoSuchMethodError'{0x00000000ef9c2cf0}: 'java.lang.Object java.lang.invoke.DirectMethodHandle$Holder.invokeSpecial(java.lang.Object, java.lang.Object, java.lang.Object, java.lang.Object, java.lang.Object, java.lang.Object, java.lang.Object, java.lang.Object, java.lang.Object, java.lang.Object, java.lang.Object, java.lang.Object, java.lang.Object, java.lang.Object, java.lang.Object, java.lang.Object, java.lang.Object, java.lang.Object, java.lang.Object, java.lang.Object, java.lang.Ob
Event: 41.272 Thread 0x000002707826c030 Exception <a 'java/lang/NoSuchMethodError'{0x00000000ef4099a8}: 'void java.lang.invoke.DirectMethodHandle$Holder.invokeVirtual(java.lang.Object, java.lang.Object, java.lang.Object, java.lang.Object, java.lang.Object, java.lang.Object)'> (0x00000000ef4099a8) 
thrown [s\open\src\hotspot\share\interpreter\linkResolver.cpp, line 773]
Event: 41.273 Thread 0x000002707826c030 Exception <a 'java/lang/NoSuchMethodError'{0x00000000ef40dae0}: 'void java.lang.invoke.DelegatingMethodHandle$Holder.reinvoke_L(java.lang.Object, java.lang.Object, java.lang.Object, java.lang.Object, java.lang.Object, java.lang.Object)'> (0x00000000ef40dae0) 
thrown [s\open\src\hotspot\share\interpreter\linkResolver.cpp, line 773]
Event: 41.382 Thread 0x000002707826c030 Exception <a 'java/lang/NoSuchMethodError'{0x00000000ef3c0720}: 'java.lang.Object java.lang.invoke.DirectMethodHandle$Holder.newInvokeSpecial(java.lang.Object, java.lang.Object, java.lang.Object, java.lang.Object, java.lang.Object, java.lang.Object, java.lang.Object)'> (0x00000000ef3c0720) 
thrown [s\open\src\hotspot\share\interpreter\linkResolver.cpp, line 773]
Event: 41.920 Thread 0x000002707826c030 Exception <a 'java/lang/NoSuchMethodError'{0x00000000ee90f450}: 'java.lang.Object java.lang.invoke.DirectMethodHandle$Holder.invokeSpecial(java.lang.Object, java.lang.Object, java.lang.Object, java.lang.Object, java.lang.Object, java.lang.Object, java.lang.Object, java.lang.Object, java.lang.Object, java.lang.Object, java.lang.Object, java.lang.Object, java.lang.Object, java.lang.Object, java.lang.Object, java.lang.Object, java.lang.Object, java.lang.Object, java.lang.Object, java.lang.Object, java.lang.Ob
Event: 41.920 Thread 0x000002707826c030 Exception <a 'java/lang/NoSuchMethodError'{0x00000000ee914f88}: 'java.lang.Object java.lang.invoke.DelegatingMethodHandle$Holder.reinvoke_L(java.lang.Object, java.lang.Object, java.lang.Object, java.lang.Object, java.lang.Object, java.lang.Object, java.lang.Object, java.lang.Object, java.lang.Object, java.lang.Object, java.lang.Object, java.lang.Object, java.lang.Object, java.lang.Object, java.lang.Object, java.lang.Object, java.lang.Object, java.lang.Object, java.lang.Object, java.lang.Object, java.lang.O
Event: 41.925 Thread 0x000002707826c030 Exception <a 'java/lang/NoSuchMethodError'{0x00000000ee9208f8}: 'java.lang.Object java.lang.invoke.DirectMethodHandle$Holder.invokeSpecial(java.lang.Object, java.lang.Object, java.lang.Object, java.lang.Object, java.lang.Object, java.lang.Object, java.lang.Object, java.lang.Object, java.lang.Object, java.lang.Object, java.lang.Object, java.lang.Object, java.lang.Object, java.lang.Object, java.lang.Object, java.lang.Object, java.lang.Object, java.lang.Object, java.lang.Object, java.lang.Object, java.lang.Ob
Event: 41.926 Thread 0x000002707826c030 Exception <a 'java/lang/NoSuchMethodError'{0x00000000ee926278}: 'java.lang.Object java.lang.invoke.Invokers$Holder.invoker(java.lang.Object, java.lang.Object, java.lang.Object, java.lang.Object, java.lang.Object, java.lang.Object, java.lang.Object, java.lang.Object, java.lang.Object, java.lang.Object, java.lang.Object, java.lang.Object, java.lang.Object, java.lang.Object, java.lang.Object, java.lang.Object, java.lang.Object, java.lang.Object, java.lang.Object, java.lang.Object, java.lang.Object, java.lang.
Event: 41.926 Thread 0x000002707826c030 Exception <a 'java/lang/NoSuchMethodError'{0x00000000ee92c5f8}: 'java.lang.Object java.lang.invoke.DelegatingMethodHandle$Holder.delegate(java.lang.Object, java.lang.Object, java.lang.Object, java.lang.Object, java.lang.Object, java.lang.Object, java.lang.Object, java.lang.Object, java.lang.Object, java.lang.Object, java.lang.Object, java.lang.Object, java.lang.Object, java.lang.Object, java.lang.Object, java.lang.Object, java.lang.Object, java.lang.Object, java.lang.Object, java.lang.Object, java.lang.Obj
Event: 41.977 Thread 0x000002707826c030 Exception <a 'java/lang/NoSuchMethodError'{0x00000000ee8fda10}: 'java.lang.Object java.lang.invoke.DirectMethodHandle$Holder.invokeStaticInit(java.lang.Object, java.lang.Object, java.lang.Object)'> (0x00000000ee8fda10) 
thrown [s\open\src\hotspot\share\interpreter\linkResolver.cpp, line 773]
Event: 42.078 Thread 0x000002707826c030 Exception <a 'java/lang/NoSuchMethodError'{0x00000000ee250bf8}: 'int java.lang.invoke.DirectMethodHandle$Holder.invokeStaticInit(java.lang.Object, java.lang.Object)'> (0x00000000ee250bf8) 
thrown [s\open\src\hotspot\share\interpreter\linkResolver.cpp, line 773]
Event: 42.091 Thread 0x000002707826c030 Exception <a 'java/lang/IncompatibleClassChangeError'{0x00000000ee28ce38}: Found class java.lang.Object, but interface was expected> (0x00000000ee28ce38) 
thrown [s\open\src\hotspot\share\interpreter\linkResolver.cpp, line 840]
Event: 42.152 Thread 0x000002707826c030 Exception <a 'java/lang/NoSuchMethodError'{0x00000000ee136cc0}: 'java.lang.Object java.lang.invoke.DirectMethodHandle$Holder.invokeVirtual(java.lang.Object, java.lang.Object, java.lang.Object, java.lang.Object, java.lang.Object, java.lang.Object, java.lang.Object, java.lang.Object, java.lang.Object, java.lang.Object, java.lang.Object, java.lang.Object, java.lang.Object)'> (0x00000000ee136cc0) 
thrown [s\open\src\hotspot\share\interpreter\linkResolver.cpp, line 773]
Event: 42.153 Thread 0x000002707826c030 Exception <a 'java/lang/NoSuchMethodError'{0x00000000ee13bed8}: 'java.lang.Object java.lang.invoke.DirectMethodHandle$Holder.invokeSpecial(java.lang.Object, java.lang.Object, java.lang.Object, java.lang.Object, java.lang.Object, java.lang.Object, java.lang.Object, java.lang.Object, java.lang.Object, java.lang.Object, java.lang.Object, java.lang.Object, java.lang.Object, java.lang.Object)'> (0x00000000ee13bed8) 
thrown [s\open\src\hotspot\share\interpreter\linkResolver.cpp, line 773]
Event: 42.154 Thread 0x000002707826c030 Exception <a 'java/lang/NoSuchMethodError'{0x00000000ee140978}: 'java.lang.Object java.lang.invoke.DelegatingMethodHandle$Holder.reinvoke_L(java.lang.Object, java.lang.Object, java.lang.Object, java.lang.Object, java.lang.Object, java.lang.Object, java.lang.Object, java.lang.Object, java.lang.Object, java.lang.Object, java.lang.Object, java.lang.Object, java.lang.Object)'> (0x00000000ee140978) 
thrown [s\open\src\hotspot\share\interpreter\linkResolver.cpp, line 773]
Event: 42.249 Thread 0x000002707826c030 Exception <a 'java/lang/NoSuchMethodError'{0x00000000ee0bba30}: 'void java.lang.invoke.DirectMethodHandle$Holder.invokeStaticInit(java.lang.Object, java.lang.Object)'> (0x00000000ee0bba30) 
thrown [s\open\src\hotspot\share\interpreter\linkResolver.cpp, line 773]
Event: 42.335 Thread 0x000002707826c030 Exception <a 'java/lang/NoSuchMethodError'{0x00000000ede49a08}: 'java.lang.Object java.lang.invoke.DirectMethodHandle$Holder.newInvokeSpecial(java.lang.Object, java.lang.Object, java.lang.Object, java.lang.Object, java.lang.Object, java.lang.Object, java.lang.Object, java.lang.Object, java.lang.Object, java.lang.Object, java.lang.Object, java.lang.Object, java.lang.Object, java.lang.Object, java.lang.Object)'> (0x00000000ede49a08) 
thrown [s\open\src\hotspot\share\interpreter\linkResolver.cpp, line 773]
Event: 42.336 Thread 0x000002707826c030 Exception <a 'java/lang/NoSuchMethodError'{0x00000000ede4f608}: 'java.lang.Object java.lang.invoke.DirectMethodHandle$Holder.invokeSpecial(java.lang.Object, java.lang.Object, java.lang.Object, java.lang.Object, java.lang.Object, java.lang.Object, java.lang.Object, java.lang.Object, java.lang.Object, java.lang.Object, java.lang.Object, java.lang.Object, java.lang.Object, java.lang.Object, java.lang.Object, java.lang.Object)'> (0x00000000ede4f608) 
thrown [s\open\src\hotspot\share\interpreter\linkResolver.cp
Event: 42.336 Thread 0x000002707826c030 Exception <a 'java/lang/NoSuchMethodError'{0x00000000ede54398}: 'java.lang.Object java.lang.invoke.DelegatingMethodHandle$Holder.reinvoke_L(java.lang.Object, java.lang.Object, java.lang.Object, java.lang.Object, java.lang.Object, java.lang.Object, java.lang.Object, java.lang.Object, java.lang.Object, java.lang.Object, java.lang.Object, java.lang.Object, java.lang.Object, java.lang.Object, java.lang.Object)'> (0x00000000ede54398) 
thrown [s\open\src\hotspot\share\interpreter\linkResolver.cpp, line 773]

ZGC Phase Switch (0 events):
No events

VM Operations (20 events):
Event: 35.127 Executing VM operation: Cleanup done
Event: 35.538 Executing VM operation: HandshakeAllThreads (Deoptimize)
Event: 36.165 Executing VM operation: HandshakeAllThreads (Deoptimize) done
Event: 36.165 Executing VM operation: Cleanup
Event: 36.745 Executing VM operation: Cleanup done
Event: 36.745 Executing VM operation: HandshakeAllThreads (Deoptimize)
Event: 36.750 Executing VM operation: HandshakeAllThreads (Deoptimize) done
Event: 36.953 Executing VM operation: G1CollectForAllocation (G1 Evacuation Pause)
Event: 38.859 Executing VM operation: G1CollectForAllocation (G1 Evacuation Pause) done
Event: 39.873 Executing VM operation: Cleanup
Event: 39.873 Executing VM operation: Cleanup done
Event: 40.634 Executing VM operation: CollectForMetadataAllocation (Metadata GC Threshold)
Event: 40.649 Executing VM operation: CollectForMetadataAllocation (Metadata GC Threshold) done
Event: 40.654 Executing VM operation: G1PauseRemark
Event: 40.665 Executing VM operation: G1PauseRemark done
Event: 40.666 Executing VM operation: G1PauseCleanup
Event: 40.680 Executing VM operation: G1PauseCleanup done
Event: 41.684 Executing VM operation: Cleanup
Event: 41.699 Executing VM operation: Cleanup done
Event: 42.477 Executing VM operation: HandshakeAllThreads (Deoptimize)

Events (20 events):
Event: 0.299 Thread 0x0000027078124850 Thread added: 0x0000027078124850
Event: 0.308 Thread 0x0000027078137820 Thread added: 0x0000027078137820
Event: 0.435 Thread 0x00000270782c86c0 Thread added: 0x00000270782c86c0
Event: 0.479 Thread 0x00000270784aace0 Thread added: 0x00000270784aace0
Event: 9.993 Thread 0x000002707a00b420 Thread added: 0x000002707a00b420
Event: 13.153 Thread 0x00000270785f2090 Thread added: 0x00000270785f2090
Event: 13.753 Thread 0x00000270791a1180 Thread added: 0x00000270791a1180
Event: 18.008 Thread 0x000002707903dbf0 Thread added: 0x000002707903dbf0
Event: 18.043 Thread 0x000002707903e260 Thread added: 0x000002707903e260
Event: 18.181 Thread 0x0000027078634320 Thread added: 0x0000027078634320
Event: 21.164 Thread 0x000002707826c030 Thread added: 0x000002707826c030
Event: 21.237 Thread 0x0000027078541d30 Thread added: 0x0000027078541d30
Event: 21.262 Thread 0x00000270785423c0 Thread added: 0x00000270785423c0
Event: 21.299 Thread 0x00000270785402f0 Thread added: 0x00000270785402f0
Event: 27.171 Thread 0x00000270785416a0 Thread added: 0x00000270785416a0
Event: 27.241 Thread 0x000002707853f5d0 Thread added: 0x000002707853f5d0
Event: 29.269 Thread 0x0000027078540980 Thread added: 0x0000027078540980
Event: 30.202 Thread 0x000002707853fc60 Thread added: 0x000002707853fc60
Event: 41.754 Thread 0x000002707b4b77f0 Thread added: 0x000002707b4b77f0
Event: 41.852 Thread 0x000002707b4b6440 Thread added: 0x000002707b4b6440


Dynamic libraries:
0x00007ff6a9cf0000 - 0x00007ff6a9d00000 	D:\javar\bin\java.exe
0x00007fffaf4a0000 - 0x00007fffaf707000 	C:\Windows\SYSTEM32\ntdll.dll
0x00007fffadd00000 - 0x00007fffaddcb000 	C:\Windows\System32\KERNEL32.DLL
0x00007fffac730000 - 0x00007fffacb32000 	C:\Windows\System32\KERNELBASE.dll
0x00007fffa85e0000 - 0x00007fffa867f000 	C:\Windows\SYSTEM32\apphelp.dll
0x00007fffacc30000 - 0x00007fffacd7c000 	C:\Windows\System32\ucrtbase.dll
0x00007ffedfda0000 - 0x00007ffedfdb9000 	D:\javar\bin\jli.dll
0x00007fffae990000 - 0x00007fffaea4c000 	C:\Windows\System32\ADVAPI32.dll
0x00007fffadb90000 - 0x00007fffadc39000 	C:\Windows\System32\msvcrt.dll
0x00007fffadc40000 - 0x00007fffadce9000 	C:\Windows\System32\sechost.dll
0x00007fffad940000 - 0x00007fffada58000 	C:\Windows\System32\RPCRT4.dll
0x00007fffad6a0000 - 0x00007fffad86f000 	C:\Windows\System32\USER32.dll
0x00007ffedfce0000 - 0x00007ffedfcfe000 	D:\javar\bin\VCRUNTIME140.dll
0x00007fffab890000 - 0x00007fffabb20000 	C:\Windows\WinSxS\amd64_microsoft.windows.common-controls_6595b64144ccf1df_6.0.26100.9278_none_3e0d1ba8e3303201\COMCTL32.dll
0x00007fffacc00000 - 0x00007fffacc27000 	C:\Windows\System32\win32u.dll
0x00007fffaf430000 - 0x00007fffaf45b000 	C:\Windows\System32\GDI32.dll
0x00007fffad090000 - 0x00007fffad1b9000 	C:\Windows\System32\gdi32full.dll
0x00007fffacf20000 - 0x00007fffacfc3000 	C:\Windows\System32\msvcp_win.dll
0x00007fffa9ad0000 - 0x00007fffa9adb000 	C:\Windows\SYSTEM32\VERSION.dll
0x00007fffad2d0000 - 0x00007fffad301000 	C:\Windows\System32\IMM32.DLL
0x00007fff8e290000 - 0x00007fff8e29c000 	D:\javar\bin\vcruntime140_1.dll
0x00007ffede410000 - 0x00007ffede49d000 	D:\javar\bin\msvcp140.dll
0x00007ffed9070000 - 0x00007ffed9d98000 	D:\javar\bin\server\jvm.dll
0x00007fffae310000 - 0x00007fffae390000 	C:\Windows\System32\WS2_32.dll
0x00007fffa0d00000 - 0x00007fffa0d36000 	C:\Windows\SYSTEM32\WINMM.dll
0x00007fffac500000 - 0x00007fffac55e000 	C:\Windows\SYSTEM32\POWRPROF.dll
0x00007fffac4e0000 - 0x00007fffac4f5000 	C:\Windows\SYSTEM32\UMPDC.dll
0x00007fffaad40000 - 0x00007fffaad5b000 	C:\Windows\SYSTEM32\kernel.appcore.dll
0x00007fff87020000 - 0x00007fff8702a000 	D:\javar\bin\jimage.dll
0x00007fffabe20000 - 0x00007fffac06c000 	C:\Windows\SYSTEM32\DBGHELP.DLL
0x00007fffad310000 - 0x00007fffad695000 	C:\Windows\System32\combase.dll
0x00007fffae020000 - 0x00007fffae0f9000 	C:\Windows\System32\OLEAUT32.dll
0x00007fffabd10000 - 0x00007fffabd4b000 	C:\Windows\SYSTEM32\dbgcore.DLL
0x00007fffacfd0000 - 0x00007fffad07c000 	C:\Windows\System32\bcryptPrimitives.dll
0x00007fff75da0000 - 0x00007fff75db0000 	D:\javar\bin\instrument.dll
0x00007ffedfc20000 - 0x00007ffedfc41000 	D:\javar\bin\java.dll
0x00007fffaea60000 - 0x00007fffaf1f8000 	C:\Windows\System32\SHELL32.dll
0x00007fffa90d0000 - 0x00007fffa997e000 	C:\Windows\SYSTEM32\windows.storage.dll
0x00007fffad1d0000 - 0x00007fffad2cb000 	C:\Windows\System32\SHCORE.dll
0x00007fffada90000 - 0x00007fffadaf6000 	C:\Windows\System32\shlwapi.dll
0x00007fffac5c0000 - 0x00007fffac5e9000 	C:\Windows\SYSTEM32\profapi.dll
0x00007ffede4a0000 - 0x00007ffede577000 	D:\javar\bin\jsvml.dll
0x00007ffedfdc0000 - 0x00007ffedfdd8000 	D:\javar\bin\zip.dll
0x00007ffedfe00000 - 0x00007ffedfe11000 	D:\javar\bin\net.dll
0x00007fffa0d70000 - 0x00007fffa0e9a000 	C:\Windows\SYSTEM32\WINHTTP.dll
0x00007fffaa900000 - 0x00007fffaa96c000 	C:\Windows\system32\mswsock.dll
0x00007ffedfde0000 - 0x00007ffedfdf6000 	D:\javar\bin\nio.dll
0x00007fff86820000 - 0x00007fff86830000 	D:\javar\bin\verify.dll
0x00007ffedfbf0000 - 0x00007ffedfc17000 	C:\Users\hieun\.gradle\native\660c5614fbf4a5f2a75b1949f50a0caf5cd603558e7d8a26e50b933a0cfb79d1\windows-amd64\native-platform.dll
0x00007ffede260000 - 0x00007ffede2d7000 	C:\Users\hieun\.gradle\native\0.2.8\x86_64-windows-gnu\gradle-fileevents.dll
0x00007fff1cb00000 - 0x00007fff1cb0a000 	D:\javar\bin\management.dll
0x00007fff1c710000 - 0x00007fff1c71c000 	D:\javar\bin\management_ext.dll
0x00007fffadcf0000 - 0x00007fffadcf8000 	C:\Windows\System32\PSAPI.DLL
0x00007fffa9dd0000 - 0x00007fffa9e03000 	C:\Windows\SYSTEM32\IPHLPAPI.DLL
0x00007fffae010000 - 0x00007fffae01a000 	C:\Windows\System32\NSI.dll
0x00007fff86540000 - 0x00007fff86549000 	D:\javar\bin\extnet.dll
0x00007fffac1a0000 - 0x00007fffac1bb000 	C:\Windows\SYSTEM32\CRYPTSP.dll
0x00007fffaa300000 - 0x00007fffaa339000 	C:\Windows\system32\rsaenh.dll
0x00007fffaa9b0000 - 0x00007fffaa9e4000 	C:\Windows\SYSTEM32\USERENV.dll
0x00007fffac590000 - 0x00007fffac5ba000 	C:\Windows\SYSTEM32\bcrypt.dll
0x00007fffaabf0000 - 0x00007fffaabfc000 	C:\Windows\SYSTEM32\CRYPTBASE.dll
0x00007fffa3970000 - 0x00007fffa397e000 	D:\javar\bin\sunmscapi.dll
0x00007fffacd90000 - 0x00007fffacf0e000 	C:\Windows\System32\CRYPT32.dll
0x00007fffab710000 - 0x00007fffab740000 	C:\Windows\SYSTEM32\ncrypt.dll
0x00007fffab600000 - 0x00007fffab63f000 	C:\Windows\SYSTEM32\NTASN1.dll
0x00007fff76750000 - 0x00007fff76758000 	C:\Windows\system32\wshunix.dll

dbghelp: loaded successfully - version: 4.0.5 - missing functions: none
symbol engine: initialized successfully - sym options: 0x614 - pdb path: .;D:\javar\bin;C:\Windows\SYSTEM32;C:\Windows\WinSxS\amd64_microsoft.windows.common-controls_6595b64144ccf1df_6.0.26100.9278_none_3e0d1ba8e3303201;D:\javar\bin\server;C:\Users\hieun\.gradle\native\660c5614fbf4a5f2a75b1949f50a0caf5cd603558e7d8a26e50b933a0cfb79d1\windows-amd64;C:\Users\hieun\.gradle\native\0.2.8\x86_64-windows-gnu

VM Arguments:
jvm_args: --add-opens=java.base/java.lang=ALL-UNNAMED --add-opens=java.base/java.lang.invoke=ALL-UNNAMED --add-opens=java.base/java.util=ALL-UNNAMED --add-opens=java.prefs/java.util.prefs=ALL-UNNAMED --add-exports=jdk.compiler/com.sun.tools.javac.api=ALL-UNNAMED --add-exports=jdk.compiler/com.sun.tools.javac.util=ALL-UNNAMED --add-opens=java.base/java.nio.charset=ALL-UNNAMED --add-opens=java.base/java.net=ALL-UNNAMED --add-opens=java.base/java.util.concurrent=ALL-UNNAMED --add-opens=java.base/java.util.concurrent.atomic=ALL-UNNAMED --add-opens=java.xml/javax.xml.namespace=ALL-UNNAMED --add-opens=java.base/java.time=ALL-UNNAMED -XX:MaxMetaspaceSize=384m -XX:+HeapDumpOnOutOfMemoryError -Xms256m -Xmx512m -Dfile.encoding=UTF-8 -Duser.country=US -Duser.language=en -Duser.variant -javaagent:C:\Users\hieun\.gradle\wrapper\dists\gradle-9.5.1-bin\iq79hdu3mqx29lgffhp8bfmx\gradle-9.5.1\lib\agents\gradle-instrumentation-agent-9.5.1.jar 
java_command: org.gradle.launcher.daemon.bootstrap.GradleDaemon 9.5.1
java_class_path (initial): C:\Users\hieun\.gradle\wrapper\dists\gradle-9.5.1-bin\iq79hdu3mqx29lgffhp8bfmx\gradle-9.5.1\lib\gradle-daemon-main-9.5.1.jar
Launcher Type: SUN_STANDARD

[Global flags]
     intx CICompilerCount                          = 4                                         {product} {ergonomic}
   size_t CompressedClassSpaceSize                 = 335544320                                 {product} {ergonomic}
     uint ConcGCThreads                            = 3                                         {product} {ergonomic}
     uint G1ConcRefinementThreads                  = 10                                        {product} {ergonomic}
   size_t G1HeapRegionSize                         = 1048576                                   {product} {ergonomic}
    uintx GCDrainStackTargetSize                   = 64                                        {product} {ergonomic}
     bool HeapDumpOnOutOfMemoryError               = true                                   {manageable} {command line}
   size_t InitialHeapSize                          = 268435456                                 {product} {command line}
   size_t MarkStackSize                            = 4194304                                   {product} {ergonomic}
   size_t MaxHeapSize                              = 536870912                                 {product} {command line}
   size_t MaxMetaspaceSize                         = 402653184                                 {product} {command line}
   size_t MaxNewSize                               = 321912832                                 {product} {ergonomic}
   size_t MinHeapDeltaBytes                        = 1048576                                   {product} {ergonomic}
   size_t MinHeapSize                              = 268435456                                 {product} {command line}
    uintx NonNMethodCodeHeapSize                   = 5839372                                {pd product} {ergonomic}
    uintx NonProfiledCodeHeapSize                  = 122909434                              {pd product} {ergonomic}
    uintx ProfiledCodeHeapSize                     = 122909434                              {pd product} {ergonomic}
    uintx ReservedCodeCacheSize                    = 251658240                              {pd product} {ergonomic}
     bool SegmentedCodeCache                       = true                                      {product} {ergonomic}
   size_t SoftMaxHeapSize                          = 536870912                              {manageable} {ergonomic}
     bool UseCompressedOops                        = true                           {product lp64_product} {ergonomic}
     bool UseG1GC                                  = true                                      {product} {ergonomic}
     bool UseLargePagesIndividualAllocation        = false                                  {pd product} {ergonomic}

Logging:
Log output configuration:
 #0: stdout all=warning uptime,level,tags foldmultilines=false
 #1: stderr all=off uptime,level,tags foldmultilines=false

Environment Variables:
PATH=C:\Program Files\Common Files\Oracle\Java\javapath;C:\Windows\system32;C:\Windows;C:\Windows\System32\Wbem;C:\Windows\System32\WindowsPowerShell\v1.0\;C:\Windows\System32\OpenSSH\;C:\Program Files (x86)\NVIDIA Corporation\PhysX\Common;C:\Program Files\dotnet\;D:\Git\cmd;C:\Program Files\NVIDIA Corporation\NVIDIA App\NvDLISR;C:\Program Files\Docker\Docker\resources\bin;C:\ProgramData\chocolatey\bin;D:\node js\;C:\Users\hieun\AppData\Local\Programs\Python\Launcher\;C:\Users\hieun\AppData\Local\Microsoft\WindowsApps;D:\Microsoft VS Code\bin;C:\Users\hieun\AppData\Roaming\npm
USERNAME=hieun
OS=Windows_NT
PROCESSOR_IDENTIFIER=AMD64 Family 25 Model 68 Stepping 1, AuthenticAMD
TMP=C:\Users\hieun\AppData\Local\Temp
TEMP=C:\Users\hieun\AppData\Local\Temp




Periodic native trim disabled

---------------  S Y S T E M  ---------------

OS:
 Windows 11 , 64 bit Build 26100 (10.0.26100.9444)
OS uptime: 1 days 0:36 hours
Hyper-V role detected

CPU: total 12 (initial active 12) (12 cores per cpu, 2 threads per core) family 25 model 68 stepping 1 microcode 0xa404107, cx8, cmov, fxsr, ht, mmx, 3dnowpref, sse, sse2, sse3, ssse3, sse4a, sse4.1, sse4.2, popcnt, lzcnt, tsc, tscinvbit, avx, avx2, aes, erms, clmul, bmi1, bmi2, adx, sha, fma, vzeroupper, clflush, clflushopt, hv, rdtscp, rdpid, fsrm, f16c, cet_ss
Processor Information for all 12 processors :
  Max Mhz: 3301, Current Mhz: 3301, Mhz Limit: 3301

Memory: 4k page, system-wide physical 15690M (273M free)
TotalPageFile size 48779M (AvailPageFile size 3M)
current process WorkingSet (physical memory assigned to process): 252M, peak: 253M
current process commit charge ("private bytes"): 439M, peak: 441M

vm_info: Java HotSpot(TM) 64-Bit Server VM (21.0.11+9-LTS-211) for windows-amd64 JRE (21.0.11+9-LTS-211), built on 2026-03-11T00:23:15Z by "mach5run" with MS VC++ 17.13 (VS2022)

END.
