#
# There is insufficient memory for the Java Runtime Environment to continue.
# Native memory allocation (malloc) failed to allocate 1338016 bytes for Chunk::new
# Possible reasons:
#   The system is out of physical RAM or swap space
#   The process is running with CompressedOops enabled, and the Java Heap may be blocking the growth of the native heap
# Possible solutions:
#   Reduce memory load on the system
#   Increase physical memory or swap space
#   Check if swap backing store is full
#   Decrease Java heap size (-Xmx/-Xms)
#   Decrease number of Java threads
#   Decrease Java thread stack sizes (-Xss)
#   Set larger code cache with -XX:ReservedCodeCacheSize=
#   JVM is running with Unscaled Compressed Oops mode in which the Java heap is
#     placed in the first 4GB address space. The Java Heap base address is the
#     maximum limit for the native heap growth. Please use -XX:HeapBaseMinAddress
#     to set the Java Heap base and to place the Java Heap above 4GB virtual address.
# This output file may be truncated or incomplete.
#
#  Out of Memory Error (arena.cpp:168), pid=27656, tid=41552
#
# JRE version: Java(TM) SE Runtime Environment (21.0.11+9) (build 21.0.11+9-LTS-211)
# Java VM: Java HotSpot(TM) 64-Bit Server VM (21.0.11+9-LTS-211, mixed mode, sharing, tiered, compressed oops, compressed class ptrs, g1 gc, windows-amd64)
# No core dump will be written. Minidumps are not enabled by default on client versions of Windows
#

---------------  S U M M A R Y ------------

Command Line: --add-opens=java.base/java.lang=ALL-UNNAMED --add-opens=java.base/java.lang.invoke=ALL-UNNAMED --add-opens=java.base/java.util=ALL-UNNAMED --add-opens=java.prefs/java.util.prefs=ALL-UNNAMED --add-exports=jdk.compiler/com.sun.tools.javac.api=ALL-UNNAMED --add-exports=jdk.compiler/com.sun.tools.javac.util=ALL-UNNAMED --add-opens=java.base/java.nio.charset=ALL-UNNAMED --add-opens=java.base/java.net=ALL-UNNAMED --add-opens=java.base/java.util.concurrent=ALL-UNNAMED --add-opens=java.base/java.util.concurrent.atomic=ALL-UNNAMED --add-opens=java.xml/javax.xml.namespace=ALL-UNNAMED --add-opens=java.base/java.time=ALL-UNNAMED -XX:MaxMetaspaceSize=384m -XX:+HeapDumpOnOutOfMemoryError -Xms256m -Xmx512m -Dfile.encoding=UTF-8 -Duser.country=US -Duser.language=en -Duser.variant -javaagent:C:\Users\hieun\.gradle\wrapper\dists\gradle-9.5.1-bin\iq79hdu3mqx29lgffhp8bfmx\gradle-9.5.1\lib\agents\gradle-instrumentation-agent-9.5.1.jar org.gradle.launcher.daemon.bootstrap.GradleDaemon 9.5.1

Host: AMD Ryzen 5 7535HS with Radeon Graphics        , 12 cores, 15G,  Windows 11 , 64 bit Build 26100 (10.0.26100.9168)
Time: Mon Aug 24 22:45:08 2026 SE Asia Standard Time elapsed time: 280.457206 seconds (0d 0h 4m 40s)

---------------  T H R E A D  ---------------

Current thread (0x00000280c9013420):  JavaThread "C2 CompilerThread0" daemon [_thread_in_native, id=41552, stack(0x000000e650e00000,0x000000e650f00000) (1024K)]


Current CompileTask:
C2: 280457 7349       4       org.gradle.internal.instantiation.generator.AbstractClassGenerator::inspectType (602 bytes)

Stack: [0x000000e650e00000,0x000000e650f00000]
Native frames: (J=compiled Java code, j=interpreted, Vv=VM code, C=native code)
V  [jvm.dll+0x6d0ef9]
V  [jvm.dll+0x860126]
V  [jvm.dll+0x86261e]
V  [jvm.dll+0x862cf3]
V  [jvm.dll+0x282bc6]
V  [jvm.dll+0xc67ad]
V  [jvm.dll+0xc6cf1]
V  [jvm.dll+0x2f81be]
V  [jvm.dll+0x5fb0e7]
V  [jvm.dll+0x254b87]
V  [jvm.dll+0x24d0eb]
V  [jvm.dll+0x24a9fe]
V  [jvm.dll+0x1cae7e]
V  [jvm.dll+0x25a7d9]
V  [jvm.dll+0x258d65]
V  [jvm.dll+0x3f50d1]
V  [jvm.dll+0x80ac0d]
V  [jvm.dll+0x6cf79d]
C  [ucrtbase.dll+0x2cd30]
C  [KERNEL32.DLL+0x2ccb7]
C  [ntdll.dll+0xaad6c]


---------------  P R O C E S S  ---------------

Threads class SMR info:
_java_thread_list=0x00000280cdf40f50, length=50, elements={
0x000002809299cb90, 0x00000280c900ad10, 0x00000280c900c0a0, 0x00000280c900d720,
0x00000280c900dd90, 0x00000280c9012410, 0x00000280c9012a80, 0x00000280c9013420,
0x00000280c9016d60, 0x00000280c92d43c0, 0x00000280c92cfb00, 0x00000280ca3e3be0,
0x00000280c9ea71e0, 0x00000280ca8525a0, 0x00000280c90cd8c0, 0x00000280c909e8b0,
0x00000280c94204b0, 0x00000280c97d8fb0, 0x00000280c90bedd0, 0x00000280c90bf460,
0x00000280c90c0ea0, 0x00000280c90c0810, 0x00000280c90c1530, 0x00000280c90bfaf0,
0x00000280cc647d80, 0x00000280cc648410, 0x00000280cc6476f0, 0x00000280cc649130,
0x00000280cc648aa0, 0x00000280cc647060, 0x00000280cc64a4e0, 0x00000280cc6497c0,
0x00000280cc64bf20, 0x00000280cc64d2d0, 0x00000280cc64c5b0, 0x00000280cc64cc40,
0x00000280cc64b890, 0x00000280cc64dff0, 0x00000280cc64e680, 0x00000280cc64b200,
0x00000280cdbc9f50, 0x00000280cdbcd3d0, 0x00000280cdbcb300, 0x00000280cdbca5e0,
0x00000280cdbcac70, 0x00000280cdbcc020, 0x00000280cdbcee10, 0x00000280cdbce0f0,
0x00000280cdbce780, 0x00000280cdbcb990
}

Java Threads: ( => current thread )
  0x000002809299cb90 JavaThread "main"                              [_thread_blocked, id=36616, stack(0x000000e650000000,0x000000e650100000) (1024K)]
  0x00000280c900ad10 JavaThread "Reference Handler"          daemon [_thread_blocked, id=18544, stack(0x000000e650800000,0x000000e650900000) (1024K)]
  0x00000280c900c0a0 JavaThread "Finalizer"                  daemon [_thread_blocked, id=44260, stack(0x000000e650900000,0x000000e650a00000) (1024K)]
  0x00000280c900d720 JavaThread "Signal Dispatcher"          daemon [_thread_blocked, id=50776, stack(0x000000e650a00000,0x000000e650b00000) (1024K)]
  0x00000280c900dd90 JavaThread "Attach Listener"            daemon [_thread_blocked, id=30404, stack(0x000000e650b00000,0x000000e650c00000) (1024K)]
  0x00000280c9012410 JavaThread "Service Thread"             daemon [_thread_blocked, id=56500, stack(0x000000e650c00000,0x000000e650d00000) (1024K)]
  0x00000280c9012a80 JavaThread "Monitor Deflation Thread"   daemon [_thread_blocked, id=16984, stack(0x000000e650d00000,0x000000e650e00000) (1024K)]
=>0x00000280c9013420 JavaThread "C2 CompilerThread0"         daemon [_thread_in_native, id=41552, stack(0x000000e650e00000,0x000000e650f00000) (1024K)]
  0x00000280c9016d60 JavaThread "C1 CompilerThread0"         daemon [_thread_blocked, id=36924, stack(0x000000e650f00000,0x000000e651000000) (1024K)]
  0x00000280c92d43c0 JavaThread "Common-Cleaner"             daemon [_thread_blocked, id=32084, stack(0x000000e651000000,0x000000e651100000) (1024K)]
  0x00000280c92cfb00 JavaThread "Notification Thread"        daemon [_thread_blocked, id=53180, stack(0x000000e651100000,0x000000e651200000) (1024K)]
  0x00000280ca3e3be0 JavaThread "Daemon health stats"               [_thread_blocked, id=27100, stack(0x000000e651700000,0x000000e651800000) (1024K)]
  0x00000280c9ea71e0 JavaThread "Incoming local TCP Connector on port 63934"        [_thread_in_native, id=2676, stack(0x000000e651800000,0x000000e651900000) (1024K)]
  0x00000280ca8525a0 JavaThread "Daemon periodic checks"            [_thread_in_native, id=8808, stack(0x000000e651900000,0x000000e651a00000) (1024K)]
  0x00000280c90cd8c0 JavaThread "Daemon"                            [_thread_blocked, id=40664, stack(0x000000e651a00000,0x000000e651b00000) (1024K)]
  0x00000280c909e8b0 JavaThread "Handler for socket connection from /127.0.0.1:63934 to /127.0.0.1:63939"        [_thread_in_native, id=56892, stack(0x000000e651b00000,0x000000e651c00000) (1024K)]
  0x00000280c94204b0 JavaThread "Cancel handler"                    [_thread_blocked, id=56036, stack(0x000000e651c00000,0x000000e651d00000) (1024K)]
  0x00000280c97d8fb0 JavaThread "Daemon worker"                     [_thread_in_Java, id=23404, stack(0x000000e651d00000,0x000000e651e00000) (1024K)]
  0x00000280c90bedd0 JavaThread "Asynchronous log dispatcher for DefaultDaemonConnection: socket connection from /127.0.0.1:63934 to /127.0.0.1:63939"        [_thread_blocked, id=31292, stack(0x000000e651e00000,0x000000e651f00000) (1024K)]
  0x00000280c90bf460 JavaThread "Stdin handler"                     [_thread_blocked, id=52824, stack(0x000000e651f00000,0x000000e652000000) (1024K)]
  0x00000280c90c0ea0 JavaThread "Daemon client event forwarder"        [_thread_blocked, id=47536, stack(0x000000e652000000,0x000000e652100000) (1024K)]
  0x00000280c90c0810 JavaThread "Cache worker for journal cache (C:\Users\hieun\.gradle\caches\journal-1)"        [_thread_blocked, id=52876, stack(0x000000e652100000,0x000000e652200000) (1024K)]
  0x00000280c90c1530 JavaThread "File lock request listener"        [_thread_in_native, id=30504, stack(0x000000e652200000,0x000000e652300000) (1024K)]
  0x00000280c90bfaf0 JavaThread "Cache worker for file hash cache (C:\Users\hieun\.gradle\caches\9.5.1\fileHashes)"        [_thread_blocked, id=44728, stack(0x000000e652400000,0x000000e652500000) (1024K)]
  0x00000280cc647d80 JavaThread "Cache worker for file hash cache (D:\n1h5-models-backend\.gradle\9.5.1\fileHashes)"        [_thread_blocked, id=31620, stack(0x000000e652b00000,0x000000e652c00000) (1024K)]
  0x00000280cc648410 JavaThread "Cache worker for Build Output Cleanup Cache (D:\n1h5-models-backend\.gradle\buildOutputCleanup)"        [_thread_blocked, id=35708, stack(0x000000e652c00000,0x000000e652d00000) (1024K)]
  0x00000280cc6476f0 JavaThread "File watcher server"        daemon [_thread_in_native, id=19140, stack(0x000000e652d00000,0x000000e652e00000) (1024K)]
  0x00000280cc649130 JavaThread "File watcher consumer"      daemon [_thread_blocked, id=36084, stack(0x000000e652e00000,0x000000e652f00000) (1024K)]
  0x00000280cc648aa0 JavaThread "Cache worker for file content cache (C:\Users\hieun\.gradle\caches\9.5.1\fileContent)"        [_thread_blocked, id=34352, stack(0x000000e652f00000,0x000000e653000000) (1024K)]
  0x00000280cc647060 JavaThread "Cache worker for checksums cache (D:\n1h5-models-backend\.gradle\9.5.1\checksums)"        [_thread_blocked, id=44664, stack(0x000000e653000000,0x000000e653100000) (1024K)]
  0x00000280cc64a4e0 JavaThread "Cache worker for cache directory md-supplier (C:\Users\hieun\.gradle\caches\9.5.1\md-supplier)"        [_thread_blocked, id=27800, stack(0x000000e653100000,0x000000e653200000) (1024K)]
  0x00000280cc6497c0 JavaThread "Cache worker for cache directory md-rule (C:\Users\hieun\.gradle\caches\9.5.1\md-rule)"        [_thread_blocked, id=32128, stack(0x000000e653200000,0x000000e653300000) (1024K)]
  0x00000280cc64bf20 JavaThread "jar transforms"                    [_thread_blocked, id=5944, stack(0x000000e64fd00000,0x000000e64fe00000) (1024K)]
  0x00000280cc64d2d0 JavaThread "jar transforms Thread 2"           [_thread_blocked, id=36856, stack(0x000000e64fe00000,0x000000e64ff00000) (1024K)]
  0x00000280cc64c5b0 JavaThread "jar transforms Thread 3"           [_thread_blocked, id=24828, stack(0x000000e64ff00000,0x000000e650000000) (1024K)]
  0x00000280cc64cc40 JavaThread "Build operations"                  [_thread_blocked, id=10112, stack(0x000000e653300000,0x000000e653400000) (1024K)]
  0x00000280cc64b890 JavaThread "Build operations Thread 2"         [_thread_blocked, id=52308, stack(0x000000e653400000,0x000000e653500000) (1024K)]
  0x00000280cc64dff0 JavaThread "Build operations Thread 3"         [_thread_blocked, id=54140, stack(0x000000e653500000,0x000000e653600000) (1024K)]
  0x00000280cc64e680 JavaThread "Build operations Thread 4"         [_thread_blocked, id=1096, stack(0x000000e653600000,0x000000e653700000) (1024K)]
  0x00000280cc64b200 JavaThread "Build operations Thread 5"         [_thread_blocked, id=9744, stack(0x000000e653700000,0x000000e653800000) (1024K)]
  0x00000280cdbc9f50 JavaThread "Build operations Thread 6"         [_thread_blocked, id=34600, stack(0x000000e653800000,0x000000e653900000) (1024K)]
  0x00000280cdbcd3d0 JavaThread "Build operations Thread 7"         [_thread_blocked, id=26800, stack(0x000000e653900000,0x000000e653a00000) (1024K)]
  0x00000280cdbcb300 JavaThread "Build operations Thread 8"         [_thread_blocked, id=20960, stack(0x000000e653a00000,0x000000e653b00000) (1024K)]
  0x00000280cdbca5e0 JavaThread "Build operations Thread 9"         [_thread_blocked, id=54040, stack(0x000000e653b00000,0x000000e653c00000) (1024K)]
  0x00000280cdbcac70 JavaThread "Build operations Thread 10"        [_thread_blocked, id=30172, stack(0x000000e653c00000,0x000000e653d00000) (1024K)]
  0x00000280cdbcc020 JavaThread "Build operations Thread 11"        [_thread_blocked, id=14012, stack(0x000000e653d00000,0x000000e653e00000) (1024K)]
  0x00000280cdbcee10 JavaThread "Build operations Thread 12"        [_thread_blocked, id=20320, stack(0x000000e653e00000,0x000000e653f00000) (1024K)]
  0x00000280cdbce0f0 JavaThread "Memory manager"                    [_thread_blocked, id=6084, stack(0x000000e653f00000,0x000000e654000000) (1024K)]
  0x00000280cdbce780 JavaThread "File lock release action executor Thread 2"        [_thread_blocked, id=9736, stack(0x000000e652300000,0x000000e652400000) (1024K)]
  0x00000280cdbcb990 JavaThread "jar transforms Thread 4"           [_thread_blocked, id=17848, stack(0x000000e654000000,0x000000e654100000) (1024K)]
Total: 50

Other Threads:
  0x00000280afdc6cc0 VMThread "VM Thread"                           [id=5448, stack(0x000000e650700000,0x000000e650800000) (1024K)]
  0x00000280afdb6230 WatcherThread "VM Periodic Task Thread"        [id=20472, stack(0x000000e650600000,0x000000e650700000) (1024K)]
  0x0000028094d54d80 WorkerThread "GC Thread#0"                     [id=34756, stack(0x000000e650100000,0x000000e650200000) (1024K)]
  0x00000280c9d97600 WorkerThread "GC Thread#1"                     [id=55176, stack(0x000000e651200000,0x000000e651300000) (1024K)]
  0x00000280c9f23250 WorkerThread "GC Thread#2"                     [id=41632, stack(0x000000e651300000,0x000000e651400000) (1024K)]
  0x00000280c9d780f0 WorkerThread "GC Thread#3"                     [id=56816, stack(0x000000e651400000,0x000000e651500000) (1024K)]
  0x00000280c9d942e0 WorkerThread "GC Thread#4"                     [id=57472, stack(0x000000e651500000,0x000000e651600000) (1024K)]
  0x00000280c9d94690 WorkerThread "GC Thread#5"                     [id=9444, stack(0x000000e651600000,0x000000e651700000) (1024K)]
  0x00000280cc29afe0 WorkerThread "GC Thread#6"                     [id=49020, stack(0x000000e652500000,0x000000e652600000) (1024K)]
  0x00000280cc299d70 WorkerThread "GC Thread#7"                     [id=57156, stack(0x000000e652600000,0x000000e652700000) (1024K)]
  0x00000280cc2983a0 WorkerThread "GC Thread#8"                     [id=51296, stack(0x000000e652700000,0x000000e652800000) (1024K)]
  0x00000280cc29a120 WorkerThread "GC Thread#9"                     [id=38140, stack(0x000000e652800000,0x000000e652900000) (1024K)]
  0x0000028094d5ac90 ConcurrentGCThread "G1 Main Marker"            [id=42936, stack(0x000000e650200000,0x000000e650300000) (1024K)]
  0x0000028094d5d3e0 WorkerThread "G1 Conc#0"                       [id=55324, stack(0x000000e650300000,0x000000e650400000) (1024K)]
  0x00000280cc297ff0 WorkerThread "G1 Conc#1"                       [id=26300, stack(0x000000e652900000,0x000000e652a00000) (1024K)]
  0x00000280cc298b00 WorkerThread "G1 Conc#2"                       [id=56944, stack(0x000000e652a00000,0x000000e652b00000) (1024K)]
  0x0000028094dde1d0 ConcurrentGCThread "G1 Refine#0"               [id=2792, stack(0x000000e650400000,0x000000e650500000) (1024K)]
  0x0000028094dde710 ConcurrentGCThread "G1 Service"                [id=2140, stack(0x000000e650500000,0x000000e650600000) (1024K)]
Total: 18

Threads with active compile tasks:
C2 CompilerThread0   280490 7349       4       org.gradle.internal.instantiation.generator.AbstractClassGenerator::inspectType (602 bytes)
Total: 1

VM state: not at safepoint (normal execution)

VM Mutex/Monitor currently owned by a thread: None

Heap address: 0x00000000e0000000, size: 512 MB, Compressed Oops mode: 32-bit

CDS archive(s) mapped at: [0x00000280b0000000-0x00000280b0c90000-0x00000280b0c90000), size 13172736, SharedBaseAddress: 0x00000280b0000000, ArchiveRelocationMode: 1.
Compressed class space mapped at: 0x00000280b1000000-0x00000280c5000000, reserved size: 335544320
Narrow klass base: 0x00000280b0000000, Narrow klass shift: 0, Narrow klass range: 0x100000000

GC Precious Log:
 CardTable entry size: 512
 Card Set container configuration: InlinePtr #cards 5 size 8 Array Of Cards #cards 12 size 40 Howl #buckets 4 coarsen threshold 1843 Howl Bitmap #cards 512 size 80 coarsen threshold 460 Card regions per heap region 1 cards per card region 2048
 CPUs: 12 total, 12 available
 Memory: 15690M
 Large Page Support: Disabled
 NUMA Support: Disabled
 Compressed Oops: Enabled (32-bit)
 Heap Region Size: 1M
 Heap Min Capacity: 256M
 Heap Initial Capacity: 256M
 Heap Max Capacity: 512M
 Pre-touch: Disabled
 Parallel Workers: 10
 Concurrent Workers: 3
 Concurrent Refinement Workers: 10
 Periodic GC: Disabled

Heap:
 garbage-first heap   total 262144K, used 108052K [0x00000000e0000000, 0x0000000100000000)
  region size 1024K, 83 young (84992K), 14 survivors (14336K)
 Metaspace       used 53489K, committed 55680K, reserved 393216K
  class space    used 7786K, committed 8832K, reserved 327680K

Heap Regions: E=young(eden), S=young(survivor), O=old, HS=humongous(starts), HC=humongous(continues), CS=collection set, F=free, TAMS=top-at-mark-start, PB=parsable bottom
|   0|0x00000000e0000000, 0x00000000e0100000, 0x00000000e0100000|100%|HS|  |TAMS 0x00000000e0000000| PB 0x00000000e0000000| Complete 
|   1|0x00000000e0100000, 0x00000000e0200000, 0x00000000e0200000|100%|HC|  |TAMS 0x00000000e0100000| PB 0x00000000e0100000| Complete 
|   2|0x00000000e0200000, 0x00000000e0300000, 0x00000000e0300000|100%|HC|  |TAMS 0x00000000e0200000| PB 0x00000000e0200000| Complete 
|   3|0x00000000e0300000, 0x00000000e0400000, 0x00000000e0400000|100%|HC|  |TAMS 0x00000000e0300000| PB 0x00000000e0300000| Complete 
|   4|0x00000000e0400000, 0x00000000e0500000, 0x00000000e0500000|100%| O|  |TAMS 0x00000000e0400000| PB 0x00000000e0400000| Untracked 
|   5|0x00000000e0500000, 0x00000000e0600000, 0x00000000e0600000|100%| O|  |TAMS 0x00000000e0500000| PB 0x00000000e0500000| Untracked 
|   6|0x00000000e0600000, 0x00000000e0700000, 0x00000000e0700000|100%| O|  |TAMS 0x00000000e0600000| PB 0x00000000e0600000| Untracked 
|   7|0x00000000e0700000, 0x00000000e0700000, 0x00000000e0800000|  0%| F|  |TAMS 0x00000000e0700000| PB 0x00000000e0700000| Untracked 
|   8|0x00000000e0800000, 0x00000000e0900000, 0x00000000e0900000|100%|HS|  |TAMS 0x00000000e0800000| PB 0x00000000e0800000| Complete 
|   9|0x00000000e0900000, 0x00000000e09eefc0, 0x00000000e0a00000| 93%| O|  |TAMS 0x00000000e0900000| PB 0x00000000e0900000| Untracked 
|  10|0x00000000e0a00000, 0x00000000e0b00000, 0x00000000e0b00000|100%| O|  |TAMS 0x00000000e0a00000| PB 0x00000000e0a00000| Untracked 
|  11|0x00000000e0b00000, 0x00000000e0c00000, 0x00000000e0c00000|100%| O|  |TAMS 0x00000000e0b00000| PB 0x00000000e0b00000| Untracked 
|  12|0x00000000e0c00000, 0x00000000e0d00000, 0x00000000e0d00000|100%| O|  |TAMS 0x00000000e0c00000| PB 0x00000000e0c00000| Untracked 
|  13|0x00000000e0d00000, 0x00000000e0d00000, 0x00000000e0e00000|  0%| F|  |TAMS 0x00000000e0d00000| PB 0x00000000e0d00000| Untracked 
|  14|0x00000000e0e00000, 0x00000000e0f00000, 0x00000000e0f00000|100%| O|  |TAMS 0x00000000e0e00000| PB 0x00000000e0e00000| Untracked 
|  15|0x00000000e0f00000, 0x00000000e1000000, 0x00000000e1000000|100%| O|  |TAMS 0x00000000e0f00000| PB 0x00000000e0f00000| Untracked 
|  16|0x00000000e1000000, 0x00000000e1100000, 0x00000000e1100000|100%| O|  |TAMS 0x00000000e1000000| PB 0x00000000e1000000| Untracked 
|  17|0x00000000e1100000, 0x00000000e1200000, 0x00000000e1200000|100%| O|  |TAMS 0x00000000e1100000| PB 0x00000000e1100000| Untracked 
|  18|0x00000000e1200000, 0x00000000e1300000, 0x00000000e1300000|100%| O|  |TAMS 0x00000000e1200000| PB 0x00000000e1200000| Untracked 
|  19|0x00000000e1300000, 0x00000000e1400000, 0x00000000e1400000|100%| O|  |TAMS 0x00000000e1300000| PB 0x00000000e1300000| Untracked 
|  20|0x00000000e1400000, 0x00000000e1500000, 0x00000000e1500000|100%| O|  |TAMS 0x00000000e1400000| PB 0x00000000e1400000| Untracked 
|  21|0x00000000e1500000, 0x00000000e1600000, 0x00000000e1600000|100%| O|  |TAMS 0x00000000e1500000| PB 0x00000000e1500000| Untracked 
|  22|0x00000000e1600000, 0x00000000e1700000, 0x00000000e1700000|100%| O|  |TAMS 0x00000000e1600000| PB 0x00000000e1600000| Untracked 
|  23|0x00000000e1700000, 0x00000000e1800000, 0x00000000e1800000|100%| O|Cm|TAMS 0x00000000e1700000| PB 0x00000000e1700000| Complete 
|  24|0x00000000e1800000, 0x00000000e1900000, 0x00000000e1900000|100%| O|  |TAMS 0x00000000e1800000| PB 0x00000000e1800000| Untracked 
|  25|0x00000000e1900000, 0x00000000e1a00000, 0x00000000e1a00000|100%| O|  |TAMS 0x00000000e1900000| PB 0x00000000e1900000| Untracked 
|  26|0x00000000e1a00000, 0x00000000e1a00000, 0x00000000e1b00000|  0%| F|  |TAMS 0x00000000e1a00000| PB 0x00000000e1a00000| Untracked 
|  27|0x00000000e1b00000, 0x00000000e1b00000, 0x00000000e1c00000|  0%| F|  |TAMS 0x00000000e1b00000| PB 0x00000000e1b00000| Untracked 
|  28|0x00000000e1c00000, 0x00000000e1c00000, 0x00000000e1d00000|  0%| F|  |TAMS 0x00000000e1c00000| PB 0x00000000e1c00000| Untracked 
|  29|0x00000000e1d00000, 0x00000000e1d00000, 0x00000000e1e00000|  0%| F|  |TAMS 0x00000000e1d00000| PB 0x00000000e1d00000| Untracked 
|  30|0x00000000e1e00000, 0x00000000e1e00000, 0x00000000e1f00000|  0%| F|  |TAMS 0x00000000e1e00000| PB 0x00000000e1e00000| Untracked 
|  31|0x00000000e1f00000, 0x00000000e1f00000, 0x00000000e2000000|  0%| F|  |TAMS 0x00000000e1f00000| PB 0x00000000e1f00000| Untracked 
|  32|0x00000000e2000000, 0x00000000e2000000, 0x00000000e2100000|  0%| F|  |TAMS 0x00000000e2000000| PB 0x00000000e2000000| Untracked 
|  33|0x00000000e2100000, 0x00000000e2100000, 0x00000000e2200000|  0%| F|  |TAMS 0x00000000e2100000| PB 0x00000000e2100000| Untracked 
|  34|0x00000000e2200000, 0x00000000e2200000, 0x00000000e2300000|  0%| F|  |TAMS 0x00000000e2200000| PB 0x00000000e2200000| Untracked 
|  35|0x00000000e2300000, 0x00000000e2300000, 0x00000000e2400000|  0%| F|  |TAMS 0x00000000e2300000| PB 0x00000000e2300000| Untracked 
|  36|0x00000000e2400000, 0x00000000e2400000, 0x00000000e2500000|  0%| F|  |TAMS 0x00000000e2400000| PB 0x00000000e2400000| Untracked 
|  37|0x00000000e2500000, 0x00000000e2500000, 0x00000000e2600000|  0%| F|  |TAMS 0x00000000e2500000| PB 0x00000000e2500000| Untracked 
|  38|0x00000000e2600000, 0x00000000e2600000, 0x00000000e2700000|  0%| F|  |TAMS 0x00000000e2600000| PB 0x00000000e2600000| Untracked 
|  39|0x00000000e2700000, 0x00000000e2700000, 0x00000000e2800000|  0%| F|  |TAMS 0x00000000e2700000| PB 0x00000000e2700000| Untracked 
|  40|0x00000000e2800000, 0x00000000e2800000, 0x00000000e2900000|  0%| F|  |TAMS 0x00000000e2800000| PB 0x00000000e2800000| Untracked 
|  41|0x00000000e2900000, 0x00000000e2900000, 0x00000000e2a00000|  0%| F|  |TAMS 0x00000000e2900000| PB 0x00000000e2900000| Untracked 
|  42|0x00000000e2a00000, 0x00000000e2a00000, 0x00000000e2b00000|  0%| F|  |TAMS 0x00000000e2a00000| PB 0x00000000e2a00000| Untracked 
|  43|0x00000000e2b00000, 0x00000000e2b00000, 0x00000000e2c00000|  0%| F|  |TAMS 0x00000000e2b00000| PB 0x00000000e2b00000| Untracked 
|  44|0x00000000e2c00000, 0x00000000e2c00000, 0x00000000e2d00000|  0%| F|  |TAMS 0x00000000e2c00000| PB 0x00000000e2c00000| Untracked 
|  45|0x00000000e2d00000, 0x00000000e2d00000, 0x00000000e2e00000|  0%| F|  |TAMS 0x00000000e2d00000| PB 0x00000000e2d00000| Untracked 
|  46|0x00000000e2e00000, 0x00000000e2e00000, 0x00000000e2f00000|  0%| F|  |TAMS 0x00000000e2e00000| PB 0x00000000e2e00000| Untracked 
|  47|0x00000000e2f00000, 0x00000000e2f00000, 0x00000000e3000000|  0%| F|  |TAMS 0x00000000e2f00000| PB 0x00000000e2f00000| Untracked 
|  48|0x00000000e3000000, 0x00000000e3000000, 0x00000000e3100000|  0%| F|  |TAMS 0x00000000e3000000| PB 0x00000000e3000000| Untracked 
|  49|0x00000000e3100000, 0x00000000e3100000, 0x00000000e3200000|  0%| F|  |TAMS 0x00000000e3100000| PB 0x00000000e3100000| Untracked 
|  50|0x00000000e3200000, 0x00000000e3200000, 0x00000000e3300000|  0%| F|  |TAMS 0x00000000e3200000| PB 0x00000000e3200000| Untracked 
|  51|0x00000000e3300000, 0x00000000e3300000, 0x00000000e3400000|  0%| F|  |TAMS 0x00000000e3300000| PB 0x00000000e3300000| Untracked 
|  52|0x00000000e3400000, 0x00000000e3400000, 0x00000000e3500000|  0%| F|  |TAMS 0x00000000e3400000| PB 0x00000000e3400000| Untracked 
|  53|0x00000000e3500000, 0x00000000e3500000, 0x00000000e3600000|  0%| F|  |TAMS 0x00000000e3500000| PB 0x00000000e3500000| Untracked 
|  54|0x00000000e3600000, 0x00000000e3600000, 0x00000000e3700000|  0%| F|  |TAMS 0x00000000e3600000| PB 0x00000000e3600000| Untracked 
|  55|0x00000000e3700000, 0x00000000e3700000, 0x00000000e3800000|  0%| F|  |TAMS 0x00000000e3700000| PB 0x00000000e3700000| Untracked 
|  56|0x00000000e3800000, 0x00000000e3800000, 0x00000000e3900000|  0%| F|  |TAMS 0x00000000e3800000| PB 0x00000000e3800000| Untracked 
|  57|0x00000000e3900000, 0x00000000e3900000, 0x00000000e3a00000|  0%| F|  |TAMS 0x00000000e3900000| PB 0x00000000e3900000| Untracked 
|  58|0x00000000e3a00000, 0x00000000e3a00000, 0x00000000e3b00000|  0%| F|  |TAMS 0x00000000e3a00000| PB 0x00000000e3a00000| Untracked 
|  59|0x00000000e3b00000, 0x00000000e3b00000, 0x00000000e3c00000|  0%| F|  |TAMS 0x00000000e3b00000| PB 0x00000000e3b00000| Untracked 
|  60|0x00000000e3c00000, 0x00000000e3c00000, 0x00000000e3d00000|  0%| F|  |TAMS 0x00000000e3c00000| PB 0x00000000e3c00000| Untracked 
|  61|0x00000000e3d00000, 0x00000000e3d00000, 0x00000000e3e00000|  0%| F|  |TAMS 0x00000000e3d00000| PB 0x00000000e3d00000| Untracked 
|  62|0x00000000e3e00000, 0x00000000e3e00000, 0x00000000e3f00000|  0%| F|  |TAMS 0x00000000e3e00000| PB 0x00000000e3e00000| Untracked 
|  63|0x00000000e3f00000, 0x00000000e3f00000, 0x00000000e4000000|  0%| F|  |TAMS 0x00000000e3f00000| PB 0x00000000e3f00000| Untracked 
|  64|0x00000000e4000000, 0x00000000e4000000, 0x00000000e4100000|  0%| F|  |TAMS 0x00000000e4000000| PB 0x00000000e4000000| Untracked 
|  65|0x00000000e4100000, 0x00000000e4100000, 0x00000000e4200000|  0%| F|  |TAMS 0x00000000e4100000| PB 0x00000000e4100000| Untracked 
|  66|0x00000000e4200000, 0x00000000e4200000, 0x00000000e4300000|  0%| F|  |TAMS 0x00000000e4200000| PB 0x00000000e4200000| Untracked 
|  67|0x00000000e4300000, 0x00000000e4300000, 0x00000000e4400000|  0%| F|  |TAMS 0x00000000e4300000| PB 0x00000000e4300000| Untracked 
|  68|0x00000000e4400000, 0x00000000e4400000, 0x00000000e4500000|  0%| F|  |TAMS 0x00000000e4400000| PB 0x00000000e4400000| Untracked 
|  69|0x00000000e4500000, 0x00000000e4500000, 0x00000000e4600000|  0%| F|  |TAMS 0x00000000e4500000| PB 0x00000000e4500000| Untracked 
|  70|0x00000000e4600000, 0x00000000e4600000, 0x00000000e4700000|  0%| F|  |TAMS 0x00000000e4600000| PB 0x00000000e4600000| Untracked 
|  71|0x00000000e4700000, 0x00000000e4700000, 0x00000000e4800000|  0%| F|  |TAMS 0x00000000e4700000| PB 0x00000000e4700000| Untracked 
|  72|0x00000000e4800000, 0x00000000e4800000, 0x00000000e4900000|  0%| F|  |TAMS 0x00000000e4800000| PB 0x00000000e4800000| Untracked 
|  73|0x00000000e4900000, 0x00000000e4900000, 0x00000000e4a00000|  0%| F|  |TAMS 0x00000000e4900000| PB 0x00000000e4900000| Untracked 
|  74|0x00000000e4a00000, 0x00000000e4a00000, 0x00000000e4b00000|  0%| F|  |TAMS 0x00000000e4a00000| PB 0x00000000e4a00000| Untracked 
|  75|0x00000000e4b00000, 0x00000000e4b00000, 0x00000000e4c00000|  0%| F|  |TAMS 0x00000000e4b00000| PB 0x00000000e4b00000| Untracked 
|  76|0x00000000e4c00000, 0x00000000e4c00000, 0x00000000e4d00000|  0%| F|  |TAMS 0x00000000e4c00000| PB 0x00000000e4c00000| Untracked 
|  77|0x00000000e4d00000, 0x00000000e4d00000, 0x00000000e4e00000|  0%| F|  |TAMS 0x00000000e4d00000| PB 0x00000000e4d00000| Untracked 
|  78|0x00000000e4e00000, 0x00000000e4e00000, 0x00000000e4f00000|  0%| F|  |TAMS 0x00000000e4e00000| PB 0x00000000e4e00000| Untracked 
|  79|0x00000000e4f00000, 0x00000000e4f00000, 0x00000000e5000000|  0%| F|  |TAMS 0x00000000e4f00000| PB 0x00000000e4f00000| Untracked 
|  80|0x00000000e5000000, 0x00000000e5000000, 0x00000000e5100000|  0%| F|  |TAMS 0x00000000e5000000| PB 0x00000000e5000000| Untracked 
|  81|0x00000000e5100000, 0x00000000e5100000, 0x00000000e5200000|  0%| F|  |TAMS 0x00000000e5100000| PB 0x00000000e5100000| Untracked 
|  82|0x00000000e5200000, 0x00000000e5200000, 0x00000000e5300000|  0%| F|  |TAMS 0x00000000e5200000| PB 0x00000000e5200000| Untracked 
|  83|0x00000000e5300000, 0x00000000e5300000, 0x00000000e5400000|  0%| F|  |TAMS 0x00000000e5300000| PB 0x00000000e5300000| Untracked 
|  84|0x00000000e5400000, 0x00000000e5400000, 0x00000000e5500000|  0%| F|  |TAMS 0x00000000e5400000| PB 0x00000000e5400000| Untracked 
|  85|0x00000000e5500000, 0x00000000e5500000, 0x00000000e5600000|  0%| F|  |TAMS 0x00000000e5500000| PB 0x00000000e5500000| Untracked 
|  86|0x00000000e5600000, 0x00000000e5600000, 0x00000000e5700000|  0%| F|  |TAMS 0x00000000e5600000| PB 0x00000000e5600000| Untracked 
|  87|0x00000000e5700000, 0x00000000e5700000, 0x00000000e5800000|  0%| F|  |TAMS 0x00000000e5700000| PB 0x00000000e5700000| Untracked 
|  88|0x00000000e5800000, 0x00000000e5800000, 0x00000000e5900000|  0%| F|  |TAMS 0x00000000e5800000| PB 0x00000000e5800000| Untracked 
|  89|0x00000000e5900000, 0x00000000e5996258, 0x00000000e5a00000| 58%| S|CS|TAMS 0x00000000e5900000| PB 0x00000000e5900000| Complete 
|  90|0x00000000e5a00000, 0x00000000e5b00000, 0x00000000e5b00000|100%| S|CS|TAMS 0x00000000e5a00000| PB 0x00000000e5a00000| Complete 
|  91|0x00000000e5b00000, 0x00000000e5c00000, 0x00000000e5c00000|100%| S|CS|TAMS 0x00000000e5b00000| PB 0x00000000e5b00000| Complete 
|  92|0x00000000e5c00000, 0x00000000e5d00000, 0x00000000e5d00000|100%| S|CS|TAMS 0x00000000e5c00000| PB 0x00000000e5c00000| Complete 
|  93|0x00000000e5d00000, 0x00000000e5e00000, 0x00000000e5e00000|100%| S|CS|TAMS 0x00000000e5d00000| PB 0x00000000e5d00000| Complete 
|  94|0x00000000e5e00000, 0x00000000e5f00000, 0x00000000e5f00000|100%| S|CS|TAMS 0x00000000e5e00000| PB 0x00000000e5e00000| Complete 
|  95|0x00000000e5f00000, 0x00000000e6000000, 0x00000000e6000000|100%| S|CS|TAMS 0x00000000e5f00000| PB 0x00000000e5f00000| Complete 
|  96|0x00000000e6000000, 0x00000000e6100000, 0x00000000e6100000|100%| S|CS|TAMS 0x00000000e6000000| PB 0x00000000e6000000| Complete 
|  97|0x00000000e6100000, 0x00000000e6200000, 0x00000000e6200000|100%| S|CS|TAMS 0x00000000e6100000| PB 0x00000000e6100000| Complete 
|  98|0x00000000e6200000, 0x00000000e6300000, 0x00000000e6300000|100%| S|CS|TAMS 0x00000000e6200000| PB 0x00000000e6200000| Complete 
|  99|0x00000000e6300000, 0x00000000e6400000, 0x00000000e6400000|100%| S|CS|TAMS 0x00000000e6300000| PB 0x00000000e6300000| Complete 
| 100|0x00000000e6400000, 0x00000000e6500000, 0x00000000e6500000|100%| S|CS|TAMS 0x00000000e6400000| PB 0x00000000e6400000| Complete 
| 101|0x00000000e6500000, 0x00000000e6600000, 0x00000000e6600000|100%| S|CS|TAMS 0x00000000e6500000| PB 0x00000000e6500000| Complete 
| 102|0x00000000e6600000, 0x00000000e6700000, 0x00000000e6700000|100%| S|CS|TAMS 0x00000000e6600000| PB 0x00000000e6600000| Complete 
| 103|0x00000000e6700000, 0x00000000e6700000, 0x00000000e6800000|  0%| F|  |TAMS 0x00000000e6700000| PB 0x00000000e6700000| Untracked 
| 104|0x00000000e6800000, 0x00000000e6800000, 0x00000000e6900000|  0%| F|  |TAMS 0x00000000e6800000| PB 0x00000000e6800000| Untracked 
| 105|0x00000000e6900000, 0x00000000e6900000, 0x00000000e6a00000|  0%| F|  |TAMS 0x00000000e6900000| PB 0x00000000e6900000| Untracked 
| 106|0x00000000e6a00000, 0x00000000e6a00000, 0x00000000e6b00000|  0%| F|  |TAMS 0x00000000e6a00000| PB 0x00000000e6a00000| Untracked 
| 107|0x00000000e6b00000, 0x00000000e6b00000, 0x00000000e6c00000|  0%| F|  |TAMS 0x00000000e6b00000| PB 0x00000000e6b00000| Untracked 
| 108|0x00000000e6c00000, 0x00000000e6c00000, 0x00000000e6d00000|  0%| F|  |TAMS 0x00000000e6c00000| PB 0x00000000e6c00000| Untracked 
| 109|0x00000000e6d00000, 0x00000000e6d00000, 0x00000000e6e00000|  0%| F|  |TAMS 0x00000000e6d00000| PB 0x00000000e6d00000| Untracked 
| 110|0x00000000e6e00000, 0x00000000e6e00000, 0x00000000e6f00000|  0%| F|  |TAMS 0x00000000e6e00000| PB 0x00000000e6e00000| Untracked 
| 111|0x00000000e6f00000, 0x00000000e6f00000, 0x00000000e7000000|  0%| F|  |TAMS 0x00000000e6f00000| PB 0x00000000e6f00000| Untracked 
| 112|0x00000000e7000000, 0x00000000e7000000, 0x00000000e7100000|  0%| F|  |TAMS 0x00000000e7000000| PB 0x00000000e7000000| Untracked 
| 113|0x00000000e7100000, 0x00000000e7100000, 0x00000000e7200000|  0%| F|  |TAMS 0x00000000e7100000| PB 0x00000000e7100000| Untracked 
| 114|0x00000000e7200000, 0x00000000e7200000, 0x00000000e7300000|  0%| F|  |TAMS 0x00000000e7200000| PB 0x00000000e7200000| Untracked 
| 115|0x00000000e7300000, 0x00000000e7300000, 0x00000000e7400000|  0%| F|  |TAMS 0x00000000e7300000| PB 0x00000000e7300000| Untracked 
| 116|0x00000000e7400000, 0x00000000e7400000, 0x00000000e7500000|  0%| F|  |TAMS 0x00000000e7400000| PB 0x00000000e7400000| Untracked 
| 117|0x00000000e7500000, 0x00000000e7500000, 0x00000000e7600000|  0%| F|  |TAMS 0x00000000e7500000| PB 0x00000000e7500000| Untracked 
| 118|0x00000000e7600000, 0x00000000e7600000, 0x00000000e7700000|  0%| F|  |TAMS 0x00000000e7600000| PB 0x00000000e7600000| Untracked 
| 119|0x00000000e7700000, 0x00000000e7700000, 0x00000000e7800000|  0%| F|  |TAMS 0x00000000e7700000| PB 0x00000000e7700000| Untracked 
| 120|0x00000000e7800000, 0x00000000e7800000, 0x00000000e7900000|  0%| F|  |TAMS 0x00000000e7800000| PB 0x00000000e7800000| Untracked 
| 121|0x00000000e7900000, 0x00000000e7900000, 0x00000000e7a00000|  0%| F|  |TAMS 0x00000000e7900000| PB 0x00000000e7900000| Untracked 
| 122|0x00000000e7a00000, 0x00000000e7a00000, 0x00000000e7b00000|  0%| F|  |TAMS 0x00000000e7a00000| PB 0x00000000e7a00000| Untracked 
| 123|0x00000000e7b00000, 0x00000000e7b00000, 0x00000000e7c00000|  0%| F|  |TAMS 0x00000000e7b00000| PB 0x00000000e7b00000| Untracked 
| 124|0x00000000e7c00000, 0x00000000e7c00000, 0x00000000e7d00000|  0%| F|  |TAMS 0x00000000e7c00000| PB 0x00000000e7c00000| Untracked 
| 125|0x00000000e7d00000, 0x00000000e7d00000, 0x00000000e7e00000|  0%| F|  |TAMS 0x00000000e7d00000| PB 0x00000000e7d00000| Untracked 
| 126|0x00000000e7e00000, 0x00000000e7e00000, 0x00000000e7f00000|  0%| F|  |TAMS 0x00000000e7e00000| PB 0x00000000e7e00000| Untracked 
| 127|0x00000000e7f00000, 0x00000000e7f00000, 0x00000000e8000000|  0%| F|  |TAMS 0x00000000e7f00000| PB 0x00000000e7f00000| Untracked 
| 128|0x00000000e8000000, 0x00000000e8000000, 0x00000000e8100000|  0%| F|  |TAMS 0x00000000e8000000| PB 0x00000000e8000000| Untracked 
| 129|0x00000000e8100000, 0x00000000e8100000, 0x00000000e8200000|  0%| F|  |TAMS 0x00000000e8100000| PB 0x00000000e8100000| Untracked 
| 130|0x00000000e8200000, 0x00000000e8200000, 0x00000000e8300000|  0%| F|  |TAMS 0x00000000e8200000| PB 0x00000000e8200000| Untracked 
| 131|0x00000000e8300000, 0x00000000e8300000, 0x00000000e8400000|  0%| F|  |TAMS 0x00000000e8300000| PB 0x00000000e8300000| Untracked 
| 132|0x00000000e8400000, 0x00000000e8400000, 0x00000000e8500000|  0%| F|  |TAMS 0x00000000e8400000| PB 0x00000000e8400000| Untracked 
| 133|0x00000000e8500000, 0x00000000e8500000, 0x00000000e8600000|  0%| F|  |TAMS 0x00000000e8500000| PB 0x00000000e8500000| Untracked 
| 134|0x00000000e8600000, 0x00000000e8600000, 0x00000000e8700000|  0%| F|  |TAMS 0x00000000e8600000| PB 0x00000000e8600000| Untracked 
| 135|0x00000000e8700000, 0x00000000e8700000, 0x00000000e8800000|  0%| F|  |TAMS 0x00000000e8700000| PB 0x00000000e8700000| Untracked 
| 136|0x00000000e8800000, 0x00000000e8800000, 0x00000000e8900000|  0%| F|  |TAMS 0x00000000e8800000| PB 0x00000000e8800000| Untracked 
| 137|0x00000000e8900000, 0x00000000e8900000, 0x00000000e8a00000|  0%| F|  |TAMS 0x00000000e8900000| PB 0x00000000e8900000| Untracked 
| 138|0x00000000e8a00000, 0x00000000e8a00000, 0x00000000e8b00000|  0%| F|  |TAMS 0x00000000e8a00000| PB 0x00000000e8a00000| Untracked 
| 139|0x00000000e8b00000, 0x00000000e8b00000, 0x00000000e8c00000|  0%| F|  |TAMS 0x00000000e8b00000| PB 0x00000000e8b00000| Untracked 
| 140|0x00000000e8c00000, 0x00000000e8c00000, 0x00000000e8d00000|  0%| F|  |TAMS 0x00000000e8c00000| PB 0x00000000e8c00000| Untracked 
| 141|0x00000000e8d00000, 0x00000000e8d00000, 0x00000000e8e00000|  0%| F|  |TAMS 0x00000000e8d00000| PB 0x00000000e8d00000| Untracked 
| 142|0x00000000e8e00000, 0x00000000e8e00000, 0x00000000e8f00000|  0%| F|  |TAMS 0x00000000e8e00000| PB 0x00000000e8e00000| Untracked 
| 143|0x00000000e8f00000, 0x00000000e8f00000, 0x00000000e9000000|  0%| F|  |TAMS 0x00000000e8f00000| PB 0x00000000e8f00000| Untracked 
| 144|0x00000000e9000000, 0x00000000e9000000, 0x00000000e9100000|  0%| F|  |TAMS 0x00000000e9000000| PB 0x00000000e9000000| Untracked 
| 145|0x00000000e9100000, 0x00000000e9100000, 0x00000000e9200000|  0%| F|  |TAMS 0x00000000e9100000| PB 0x00000000e9100000| Untracked 
| 146|0x00000000e9200000, 0x00000000e9200000, 0x00000000e9300000|  0%| F|  |TAMS 0x00000000e9200000| PB 0x00000000e9200000| Untracked 
| 147|0x00000000e9300000, 0x00000000e9300000, 0x00000000e9400000|  0%| F|  |TAMS 0x00000000e9300000| PB 0x00000000e9300000| Untracked 
| 148|0x00000000e9400000, 0x00000000e9400000, 0x00000000e9500000|  0%| F|  |TAMS 0x00000000e9400000| PB 0x00000000e9400000| Untracked 
| 149|0x00000000e9500000, 0x00000000e9500000, 0x00000000e9600000|  0%| F|  |TAMS 0x00000000e9500000| PB 0x00000000e9500000| Untracked 
| 150|0x00000000e9600000, 0x00000000e9600000, 0x00000000e9700000|  0%| F|  |TAMS 0x00000000e9600000| PB 0x00000000e9600000| Untracked 
| 151|0x00000000e9700000, 0x00000000e9700000, 0x00000000e9800000|  0%| F|  |TAMS 0x00000000e9700000| PB 0x00000000e9700000| Untracked 
| 152|0x00000000e9800000, 0x00000000e9800000, 0x00000000e9900000|  0%| F|  |TAMS 0x00000000e9800000| PB 0x00000000e9800000| Untracked 
| 153|0x00000000e9900000, 0x00000000e9900000, 0x00000000e9a00000|  0%| F|  |TAMS 0x00000000e9900000| PB 0x00000000e9900000| Untracked 
| 154|0x00000000e9a00000, 0x00000000e9a00000, 0x00000000e9b00000|  0%| F|  |TAMS 0x00000000e9a00000| PB 0x00000000e9a00000| Untracked 
| 155|0x00000000e9b00000, 0x00000000e9b00000, 0x00000000e9c00000|  0%| F|  |TAMS 0x00000000e9b00000| PB 0x00000000e9b00000| Untracked 
| 156|0x00000000e9c00000, 0x00000000e9c00000, 0x00000000e9d00000|  0%| F|  |TAMS 0x00000000e9c00000| PB 0x00000000e9c00000| Untracked 
| 157|0x00000000e9d00000, 0x00000000e9d00000, 0x00000000e9e00000|  0%| F|  |TAMS 0x00000000e9d00000| PB 0x00000000e9d00000| Untracked 
| 158|0x00000000e9e00000, 0x00000000e9e00000, 0x00000000e9f00000|  0%| F|  |TAMS 0x00000000e9e00000| PB 0x00000000e9e00000| Untracked 
| 159|0x00000000e9f00000, 0x00000000e9f00000, 0x00000000ea000000|  0%| F|  |TAMS 0x00000000e9f00000| PB 0x00000000e9f00000| Untracked 
| 160|0x00000000ea000000, 0x00000000ea000000, 0x00000000ea100000|  0%| F|  |TAMS 0x00000000ea000000| PB 0x00000000ea000000| Untracked 
| 161|0x00000000ea100000, 0x00000000ea100000, 0x00000000ea200000|  0%| F|  |TAMS 0x00000000ea100000| PB 0x00000000ea100000| Untracked 
| 162|0x00000000ea200000, 0x00000000ea200000, 0x00000000ea300000|  0%| F|  |TAMS 0x00000000ea200000| PB 0x00000000ea200000| Untracked 
| 163|0x00000000ea300000, 0x00000000ea300000, 0x00000000ea400000|  0%| F|  |TAMS 0x00000000ea300000| PB 0x00000000ea300000| Untracked 
| 164|0x00000000ea400000, 0x00000000ea400000, 0x00000000ea500000|  0%| F|  |TAMS 0x00000000ea400000| PB 0x00000000ea400000| Untracked 
| 165|0x00000000ea500000, 0x00000000ea500000, 0x00000000ea600000|  0%| F|  |TAMS 0x00000000ea500000| PB 0x00000000ea500000| Untracked 
| 166|0x00000000ea600000, 0x00000000ea600000, 0x00000000ea700000|  0%| F|  |TAMS 0x00000000ea600000| PB 0x00000000ea600000| Untracked 
| 167|0x00000000ea700000, 0x00000000ea700000, 0x00000000ea800000|  0%| F|  |TAMS 0x00000000ea700000| PB 0x00000000ea700000| Untracked 
| 168|0x00000000ea800000, 0x00000000ea800000, 0x00000000ea900000|  0%| F|  |TAMS 0x00000000ea800000| PB 0x00000000ea800000| Untracked 
| 169|0x00000000ea900000, 0x00000000ea900000, 0x00000000eaa00000|  0%| F|  |TAMS 0x00000000ea900000| PB 0x00000000ea900000| Untracked 
| 170|0x00000000eaa00000, 0x00000000eaa00000, 0x00000000eab00000|  0%| F|  |TAMS 0x00000000eaa00000| PB 0x00000000eaa00000| Untracked 
| 171|0x00000000eab00000, 0x00000000eab00000, 0x00000000eac00000|  0%| F|  |TAMS 0x00000000eab00000| PB 0x00000000eab00000| Untracked 
| 172|0x00000000eac00000, 0x00000000eac00000, 0x00000000ead00000|  0%| F|  |TAMS 0x00000000eac00000| PB 0x00000000eac00000| Untracked 
| 173|0x00000000ead00000, 0x00000000ead00000, 0x00000000eae00000|  0%| F|  |TAMS 0x00000000ead00000| PB 0x00000000ead00000| Untracked 
| 174|0x00000000eae00000, 0x00000000eae00000, 0x00000000eaf00000|  0%| F|  |TAMS 0x00000000eae00000| PB 0x00000000eae00000| Untracked 
| 175|0x00000000eaf00000, 0x00000000eaf00000, 0x00000000eb000000|  0%| F|  |TAMS 0x00000000eaf00000| PB 0x00000000eaf00000| Untracked 
| 176|0x00000000eb000000, 0x00000000eb000000, 0x00000000eb100000|  0%| F|  |TAMS 0x00000000eb000000| PB 0x00000000eb000000| Untracked 
| 177|0x00000000eb100000, 0x00000000eb100000, 0x00000000eb200000|  0%| F|  |TAMS 0x00000000eb100000| PB 0x00000000eb100000| Untracked 
| 178|0x00000000eb200000, 0x00000000eb200000, 0x00000000eb300000|  0%| F|  |TAMS 0x00000000eb200000| PB 0x00000000eb200000| Untracked 
| 179|0x00000000eb300000, 0x00000000eb300000, 0x00000000eb400000|  0%| F|  |TAMS 0x00000000eb300000| PB 0x00000000eb300000| Untracked 
| 180|0x00000000eb400000, 0x00000000eb400000, 0x00000000eb500000|  0%| F|  |TAMS 0x00000000eb400000| PB 0x00000000eb400000| Untracked 
| 181|0x00000000eb500000, 0x00000000eb500000, 0x00000000eb600000|  0%| F|  |TAMS 0x00000000eb500000| PB 0x00000000eb500000| Untracked 
| 182|0x00000000eb600000, 0x00000000eb600000, 0x00000000eb700000|  0%| F|  |TAMS 0x00000000eb600000| PB 0x00000000eb600000| Untracked 
| 183|0x00000000eb700000, 0x00000000eb700000, 0x00000000eb800000|  0%| F|  |TAMS 0x00000000eb700000| PB 0x00000000eb700000| Untracked 
| 184|0x00000000eb800000, 0x00000000eb800000, 0x00000000eb900000|  0%| F|  |TAMS 0x00000000eb800000| PB 0x00000000eb800000| Untracked 
| 185|0x00000000eb900000, 0x00000000eb900000, 0x00000000eba00000|  0%| F|  |TAMS 0x00000000eb900000| PB 0x00000000eb900000| Untracked 
| 186|0x00000000eba00000, 0x00000000eba00000, 0x00000000ebb00000|  0%| F|  |TAMS 0x00000000eba00000| PB 0x00000000eba00000| Untracked 
| 187|0x00000000ebb00000, 0x00000000ebc00000, 0x00000000ebc00000|100%| E|  |TAMS 0x00000000ebb00000| PB 0x00000000ebb00000| Complete 
| 188|0x00000000ebc00000, 0x00000000ebd00000, 0x00000000ebd00000|100%| E|CS|TAMS 0x00000000ebc00000| PB 0x00000000ebc00000| Complete 
| 189|0x00000000ebd00000, 0x00000000ebe00000, 0x00000000ebe00000|100%| E|CS|TAMS 0x00000000ebd00000| PB 0x00000000ebd00000| Complete 
| 190|0x00000000ebe00000, 0x00000000ebf00000, 0x00000000ebf00000|100%| E|CS|TAMS 0x00000000ebe00000| PB 0x00000000ebe00000| Complete 
| 191|0x00000000ebf00000, 0x00000000ec000000, 0x00000000ec000000|100%| E|CS|TAMS 0x00000000ebf00000| PB 0x00000000ebf00000| Complete 
| 192|0x00000000ec000000, 0x00000000ec100000, 0x00000000ec100000|100%| E|CS|TAMS 0x00000000ec000000| PB 0x00000000ec000000| Complete 
| 193|0x00000000ec100000, 0x00000000ec200000, 0x00000000ec200000|100%| E|CS|TAMS 0x00000000ec100000| PB 0x00000000ec100000| Complete 
| 194|0x00000000ec200000, 0x00000000ec300000, 0x00000000ec300000|100%| E|CS|TAMS 0x00000000ec200000| PB 0x00000000ec200000| Complete 
| 195|0x00000000ec300000, 0x00000000ec400000, 0x00000000ec400000|100%| E|CS|TAMS 0x00000000ec300000| PB 0x00000000ec300000| Complete 
| 196|0x00000000ec400000, 0x00000000ec500000, 0x00000000ec500000|100%| E|CS|TAMS 0x00000000ec400000| PB 0x00000000ec400000| Complete 
| 197|0x00000000ec500000, 0x00000000ec600000, 0x00000000ec600000|100%| E|CS|TAMS 0x00000000ec500000| PB 0x00000000ec500000| Complete 
| 198|0x00000000ec600000, 0x00000000ec700000, 0x00000000ec700000|100%| E|CS|TAMS 0x00000000ec600000| PB 0x00000000ec600000| Complete 
| 199|0x00000000ec700000, 0x00000000ec800000, 0x00000000ec800000|100%| E|CS|TAMS 0x00000000ec700000| PB 0x00000000ec700000| Complete 
| 200|0x00000000ec800000, 0x00000000ec900000, 0x00000000ec900000|100%| E|CS|TAMS 0x00000000ec800000| PB 0x00000000ec800000| Complete 
| 201|0x00000000ec900000, 0x00000000eca00000, 0x00000000eca00000|100%| E|CS|TAMS 0x00000000ec900000| PB 0x00000000ec900000| Complete 
| 202|0x00000000eca00000, 0x00000000ecb00000, 0x00000000ecb00000|100%| E|CS|TAMS 0x00000000eca00000| PB 0x00000000eca00000| Complete 
| 203|0x00000000ecb00000, 0x00000000ecc00000, 0x00000000ecc00000|100%| E|CS|TAMS 0x00000000ecb00000| PB 0x00000000ecb00000| Complete 
| 204|0x00000000ecc00000, 0x00000000ecd00000, 0x00000000ecd00000|100%| E|CS|TAMS 0x00000000ecc00000| PB 0x00000000ecc00000| Complete 
| 205|0x00000000ecd00000, 0x00000000ece00000, 0x00000000ece00000|100%| E|CS|TAMS 0x00000000ecd00000| PB 0x00000000ecd00000| Complete 
| 206|0x00000000ece00000, 0x00000000ecf00000, 0x00000000ecf00000|100%| E|CS|TAMS 0x00000000ece00000| PB 0x00000000ece00000| Complete 
| 207|0x00000000ecf00000, 0x00000000ed000000, 0x00000000ed000000|100%| E|CS|TAMS 0x00000000ecf00000| PB 0x00000000ecf00000| Complete 
| 208|0x00000000ed000000, 0x00000000ed100000, 0x00000000ed100000|100%| E|CS|TAMS 0x00000000ed000000| PB 0x00000000ed000000| Complete 
| 209|0x00000000ed100000, 0x00000000ed200000, 0x00000000ed200000|100%| E|CS|TAMS 0x00000000ed100000| PB 0x00000000ed100000| Complete 
| 210|0x00000000ed200000, 0x00000000ed300000, 0x00000000ed300000|100%| E|CS|TAMS 0x00000000ed200000| PB 0x00000000ed200000| Complete 
| 211|0x00000000ed300000, 0x00000000ed400000, 0x00000000ed400000|100%| E|CS|TAMS 0x00000000ed300000| PB 0x00000000ed300000| Complete 
| 212|0x00000000ed400000, 0x00000000ed500000, 0x00000000ed500000|100%| E|CS|TAMS 0x00000000ed400000| PB 0x00000000ed400000| Complete 
| 213|0x00000000ed500000, 0x00000000ed600000, 0x00000000ed600000|100%| E|CS|TAMS 0x00000000ed500000| PB 0x00000000ed500000| Complete 
| 214|0x00000000ed600000, 0x00000000ed700000, 0x00000000ed700000|100%| E|CS|TAMS 0x00000000ed600000| PB 0x00000000ed600000| Complete 
| 215|0x00000000ed700000, 0x00000000ed800000, 0x00000000ed800000|100%| E|CS|TAMS 0x00000000ed700000| PB 0x00000000ed700000| Complete 
| 216|0x00000000ed800000, 0x00000000ed900000, 0x00000000ed900000|100%| E|CS|TAMS 0x00000000ed800000| PB 0x00000000ed800000| Complete 
| 217|0x00000000ed900000, 0x00000000eda00000, 0x00000000eda00000|100%| E|CS|TAMS 0x00000000ed900000| PB 0x00000000ed900000| Complete 
| 218|0x00000000eda00000, 0x00000000edb00000, 0x00000000edb00000|100%| E|CS|TAMS 0x00000000eda00000| PB 0x00000000eda00000| Complete 
| 219|0x00000000edb00000, 0x00000000edc00000, 0x00000000edc00000|100%| E|CS|TAMS 0x00000000edb00000| PB 0x00000000edb00000| Complete 
| 220|0x00000000edc00000, 0x00000000edd00000, 0x00000000edd00000|100%| E|CS|TAMS 0x00000000edc00000| PB 0x00000000edc00000| Complete 
| 221|0x00000000edd00000, 0x00000000ede00000, 0x00000000ede00000|100%| E|CS|TAMS 0x00000000edd00000| PB 0x00000000edd00000| Complete 
| 222|0x00000000ede00000, 0x00000000edf00000, 0x00000000edf00000|100%| E|CS|TAMS 0x00000000ede00000| PB 0x00000000ede00000| Complete 
| 223|0x00000000edf00000, 0x00000000ee000000, 0x00000000ee000000|100%| E|CS|TAMS 0x00000000edf00000| PB 0x00000000edf00000| Complete 
| 224|0x00000000ee000000, 0x00000000ee100000, 0x00000000ee100000|100%| E|CS|TAMS 0x00000000ee000000| PB 0x00000000ee000000| Complete 
| 225|0x00000000ee100000, 0x00000000ee200000, 0x00000000ee200000|100%| E|CS|TAMS 0x00000000ee100000| PB 0x00000000ee100000| Complete 
| 226|0x00000000ee200000, 0x00000000ee300000, 0x00000000ee300000|100%| E|CS|TAMS 0x00000000ee200000| PB 0x00000000ee200000| Complete 
| 227|0x00000000ee300000, 0x00000000ee400000, 0x00000000ee400000|100%| E|CS|TAMS 0x00000000ee300000| PB 0x00000000ee300000| Complete 
| 228|0x00000000ee400000, 0x00000000ee500000, 0x00000000ee500000|100%| E|CS|TAMS 0x00000000ee400000| PB 0x00000000ee400000| Complete 
| 229|0x00000000ee500000, 0x00000000ee600000, 0x00000000ee600000|100%| E|CS|TAMS 0x00000000ee500000| PB 0x00000000ee500000| Complete 
| 230|0x00000000ee600000, 0x00000000ee700000, 0x00000000ee700000|100%| E|CS|TAMS 0x00000000ee600000| PB 0x00000000ee600000| Complete 
| 231|0x00000000ee700000, 0x00000000ee800000, 0x00000000ee800000|100%| E|CS|TAMS 0x00000000ee700000| PB 0x00000000ee700000| Complete 
| 232|0x00000000ee800000, 0x00000000ee900000, 0x00000000ee900000|100%| E|CS|TAMS 0x00000000ee800000| PB 0x00000000ee800000| Complete 
| 233|0x00000000ee900000, 0x00000000eea00000, 0x00000000eea00000|100%| E|CS|TAMS 0x00000000ee900000| PB 0x00000000ee900000| Complete 
| 234|0x00000000eea00000, 0x00000000eeb00000, 0x00000000eeb00000|100%| E|CS|TAMS 0x00000000eea00000| PB 0x00000000eea00000| Complete 
| 235|0x00000000eeb00000, 0x00000000eec00000, 0x00000000eec00000|100%| E|CS|TAMS 0x00000000eeb00000| PB 0x00000000eeb00000| Complete 
| 236|0x00000000eec00000, 0x00000000eed00000, 0x00000000eed00000|100%| E|CS|TAMS 0x00000000eec00000| PB 0x00000000eec00000| Complete 
| 237|0x00000000eed00000, 0x00000000eee00000, 0x00000000eee00000|100%| E|CS|TAMS 0x00000000eed00000| PB 0x00000000eed00000| Complete 
| 238|0x00000000eee00000, 0x00000000eef00000, 0x00000000eef00000|100%| E|CS|TAMS 0x00000000eee00000| PB 0x00000000eee00000| Complete 
| 239|0x00000000eef00000, 0x00000000ef000000, 0x00000000ef000000|100%| E|CS|TAMS 0x00000000eef00000| PB 0x00000000eef00000| Complete 
| 240|0x00000000ef000000, 0x00000000ef100000, 0x00000000ef100000|100%| E|CS|TAMS 0x00000000ef000000| PB 0x00000000ef000000| Complete 
| 241|0x00000000ef100000, 0x00000000ef200000, 0x00000000ef200000|100%| E|CS|TAMS 0x00000000ef100000| PB 0x00000000ef100000| Complete 
| 242|0x00000000ef200000, 0x00000000ef300000, 0x00000000ef300000|100%| E|CS|TAMS 0x00000000ef200000| PB 0x00000000ef200000| Complete 
| 243|0x00000000ef300000, 0x00000000ef400000, 0x00000000ef400000|100%| E|CS|TAMS 0x00000000ef300000| PB 0x00000000ef300000| Complete 
| 244|0x00000000ef400000, 0x00000000ef500000, 0x00000000ef500000|100%| E|CS|TAMS 0x00000000ef400000| PB 0x00000000ef400000| Complete 
| 245|0x00000000ef500000, 0x00000000ef600000, 0x00000000ef600000|100%| E|CS|TAMS 0x00000000ef500000| PB 0x00000000ef500000| Complete 
| 246|0x00000000ef600000, 0x00000000ef700000, 0x00000000ef700000|100%| E|CS|TAMS 0x00000000ef600000| PB 0x00000000ef600000| Complete 
| 247|0x00000000ef700000, 0x00000000ef800000, 0x00000000ef800000|100%| E|CS|TAMS 0x00000000ef700000| PB 0x00000000ef700000| Complete 
| 248|0x00000000ef800000, 0x00000000ef900000, 0x00000000ef900000|100%| E|CS|TAMS 0x00000000ef800000| PB 0x00000000ef800000| Complete 
| 249|0x00000000ef900000, 0x00000000efa00000, 0x00000000efa00000|100%| E|CS|TAMS 0x00000000ef900000| PB 0x00000000ef900000| Complete 
| 250|0x00000000efa00000, 0x00000000efb00000, 0x00000000efb00000|100%| E|CS|TAMS 0x00000000efa00000| PB 0x00000000efa00000| Complete 
| 251|0x00000000efb00000, 0x00000000efc00000, 0x00000000efc00000|100%| E|CS|TAMS 0x00000000efb00000| PB 0x00000000efb00000| Complete 
| 252|0x00000000efc00000, 0x00000000efd00000, 0x00000000efd00000|100%| E|CS|TAMS 0x00000000efc00000| PB 0x00000000efc00000| Complete 
| 253|0x00000000efd00000, 0x00000000efe00000, 0x00000000efe00000|100%| E|CS|TAMS 0x00000000efd00000| PB 0x00000000efd00000| Complete 
| 254|0x00000000efe00000, 0x00000000eff00000, 0x00000000eff00000|100%| E|CS|TAMS 0x00000000efe00000| PB 0x00000000efe00000| Complete 
| 255|0x00000000eff00000, 0x00000000f0000000, 0x00000000f0000000|100%| E|CS|TAMS 0x00000000eff00000| PB 0x00000000eff00000| Complete 

Card table byte_map: [0x00000280ac830000,0x00000280ac930000] _byte_map_base: 0x00000280ac130000

Marking Bits: (CMBitMap*) 0x0000028094d553a0
 Bits: [0x00000280ac930000, 0x00000280ad130000)

Polling page: 0x0000028092940000

Metaspace:

Usage:
  Non-class:     44.66 MB used.
      Class:      7.61 MB used.
       Both:     52.27 MB used.

Virtual space:
  Non-class space:       64.00 MB reserved,      45.75 MB ( 71%) committed,  1 nodes.
      Class space:      320.00 MB reserved,       8.62 MB (  3%) committed,  1 nodes.
             Both:      384.00 MB reserved,      54.38 MB ( 14%) committed. 

Chunk freelists:
   Non-Class:  1.47 MB
       Class:  7.36 MB
        Both:  8.83 MB

MaxMetaspaceSize: 384.00 MB
CompressedClassSpaceSize: 320.00 MB
Initial GC threshold: 21.00 MB
Current GC threshold: 59.69 MB
CDS: on
 - commit_granule_bytes: 65536.
 - commit_granule_words: 8192.
 - virtual_space_node_default_size: 8388608.
 - enlarge_chunks_in_place: 1.
 - use_allocation_guard: 0.


Internal statistics:

num_allocs_failed_limit: 12.
num_arena_births: 3782.
num_arena_deaths: 0.
num_vsnodes_births: 2.
num_vsnodes_deaths: 0.
num_space_committed: 870.
num_space_uncommitted: 0.
num_chunks_returned_to_freelist: 12.
num_chunks_taken_from_freelist: 6540.
num_chunk_merges: 9.
num_chunk_splits: 4184.
num_chunks_enlarged: 2430.
num_inconsistent_stats: 0.

CodeHeap 'non-profiled nmethods': size=120000Kb used=4092Kb max_used=4092Kb free=115907Kb
 bounds [0x00000280a4ca0000, 0x00000280a50a0000, 0x00000280ac1d0000]
CodeHeap 'profiled nmethods': size=120000Kb used=13625Kb max_used=13625Kb free=106375Kb
 bounds [0x000002809d1d0000, 0x000002809df20000, 0x00000280a4700000]
CodeHeap 'non-nmethods': size=5760Kb used=2012Kb max_used=2053Kb free=3747Kb
 bounds [0x00000280a4700000, 0x00000280a4970000, 0x00000280a4ca0000]
 total_blobs=7712 nmethods=6948 adapters=668
 compilation: enabled
              stopped_count=0, restarted_count=0
 full_count=0

Compilation events (20 events):
Event: 278.263 Thread 0x00000280c9016d60 7374       3       org.gradle.model.internal.type.ClassTypeWrapper::unwrap (11 bytes)
Event: 278.263 Thread 0x00000280c9016d60 nmethod 7374 0x000002809df14a90 code [0x000002809df14c40, 0x000002809df14f08]
Event: 278.263 Thread 0x00000280c9016d60 7375       3       com.google.common.collect.SingletonImmutableBiMap::get (20 bytes)
Event: 278.263 Thread 0x00000280c9016d60 nmethod 7375 0x000002809df15010 code [0x000002809df151c0, 0x000002809df15420]
Event: 278.263 Thread 0x00000280c9016d60 7376       3       com.google.common.reflect.TypeVisitor::<init> (12 bytes)
Event: 278.264 Thread 0x00000280c9016d60 nmethod 7376 0x000002809df15510 code [0x000002809df15700, 0x000002809df15ce0]
Event: 278.449 Thread 0x00000280c9016d60 7377       3       java.util.HashMap::comparableClassFor (115 bytes)
Event: 279.432 Thread 0x00000280c9016d60 nmethod 7377 0x000002809df15f10 code [0x000002809df161a0, 0x000002809df16f78]
Event: 279.433 Thread 0x00000280c9016d60 7378       3       java.util.HashMap$TreeNode::find (172 bytes)
Event: 279.434 Thread 0x00000280c9016d60 nmethod 7378 0x000002809df17310 code [0x000002809df17560, 0x000002809df17f78]
Event: 279.441 Thread 0x00000280c9016d60 7379       3       org.gradle.internal.instantiation.generator.AbstractClassGenerator::isManagedProperty (43 bytes)
Event: 279.443 Thread 0x00000280c9016d60 nmethod 7379 0x000002809df18290 code [0x000002809df185e0, 0x000002809df19b60]
Event: 279.444 Thread 0x00000280c9016d60 7380       1       org.gradle.internal.instantiation.generator.AbstractClassGenerator$PropertyMetadata::getBackingField (5 bytes)
Event: 279.444 Thread 0x00000280c9016d60 nmethod 7380 0x00000280a509ef10 code [0x00000280a509f0a0, 0x00000280a509f168]
Event: 279.451 Thread 0x00000280c9016d60 7382       3       org.gradle.internal.instantiation.generator.AbstractClassGenerator::isRoleType (49 bytes)
Event: 279.451 Thread 0x00000280c9016d60 nmethod 7382 0x000002809df1a290 code [0x000002809df1a600, 0x000002809df1bd78]
Event: 279.451 Thread 0x00000280c9016d60 7381       3       org.gradle.internal.instantiation.generator.AbstractClassGenerator::access$1800 (6 bytes)
Event: 279.452 Thread 0x00000280c9016d60 nmethod 7381 0x000002809df1c510 code [0x000002809df1c6c0, 0x000002809df1c7e8]
Event: 279.452 Thread 0x00000280c9016d60 7383       3       org.objectweb.asm.AnnotationWriter::putAnnotations (110 bytes)
Event: 279.453 Thread 0x00000280c9016d60 nmethod 7383 0x000002809df1c890 code [0x000002809df1caa0, 0x000002809df1cec8]

GC Heap History (14 events):
Event: 4.987 GC heap before
{Heap before GC invocations=0 (full 0):
 garbage-first heap   total 262144K, used 26624K [0x00000000e0000000, 0x0000000100000000)
  region size 1024K, 23 young (23552K), 0 survivors (0K)
 Metaspace       used 3120K, committed 3328K, reserved 393216K
  class space    used 362K, committed 448K, reserved 327680K
}
Event: 5.195 GC heap after
{Heap after GC invocations=1 (full 0):
 garbage-first heap   total 262144K, used 11053K [0x00000000e0000000, 0x0000000100000000)
  region size 1024K, 3 young (3072K), 3 survivors (3072K)
 Metaspace       used 3120K, committed 3328K, reserved 393216K
  class space    used 362K, committed 448K, reserved 327680K
}
Event: 6.782 GC heap before
{Heap before GC invocations=1 (full 0):
 garbage-first heap   total 262144K, used 40749K [0x00000000e0000000, 0x0000000100000000)
  region size 1024K, 31 young (31744K), 3 survivors (3072K)
 Metaspace       used 4656K, committed 4928K, reserved 393216K
  class space    used 569K, committed 704K, reserved 327680K
}
Event: 6.788 GC heap after
{Heap after GC invocations=2 (full 0):
 garbage-first heap   total 262144K, used 15265K [0x00000000e0000000, 0x0000000100000000)
  region size 1024K, 4 young (4096K), 4 survivors (4096K)
 Metaspace       used 4656K, committed 4928K, reserved 393216K
  class space    used 569K, committed 704K, reserved 327680K
}
Event: 21.725 GC heap before
{Heap before GC invocations=2 (full 0):
 garbage-first heap   total 262144K, used 123809K [0x00000000e0000000, 0x0000000100000000)
  region size 1024K, 111 young (113664K), 4 survivors (4096K)
 Metaspace       used 20887K, committed 21504K, reserved 393216K
  class space    used 2884K, committed 3200K, reserved 327680K
}
Event: 21.899 GC heap after
{Heap after GC invocations=3 (full 0):
 garbage-first heap   total 262144K, used 24448K [0x00000000e0000000, 0x0000000100000000)
  region size 1024K, 12 young (12288K), 12 survivors (12288K)
 Metaspace       used 20887K, committed 21504K, reserved 393216K
  class space    used 2884K, committed 3200K, reserved 327680K
}
Event: 32.288 GC heap before
{Heap before GC invocations=4 (full 0):
 garbage-first heap   total 262144K, used 124800K [0x00000000e0000000, 0x0000000100000000)
  region size 1024K, 110 young (112640K), 12 survivors (12288K)
 Metaspace       used 34614K, committed 35968K, reserved 393216K
  class space    used 4817K, committed 5504K, reserved 327680K
}
Event: 32.304 GC heap after
{Heap after GC invocations=5 (full 0):
 garbage-first heap   total 262144K, used 30366K [0x00000000e0000000, 0x0000000100000000)
  region size 1024K, 7 young (7168K), 7 survivors (7168K)
 Metaspace       used 34614K, committed 35968K, reserved 393216K
  class space    used 4817K, committed 5504K, reserved 327680K
}
Event: 32.374 GC heap before
{Heap before GC invocations=5 (full 0):
 garbage-first heap   total 262144K, used 31390K [0x00000000e0000000, 0x0000000100000000)
  region size 1024K, 9 young (9216K), 7 survivors (7168K)
 Metaspace       used 34927K, committed 36288K, reserved 393216K
  class space    used 4833K, committed 5504K, reserved 327680K
}
Event: 32.380 GC heap after
{Heap after GC invocations=6 (full 0):
 garbage-first heap   total 262144K, used 30893K [0x00000000e0000000, 0x0000000100000000)
  region size 1024K, 7 young (7168K), 7 survivors (7168K)
 Metaspace       used 34927K, committed 36288K, reserved 393216K
  class space    used 4833K, committed 5504K, reserved 327680K
}
Event: 32.487 GC heap before
{Heap before GC invocations=6 (full 0):
 garbage-first heap   total 262144K, used 32941K [0x00000000e0000000, 0x0000000100000000)
  region size 1024K, 10 young (10240K), 7 survivors (7168K)
 Metaspace       used 35264K, committed 36608K, reserved 393216K
  class space    used 4879K, committed 5568K, reserved 327680K
}
Event: 32.491 GC heap after
{Heap after GC invocations=7 (full 0):
 garbage-first heap   total 262144K, used 31235K [0x00000000e0000000, 0x0000000100000000)
  region size 1024K, 7 young (7168K), 7 survivors (7168K)
 Metaspace       used 35264K, committed 36608K, reserved 393216K
  class space    used 4879K, committed 5568K, reserved 327680K
}
Event: 153.571 GC heap before
{Heap before GC invocations=8 (full 0):
 garbage-first heap   total 262144K, used 180739K [0x00000000e0000000, 0x0000000100000000)
  region size 1024K, 153 young (156672K), 7 survivors (7168K)
 Metaspace       used 49111K, committed 51008K, reserved 393216K
  class space    used 7078K, committed 8000K, reserved 327680K
}
Event: 153.597 GC heap after
{Heap after GC invocations=9 (full 0):
 garbage-first heap   total 262144K, used 38420K [0x00000000e0000000, 0x0000000100000000)
  region size 1024K, 14 young (14336K), 14 survivors (14336K)
 Metaspace       used 49111K, committed 51008K, reserved 393216K
  class space    used 7078K, committed 8000K, reserved 327680K
}

Dll operation events (15 events):
Event: 0.022 Loaded shared library D:\javar\bin\java.dll
Event: 0.731 Loaded shared library D:\javar\bin\jsvml.dll
Event: 0.847 Loaded shared library D:\javar\bin\zip.dll
Event: 0.858 Loaded shared library D:\javar\bin\instrument.dll
Event: 0.873 Loaded shared library D:\javar\bin\net.dll
Event: 0.879 Loaded shared library D:\javar\bin\nio.dll
Event: 0.888 Loaded shared library D:\javar\bin\zip.dll
Event: 1.293 Loaded shared library D:\javar\bin\jimage.dll
Event: 4.234 Loaded shared library D:\javar\bin\verify.dll
Event: 4.381 Loaded shared library C:\Users\hieun\.gradle\native\660c5614fbf4a5f2a75b1949f50a0caf5cd603558e7d8a26e50b933a0cfb79d1\windows-amd64\native-platform.dll
Event: 4.419 Loaded shared library C:\Users\hieun\.gradle\native\0.2.8\x86_64-windows-gnu\gradle-fileevents.dll
Event: 8.169 Loaded shared library D:\javar\bin\management.dll
Event: 8.185 Loaded shared library D:\javar\bin\management_ext.dll
Event: 8.773 Loaded shared library D:\javar\bin\extnet.dll
Event: 11.080 Loaded shared library D:\javar\bin\sunmscapi.dll

Deoptimization events (20 events):
Event: 267.949 Thread 0x00000280c97d8fb0 DEOPT PACKING pc=0x00000280a4e5d7d0 sp=0x000000e651df75a0
Event: 267.949 Thread 0x00000280c97d8fb0 DEOPT UNPACKING pc=0x00000280a47546a2 sp=0x000000e651df7540 mode 2
Event: 267.949 Thread 0x00000280c97d8fb0 Uncommon trap: trap_request=0xffffff45 fr.pc=0x00000280a4f26b94 relative=0x0000000000000d74
Event: 267.949 Thread 0x00000280c97d8fb0 Uncommon trap: reason=unstable_if action=reinterpret pc=0x00000280a4f26b94 method=java.lang.invoke.InvokerBytecodeGenerator.isStaticallyNameable(Ljava/lang/Class;)Z @ 135 c2
Event: 267.949 Thread 0x00000280c97d8fb0 DEOPT PACKING pc=0x00000280a4f26b94 sp=0x000000e651df7390
Event: 267.949 Thread 0x00000280c97d8fb0 DEOPT UNPACKING pc=0x00000280a47546a2 sp=0x000000e651df7260 mode 2
Event: 267.962 Thread 0x00000280c97d8fb0 Uncommon trap: trap_request=0xffffff45 fr.pc=0x00000280a4e5e2a0 relative=0x0000000000000080
Event: 267.962 Thread 0x00000280c97d8fb0 Uncommon trap: reason=unstable_if action=reinterpret pc=0x00000280a4e5e2a0 method=java.lang.invoke.InvokerBytecodeGenerator.refKindOpcode(B)I @ 1 c2
Event: 267.962 Thread 0x00000280c97d8fb0 DEOPT PACKING pc=0x00000280a4e5e2a0 sp=0x000000e651df74f0
Event: 267.964 Thread 0x00000280c97d8fb0 DEOPT UNPACKING pc=0x00000280a47546a2 sp=0x000000e651df7490 mode 2
Event: 270.672 Thread 0x00000280c97d8fb0 Uncommon trap: trap_request=0xffffffcc fr.pc=0x00000280a50852f4 relative=0x0000000000000234
Event: 270.672 Thread 0x00000280c97d8fb0 Uncommon trap: reason=intrinsic_or_type_checked_inlining action=make_not_entrant pc=0x00000280a50852f4 method=java.util.ArrayList.toArray([Ljava/lang/Object;)[Ljava/lang/Object; @ 36 c2
Event: 270.672 Thread 0x00000280c97d8fb0 DEOPT PACKING pc=0x00000280a50852f4 sp=0x000000e651df5510
Event: 270.672 Thread 0x00000280c97d8fb0 DEOPT UNPACKING pc=0x00000280a47546a2 sp=0x000000e651df54b0 mode 2
Event: 271.540 Thread 0x00000280c97d8fb0 Uncommon trap: trap_request=0xffffffdc fr.pc=0x00000280a5087f7c relative=0x00000000000002bc
Event: 271.540 Thread 0x00000280c97d8fb0 Uncommon trap: reason=class_check action=make_not_entrant pc=0x00000280a5087f7c method=java.util.ArrayList.toArray([Ljava/lang/Object;)[Ljava/lang/Object; @ 21 c2
Event: 271.540 Thread 0x00000280c97d8fb0 DEOPT PACKING pc=0x00000280a5087f7c sp=0x000000e651df7f80
Event: 271.541 Thread 0x00000280c97d8fb0 DEOPT UNPACKING pc=0x00000280a47546a2 sp=0x000000e651df7f40 mode 2
Event: 276.260 Thread 0x00000280c97d8fb0 DEOPT PACKING pc=0x000002809db188bf sp=0x000000e651df91a0
Event: 276.260 Thread 0x00000280c97d8fb0 DEOPT UNPACKING pc=0x00000280a4754e42 sp=0x000000e651df8780 mode 0

Classes loaded (20 events):
Event: 266.549 Loading class org/xml/sax/Locator
Event: 266.552 Loading class org/xml/sax/Locator done
Event: 266.554 Loading class org/xml/sax/SAXParseException
Event: 266.572 Loading class org/xml/sax/SAXParseException done
Event: 266.674 Loading class org/xml/sax/Attributes
Event: 266.679 Loading class org/xml/sax/Attributes done
Event: 269.412 Loading class java/lang/Override
Event: 269.413 Loading class java/lang/Override done
Event: 270.436 Loading class java/util/AbstractCollectionBeanInfo
Event: 270.436 Loading class java/util/AbstractCollectionBeanInfo done
Event: 270.440 Loading class java/util/AbstractCollectionBeanInfo
Event: 270.440 Loading class java/util/AbstractCollectionBeanInfo done
Event: 270.442 Loading class java/util/AbstractCollectionCustomizer
Event: 270.442 Loading class java/util/AbstractCollectionCustomizer done
Event: 270.462 Loading class java/util/AbstractCollectionCustomizer
Event: 270.462 Loading class java/util/AbstractCollectionCustomizer done
Event: 271.816 Loading class sun/reflect/generics/tree/LongSignature
Event: 271.838 Loading class sun/reflect/generics/tree/LongSignature done
Event: 275.066 Loading class java/util/LinkedList$LLSpliterator
Event: 275.067 Loading class java/util/LinkedList$LLSpliterator done

Classes unloaded (0 events):
No events

Classes redefined (0 events):
No events

Internal exceptions (20 events):
Event: 270.574 Thread 0x00000280c97d8fb0 Exception <a 'java/lang/ClassNotFoundException'{0x00000000ec952558}: org/gradle/api/internal/DefaultNamedDomainObjectCollectionCustomizer> (0x00000000ec952558) 
thrown [s\open\src\hotspot\share\classfile\systemDictionary.cpp, line 313]
Event: 270.621 Thread 0x00000280c97d8fb0 Exception <a 'java/lang/ClassNotFoundException'{0x00000000ec99f600}: org/gradle/api/internal/DefaultNamedDomainObjectListCustomizer> (0x00000000ec99f600) 
thrown [s\open\src\hotspot\share\classfile\systemDictionary.cpp, line 313]
Event: 270.656 Thread 0x00000280c97d8fb0 Exception <a 'java/lang/ClassNotFoundException'{0x00000000ec9ef688}: org/gradle/api/internal/artifacts/DefaultArtifactRepositoryContainerCustomizer> (0x00000000ec9ef688) 
thrown [s\open\src\hotspot\share\classfile\systemDictionary.cpp, line 313]
Event: 270.711 Thread 0x00000280c97d8fb0 Exception <a 'java/lang/ClassNotFoundException'{0x00000000ec83b9d8}: org/gradle/api/internal/artifacts/dsl/DefaultRepositoryHandlerCustomizer> (0x00000000ec83b9d8) 
thrown [s\open\src\hotspot\share\classfile\systemDictionary.cpp, line 313]
Event: 270.864 Thread 0x00000280c97d8fb0 Exception <a 'java/lang/ClassNotFoundException'{0x00000000ec894d40}: org/gradle/api/internal/artifacts/dsl/DefaultRepositoryHandler_DecoratedCustomizer> (0x00000000ec894d40) 
thrown [s\open\src\hotspot\share\classfile\systemDictionary.cpp, line 313]
Event: 271.159 Thread 0x00000280c97d8fb0 Exception <a 'java/lang/ClassNotFoundException'{0x00000000ec72c358}: org/gradle/api/internal/artifacts/dsl/dependencies/DefaultDependencyHandler_DecoratedBeanInfo> (0x00000000ec72c358) 
thrown [s\open\src\hotspot\share\classfile\systemDictionary.cpp, line 313]
Event: 271.180 Thread 0x00000280c97d8fb0 Exception <a 'java/lang/ClassNotFoundException'{0x00000000ec746250}: org/gradle/api/internal/artifacts/dsl/dependencies/DefaultDependencyHandlerBeanInfo> (0x00000000ec746250) 
thrown [s\open\src\hotspot\share\classfile\systemDictionary.cpp, line 313]
Event: 271.188 Thread 0x00000280c97d8fb0 Exception <a 'java/lang/ClassNotFoundException'{0x00000000ec7603b0}: org/gradle/api/internal/artifacts/dsl/dependencies/DefaultDependencyHandlerCustomizer> (0x00000000ec7603b0) 
thrown [s\open\src\hotspot\share\classfile\systemDictionary.cpp, line 313]
Event: 271.227 Thread 0x00000280c97d8fb0 Exception <a 'java/lang/ClassNotFoundException'{0x00000000ec7ad858}: org/gradle/api/internal/artifacts/dsl/dependencies/DefaultDependencyHandler_DecoratedCustomizer> (0x00000000ec7ad858) 
thrown [s\open\src\hotspot\share\classfile\systemDictionary.cpp, line 313]
Event: 271.623 Thread 0x00000280c97d8fb0 Exception <a 'java/lang/ClassNotFoundException'{0x00000000ec51f1b0}: org/gradle/api/internal/tasks/DefaultTaskContainer_DecoratedBeanInfo> (0x00000000ec51f1b0) 
thrown [s\open\src\hotspot\share\classfile\systemDictionary.cpp, line 313]
Event: 271.625 Thread 0x00000280c97d8fb0 Exception <a 'java/lang/ClassNotFoundException'{0x00000000ec533218}: org/gradle/api/internal/tasks/DefaultTaskContainerBeanInfo> (0x00000000ec533218) 
thrown [s\open\src\hotspot\share\classfile\systemDictionary.cpp, line 313]
Event: 271.654 Thread 0x00000280c97d8fb0 Exception <a 'java/lang/ClassNotFoundException'{0x00000000ec547550}: org/gradle/api/internal/tasks/DefaultTaskCollectionBeanInfo> (0x00000000ec547550) 
thrown [s\open\src\hotspot\share\classfile\systemDictionary.cpp, line 313]
Event: 271.664 Thread 0x00000280c97d8fb0 Exception <a 'java/lang/ClassNotFoundException'{0x00000000ec55b870}: org/gradle/api/internal/DefaultNamedDomainObjectSetBeanInfo> (0x00000000ec55b870) 
thrown [s\open\src\hotspot\share\classfile\systemDictionary.cpp, line 313]
Event: 271.669 Thread 0x00000280c97d8fb0 Exception <a 'java/lang/ClassNotFoundException'{0x00000000ec56fb70}: org/gradle/api/internal/DefaultNamedDomainObjectSetCustomizer> (0x00000000ec56fb70) 
thrown [s\open\src\hotspot\share\classfile\systemDictionary.cpp, line 313]
Event: 271.723 Thread 0x00000280c97d8fb0 Exception <a 'java/lang/ClassNotFoundException'{0x00000000ec5b3ac0}: org/gradle/api/internal/tasks/DefaultTaskCollectionCustomizer> (0x00000000ec5b3ac0) 
thrown [s\open\src\hotspot\share\classfile\systemDictionary.cpp, line 313]
Event: 271.790 Thread 0x00000280c97d8fb0 Exception <a 'java/lang/ClassNotFoundException'{0x00000000ec41c888}: org/gradle/api/internal/tasks/DefaultTaskContainerCustomizer> (0x00000000ec41c888) 
thrown [s\open\src\hotspot\share\classfile\systemDictionary.cpp, line 313]
Event: 271.900 Thread 0x00000280c97d8fb0 Exception <a 'java/lang/ClassNotFoundException'{0x00000000ec4ae180}: org/gradle/api/internal/tasks/DefaultTaskContainer_DecoratedCustomizer> (0x00000000ec4ae180) 
thrown [s\open\src\hotspot\share\classfile\systemDictionary.cpp, line 313]
Event: 272.549 Thread 0x00000280c97d8fb0 Exception <a 'java/lang/NoSuchMethodError'{0x00000000ec3d1f50}: 'int java.lang.invoke.DirectMethodHandle$Holder.invokeSpecial(java.lang.Object, java.lang.Object, java.lang.Object, java.lang.Object, java.lang.Object)'> (0x00000000ec3d1f50) 
thrown [s\open\src\hotspot\share\interpreter\linkResolver.cpp, line 773]
Event: 273.082 Thread 0x00000280c97d8fb0 Exception <a 'java/lang/NoSuchMethodError'{0x00000000ec20b728}: 'void java.lang.invoke.DirectMethodHandle$Holder.invokeInterface(java.lang.Object, java.lang.Object, java.lang.Object, java.lang.Object)'> (0x00000000ec20b728) 
thrown [s\open\src\hotspot\share\interpreter\linkResolver.cpp, line 773]
Event: 274.204 Thread 0x00000280c97d8fb0 Exception <a 'java/lang/NoSuchMethodError'{0x00000000ec123b60}: 'java.lang.Object java.lang.invoke.DirectMethodHandle$Holder.invokeStatic(java.lang.Object, int, java.lang.Object)'> (0x00000000ec123b60) 
thrown [s\open\src\hotspot\share\interpreter\linkResolver.cpp, line 773]

ZGC Phase Switch (0 events):
No events

VM Operations (20 events):
Event: 268.140 Executing VM operation: Cleanup
Event: 268.140 Executing VM operation: Cleanup done
Event: 269.145 Executing VM operation: Cleanup
Event: 269.165 Executing VM operation: Cleanup done
Event: 270.168 Executing VM operation: Cleanup
Event: 270.178 Executing VM operation: Cleanup done
Event: 271.181 Executing VM operation: Cleanup
Event: 271.182 Executing VM operation: Cleanup done
Event: 272.195 Executing VM operation: Cleanup
Event: 272.195 Executing VM operation: Cleanup done
Event: 273.195 Executing VM operation: Cleanup
Event: 273.213 Executing VM operation: Cleanup done
Event: 274.229 Executing VM operation: Cleanup
Event: 274.239 Executing VM operation: Cleanup done
Event: 276.242 Executing VM operation: Cleanup
Event: 276.245 Executing VM operation: Cleanup done
Event: 277.251 Executing VM operation: Cleanup
Event: 277.316 Executing VM operation: Cleanup done
Event: 278.321 Executing VM operation: Cleanup
Event: 278.340 Executing VM operation: Cleanup done

Events (20 events):
Event: 32.508 Thread 0x00000280afdc6cc0 flushing nmethod 0x000002809d53c510
Event: 65.631 Thread 0x00000280cc64bf20 Thread added: 0x00000280cc64bf20
Event: 86.105 Thread 0x00000280cc64d2d0 Thread added: 0x00000280cc64d2d0
Event: 139.029 Thread 0x00000280cc64c5b0 Thread added: 0x00000280cc64c5b0
Event: 148.457 Thread 0x00000280cc64cc40 Thread added: 0x00000280cc64cc40
Event: 148.461 Thread 0x00000280cc64b890 Thread added: 0x00000280cc64b890
Event: 148.464 Thread 0x00000280cc64dff0 Thread added: 0x00000280cc64dff0
Event: 148.464 Thread 0x00000280cc64e680 Thread added: 0x00000280cc64e680
Event: 148.466 Thread 0x00000280cc64b200 Thread added: 0x00000280cc64b200
Event: 148.467 Thread 0x00000280cdbc9f50 Thread added: 0x00000280cdbc9f50
Event: 148.467 Thread 0x00000280cdbcd3d0 Thread added: 0x00000280cdbcd3d0
Event: 148.468 Thread 0x00000280cdbcb300 Thread added: 0x00000280cdbcb300
Event: 148.468 Thread 0x00000280cdbca5e0 Thread added: 0x00000280cdbca5e0
Event: 148.476 Thread 0x00000280cdbcac70 Thread added: 0x00000280cdbcac70
Event: 148.479 Thread 0x00000280cdbcc020 Thread added: 0x00000280cdbcc020
Event: 149.154 Thread 0x00000280cdbcee10 Thread added: 0x00000280cdbcee10
Event: 153.940 Thread 0x00000280cdbce0f0 Thread added: 0x00000280cdbce0f0
Event: 218.262 Thread 0x00000280c90be0b0 Thread exited: 0x00000280c90be0b0
Event: 262.526 Thread 0x00000280cdbce780 Thread added: 0x00000280cdbce780
Event: 262.908 Thread 0x00000280cdbcb990 Thread added: 0x00000280cdbcb990


Dynamic libraries:
0x00007ff64cc80000 - 0x00007ff64cc90000 	D:\javar\bin\java.exe
0x00007ffae01e0000 - 0x00007ffae0446000 	C:\Windows\SYSTEM32\ntdll.dll
0x00007ffadf780000 - 0x00007ffadf849000 	C:\Windows\System32\KERNEL32.DLL
0x00007ffadd630000 - 0x00007ffadda2f000 	C:\Windows\System32\KERNELBASE.dll
0x00007ffada250000 - 0x00007ffada2ef000 	C:\Windows\SYSTEM32\apphelp.dll
0x00007ffadd3f0000 - 0x00007ffadd53c000 	C:\Windows\System32\ucrtbase.dll
0x00007ffac9ac0000 - 0x00007ffac9ade000 	D:\javar\bin\VCRUNTIME140.dll
0x00007ffab0810000 - 0x00007ffab0829000 	D:\javar\bin\jli.dll
0x00007ffadec80000 - 0x00007ffaded3c000 	C:\Windows\System32\ADVAPI32.dll
0x00007ffadf510000 - 0x00007ffadf5b9000 	C:\Windows\System32\msvcrt.dll
0x00007ffadfe10000 - 0x00007ffadfeba000 	C:\Windows\System32\sechost.dll
0x00007ffadfa60000 - 0x00007ffadfb78000 	C:\Windows\System32\RPCRT4.dll
0x00007ffadfb80000 - 0x00007ffadfd46000 	C:\Windows\System32\USER32.dll
0x00007ffadd600000 - 0x00007ffadd627000 	C:\Windows\System32\win32u.dll
0x00007ffaded50000 - 0x00007ffaded7b000 	C:\Windows\System32\GDI32.dll
0x00007ffaddde0000 - 0x00007ffaddf09000 	C:\Windows\System32\gdi32full.dll
0x00007ffac7080000 - 0x00007ffac7311000 	C:\Windows\WinSxS\amd64_microsoft.windows.common-controls_6595b64144ccf1df_6.0.26100.8972_none_3e0da176e32f9d4b\COMCTL32.dll
0x00007ffadd550000 - 0x00007ffadd5f3000 	C:\Windows\System32\msvcp_win.dll
0x00007ffad46c0000 - 0x00007ffad46cb000 	C:\Windows\SYSTEM32\VERSION.dll
0x00007ffadfdd0000 - 0x00007ffadfe02000 	C:\Windows\System32\IMM32.DLL
0x00007ffad2b70000 - 0x00007ffad2b7c000 	D:\javar\bin\vcruntime140_1.dll
0x00007ffa7a7d0000 - 0x00007ffa7a85d000 	D:\javar\bin\msvcp140.dll
0x00007ffa3d4d0000 - 0x00007ffa3e1f8000 	D:\javar\bin\server\jvm.dll
0x00007ffadf6f0000 - 0x00007ffadf772000 	C:\Windows\System32\WS2_32.dll
0x00007ffadd250000 - 0x00007ffadd2ae000 	C:\Windows\SYSTEM32\POWRPROF.dll
0x00007ffad3e20000 - 0x00007ffad3e56000 	C:\Windows\SYSTEM32\WINMM.dll
0x00007ffadd230000 - 0x00007ffadd245000 	C:\Windows\SYSTEM32\UMPDC.dll
0x00007ffadc0e0000 - 0x00007ffadc0fb000 	C:\Windows\SYSTEM32\kernel.appcore.dll
0x00007ffad17a0000 - 0x00007ffad17aa000 	D:\javar\bin\jimage.dll
0x00007ffad2be0000 - 0x00007ffad2e22000 	C:\Windows\SYSTEM32\DBGHELP.DLL
0x00007ffade0d0000 - 0x00007ffade455000 	C:\Windows\System32\combase.dll
0x00007ffade470000 - 0x00007ffade549000 	C:\Windows\System32\OLEAUT32.dll
0x00007ffab7310000 - 0x00007ffab734b000 	C:\Windows\SYSTEM32\dbgcore.DLL
0x00007ffadda40000 - 0x00007ffaddaec000 	C:\Windows\System32\bcryptPrimitives.dll
0x00007ffac5920000 - 0x00007ffac5930000 	D:\javar\bin\instrument.dll
0x00007ffa8b7a0000 - 0x00007ffa8b7c1000 	D:\javar\bin\java.dll
0x00007ffaded80000 - 0x00007ffadf508000 	C:\Windows\System32\SHELL32.dll
0x00007ffadae70000 - 0x00007ffadb70b000 	C:\Windows\SYSTEM32\windows.storage.dll
0x00007ffade6c0000 - 0x00007ffade7b9000 	C:\Windows\System32\SHCORE.dll
0x00007ffadf8a0000 - 0x00007ffadf906000 	C:\Windows\System32\shlwapi.dll
0x00007ffadd310000 - 0x00007ffadd339000 	C:\Windows\SYSTEM32\profapi.dll
0x00007ffa4eb90000 - 0x00007ffa4ec67000 	D:\javar\bin\jsvml.dll
0x00007ffab19e0000 - 0x00007ffab19f8000 	D:\javar\bin\zip.dll
0x00007ffac9860000 - 0x00007ffac9871000 	D:\javar\bin\net.dll
0x00007ffad6060000 - 0x00007ffad6188000 	C:\Windows\SYSTEM32\WINHTTP.dll
0x00007ffadc690000 - 0x00007ffadc6fc000 	C:\Windows\system32\mswsock.dll
0x00007ffab5560000 - 0x00007ffab5576000 	D:\javar\bin\nio.dll
0x00007ffabc2d0000 - 0x00007ffabc2e0000 	D:\javar\bin\verify.dll
0x00007ffa7b640000 - 0x00007ffa7b667000 	C:\Users\hieun\.gradle\native\660c5614fbf4a5f2a75b1949f50a0caf5cd603558e7d8a26e50b933a0cfb79d1\windows-amd64\native-platform.dll
0x00007ffa5d800000 - 0x00007ffa5d877000 	C:\Users\hieun\.gradle\native\0.2.8\x86_64-windows-gnu\gradle-fileevents.dll
0x00007ffa95b40000 - 0x00007ffa95b4a000 	D:\javar\bin\management.dll
0x00007ffa8cda0000 - 0x00007ffa8cdac000 	D:\javar\bin\management_ext.dll
0x00007ffade7c0000 - 0x00007ffade7c8000 	C:\Windows\System32\PSAPI.DLL
0x00007ffadbb10000 - 0x00007ffadbb43000 	C:\Windows\SYSTEM32\IPHLPAPI.DLL
0x00007ffade460000 - 0x00007ffade46a000 	C:\Windows\System32\NSI.dll
0x00007ffab3a70000 - 0x00007ffab3a79000 	D:\javar\bin\extnet.dll
0x00007ffadc980000 - 0x00007ffadc99b000 	C:\Windows\SYSTEM32\CRYPTSP.dll
0x00007ffadc040000 - 0x00007ffadc079000 	C:\Windows\system32\rsaenh.dll
0x00007ffadc740000 - 0x00007ffadc772000 	C:\Windows\SYSTEM32\USERENV.dll
0x00007ffadd2e0000 - 0x00007ffadd30a000 	C:\Windows\SYSTEM32\bcrypt.dll
0x00007ffadc9a0000 - 0x00007ffadc9ac000 	C:\Windows\SYSTEM32\CRYPTBASE.dll
0x00007ffab05a0000 - 0x00007ffab05ae000 	D:\javar\bin\sunmscapi.dll
0x00007ffaddb90000 - 0x00007ffaddd0e000 	C:\Windows\System32\CRYPT32.dll
0x00007ffadcbc0000 - 0x00007ffadcbf0000 	C:\Windows\SYSTEM32\ncrypt.dll
0x00007ffadcb70000 - 0x00007ffadcbaf000 	C:\Windows\SYSTEM32\NTASN1.dll
0x00007ffaafcb0000 - 0x00007ffaafcb8000 	C:\Windows\system32\wshunix.dll

dbghelp: loaded successfully - version: 4.0.5 - missing functions: none
symbol engine: initialized successfully - sym options: 0x614 - pdb path: .;D:\javar\bin;C:\Windows\SYSTEM32;C:\Windows\WinSxS\amd64_microsoft.windows.common-controls_6595b64144ccf1df_6.0.26100.8972_none_3e0da176e32f9d4b;D:\javar\bin\server;C:\Users\hieun\.gradle\native\660c5614fbf4a5f2a75b1949f50a0caf5cd603558e7d8a26e50b933a0cfb79d1\windows-amd64;C:\Users\hieun\.gradle\native\0.2.8\x86_64-windows-gnu

VM Arguments:
jvm_args: --add-opens=java.base/java.lang=ALL-UNNAMED --add-opens=java.base/java.lang.invoke=ALL-UNNAMED --add-opens=java.base/java.util=ALL-UNNAMED --add-opens=java.prefs/java.util.prefs=ALL-UNNAMED --add-exports=jdk.compiler/com.sun.tools.javac.api=ALL-UNNAMED --add-exports=jdk.compiler/com.sun.tools.javac.util=ALL-UNNAMED --add-opens=java.base/java.nio.charset=ALL-UNNAMED --add-opens=java.base/java.net=ALL-UNNAMED --add-opens=java.base/java.util.concurrent=ALL-UNNAMED --add-opens=java.base/java.util.concurrent.atomic=ALL-UNNAMED --add-opens=java.xml/javax.xml.namespace=ALL-UNNAMED --add-opens=java.base/java.time=ALL-UNNAMED -XX:MaxMetaspaceSize=384m -XX:+HeapDumpOnOutOfMemoryError -Xms256m -Xmx512m -Dfile.encoding=UTF-8 -Duser.country=US -Duser.language=en -Duser.variant -javaagent:C:\Users\hieun\.gradle\wrapper\dists\gradle-9.5.1-bin\iq79hdu3mqx29lgffhp8bfmx\gradle-9.5.1\lib\agents\gradle-instrumentation-agent-9.5.1.jar 
java_command: org.gradle.launcher.daemon.bootstrap.GradleDaemon 9.5.1
java_class_path (initial): C:\Users\hieun\.gradle\wrapper\dists\gradle-9.5.1-bin\iq79hdu3mqx29lgffhp8bfmx\gradle-9.5.1\lib\gradle-daemon-main-9.5.1.jar
Launcher Type: SUN_STANDARD

[Global flags]
     intx CICompilerCount                          = 4                                         {product} {ergonomic}
   size_t CompressedClassSpaceSize                 = 335544320                                 {product} {ergonomic}
     uint ConcGCThreads                            = 3                                         {product} {ergonomic}
     uint G1ConcRefinementThreads                  = 10                                        {product} {ergonomic}
   size_t G1HeapRegionSize                         = 1048576                                   {product} {ergonomic}
    uintx GCDrainStackTargetSize                   = 64                                        {product} {ergonomic}
     bool HeapDumpOnOutOfMemoryError               = true                                   {manageable} {command line}
   size_t InitialHeapSize                          = 268435456                                 {product} {command line}
   size_t MarkStackSize                            = 4194304                                   {product} {ergonomic}
   size_t MaxHeapSize                              = 536870912                                 {product} {command line}
   size_t MaxMetaspaceSize                         = 402653184                                 {product} {command line}
   size_t MaxNewSize                               = 321912832                                 {product} {ergonomic}
   size_t MinHeapDeltaBytes                        = 1048576                                   {product} {ergonomic}
   size_t MinHeapSize                              = 268435456                                 {product} {command line}
    uintx NonNMethodCodeHeapSize                   = 5839372                                {pd product} {ergonomic}
    uintx NonProfiledCodeHeapSize                  = 122909434                              {pd product} {ergonomic}
    uintx ProfiledCodeHeapSize                     = 122909434                              {pd product} {ergonomic}
    uintx ReservedCodeCacheSize                    = 251658240                              {pd product} {ergonomic}
     bool SegmentedCodeCache                       = true                                      {product} {ergonomic}
   size_t SoftMaxHeapSize                          = 536870912                              {manageable} {ergonomic}
     bool UseCompressedOops                        = true                           {product lp64_product} {ergonomic}
     bool UseG1GC                                  = true                                      {product} {ergonomic}
     bool UseLargePagesIndividualAllocation        = false                                  {pd product} {ergonomic}

Logging:
Log output configuration:
 #0: stdout all=warning uptime,level,tags foldmultilines=false
 #1: stderr all=off uptime,level,tags foldmultilines=false

Environment Variables:
PATH=C:\Program Files\Common Files\Oracle\Java\javapath;C:\Windows\system32;C:\Windows;C:\Windows\System32\Wbem;C:\Windows\System32\WindowsPowerShell\v1.0\;C:\Windows\System32\OpenSSH\;C:\Program Files (x86)\NVIDIA Corporation\PhysX\Common;C:\Program Files\dotnet\;D:\Git\cmd;C:\Program Files\NVIDIA Corporation\NVIDIA App\NvDLISR;C:\Program Files\Docker\Docker\resources\bin;C:\ProgramData\chocolatey\bin;D:\node js\;C:\Users\hieun\AppData\Local\Programs\Python\Launcher\;C:\Users\hieun\AppData\Local\Microsoft\WindowsApps;D:\Microsoft VS Code\bin;C:\Users\hieun\AppData\Roaming\npm
USERNAME=hieun
OS=Windows_NT
PROCESSOR_IDENTIFIER=AMD64 Family 25 Model 68 Stepping 1, AuthenticAMD
TMP=C:\Users\hieun\AppData\Local\Temp
TEMP=C:\Users\hieun\AppData\Local\Temp




Periodic native trim disabled

---------------  S Y S T E M  ---------------

OS:
 Windows 11 , 64 bit Build 26100 (10.0.26100.9168)
OS uptime: 4 days 9:45 hours
Hyper-V role detected

CPU: total 12 (initial active 12) (12 cores per cpu, 2 threads per core) family 25 model 68 stepping 1 microcode 0xa404107, cx8, cmov, fxsr, ht, mmx, 3dnowpref, sse, sse2, sse3, ssse3, sse4a, sse4.1, sse4.2, popcnt, lzcnt, tsc, tscinvbit, avx, avx2, aes, erms, clmul, bmi1, bmi2, adx, sha, fma, vzeroupper, clflush, clflushopt, hv, rdtscp, rdpid, fsrm, f16c, cet_ss
Processor Information for all 12 processors :
  Max Mhz: 3301, Current Mhz: 3301, Mhz Limit: 3301

Memory: 4k page, system-wide physical 15690M (349M free)
TotalPageFile size 48779M (AvailPageFile size 162M)
current process WorkingSet (physical memory assigned to process): 166M, peak: 295M
current process commit charge ("private bytes"): 487M, peak: 490M

vm_info: Java HotSpot(TM) 64-Bit Server VM (21.0.11+9-LTS-211) for windows-amd64 JRE (21.0.11+9-LTS-211), built on 2026-03-11T00:23:15Z by "mach5run" with MS VC++ 17.13 (VS2022)

END.
