#
# There is insufficient memory for the Java Runtime Environment to continue.
# Native memory allocation (malloc) failed to allocate 1120608 bytes for Chunk::new
# Possible reasons:
#   The system is out of physical RAM or swap space
#   The process is running with CompressedOops enabled, and the Java Heap may be blocking the growth of the native heap
# Possible solutions:
#   Reduce memory load on the system
#   Increase physical memory or swap space
#   Check if swap backing store is full
#   Decrease Java heap size (-Xmx/-Xms)
#   Decrease number of Java threads
#   Decrease Java thread stack sizes (-Xss)
#   Set larger code cache with -XX:ReservedCodeCacheSize=
#   JVM is running with Unscaled Compressed Oops mode in which the Java heap is
#     placed in the first 4GB address space. The Java Heap base address is the
#     maximum limit for the native heap growth. Please use -XX:HeapBaseMinAddress
#     to set the Java Heap base and to place the Java Heap above 4GB virtual address.
# This output file may be truncated or incomplete.
#
#  Out of Memory Error (arena.cpp:168), pid=45960, tid=31080
#
# JRE version: Java(TM) SE Runtime Environment (21.0.11+9) (build 21.0.11+9-LTS-211)
# Java VM: Java HotSpot(TM) 64-Bit Server VM (21.0.11+9-LTS-211, mixed mode, sharing, tiered, compressed oops, compressed class ptrs, g1 gc, windows-amd64)
# No core dump will be written. Minidumps are not enabled by default on client versions of Windows
#

---------------  S U M M A R Y ------------

Command Line: --add-opens=java.base/java.lang=ALL-UNNAMED --add-opens=java.base/java.lang.invoke=ALL-UNNAMED --add-opens=java.base/java.util=ALL-UNNAMED --add-opens=java.prefs/java.util.prefs=ALL-UNNAMED --add-exports=jdk.compiler/com.sun.tools.javac.api=ALL-UNNAMED --add-exports=jdk.compiler/com.sun.tools.javac.util=ALL-UNNAMED --add-opens=java.base/java.nio.charset=ALL-UNNAMED --add-opens=java.base/java.net=ALL-UNNAMED --add-opens=java.base/java.util.concurrent=ALL-UNNAMED --add-opens=java.base/java.util.concurrent.atomic=ALL-UNNAMED --add-opens=java.xml/javax.xml.namespace=ALL-UNNAMED --add-opens=java.base/java.time=ALL-UNNAMED -XX:MaxMetaspaceSize=384m -XX:+HeapDumpOnOutOfMemoryError -Xms256m -Xmx512m -Dfile.encoding=UTF-8 -Duser.country=US -Duser.language=en -Duser.variant -javaagent:C:\Users\hieun\.gradle\wrapper\dists\gradle-9.5.1-bin\iq79hdu3mqx29lgffhp8bfmx\gradle-9.5.1\lib\agents\gradle-instrumentation-agent-9.5.1.jar org.gradle.launcher.daemon.bootstrap.GradleDaemon 9.5.1

Host: AMD Ryzen 5 7535HS with Radeon Graphics        , 12 cores, 15G,  Windows 11 , 64 bit Build 26100 (10.0.26100.9168)
Time: Mon Aug 24 22:46:29 2026 SE Asia Standard Time elapsed time: 569.389065 seconds (0d 0h 9m 29s)

---------------  T H R E A D  ---------------

Current thread (0x000002697ca226c0):  JavaThread "C2 CompilerThread0" daemon [_thread_in_native, id=31080, stack(0x000000d2b0f00000,0x000000d2b1000000) (1024K)]


Current CompileTask:
C2: 569389 8701   !   4       com.google.common.reflect.TypeVisitor::visit (225 bytes)

Stack: [0x000000d2b0f00000,0x000000d2b1000000]
Native frames: (J=compiled Java code, j=interpreted, Vv=VM code, C=native code)
V  [jvm.dll+0x6d0ef9]
V  [jvm.dll+0x860126]
V  [jvm.dll+0x86261e]
V  [jvm.dll+0x862cf3]
V  [jvm.dll+0x282bc6]
V  [jvm.dll+0xc67ad]
V  [jvm.dll+0xc6cf1]
V  [jvm.dll+0x3bbeab]
V  [jvm.dll+0x388322]
V  [jvm.dll+0x38776a]
V  [jvm.dll+0x24b520]
V  [jvm.dll+0x24aaff]
V  [jvm.dll+0x1cae7e]
V  [jvm.dll+0x25a7d9]
V  [jvm.dll+0x258d65]
V  [jvm.dll+0x3f50d1]
V  [jvm.dll+0x80ac0d]
V  [jvm.dll+0x6cf79d]
C  [ucrtbase.dll+0x2cd30]
C  [KERNEL32.DLL+0x2ccb7]
C  [ntdll.dll+0xaad6c]


---------------  P R O C E S S  ---------------

Threads class SMR info:
_java_thread_list=0x000002697ddffb40, length=89, elements={
0x000002696e60f810, 0x000002697ca19690, 0x000002697ca1ac60, 0x000002697ca1da00,
0x000002697ca20470, 0x000002697ca20ed0, 0x000002697ca21930, 0x000002697ca226c0,
0x000002697ca29850, 0x000002697cb7b9d0, 0x000002697cc28eb0, 0x000002697d7f3980,
0x000002697e817e50, 0x000002697dc80200, 0x000002697e92f2a0, 0x000002697cb4fea0,
0x000002697cbdad00, 0x000002697cbdc0b0, 0x000002697cbdc740, 0x000002697f1f8140,
0x000002697f1fa8a0, 0x000002697f1faf30, 0x000002697cbda670, 0x000002697f2ba450,
0x000002697f2b9dc0, 0x000002697f2bf310, 0x000002697f2bdf60, 0x000002697f1f94f0,
0x000002697f37f440, 0x000002697f381510, 0x000002697f381ba0, 0x000002697f380e80,
0x000002697f37fad0, 0x000002697f37e720, 0x000002697f382230, 0x000002697f3835e0,
0x000002697f384990, 0x000002697f384300, 0x000002697f2bb800, 0x000002697f2b9730,
0x000002697f2c06c0, 0x000002697f2bec80, 0x000002697f1f9b80, 0x000002697cbd9fe0,
0x0000026929376b90, 0x00000269293778b0, 0x0000026929375e70, 0x0000026929377220,
0x0000026929375150, 0x0000026929017e60, 0x000002692901a5c0, 0x00000269290198a0,
0x0000026929019f30, 0x000002692901ac50, 0x00000269290177d0, 0x000002692901b2e0,
0x000002692901b970, 0x00000269290184f0, 0x000002692901c000, 0x0000026929018b80,
0x000002692901c690, 0x000002692901e760, 0x000002692901cd20, 0x000002692901e0d0,
0x000002692937a6a0, 0x000002692937c0e0, 0x0000026929379980, 0x00000269293792f0,
0x00000269293785d0, 0x0000026929378c60, 0x00000269293757e0, 0x0000026929377f40,
0x0000026929376500, 0x000002692937a010, 0x000002692937ad30, 0x000002692937b3c0,
0x000002692937ba50, 0x000002697f2bbe90, 0x000002697f2bc520, 0x000002697f2b90a0,
0x000002697f2bd8d0, 0x000002697f2bf9a0, 0x000002697f2c0030, 0x000002697f2bcbb0,
0x000002697f2be5f0, 0x000002697f380160, 0x000002697f37edb0, 0x000002697f383c70,
0x000002692a597620
}

Java Threads: ( => current thread )
  0x000002696e60f810 JavaThread "main"                              [_thread_blocked, id=45556, stack(0x000000d2b0100000,0x000000d2b0200000) (1024K)]
  0x000002697ca19690 JavaThread "Reference Handler"          daemon [_thread_blocked, id=10580, stack(0x000000d2b0900000,0x000000d2b0a00000) (1024K)]
  0x000002697ca1ac60 JavaThread "Finalizer"                  daemon [_thread_blocked, id=28996, stack(0x000000d2b0a00000,0x000000d2b0b00000) (1024K)]
  0x000002697ca1da00 JavaThread "Signal Dispatcher"          daemon [_thread_blocked, id=56396, stack(0x000000d2b0b00000,0x000000d2b0c00000) (1024K)]
  0x000002697ca20470 JavaThread "Attach Listener"            daemon [_thread_blocked, id=52120, stack(0x000000d2b0c00000,0x000000d2b0d00000) (1024K)]
  0x000002697ca20ed0 JavaThread "Service Thread"             daemon [_thread_blocked, id=52012, stack(0x000000d2b0d00000,0x000000d2b0e00000) (1024K)]
  0x000002697ca21930 JavaThread "Monitor Deflation Thread"   daemon [_thread_blocked, id=9428, stack(0x000000d2b0e00000,0x000000d2b0f00000) (1024K)]
=>0x000002697ca226c0 JavaThread "C2 CompilerThread0"         daemon [_thread_in_native, id=31080, stack(0x000000d2b0f00000,0x000000d2b1000000) (1024K)]
  0x000002697ca29850 JavaThread "C1 CompilerThread0"         daemon [_thread_blocked, id=51404, stack(0x000000d2b1000000,0x000000d2b1100000) (1024K)]
  0x000002697cb7b9d0 JavaThread "Common-Cleaner"             daemon [_thread_blocked, id=22340, stack(0x000000d2b1100000,0x000000d2b1200000) (1024K)]
  0x000002697cc28eb0 JavaThread "Notification Thread"        daemon [_thread_blocked, id=36764, stack(0x000000d2b1200000,0x000000d2b1300000) (1024K)]
  0x000002697d7f3980 JavaThread "Daemon health stats"               [_thread_blocked, id=46164, stack(0x000000d2b1800000,0x000000d2b1900000) (1024K)]
  0x000002697e817e50 JavaThread "Incoming local TCP Connector on port 54900"        [_thread_in_native, id=13772, stack(0x000000d2b1900000,0x000000d2b1a00000) (1024K)]
  0x000002697dc80200 JavaThread "Daemon periodic checks"            [_thread_blocked, id=53824, stack(0x000000d2b1a00000,0x000000d2b1b00000) (1024K)]
  0x000002697e92f2a0 JavaThread "Daemon"                            [_thread_blocked, id=34232, stack(0x000000d2b0000000,0x000000d2b0100000) (1024K)]
  0x000002697cb4fea0 JavaThread "Daemon worker"                     [_thread_in_Java, id=6924, stack(0x000000d2b1d00000,0x000000d2b1e00000) (1024K)]
  0x000002697cbdad00 JavaThread "Cache worker for journal cache (C:\Users\hieun\.gradle\caches\journal-1)"        [_thread_blocked, id=25864, stack(0x000000d2b2100000,0x000000d2b2200000) (1024K)]
  0x000002697cbdc0b0 JavaThread "File lock request listener"        [_thread_in_native, id=26580, stack(0x000000d2b2200000,0x000000d2b2300000) (1024K)]
  0x000002697cbdc740 JavaThread "Cache worker for file hash cache (C:\Users\hieun\.gradle\caches\9.5.1\fileHashes)"        [_thread_blocked, id=9136, stack(0x000000d2b2400000,0x000000d2b2500000) (1024K)]
  0x000002697f1f8140 JavaThread "File watcher server"        daemon [_thread_in_native, id=41476, stack(0x000000d2b2d00000,0x000000d2b2e00000) (1024K)]
  0x000002697f1fa8a0 JavaThread "File watcher consumer"      daemon [_thread_blocked, id=19904, stack(0x000000d2b2e00000,0x000000d2b2f00000) (1024K)]
  0x000002697f1faf30 JavaThread "Cache worker for file content cache (C:\Users\hieun\.gradle\caches\9.5.1\fileContent)"        [_thread_blocked, id=46820, stack(0x000000d2b2f00000,0x000000d2b3000000) (1024K)]
  0x000002697cbda670 JavaThread "jar transforms"                    [_thread_blocked, id=9496, stack(0x000000d2aff00000,0x000000d2b0000000) (1024K)]
  0x000002697f2ba450 JavaThread "jar transforms Thread 2"           [_thread_blocked, id=20624, stack(0x000000d2b3400000,0x000000d2b3500000) (1024K)]
  0x000002697f2b9dc0 JavaThread "jar transforms Thread 3"           [_thread_blocked, id=37012, stack(0x000000d2b3500000,0x000000d2b3600000) (1024K)]
  0x000002697f2bf310 JavaThread "Memory manager"                    [_thread_blocked, id=28620, stack(0x000000d2b4200000,0x000000d2b4300000) (1024K)]
  0x000002697f2bdf60 JavaThread "File lock release action executor Thread 4"        [_thread_blocked, id=27136, stack(0x000000d2afe00000,0x000000d2aff00000) (1024K)]
  0x000002697f1f94f0 JavaThread "jar transforms Thread 4"           [_thread_blocked, id=45768, stack(0x000000d2b2300000,0x000000d2b2400000) (1024K)]
  0x000002697f37f440 JavaThread "VFS cleanup"                       [_thread_blocked, id=51996, stack(0x000000d2b1e00000,0x000000d2b1f00000) (1024K)]
  0x000002697f381510 JavaThread "Daemon Thread 2"                   [_thread_blocked, id=38584, stack(0x000000d2b1b00000,0x000000d2b1c00000) (1024K)]
  0x000002697f381ba0 JavaThread "Handler for socket connection from /127.0.0.1:54900 to /127.0.0.1:62562"        [_thread_in_native, id=40992, stack(0x000000d2b1c00000,0x000000d2b1d00000) (1024K)]
  0x000002697f380e80 JavaThread "Daemon Thread 3"                   [_thread_blocked, id=10956, stack(0x000000d2b2000000,0x000000d2b2100000) (1024K)]
  0x000002697f37fad0 JavaThread "Daemon Thread 4"                   [_thread_blocked, id=14904, stack(0x000000d2b2b00000,0x000000d2b2c00000) (1024K)]
  0x000002697f37e720 JavaThread "Cancel handler"                    [_thread_blocked, id=42760, stack(0x000000d2b2c00000,0x000000d2b2d00000) (1024K)]
  0x000002697f382230 JavaThread "Daemon Thread 5"                   [_thread_blocked, id=50916, stack(0x000000d2b3200000,0x000000d2b3300000) (1024K)]
  0x000002697f3835e0 JavaThread "Daemon Thread 6"                   [_thread_blocked, id=40688, stack(0x000000d2b3300000,0x000000d2b3400000) (1024K)]
  0x000002697f384990 JavaThread "Daemon Thread 7"                   [_thread_blocked, id=29988, stack(0x000000d2b3700000,0x000000d2b3800000) (1024K)]
  0x000002697f384300 JavaThread "Daemon Thread 8"                   [_thread_blocked, id=38852, stack(0x000000d2b3800000,0x000000d2b3900000) (1024K)]
  0x000002697f2bb800 JavaThread "Daemon Thread 9"                   [_thread_blocked, id=20708, stack(0x000000d2b3d00000,0x000000d2b3e00000) (1024K)]
  0x000002697f2b9730 JavaThread "Daemon Thread 10"                  [_thread_blocked, id=22984, stack(0x000000d2b4000000,0x000000d2b4100000) (1024K)]
  0x000002697f2c06c0 JavaThread "Daemon Thread 11"                  [_thread_blocked, id=7928, stack(0x000000d2b4700000,0x000000d2b4800000) (1024K)]
  0x000002697f2bec80 JavaThread "Daemon Thread 12"                  [_thread_blocked, id=42600, stack(0x000000d2b4a00000,0x000000d2b4b00000) (1024K)]
  0x000002697f1f9b80 JavaThread "Daemon Thread 13"                  [_thread_blocked, id=56808, stack(0x000000d2b4c00000,0x000000d2b4d00000) (1024K)]
  0x000002697cbd9fe0 JavaThread "Daemon Thread 14"                  [_thread_blocked, id=22276, stack(0x000000d2b5200000,0x000000d2b5300000) (1024K)]
  0x0000026929376b90 JavaThread "Daemon Thread 15"                  [_thread_blocked, id=9852, stack(0x000000d2b5400000,0x000000d2b5500000) (1024K)]
  0x00000269293778b0 JavaThread "Daemon Thread 16"                  [_thread_blocked, id=28624, stack(0x000000d2b5500000,0x000000d2b5600000) (1024K)]
  0x0000026929375e70 JavaThread "Daemon Thread 17"                  [_thread_blocked, id=33620, stack(0x000000d2b5700000,0x000000d2b5800000) (1024K)]
  0x0000026929377220 JavaThread "Daemon Thread 18"                  [_thread_blocked, id=19012, stack(0x000000d2b5900000,0x000000d2b5a00000) (1024K)]
  0x0000026929375150 JavaThread "Daemon Thread 19"                  [_thread_blocked, id=48316, stack(0x000000d2b5c00000,0x000000d2b5d00000) (1024K)]
  0x0000026929017e60 JavaThread "Daemon Thread 20"                  [_thread_blocked, id=53276, stack(0x000000d2b6600000,0x000000d2b6700000) (1024K)]
  0x000002692901a5c0 JavaThread "Daemon Thread 21"                  [_thread_blocked, id=19260, stack(0x000000d2b6800000,0x000000d2b6900000) (1024K)]
  0x00000269290198a0 JavaThread "VFS cleanup Thread 2"              [_thread_blocked, id=9836, stack(0x000000d2b6900000,0x000000d2b6a00000) (1024K)]
  0x0000026929019f30 JavaThread "VFS cleanup Thread 3"              [_thread_blocked, id=43424, stack(0x000000d2b4900000,0x000000d2b4a00000) (1024K)]
  0x000002692901ac50 JavaThread "VFS cleanup Thread 4"              [_thread_blocked, id=26844, stack(0x000000d2b5100000,0x000000d2b5200000) (1024K)]
  0x00000269290177d0 JavaThread "VFS cleanup Thread 5"              [_thread_blocked, id=380, stack(0x000000d2b4100000,0x000000d2b4200000) (1024K)]
  0x000002692901b2e0 JavaThread "VFS cleanup Thread 6"              [_thread_blocked, id=38088, stack(0x000000d2b6a00000,0x000000d2b6b00000) (1024K)]
  0x000002692901b970 JavaThread "VFS cleanup Thread 7"              [_thread_blocked, id=52004, stack(0x000000d2b6300000,0x000000d2b6400000) (1024K)]
  0x00000269290184f0 JavaThread "VFS cleanup Thread 8"              [_thread_blocked, id=2812, stack(0x000000d2b3000000,0x000000d2b3100000) (1024K)]
  0x000002692901c000 JavaThread "VFS cleanup Thread 10"             [_thread_blocked, id=32056, stack(0x000000d2b5f00000,0x000000d2b6000000) (1024K)]
  0x0000026929018b80 JavaThread "VFS cleanup Thread 9"              [_thread_blocked, id=40060, stack(0x000000d2b6400000,0x000000d2b6500000) (1024K)]
  0x000002692901c690 JavaThread "VFS cleanup Thread 11"             [_thread_blocked, id=23444, stack(0x000000d2b4500000,0x000000d2b4600000) (1024K)]
  0x000002692901e760 JavaThread "Daemon Thread 22"                  [_thread_blocked, id=38128, stack(0x000000d2b4e00000,0x000000d2b4f00000) (1024K)]
  0x000002692901cd20 JavaThread "VFS cleanup Thread 12"             [_thread_blocked, id=25160, stack(0x000000d2b4400000,0x000000d2b4500000) (1024K)]
  0x000002692901e0d0 JavaThread "VFS cleanup Thread 13"             [_thread_blocked, id=54056, stack(0x000000d2b6c00000,0x000000d2b6d00000) (1024K)]
  0x000002692937a6a0 JavaThread "VFS cleanup Thread 14"             [_thread_blocked, id=52756, stack(0x000000d2b6d00000,0x000000d2b6e00000) (1024K)]
  0x000002692937c0e0 JavaThread "VFS cleanup Thread 15"             [_thread_blocked, id=32044, stack(0x000000d2b4f00000,0x000000d2b5000000) (1024K)]
  0x0000026929379980 JavaThread "Asynchronous log dispatcher for DefaultDaemonConnection: socket connection from /127.0.0.1:54900 to /127.0.0.1:62562"        [_thread_blocked, id=34684, stack(0x000000d2b5800000,0x000000d2b5900000) (1024K)]
  0x00000269293792f0 JavaThread "VFS cleanup Thread 16"             [_thread_blocked, id=32080, stack(0x000000d2b6000000,0x000000d2b6100000) (1024K)]
  0x00000269293785d0 JavaThread "Stdin handler"                     [_thread_blocked, id=38300, stack(0x000000d2b3a00000,0x000000d2b3b00000) (1024K)]
  0x0000026929378c60 JavaThread "VFS cleanup Thread 17"             [_thread_blocked, id=36832, stack(0x000000d2b1f00000,0x000000d2b2000000) (1024K)]
  0x00000269293757e0 JavaThread "Daemon client event forwarder"        [_thread_blocked, id=29672, stack(0x000000d2b3b00000,0x000000d2b3c00000) (1024K)]
  0x0000026929377f40 JavaThread "Cache worker for file hash cache (D:\n1h5-models-backend\.gradle\9.5.1\fileHashes)"        [_thread_blocked, id=12116, stack(0x000000d2b3100000,0x000000d2b3200000) (1024K)]
  0x0000026929376500 JavaThread "Cache worker for Build Output Cleanup Cache (D:\n1h5-models-backend\.gradle\buildOutputCleanup)"        [_thread_blocked, id=42228, stack(0x000000d2b3600000,0x000000d2b3700000) (1024K)]
  0x000002692937a010 JavaThread "Cache worker for checksums cache (D:\n1h5-models-backend\.gradle\9.5.1\checksums)"        [_thread_blocked, id=36980, stack(0x000000d2b3900000,0x000000d2b3a00000) (1024K)]
  0x000002692937ad30 JavaThread "Cache worker for cache directory md-supplier (C:\Users\hieun\.gradle\caches\9.5.1\md-supplier)"        [_thread_blocked, id=11416, stack(0x000000d2b3c00000,0x000000d2b3d00000) (1024K)]
  0x000002692937b3c0 JavaThread "Cache worker for cache directory md-rule (C:\Users\hieun\.gradle\caches\9.5.1\md-rule)"        [_thread_blocked, id=19384, stack(0x000000d2b3e00000,0x000000d2b3f00000) (1024K)]
  0x000002692937ba50 JavaThread "Build operations"                  [_thread_blocked, id=20728, stack(0x000000d2b4800000,0x000000d2b4900000) (1024K)]
  0x000002697f2bbe90 JavaThread "Build operations Thread 2"         [_thread_blocked, id=54760, stack(0x000000d2b4b00000,0x000000d2b4c00000) (1024K)]
  0x000002697f2bc520 JavaThread "Build operations Thread 3"         [_thread_blocked, id=56532, stack(0x000000d2b4d00000,0x000000d2b4e00000) (1024K)]
  0x000002697f2b90a0 JavaThread "Build operations Thread 4"         [_thread_blocked, id=3912, stack(0x000000d2b5000000,0x000000d2b5100000) (1024K)]
  0x000002697f2bd8d0 JavaThread "Build operations Thread 5"         [_thread_blocked, id=30948, stack(0x000000d2b5300000,0x000000d2b5400000) (1024K)]
  0x000002697f2bf9a0 JavaThread "Build operations Thread 6"         [_thread_blocked, id=55812, stack(0x000000d2b5600000,0x000000d2b5700000) (1024K)]
  0x000002697f2c0030 JavaThread "Build operations Thread 7"         [_thread_blocked, id=41356, stack(0x000000d2b5a00000,0x000000d2b5b00000) (1024K)]
  0x000002697f2bcbb0 JavaThread "Build operations Thread 8"         [_thread_blocked, id=20772, stack(0x000000d2b5b00000,0x000000d2b5c00000) (1024K)]
  0x000002697f2be5f0 JavaThread "Build operations Thread 9"         [_thread_blocked, id=21364, stack(0x000000d2b5d00000,0x000000d2b5e00000) (1024K)]
  0x000002697f380160 JavaThread "Build operations Thread 10"        [_thread_blocked, id=33060, stack(0x000000d2b5e00000,0x000000d2b5f00000) (1024K)]
  0x000002697f37edb0 JavaThread "Build operations Thread 11"        [_thread_blocked, id=38864, stack(0x000000d2b6100000,0x000000d2b6200000) (1024K)]
  0x000002697f383c70 JavaThread "Build operations Thread 12"        [_thread_blocked, id=52780, stack(0x000000d2b6200000,0x000000d2b6300000) (1024K)]
  0x000002692a597620 JavaThread "C2 CompilerThread1"         daemon [_thread_in_native, id=43048, stack(0x000000d2b6500000,0x000000d2b6600000) (1024K)]
Total: 89

Other Threads:
  0x000002697c8cacb0 VMThread "VM Thread"                           [id=14688, stack(0x000000d2b0800000,0x000000d2b0900000) (1024K)]
  0x000002697c8bb970 WatcherThread "VM Periodic Task Thread"        [id=16092, stack(0x000000d2b0700000,0x000000d2b0800000) (1024K)]
  0x000002696eae58c0 WorkerThread "GC Thread#0"                     [id=14536, stack(0x000000d2b0200000,0x000000d2b0300000) (1024K)]
  0x000002697d6afc30 WorkerThread "GC Thread#1"                     [id=47304, stack(0x000000d2b1300000,0x000000d2b1400000) (1024K)]
  0x000002697d679480 WorkerThread "GC Thread#2"                     [id=3460, stack(0x000000d2b1400000,0x000000d2b1500000) (1024K)]
  0x000002697d679830 WorkerThread "GC Thread#3"                     [id=29120, stack(0x000000d2b1500000,0x000000d2b1600000) (1024K)]
  0x000002697d679be0 WorkerThread "GC Thread#4"                     [id=6376, stack(0x000000d2b1600000,0x000000d2b1700000) (1024K)]
  0x000002697d679f90 WorkerThread "GC Thread#5"                     [id=46324, stack(0x000000d2b1700000,0x000000d2b1800000) (1024K)]
  0x000002697f206230 WorkerThread "GC Thread#6"                     [id=23192, stack(0x000000d2b2500000,0x000000d2b2600000) (1024K)]
  0x000002697f203240 WorkerThread "GC Thread#7"                     [id=42340, stack(0x000000d2b2600000,0x000000d2b2700000) (1024K)]
  0x000002697f2044b0 WorkerThread "GC Thread#8"                     [id=21808, stack(0x000000d2b2700000,0x000000d2b2800000) (1024K)]
  0x000002697f204fc0 WorkerThread "GC Thread#9"                     [id=40888, stack(0x000000d2b2800000,0x000000d2b2900000) (1024K)]
  0x000002696eaea7c0 ConcurrentGCThread "G1 Main Marker"            [id=36256, stack(0x000000d2b0300000,0x000000d2b0400000) (1024K)]
  0x000002696eaeb1e0 WorkerThread "G1 Conc#0"                       [id=43236, stack(0x000000d2b0400000,0x000000d2b0500000) (1024K)]
  0x000002697f2035f0 WorkerThread "G1 Conc#1"                       [id=56216, stack(0x000000d2b2900000,0x000000d2b2a00000) (1024K)]
  0x000002697f204c10 WorkerThread "G1 Conc#2"                       [id=20972, stack(0x000000d2b2a00000,0x000000d2b2b00000) (1024K)]
  0x000002697c786610 ConcurrentGCThread "G1 Refine#0"               [id=46316, stack(0x000000d2b0500000,0x000000d2b0600000) (1024K)]
  0x000002697c786e40 ConcurrentGCThread "G1 Service"                [id=23904, stack(0x000000d2b0600000,0x000000d2b0700000) (1024K)]
Total: 18

Threads with active compile tasks:
C2 CompilerThread0   569421 8701   !   4       com.google.common.reflect.TypeVisitor::visit (225 bytes)
C2 CompilerThread1   569421 8716       4       java.util.TreeMap::put (8 bytes)
Total: 2

VM state: not at safepoint (normal execution)

VM Mutex/Monitor currently owned by a thread: None

Heap address: 0x00000000e0000000, size: 512 MB, Compressed Oops mode: 32-bit

CDS archive(s) mapped at: [0x000002690f000000-0x000002690fc90000-0x000002690fc90000), size 13172736, SharedBaseAddress: 0x000002690f000000, ArchiveRelocationMode: 1.
Compressed class space mapped at: 0x0000026910000000-0x0000026924000000, reserved size: 335544320
Narrow klass base: 0x000002690f000000, Narrow klass shift: 0, Narrow klass range: 0x100000000

GC Precious Log:
 CardTable entry size: 512
 Card Set container configuration: InlinePtr #cards 5 size 8 Array Of Cards #cards 12 size 40 Howl #buckets 4 coarsen threshold 1843 Howl Bitmap #cards 512 size 80 coarsen threshold 460 Card regions per heap region 1 cards per card region 2048
 CPUs: 12 total, 12 available
 Memory: 15690M
 Large Page Support: Disabled
 NUMA Support: Disabled
 Compressed Oops: Enabled (32-bit)
 Heap Region Size: 1M
 Heap Min Capacity: 256M
 Heap Initial Capacity: 256M
 Heap Max Capacity: 512M
 Pre-touch: Disabled
 Parallel Workers: 10
 Concurrent Workers: 3
 Concurrent Refinement Workers: 10
 Periodic GC: Disabled

Heap:
 garbage-first heap   total 262144K, used 74493K [0x00000000e0000000, 0x0000000100000000)
  region size 1024K, 44 young (45056K), 15 survivors (15360K)
 Metaspace       used 58520K, committed 60672K, reserved 393216K
  class space    used 8462K, committed 9536K, reserved 327680K

Heap Regions: E=young(eden), S=young(survivor), O=old, HS=humongous(starts), HC=humongous(continues), CS=collection set, F=free, TAMS=top-at-mark-start, PB=parsable bottom
|   0|0x00000000e0000000, 0x00000000e0100000, 0x00000000e0100000|100%|HS|  |TAMS 0x00000000e0000000| PB 0x00000000e0000000| Complete 
|   1|0x00000000e0100000, 0x00000000e0200000, 0x00000000e0200000|100%|HC|  |TAMS 0x00000000e0100000| PB 0x00000000e0100000| Complete 
|   2|0x00000000e0200000, 0x00000000e0300000, 0x00000000e0300000|100%|HC|  |TAMS 0x00000000e0200000| PB 0x00000000e0200000| Complete 
|   3|0x00000000e0300000, 0x00000000e0400000, 0x00000000e0400000|100%|HC|  |TAMS 0x00000000e0300000| PB 0x00000000e0300000| Complete 
|   4|0x00000000e0400000, 0x00000000e0500000, 0x00000000e0500000|100%| O|  |TAMS 0x00000000e0400000| PB 0x00000000e0400000| Untracked 
|   5|0x00000000e0500000, 0x00000000e0600000, 0x00000000e0600000|100%| O|  |TAMS 0x00000000e0500000| PB 0x00000000e0500000| Untracked 
|   6|0x00000000e0600000, 0x00000000e0700000, 0x00000000e0700000|100%| O|  |TAMS 0x00000000e0600000| PB 0x00000000e0600000| Untracked 
|   7|0x00000000e0700000, 0x00000000e0800000, 0x00000000e0800000|100%| O|  |TAMS 0x00000000e0700000| PB 0x00000000e0700000| Untracked 
|   8|0x00000000e0800000, 0x00000000e0900000, 0x00000000e0900000|100%|HS|  |TAMS 0x00000000e0800000| PB 0x00000000e0800000| Complete 
|   9|0x00000000e0900000, 0x00000000e0a00000, 0x00000000e0a00000|100%| O|  |TAMS 0x00000000e0900000| PB 0x00000000e0900000| Untracked 
|  10|0x00000000e0a00000, 0x00000000e0b00000, 0x00000000e0b00000|100%| O|  |TAMS 0x00000000e0a00000| PB 0x00000000e0a00000| Untracked 
|  11|0x00000000e0b00000, 0x00000000e0b00000, 0x00000000e0c00000|  0%| F|  |TAMS 0x00000000e0b00000| PB 0x00000000e0b00000| Untracked 
|  12|0x00000000e0c00000, 0x00000000e0d00000, 0x00000000e0d00000|100%| O|  |TAMS 0x00000000e0c00000| PB 0x00000000e0c00000| Untracked 
|  13|0x00000000e0d00000, 0x00000000e0e00000, 0x00000000e0e00000|100%| O|  |TAMS 0x00000000e0d00000| PB 0x00000000e0d00000| Untracked 
|  14|0x00000000e0e00000, 0x00000000e0f00000, 0x00000000e0f00000|100%| O|  |TAMS 0x00000000e0e00000| PB 0x00000000e0e00000| Untracked 
|  15|0x00000000e0f00000, 0x00000000e1000000, 0x00000000e1000000|100%| O|  |TAMS 0x00000000e0f00000| PB 0x00000000e0f00000| Untracked 
|  16|0x00000000e1000000, 0x00000000e1100000, 0x00000000e1100000|100%| O|  |TAMS 0x00000000e1000000| PB 0x00000000e1000000| Untracked 
|  17|0x00000000e1100000, 0x00000000e1200000, 0x00000000e1200000|100%| O|  |TAMS 0x00000000e1100000| PB 0x00000000e1100000| Untracked 
|  18|0x00000000e1200000, 0x00000000e1300000, 0x00000000e1300000|100%| O|  |TAMS 0x00000000e1200000| PB 0x00000000e1200000| Untracked 
|  19|0x00000000e1300000, 0x00000000e1400000, 0x00000000e1400000|100%| O|  |TAMS 0x00000000e1300000| PB 0x00000000e1300000| Untracked 
|  20|0x00000000e1400000, 0x00000000e1500000, 0x00000000e1500000|100%| O|  |TAMS 0x00000000e1400000| PB 0x00000000e1400000| Untracked 
|  21|0x00000000e1500000, 0x00000000e1600000, 0x00000000e1600000|100%| O|  |TAMS 0x00000000e1500000| PB 0x00000000e1500000| Untracked 
|  22|0x00000000e1600000, 0x00000000e1700000, 0x00000000e1700000|100%| O|  |TAMS 0x00000000e1600000| PB 0x00000000e1600000| Untracked 
|  23|0x00000000e1700000, 0x00000000e1800000, 0x00000000e1800000|100%| O|  |TAMS 0x00000000e1700000| PB 0x00000000e1700000| Untracked 
|  24|0x00000000e1800000, 0x00000000e1800000, 0x00000000e1900000|  0%| F|  |TAMS 0x00000000e1800000| PB 0x00000000e1800000| Untracked 
|  25|0x00000000e1900000, 0x00000000e1a00000, 0x00000000e1a00000|100%| O|  |TAMS 0x00000000e1900000| PB 0x00000000e1900000| Untracked 
|  26|0x00000000e1a00000, 0x00000000e1a00000, 0x00000000e1b00000|  0%| F|  |TAMS 0x00000000e1a00000| PB 0x00000000e1a00000| Untracked 
|  27|0x00000000e1b00000, 0x00000000e1c00000, 0x00000000e1c00000|100%| O|  |TAMS 0x00000000e1b00000| PB 0x00000000e1b00000| Untracked 
|  28|0x00000000e1c00000, 0x00000000e1d00000, 0x00000000e1d00000|100%| O|  |TAMS 0x00000000e1c00000| PB 0x00000000e1c00000| Untracked 
|  29|0x00000000e1d00000, 0x00000000e1e00000, 0x00000000e1e00000|100%| O|  |TAMS 0x00000000e1d00000| PB 0x00000000e1d00000| Untracked 
|  30|0x00000000e1e00000, 0x00000000e1f00000, 0x00000000e1f00000|100%| O|  |TAMS 0x00000000e1e00000| PB 0x00000000e1e00000| Untracked 
|  31|0x00000000e1f00000, 0x00000000e2000000, 0x00000000e2000000|100%| O|  |TAMS 0x00000000e1f00000| PB 0x00000000e1f00000| Untracked 
|  32|0x00000000e2000000, 0x00000000e20bf658, 0x00000000e2100000| 74%| O|  |TAMS 0x00000000e2000000| PB 0x00000000e2000000| Untracked 
|  33|0x00000000e2100000, 0x00000000e2100000, 0x00000000e2200000|  0%| F|  |TAMS 0x00000000e2100000| PB 0x00000000e2100000| Untracked 
|  34|0x00000000e2200000, 0x00000000e2200000, 0x00000000e2300000|  0%| F|  |TAMS 0x00000000e2200000| PB 0x00000000e2200000| Untracked 
|  35|0x00000000e2300000, 0x00000000e2300000, 0x00000000e2400000|  0%| F|  |TAMS 0x00000000e2300000| PB 0x00000000e2300000| Untracked 
|  36|0x00000000e2400000, 0x00000000e2400000, 0x00000000e2500000|  0%| F|  |TAMS 0x00000000e2400000| PB 0x00000000e2400000| Untracked 
|  37|0x00000000e2500000, 0x00000000e2500000, 0x00000000e2600000|  0%| F|  |TAMS 0x00000000e2500000| PB 0x00000000e2500000| Untracked 
|  38|0x00000000e2600000, 0x00000000e2600000, 0x00000000e2700000|  0%| F|  |TAMS 0x00000000e2600000| PB 0x00000000e2600000| Untracked 
|  39|0x00000000e2700000, 0x00000000e2700000, 0x00000000e2800000|  0%| F|  |TAMS 0x00000000e2700000| PB 0x00000000e2700000| Untracked 
|  40|0x00000000e2800000, 0x00000000e2800000, 0x00000000e2900000|  0%| F|  |TAMS 0x00000000e2800000| PB 0x00000000e2800000| Untracked 
|  41|0x00000000e2900000, 0x00000000e2900000, 0x00000000e2a00000|  0%| F|  |TAMS 0x00000000e2900000| PB 0x00000000e2900000| Untracked 
|  42|0x00000000e2a00000, 0x00000000e2a00000, 0x00000000e2b00000|  0%| F|  |TAMS 0x00000000e2a00000| PB 0x00000000e2a00000| Untracked 
|  43|0x00000000e2b00000, 0x00000000e2b00000, 0x00000000e2c00000|  0%| F|  |TAMS 0x00000000e2b00000| PB 0x00000000e2b00000| Untracked 
|  44|0x00000000e2c00000, 0x00000000e2c00000, 0x00000000e2d00000|  0%| F|  |TAMS 0x00000000e2c00000| PB 0x00000000e2c00000| Untracked 
|  45|0x00000000e2d00000, 0x00000000e2d00000, 0x00000000e2e00000|  0%| F|  |TAMS 0x00000000e2d00000| PB 0x00000000e2d00000| Untracked 
|  46|0x00000000e2e00000, 0x00000000e2e00000, 0x00000000e2f00000|  0%| F|  |TAMS 0x00000000e2e00000| PB 0x00000000e2e00000| Untracked 
|  47|0x00000000e2f00000, 0x00000000e2f00000, 0x00000000e3000000|  0%| F|  |TAMS 0x00000000e2f00000| PB 0x00000000e2f00000| Untracked 
|  48|0x00000000e3000000, 0x00000000e3000000, 0x00000000e3100000|  0%| F|  |TAMS 0x00000000e3000000| PB 0x00000000e3000000| Untracked 
|  49|0x00000000e3100000, 0x00000000e3100000, 0x00000000e3200000|  0%| F|  |TAMS 0x00000000e3100000| PB 0x00000000e3100000| Untracked 
|  50|0x00000000e3200000, 0x00000000e3200000, 0x00000000e3300000|  0%| F|  |TAMS 0x00000000e3200000| PB 0x00000000e3200000| Untracked 
|  51|0x00000000e3300000, 0x00000000e3300000, 0x00000000e3400000|  0%| F|  |TAMS 0x00000000e3300000| PB 0x00000000e3300000| Untracked 
|  52|0x00000000e3400000, 0x00000000e3400000, 0x00000000e3500000|  0%| F|  |TAMS 0x00000000e3400000| PB 0x00000000e3400000| Untracked 
|  53|0x00000000e3500000, 0x00000000e3500000, 0x00000000e3600000|  0%| F|  |TAMS 0x00000000e3500000| PB 0x00000000e3500000| Untracked 
|  54|0x00000000e3600000, 0x00000000e3600000, 0x00000000e3700000|  0%| F|  |TAMS 0x00000000e3600000| PB 0x00000000e3600000| Untracked 
|  55|0x00000000e3700000, 0x00000000e3700000, 0x00000000e3800000|  0%| F|  |TAMS 0x00000000e3700000| PB 0x00000000e3700000| Untracked 
|  56|0x00000000e3800000, 0x00000000e3800000, 0x00000000e3900000|  0%| F|  |TAMS 0x00000000e3800000| PB 0x00000000e3800000| Untracked 
|  57|0x00000000e3900000, 0x00000000e3900000, 0x00000000e3a00000|  0%| F|  |TAMS 0x00000000e3900000| PB 0x00000000e3900000| Untracked 
|  58|0x00000000e3a00000, 0x00000000e3a00000, 0x00000000e3b00000|  0%| F|  |TAMS 0x00000000e3a00000| PB 0x00000000e3a00000| Untracked 
|  59|0x00000000e3b00000, 0x00000000e3b00000, 0x00000000e3c00000|  0%| F|  |TAMS 0x00000000e3b00000| PB 0x00000000e3b00000| Untracked 
|  60|0x00000000e3c00000, 0x00000000e3c00000, 0x00000000e3d00000|  0%| F|  |TAMS 0x00000000e3c00000| PB 0x00000000e3c00000| Untracked 
|  61|0x00000000e3d00000, 0x00000000e3d00000, 0x00000000e3e00000|  0%| F|  |TAMS 0x00000000e3d00000| PB 0x00000000e3d00000| Untracked 
|  62|0x00000000e3e00000, 0x00000000e3e00000, 0x00000000e3f00000|  0%| F|  |TAMS 0x00000000e3e00000| PB 0x00000000e3e00000| Untracked 
|  63|0x00000000e3f00000, 0x00000000e3f00000, 0x00000000e4000000|  0%| F|  |TAMS 0x00000000e3f00000| PB 0x00000000e3f00000| Untracked 
|  64|0x00000000e4000000, 0x00000000e4000000, 0x00000000e4100000|  0%| F|  |TAMS 0x00000000e4000000| PB 0x00000000e4000000| Untracked 
|  65|0x00000000e4100000, 0x00000000e4100000, 0x00000000e4200000|  0%| F|  |TAMS 0x00000000e4100000| PB 0x00000000e4100000| Untracked 
|  66|0x00000000e4200000, 0x00000000e4200000, 0x00000000e4300000|  0%| F|  |TAMS 0x00000000e4200000| PB 0x00000000e4200000| Untracked 
|  67|0x00000000e4300000, 0x00000000e4300000, 0x00000000e4400000|  0%| F|  |TAMS 0x00000000e4300000| PB 0x00000000e4300000| Untracked 
|  68|0x00000000e4400000, 0x00000000e4400000, 0x00000000e4500000|  0%| F|  |TAMS 0x00000000e4400000| PB 0x00000000e4400000| Untracked 
|  69|0x00000000e4500000, 0x00000000e4500000, 0x00000000e4600000|  0%| F|  |TAMS 0x00000000e4500000| PB 0x00000000e4500000| Untracked 
|  70|0x00000000e4600000, 0x00000000e4600000, 0x00000000e4700000|  0%| F|  |TAMS 0x00000000e4600000| PB 0x00000000e4600000| Untracked 
|  71|0x00000000e4700000, 0x00000000e4700000, 0x00000000e4800000|  0%| F|  |TAMS 0x00000000e4700000| PB 0x00000000e4700000| Untracked 
|  72|0x00000000e4800000, 0x00000000e4800000, 0x00000000e4900000|  0%| F|  |TAMS 0x00000000e4800000| PB 0x00000000e4800000| Untracked 
|  73|0x00000000e4900000, 0x00000000e4900000, 0x00000000e4a00000|  0%| F|  |TAMS 0x00000000e4900000| PB 0x00000000e4900000| Untracked 
|  74|0x00000000e4a00000, 0x00000000e4a00000, 0x00000000e4b00000|  0%| F|  |TAMS 0x00000000e4a00000| PB 0x00000000e4a00000| Untracked 
|  75|0x00000000e4b00000, 0x00000000e4b00000, 0x00000000e4c00000|  0%| F|  |TAMS 0x00000000e4b00000| PB 0x00000000e4b00000| Untracked 
|  76|0x00000000e4c00000, 0x00000000e4c00000, 0x00000000e4d00000|  0%| F|  |TAMS 0x00000000e4c00000| PB 0x00000000e4c00000| Untracked 
|  77|0x00000000e4d00000, 0x00000000e4d00000, 0x00000000e4e00000|  0%| F|  |TAMS 0x00000000e4d00000| PB 0x00000000e4d00000| Untracked 
|  78|0x00000000e4e00000, 0x00000000e4e00000, 0x00000000e4f00000|  0%| F|  |TAMS 0x00000000e4e00000| PB 0x00000000e4e00000| Untracked 
|  79|0x00000000e4f00000, 0x00000000e4f00000, 0x00000000e5000000|  0%| F|  |TAMS 0x00000000e4f00000| PB 0x00000000e4f00000| Untracked 
|  80|0x00000000e5000000, 0x00000000e5000000, 0x00000000e5100000|  0%| F|  |TAMS 0x00000000e5000000| PB 0x00000000e5000000| Untracked 
|  81|0x00000000e5100000, 0x00000000e5100000, 0x00000000e5200000|  0%| F|  |TAMS 0x00000000e5100000| PB 0x00000000e5100000| Untracked 
|  82|0x00000000e5200000, 0x00000000e5200000, 0x00000000e5300000|  0%| F|  |TAMS 0x00000000e5200000| PB 0x00000000e5200000| Untracked 
|  83|0x00000000e5300000, 0x00000000e5300000, 0x00000000e5400000|  0%| F|  |TAMS 0x00000000e5300000| PB 0x00000000e5300000| Untracked 
|  84|0x00000000e5400000, 0x00000000e5400000, 0x00000000e5500000|  0%| F|  |TAMS 0x00000000e5400000| PB 0x00000000e5400000| Untracked 
|  85|0x00000000e5500000, 0x00000000e5500000, 0x00000000e5600000|  0%| F|  |TAMS 0x00000000e5500000| PB 0x00000000e5500000| Untracked 
|  86|0x00000000e5600000, 0x00000000e5600000, 0x00000000e5700000|  0%| F|  |TAMS 0x00000000e5600000| PB 0x00000000e5600000| Untracked 
|  87|0x00000000e5700000, 0x00000000e5700000, 0x00000000e5800000|  0%| F|  |TAMS 0x00000000e5700000| PB 0x00000000e5700000| Untracked 
|  88|0x00000000e5800000, 0x00000000e5900000, 0x00000000e5900000|100%| S|CS|TAMS 0x00000000e5800000| PB 0x00000000e5800000| Complete 
|  89|0x00000000e5900000, 0x00000000e5900000, 0x00000000e5a00000|  0%| F|  |TAMS 0x00000000e5900000| PB 0x00000000e5900000| Untracked 
|  90|0x00000000e5a00000, 0x00000000e5a00000, 0x00000000e5b00000|  0%| F|  |TAMS 0x00000000e5a00000| PB 0x00000000e5a00000| Untracked 
|  91|0x00000000e5b00000, 0x00000000e5b00000, 0x00000000e5c00000|  0%| F|  |TAMS 0x00000000e5b00000| PB 0x00000000e5b00000| Untracked 
|  92|0x00000000e5c00000, 0x00000000e5c00000, 0x00000000e5d00000|  0%| F|  |TAMS 0x00000000e5c00000| PB 0x00000000e5c00000| Untracked 
|  93|0x00000000e5d00000, 0x00000000e5d00000, 0x00000000e5e00000|  0%| F|  |TAMS 0x00000000e5d00000| PB 0x00000000e5d00000| Untracked 
|  94|0x00000000e5e00000, 0x00000000e5e00000, 0x00000000e5f00000|  0%| F|  |TAMS 0x00000000e5e00000| PB 0x00000000e5e00000| Untracked 
|  95|0x00000000e5f00000, 0x00000000e5f00000, 0x00000000e6000000|  0%| F|  |TAMS 0x00000000e5f00000| PB 0x00000000e5f00000| Untracked 
|  96|0x00000000e6000000, 0x00000000e6000000, 0x00000000e6100000|  0%| F|  |TAMS 0x00000000e6000000| PB 0x00000000e6000000| Untracked 
|  97|0x00000000e6100000, 0x00000000e6100000, 0x00000000e6200000|  0%| F|  |TAMS 0x00000000e6100000| PB 0x00000000e6100000| Untracked 
|  98|0x00000000e6200000, 0x00000000e6200000, 0x00000000e6300000|  0%| F|  |TAMS 0x00000000e6200000| PB 0x00000000e6200000| Untracked 
|  99|0x00000000e6300000, 0x00000000e6300000, 0x00000000e6400000|  0%| F|  |TAMS 0x00000000e6300000| PB 0x00000000e6300000| Untracked 
| 100|0x00000000e6400000, 0x00000000e6400000, 0x00000000e6500000|  0%| F|  |TAMS 0x00000000e6400000| PB 0x00000000e6400000| Untracked 
| 101|0x00000000e6500000, 0x00000000e6500000, 0x00000000e6600000|  0%| F|  |TAMS 0x00000000e6500000| PB 0x00000000e6500000| Untracked 
| 102|0x00000000e6600000, 0x00000000e6600000, 0x00000000e6700000|  0%| F|  |TAMS 0x00000000e6600000| PB 0x00000000e6600000| Untracked 
| 103|0x00000000e6700000, 0x00000000e6800000, 0x00000000e6800000|100%| S|CS|TAMS 0x00000000e6700000| PB 0x00000000e6700000| Complete 
| 104|0x00000000e6800000, 0x00000000e6900000, 0x00000000e6900000|100%| S|CS|TAMS 0x00000000e6800000| PB 0x00000000e6800000| Complete 
| 105|0x00000000e6900000, 0x00000000e6a00000, 0x00000000e6a00000|100%| S|CS|TAMS 0x00000000e6900000| PB 0x00000000e6900000| Complete 
| 106|0x00000000e6a00000, 0x00000000e6b00000, 0x00000000e6b00000|100%| S|CS|TAMS 0x00000000e6a00000| PB 0x00000000e6a00000| Complete 
| 107|0x00000000e6b00000, 0x00000000e6c00000, 0x00000000e6c00000|100%| S|CS|TAMS 0x00000000e6b00000| PB 0x00000000e6b00000| Complete 
| 108|0x00000000e6c00000, 0x00000000e6d00000, 0x00000000e6d00000|100%| S|CS|TAMS 0x00000000e6c00000| PB 0x00000000e6c00000| Complete 
| 109|0x00000000e6d00000, 0x00000000e6e00000, 0x00000000e6e00000|100%| S|CS|TAMS 0x00000000e6d00000| PB 0x00000000e6d00000| Complete 
| 110|0x00000000e6e00000, 0x00000000e6f00000, 0x00000000e6f00000|100%| S|CS|TAMS 0x00000000e6e00000| PB 0x00000000e6e00000| Complete 
| 111|0x00000000e6f00000, 0x00000000e7000000, 0x00000000e7000000|100%| S|CS|TAMS 0x00000000e6f00000| PB 0x00000000e6f00000| Complete 
| 112|0x00000000e7000000, 0x00000000e7100000, 0x00000000e7100000|100%| S|CS|TAMS 0x00000000e7000000| PB 0x00000000e7000000| Complete 
| 113|0x00000000e7100000, 0x00000000e7200000, 0x00000000e7200000|100%| S|CS|TAMS 0x00000000e7100000| PB 0x00000000e7100000| Complete 
| 114|0x00000000e7200000, 0x00000000e7300000, 0x00000000e7300000|100%| S|CS|TAMS 0x00000000e7200000| PB 0x00000000e7200000| Complete 
| 115|0x00000000e7300000, 0x00000000e7400000, 0x00000000e7400000|100%| S|CS|TAMS 0x00000000e7300000| PB 0x00000000e7300000| Complete 
| 116|0x00000000e7400000, 0x00000000e7500000, 0x00000000e7500000|100%| S|CS|TAMS 0x00000000e7400000| PB 0x00000000e7400000| Complete 
| 117|0x00000000e7500000, 0x00000000e7500000, 0x00000000e7600000|  0%| F|  |TAMS 0x00000000e7500000| PB 0x00000000e7500000| Untracked 
| 118|0x00000000e7600000, 0x00000000e7600000, 0x00000000e7700000|  0%| F|  |TAMS 0x00000000e7600000| PB 0x00000000e7600000| Untracked 
| 119|0x00000000e7700000, 0x00000000e7700000, 0x00000000e7800000|  0%| F|  |TAMS 0x00000000e7700000| PB 0x00000000e7700000| Untracked 
| 120|0x00000000e7800000, 0x00000000e7800000, 0x00000000e7900000|  0%| F|  |TAMS 0x00000000e7800000| PB 0x00000000e7800000| Untracked 
| 121|0x00000000e7900000, 0x00000000e7900000, 0x00000000e7a00000|  0%| F|  |TAMS 0x00000000e7900000| PB 0x00000000e7900000| Untracked 
| 122|0x00000000e7a00000, 0x00000000e7a00000, 0x00000000e7b00000|  0%| F|  |TAMS 0x00000000e7a00000| PB 0x00000000e7a00000| Untracked 
| 123|0x00000000e7b00000, 0x00000000e7b00000, 0x00000000e7c00000|  0%| F|  |TAMS 0x00000000e7b00000| PB 0x00000000e7b00000| Untracked 
| 124|0x00000000e7c00000, 0x00000000e7c00000, 0x00000000e7d00000|  0%| F|  |TAMS 0x00000000e7c00000| PB 0x00000000e7c00000| Untracked 
| 125|0x00000000e7d00000, 0x00000000e7d00000, 0x00000000e7e00000|  0%| F|  |TAMS 0x00000000e7d00000| PB 0x00000000e7d00000| Untracked 
| 126|0x00000000e7e00000, 0x00000000e7e00000, 0x00000000e7f00000|  0%| F|  |TAMS 0x00000000e7e00000| PB 0x00000000e7e00000| Untracked 
| 127|0x00000000e7f00000, 0x00000000e7f00000, 0x00000000e8000000|  0%| F|  |TAMS 0x00000000e7f00000| PB 0x00000000e7f00000| Untracked 
| 128|0x00000000e8000000, 0x00000000e8000000, 0x00000000e8100000|  0%| F|  |TAMS 0x00000000e8000000| PB 0x00000000e8000000| Untracked 
| 129|0x00000000e8100000, 0x00000000e8100000, 0x00000000e8200000|  0%| F|  |TAMS 0x00000000e8100000| PB 0x00000000e8100000| Untracked 
| 130|0x00000000e8200000, 0x00000000e8200000, 0x00000000e8300000|  0%| F|  |TAMS 0x00000000e8200000| PB 0x00000000e8200000| Untracked 
| 131|0x00000000e8300000, 0x00000000e8300000, 0x00000000e8400000|  0%| F|  |TAMS 0x00000000e8300000| PB 0x00000000e8300000| Untracked 
| 132|0x00000000e8400000, 0x00000000e8400000, 0x00000000e8500000|  0%| F|  |TAMS 0x00000000e8400000| PB 0x00000000e8400000| Untracked 
| 133|0x00000000e8500000, 0x00000000e8500000, 0x00000000e8600000|  0%| F|  |TAMS 0x00000000e8500000| PB 0x00000000e8500000| Untracked 
| 134|0x00000000e8600000, 0x00000000e8600000, 0x00000000e8700000|  0%| F|  |TAMS 0x00000000e8600000| PB 0x00000000e8600000| Untracked 
| 135|0x00000000e8700000, 0x00000000e8700000, 0x00000000e8800000|  0%| F|  |TAMS 0x00000000e8700000| PB 0x00000000e8700000| Untracked 
| 136|0x00000000e8800000, 0x00000000e8800000, 0x00000000e8900000|  0%| F|  |TAMS 0x00000000e8800000| PB 0x00000000e8800000| Untracked 
| 137|0x00000000e8900000, 0x00000000e8900000, 0x00000000e8a00000|  0%| F|  |TAMS 0x00000000e8900000| PB 0x00000000e8900000| Untracked 
| 138|0x00000000e8a00000, 0x00000000e8a00000, 0x00000000e8b00000|  0%| F|  |TAMS 0x00000000e8a00000| PB 0x00000000e8a00000| Untracked 
| 139|0x00000000e8b00000, 0x00000000e8b00000, 0x00000000e8c00000|  0%| F|  |TAMS 0x00000000e8b00000| PB 0x00000000e8b00000| Untracked 
| 140|0x00000000e8c00000, 0x00000000e8c00000, 0x00000000e8d00000|  0%| F|  |TAMS 0x00000000e8c00000| PB 0x00000000e8c00000| Untracked 
| 141|0x00000000e8d00000, 0x00000000e8d00000, 0x00000000e8e00000|  0%| F|  |TAMS 0x00000000e8d00000| PB 0x00000000e8d00000| Untracked 
| 142|0x00000000e8e00000, 0x00000000e8e00000, 0x00000000e8f00000|  0%| F|  |TAMS 0x00000000e8e00000| PB 0x00000000e8e00000| Untracked 
| 143|0x00000000e8f00000, 0x00000000e8f00000, 0x00000000e9000000|  0%| F|  |TAMS 0x00000000e8f00000| PB 0x00000000e8f00000| Untracked 
| 144|0x00000000e9000000, 0x00000000e9000000, 0x00000000e9100000|  0%| F|  |TAMS 0x00000000e9000000| PB 0x00000000e9000000| Untracked 
| 145|0x00000000e9100000, 0x00000000e9100000, 0x00000000e9200000|  0%| F|  |TAMS 0x00000000e9100000| PB 0x00000000e9100000| Untracked 
| 146|0x00000000e9200000, 0x00000000e9200000, 0x00000000e9300000|  0%| F|  |TAMS 0x00000000e9200000| PB 0x00000000e9200000| Untracked 
| 147|0x00000000e9300000, 0x00000000e9300000, 0x00000000e9400000|  0%| F|  |TAMS 0x00000000e9300000| PB 0x00000000e9300000| Untracked 
| 148|0x00000000e9400000, 0x00000000e9400000, 0x00000000e9500000|  0%| F|  |TAMS 0x00000000e9400000| PB 0x00000000e9400000| Untracked 
| 149|0x00000000e9500000, 0x00000000e9500000, 0x00000000e9600000|  0%| F|  |TAMS 0x00000000e9500000| PB 0x00000000e9500000| Untracked 
| 150|0x00000000e9600000, 0x00000000e9600000, 0x00000000e9700000|  0%| F|  |TAMS 0x00000000e9600000| PB 0x00000000e9600000| Untracked 
| 151|0x00000000e9700000, 0x00000000e9700000, 0x00000000e9800000|  0%| F|  |TAMS 0x00000000e9700000| PB 0x00000000e9700000| Untracked 
| 152|0x00000000e9800000, 0x00000000e9800000, 0x00000000e9900000|  0%| F|  |TAMS 0x00000000e9800000| PB 0x00000000e9800000| Untracked 
| 153|0x00000000e9900000, 0x00000000e9900000, 0x00000000e9a00000|  0%| F|  |TAMS 0x00000000e9900000| PB 0x00000000e9900000| Untracked 
| 154|0x00000000e9a00000, 0x00000000e9a00000, 0x00000000e9b00000|  0%| F|  |TAMS 0x00000000e9a00000| PB 0x00000000e9a00000| Untracked 
| 155|0x00000000e9b00000, 0x00000000e9b00000, 0x00000000e9c00000|  0%| F|  |TAMS 0x00000000e9b00000| PB 0x00000000e9b00000| Untracked 
| 156|0x00000000e9c00000, 0x00000000e9c00000, 0x00000000e9d00000|  0%| F|  |TAMS 0x00000000e9c00000| PB 0x00000000e9c00000| Untracked 
| 157|0x00000000e9d00000, 0x00000000e9d00000, 0x00000000e9e00000|  0%| F|  |TAMS 0x00000000e9d00000| PB 0x00000000e9d00000| Untracked 
| 158|0x00000000e9e00000, 0x00000000e9e00000, 0x00000000e9f00000|  0%| F|  |TAMS 0x00000000e9e00000| PB 0x00000000e9e00000| Untracked 
| 159|0x00000000e9f00000, 0x00000000e9f00000, 0x00000000ea000000|  0%| F|  |TAMS 0x00000000e9f00000| PB 0x00000000e9f00000| Untracked 
| 160|0x00000000ea000000, 0x00000000ea000000, 0x00000000ea100000|  0%| F|  |TAMS 0x00000000ea000000| PB 0x00000000ea000000| Untracked 
| 161|0x00000000ea100000, 0x00000000ea100000, 0x00000000ea200000|  0%| F|  |TAMS 0x00000000ea100000| PB 0x00000000ea100000| Untracked 
| 162|0x00000000ea200000, 0x00000000ea200000, 0x00000000ea300000|  0%| F|  |TAMS 0x00000000ea200000| PB 0x00000000ea200000| Untracked 
| 163|0x00000000ea300000, 0x00000000ea300000, 0x00000000ea400000|  0%| F|  |TAMS 0x00000000ea300000| PB 0x00000000ea300000| Untracked 
| 164|0x00000000ea400000, 0x00000000ea400000, 0x00000000ea500000|  0%| F|  |TAMS 0x00000000ea400000| PB 0x00000000ea400000| Untracked 
| 165|0x00000000ea500000, 0x00000000ea500000, 0x00000000ea600000|  0%| F|  |TAMS 0x00000000ea500000| PB 0x00000000ea500000| Untracked 
| 166|0x00000000ea600000, 0x00000000ea600000, 0x00000000ea700000|  0%| F|  |TAMS 0x00000000ea600000| PB 0x00000000ea600000| Untracked 
| 167|0x00000000ea700000, 0x00000000ea700000, 0x00000000ea800000|  0%| F|  |TAMS 0x00000000ea700000| PB 0x00000000ea700000| Untracked 
| 168|0x00000000ea800000, 0x00000000ea800000, 0x00000000ea900000|  0%| F|  |TAMS 0x00000000ea800000| PB 0x00000000ea800000| Untracked 
| 169|0x00000000ea900000, 0x00000000ea900000, 0x00000000eaa00000|  0%| F|  |TAMS 0x00000000ea900000| PB 0x00000000ea900000| Untracked 
| 170|0x00000000eaa00000, 0x00000000eaa00000, 0x00000000eab00000|  0%| F|  |TAMS 0x00000000eaa00000| PB 0x00000000eaa00000| Untracked 
| 171|0x00000000eab00000, 0x00000000eab00000, 0x00000000eac00000|  0%| F|  |TAMS 0x00000000eab00000| PB 0x00000000eab00000| Untracked 
| 172|0x00000000eac00000, 0x00000000eac00000, 0x00000000ead00000|  0%| F|  |TAMS 0x00000000eac00000| PB 0x00000000eac00000| Untracked 
| 173|0x00000000ead00000, 0x00000000ead00000, 0x00000000eae00000|  0%| F|  |TAMS 0x00000000ead00000| PB 0x00000000ead00000| Untracked 
| 174|0x00000000eae00000, 0x00000000eae00000, 0x00000000eaf00000|  0%| F|  |TAMS 0x00000000eae00000| PB 0x00000000eae00000| Untracked 
| 175|0x00000000eaf00000, 0x00000000eaf00000, 0x00000000eb000000|  0%| F|  |TAMS 0x00000000eaf00000| PB 0x00000000eaf00000| Untracked 
| 176|0x00000000eb000000, 0x00000000eb000000, 0x00000000eb100000|  0%| F|  |TAMS 0x00000000eb000000| PB 0x00000000eb000000| Untracked 
| 177|0x00000000eb100000, 0x00000000eb100000, 0x00000000eb200000|  0%| F|  |TAMS 0x00000000eb100000| PB 0x00000000eb100000| Untracked 
| 178|0x00000000eb200000, 0x00000000eb200000, 0x00000000eb300000|  0%| F|  |TAMS 0x00000000eb200000| PB 0x00000000eb200000| Untracked 
| 179|0x00000000eb300000, 0x00000000eb300000, 0x00000000eb400000|  0%| F|  |TAMS 0x00000000eb300000| PB 0x00000000eb300000| Untracked 
| 180|0x00000000eb400000, 0x00000000eb400000, 0x00000000eb500000|  0%| F|  |TAMS 0x00000000eb400000| PB 0x00000000eb400000| Untracked 
| 181|0x00000000eb500000, 0x00000000eb500000, 0x00000000eb600000|  0%| F|  |TAMS 0x00000000eb500000| PB 0x00000000eb500000| Untracked 
| 182|0x00000000eb600000, 0x00000000eb600000, 0x00000000eb700000|  0%| F|  |TAMS 0x00000000eb600000| PB 0x00000000eb600000| Untracked 
| 183|0x00000000eb700000, 0x00000000eb700000, 0x00000000eb800000|  0%| F|  |TAMS 0x00000000eb700000| PB 0x00000000eb700000| Untracked 
| 184|0x00000000eb800000, 0x00000000eb800000, 0x00000000eb900000|  0%| F|  |TAMS 0x00000000eb800000| PB 0x00000000eb800000| Untracked 
| 185|0x00000000eb900000, 0x00000000eb900000, 0x00000000eba00000|  0%| F|  |TAMS 0x00000000eb900000| PB 0x00000000eb900000| Untracked 
| 186|0x00000000eba00000, 0x00000000eba00000, 0x00000000ebb00000|  0%| F|  |TAMS 0x00000000eba00000| PB 0x00000000eba00000| Untracked 
| 187|0x00000000ebb00000, 0x00000000ebb00000, 0x00000000ebc00000|  0%| F|  |TAMS 0x00000000ebb00000| PB 0x00000000ebb00000| Untracked 
| 188|0x00000000ebc00000, 0x00000000ebc00000, 0x00000000ebd00000|  0%| F|  |TAMS 0x00000000ebc00000| PB 0x00000000ebc00000| Untracked 
| 189|0x00000000ebd00000, 0x00000000ebd00000, 0x00000000ebe00000|  0%| F|  |TAMS 0x00000000ebd00000| PB 0x00000000ebd00000| Untracked 
| 190|0x00000000ebe00000, 0x00000000ebe00000, 0x00000000ebf00000|  0%| F|  |TAMS 0x00000000ebe00000| PB 0x00000000ebe00000| Untracked 
| 191|0x00000000ebf00000, 0x00000000ebf00000, 0x00000000ec000000|  0%| F|  |TAMS 0x00000000ebf00000| PB 0x00000000ebf00000| Untracked 
| 192|0x00000000ec000000, 0x00000000ec000000, 0x00000000ec100000|  0%| F|  |TAMS 0x00000000ec000000| PB 0x00000000ec000000| Untracked 
| 193|0x00000000ec100000, 0x00000000ec100000, 0x00000000ec200000|  0%| F|  |TAMS 0x00000000ec100000| PB 0x00000000ec100000| Untracked 
| 194|0x00000000ec200000, 0x00000000ec200000, 0x00000000ec300000|  0%| F|  |TAMS 0x00000000ec200000| PB 0x00000000ec200000| Untracked 
| 195|0x00000000ec300000, 0x00000000ec300000, 0x00000000ec400000|  0%| F|  |TAMS 0x00000000ec300000| PB 0x00000000ec300000| Untracked 
| 196|0x00000000ec400000, 0x00000000ec400000, 0x00000000ec500000|  0%| F|  |TAMS 0x00000000ec400000| PB 0x00000000ec400000| Untracked 
| 197|0x00000000ec500000, 0x00000000ec500000, 0x00000000ec600000|  0%| F|  |TAMS 0x00000000ec500000| PB 0x00000000ec500000| Untracked 
| 198|0x00000000ec600000, 0x00000000ec600000, 0x00000000ec700000|  0%| F|  |TAMS 0x00000000ec600000| PB 0x00000000ec600000| Untracked 
| 199|0x00000000ec700000, 0x00000000ec700000, 0x00000000ec800000|  0%| F|  |TAMS 0x00000000ec700000| PB 0x00000000ec700000| Untracked 
| 200|0x00000000ec800000, 0x00000000ec800000, 0x00000000ec900000|  0%| F|  |TAMS 0x00000000ec800000| PB 0x00000000ec800000| Untracked 
| 201|0x00000000ec900000, 0x00000000ec900000, 0x00000000eca00000|  0%| F|  |TAMS 0x00000000ec900000| PB 0x00000000ec900000| Untracked 
| 202|0x00000000eca00000, 0x00000000eca00000, 0x00000000ecb00000|  0%| F|  |TAMS 0x00000000eca00000| PB 0x00000000eca00000| Untracked 
| 203|0x00000000ecb00000, 0x00000000ecb00000, 0x00000000ecc00000|  0%| F|  |TAMS 0x00000000ecb00000| PB 0x00000000ecb00000| Untracked 
| 204|0x00000000ecc00000, 0x00000000ecc00000, 0x00000000ecd00000|  0%| F|  |TAMS 0x00000000ecc00000| PB 0x00000000ecc00000| Untracked 
| 205|0x00000000ecd00000, 0x00000000ecd00000, 0x00000000ece00000|  0%| F|  |TAMS 0x00000000ecd00000| PB 0x00000000ecd00000| Untracked 
| 206|0x00000000ece00000, 0x00000000ece00000, 0x00000000ecf00000|  0%| F|  |TAMS 0x00000000ece00000| PB 0x00000000ece00000| Untracked 
| 207|0x00000000ecf00000, 0x00000000ecf00000, 0x00000000ed000000|  0%| F|  |TAMS 0x00000000ecf00000| PB 0x00000000ecf00000| Untracked 
| 208|0x00000000ed000000, 0x00000000ed000000, 0x00000000ed100000|  0%| F|  |TAMS 0x00000000ed000000| PB 0x00000000ed000000| Untracked 
| 209|0x00000000ed100000, 0x00000000ed100000, 0x00000000ed200000|  0%| F|  |TAMS 0x00000000ed100000| PB 0x00000000ed100000| Untracked 
| 210|0x00000000ed200000, 0x00000000ed200000, 0x00000000ed300000|  0%| F|  |TAMS 0x00000000ed200000| PB 0x00000000ed200000| Untracked 
| 211|0x00000000ed300000, 0x00000000ed300000, 0x00000000ed400000|  0%| F|  |TAMS 0x00000000ed300000| PB 0x00000000ed300000| Untracked 
| 212|0x00000000ed400000, 0x00000000ed400000, 0x00000000ed500000|  0%| F|  |TAMS 0x00000000ed400000| PB 0x00000000ed400000| Untracked 
| 213|0x00000000ed500000, 0x00000000ed500000, 0x00000000ed600000|  0%| F|  |TAMS 0x00000000ed500000| PB 0x00000000ed500000| Untracked 
| 214|0x00000000ed600000, 0x00000000ed600000, 0x00000000ed700000|  0%| F|  |TAMS 0x00000000ed600000| PB 0x00000000ed600000| Untracked 
| 215|0x00000000ed700000, 0x00000000ed700000, 0x00000000ed800000|  0%| F|  |TAMS 0x00000000ed700000| PB 0x00000000ed700000| Untracked 
| 216|0x00000000ed800000, 0x00000000ed800000, 0x00000000ed900000|  0%| F|  |TAMS 0x00000000ed800000| PB 0x00000000ed800000| Untracked 
| 217|0x00000000ed900000, 0x00000000ed900000, 0x00000000eda00000|  0%| F|  |TAMS 0x00000000ed900000| PB 0x00000000ed900000| Untracked 
| 218|0x00000000eda00000, 0x00000000eda00000, 0x00000000edb00000|  0%| F|  |TAMS 0x00000000eda00000| PB 0x00000000eda00000| Untracked 
| 219|0x00000000edb00000, 0x00000000edb00000, 0x00000000edc00000|  0%| F|  |TAMS 0x00000000edb00000| PB 0x00000000edb00000| Untracked 
| 220|0x00000000edc00000, 0x00000000edc00000, 0x00000000edd00000|  0%| F|  |TAMS 0x00000000edc00000| PB 0x00000000edc00000| Untracked 
| 221|0x00000000edd00000, 0x00000000edd00000, 0x00000000ede00000|  0%| F|  |TAMS 0x00000000edd00000| PB 0x00000000edd00000| Untracked 
| 222|0x00000000ede00000, 0x00000000ede00000, 0x00000000edf00000|  0%| F|  |TAMS 0x00000000ede00000| PB 0x00000000ede00000| Untracked 
| 223|0x00000000edf00000, 0x00000000edf00000, 0x00000000ee000000|  0%| F|  |TAMS 0x00000000edf00000| PB 0x00000000edf00000| Untracked 
| 224|0x00000000ee000000, 0x00000000ee000000, 0x00000000ee100000|  0%| F|  |TAMS 0x00000000ee000000| PB 0x00000000ee000000| Untracked 
| 225|0x00000000ee100000, 0x00000000ee100000, 0x00000000ee200000|  0%| F|  |TAMS 0x00000000ee100000| PB 0x00000000ee100000| Untracked 
| 226|0x00000000ee200000, 0x00000000ee200000, 0x00000000ee300000|  0%| F|  |TAMS 0x00000000ee200000| PB 0x00000000ee200000| Untracked 
| 227|0x00000000ee300000, 0x00000000ee400000, 0x00000000ee400000|100%| E|  |TAMS 0x00000000ee300000| PB 0x00000000ee300000| Complete 
| 228|0x00000000ee400000, 0x00000000ee500000, 0x00000000ee500000|100%| E|CS|TAMS 0x00000000ee400000| PB 0x00000000ee400000| Complete 
| 229|0x00000000ee500000, 0x00000000ee600000, 0x00000000ee600000|100%| E|CS|TAMS 0x00000000ee500000| PB 0x00000000ee500000| Complete 
| 230|0x00000000ee600000, 0x00000000ee700000, 0x00000000ee700000|100%| E|CS|TAMS 0x00000000ee600000| PB 0x00000000ee600000| Complete 
| 231|0x00000000ee700000, 0x00000000ee800000, 0x00000000ee800000|100%| E|CS|TAMS 0x00000000ee700000| PB 0x00000000ee700000| Complete 
| 232|0x00000000ee800000, 0x00000000ee900000, 0x00000000ee900000|100%| E|CS|TAMS 0x00000000ee800000| PB 0x00000000ee800000| Complete 
| 233|0x00000000ee900000, 0x00000000eea00000, 0x00000000eea00000|100%| E|CS|TAMS 0x00000000ee900000| PB 0x00000000ee900000| Complete 
| 234|0x00000000eea00000, 0x00000000eeb00000, 0x00000000eeb00000|100%| E|CS|TAMS 0x00000000eea00000| PB 0x00000000eea00000| Complete 
| 235|0x00000000eeb00000, 0x00000000eec00000, 0x00000000eec00000|100%| E|CS|TAMS 0x00000000eeb00000| PB 0x00000000eeb00000| Complete 
| 236|0x00000000eec00000, 0x00000000eed00000, 0x00000000eed00000|100%| E|CS|TAMS 0x00000000eec00000| PB 0x00000000eec00000| Complete 
| 237|0x00000000eed00000, 0x00000000eee00000, 0x00000000eee00000|100%| E|CS|TAMS 0x00000000eed00000| PB 0x00000000eed00000| Complete 
| 238|0x00000000eee00000, 0x00000000eef00000, 0x00000000eef00000|100%| E|CS|TAMS 0x00000000eee00000| PB 0x00000000eee00000| Complete 
| 239|0x00000000eef00000, 0x00000000ef000000, 0x00000000ef000000|100%| E|CS|TAMS 0x00000000eef00000| PB 0x00000000eef00000| Complete 
| 240|0x00000000ef000000, 0x00000000ef100000, 0x00000000ef100000|100%| E|CS|TAMS 0x00000000ef000000| PB 0x00000000ef000000| Complete 
| 241|0x00000000ef100000, 0x00000000ef200000, 0x00000000ef200000|100%| E|CS|TAMS 0x00000000ef100000| PB 0x00000000ef100000| Complete 
| 242|0x00000000ef200000, 0x00000000ef300000, 0x00000000ef300000|100%| E|CS|TAMS 0x00000000ef200000| PB 0x00000000ef200000| Complete 
| 243|0x00000000ef300000, 0x00000000ef400000, 0x00000000ef400000|100%| E|CS|TAMS 0x00000000ef300000| PB 0x00000000ef300000| Complete 
| 244|0x00000000ef400000, 0x00000000ef500000, 0x00000000ef500000|100%| E|CS|TAMS 0x00000000ef400000| PB 0x00000000ef400000| Complete 
| 245|0x00000000ef500000, 0x00000000ef600000, 0x00000000ef600000|100%| E|CS|TAMS 0x00000000ef500000| PB 0x00000000ef500000| Complete 
| 246|0x00000000ef600000, 0x00000000ef700000, 0x00000000ef700000|100%| E|CS|TAMS 0x00000000ef600000| PB 0x00000000ef600000| Complete 
| 247|0x00000000ef700000, 0x00000000ef800000, 0x00000000ef800000|100%| E|CS|TAMS 0x00000000ef700000| PB 0x00000000ef700000| Complete 
| 248|0x00000000ef800000, 0x00000000ef900000, 0x00000000ef900000|100%| E|CS|TAMS 0x00000000ef800000| PB 0x00000000ef800000| Complete 
| 249|0x00000000ef900000, 0x00000000efa00000, 0x00000000efa00000|100%| E|CS|TAMS 0x00000000ef900000| PB 0x00000000ef900000| Complete 
| 250|0x00000000efa00000, 0x00000000efb00000, 0x00000000efb00000|100%| E|CS|TAMS 0x00000000efa00000| PB 0x00000000efa00000| Complete 
| 251|0x00000000efb00000, 0x00000000efc00000, 0x00000000efc00000|100%| E|CS|TAMS 0x00000000efb00000| PB 0x00000000efb00000| Complete 
| 252|0x00000000efc00000, 0x00000000efd00000, 0x00000000efd00000|100%| E|CS|TAMS 0x00000000efc00000| PB 0x00000000efc00000| Complete 
| 253|0x00000000efd00000, 0x00000000efe00000, 0x00000000efe00000|100%| E|CS|TAMS 0x00000000efd00000| PB 0x00000000efd00000| Complete 
| 254|0x00000000efe00000, 0x00000000eff00000, 0x00000000eff00000|100%| E|CS|TAMS 0x00000000efe00000| PB 0x00000000efe00000| Complete 
| 255|0x00000000eff00000, 0x00000000f0000000, 0x00000000f0000000|100%| E|CS|TAMS 0x00000000eff00000| PB 0x00000000eff00000| Complete 

Card table byte_map: [0x0000026979300000,0x0000026979400000] _byte_map_base: 0x0000026978c00000

Marking Bits: (CMBitMap*) 0x000002696eae5ee0
 Bits: [0x0000026979400000, 0x0000026979c00000)

Polling page: 0x000002696eb70000

Metaspace:

Usage:
  Non-class:     48.89 MB used.
      Class:      8.26 MB used.
       Both:     57.15 MB used.

Virtual space:
  Non-class space:       64.00 MB reserved,      49.94 MB ( 78%) committed,  1 nodes.
      Class space:      320.00 MB reserved,       9.31 MB (  3%) committed,  1 nodes.
             Both:      384.00 MB reserved,      59.25 MB ( 15%) committed. 

Chunk freelists:
   Non-Class:  13.88 MB
       Class:  6.69 MB
        Both:  20.57 MB

MaxMetaspaceSize: 384.00 MB
CompressedClassSpaceSize: 320.00 MB
Initial GC threshold: 21.00 MB
Current GC threshold: 59.69 MB
CDS: on
 - commit_granule_bytes: 65536.
 - commit_granule_words: 8192.
 - virtual_space_node_default_size: 8388608.
 - enlarge_chunks_in_place: 1.
 - use_allocation_guard: 0.


Internal statistics:

num_allocs_failed_limit: 14.
num_arena_births: 3980.
num_arena_deaths: 0.
num_vsnodes_births: 2.
num_vsnodes_deaths: 0.
num_space_committed: 948.
num_space_uncommitted: 0.
num_chunks_returned_to_freelist: 14.
num_chunks_taken_from_freelist: 6986.
num_chunk_merges: 14.
num_chunk_splits: 4474.
num_chunks_enlarged: 2617.
num_inconsistent_stats: 0.

CodeHeap 'non-profiled nmethods': size=120000Kb used=5083Kb max_used=5083Kb free=114916Kb
 bounds [0x0000026907ad0000, 0x0000026907fd0000, 0x000002690f000000]
CodeHeap 'profiled nmethods': size=120000Kb used=15951Kb max_used=15951Kb free=104048Kb
 bounds [0x0000026900000000, 0x0000026900fa0000, 0x0000026907530000]
CodeHeap 'non-nmethods': size=5760Kb used=2030Kb max_used=2073Kb free=3729Kb
 bounds [0x0000026907530000, 0x00000269077a0000, 0x0000026907ad0000]
 total_blobs=9044 nmethods=8265 adapters=683
 compilation: enabled
              stopped_count=0, restarted_count=0
 full_count=0

Compilation events (20 events):
Event: 568.352 Thread 0x000002697ca29850 8706       3       org.gradle.model.internal.type.ModelType::<init> (6 bytes)
Event: 568.352 Thread 0x000002697ca29850 nmethod 8706 0x0000026900f8c590 code [0x0000026900f8c740, 0x0000026900f8c960]
Event: 568.352 Thread 0x000002697ca29850 8707       3       org.gradle.model.internal.type.ModelType::<init> (10 bytes)
Event: 568.352 Thread 0x000002697ca29850 nmethod 8707 0x0000026900f8ca90 code [0x0000026900f8cc40, 0x0000026900f8cdf8]
Event: 568.353 Thread 0x000002697ca29850 8708       3       org.gradle.util.Path::asString (20 bytes)
Event: 568.353 Thread 0x000002697ca29850 nmethod 8708 0x0000026900f8ce90 code [0x0000026900f8d040, 0x0000026900f8d218]
Event: 568.353 Thread 0x000002697ca29850 8709   !   3       java.lang.ref.ReferenceQueue::poll (40 bytes)
Event: 568.354 Thread 0x000002697ca29850 nmethod 8709 0x0000026900f8d310 code [0x0000026900f8d580, 0x0000026900f8dff0]
Event: 568.357 Thread 0x000002697ca29850 8710       3       java.util.HashMap$TreeNode::balanceInsertion (245 bytes)
Event: 568.357 Thread 0x000002697ca29850 nmethod 8710 0x0000026900f8e390 code [0x0000026900f8e600, 0x0000026900f8ef98]
Event: 568.358 Thread 0x000002697ca29850 8711       3       java.util.LinkedHashMap::transferLinks (58 bytes)
Event: 568.358 Thread 0x000002697ca29850 nmethod 8711 0x0000026900f8f410 code [0x0000026900f8f5e0, 0x0000026900f8f9f8]
Event: 568.366 Thread 0x000002697ca29850 8713       3       org.gradle.api.internal.tasks.DefaultTaskDependency::<init> (16 bytes)
Event: 568.366 Thread 0x000002697ca29850 nmethod 8713 0x0000026900f8fb90 code [0x0000026900f8fd40, 0x0000026900f90048]
Event: 568.366 Thread 0x000002697ca29850 8714       3       org.gradle.api.internal.tasks.AbstractTaskDependency::<init> (15 bytes)
Event: 568.367 Thread 0x000002697ca29850 nmethod 8714 0x0000026900f90190 code [0x0000026900f90340, 0x0000026900f90538]
Event: 568.368 Thread 0x000002697ca29850 8715       3       java.util.LinkedHashMap::replacementTreeNode (37 bytes)
Event: 568.368 Thread 0x000002697ca29850 nmethod 8715 0x0000026900f90610 code [0x0000026900f907e0, 0x0000026900f90af8]
Event: 568.381 Thread 0x000002697ca29850 8717       3       org.gradle.internal.reflect.ClassInspector::visitGraph (85 bytes)
Event: 568.382 Thread 0x000002697ca29850 nmethod 8717 0x0000026900f90c10 code [0x0000026900f90f40, 0x0000026900f921c8]

GC Heap History (16 events):
Event: 6.529 GC heap before
{Heap before GC invocations=0 (full 0):
 garbage-first heap   total 262144K, used 26624K [0x00000000e0000000, 0x0000000100000000)
  region size 1024K, 23 young (23552K), 0 survivors (0K)
 Metaspace       used 3059K, committed 3200K, reserved 393216K
  class space    used 356K, committed 448K, reserved 327680K
}
Event: 8.624 GC heap after
{Heap after GC invocations=1 (full 0):
 garbage-first heap   total 262144K, used 10986K [0x00000000e0000000, 0x0000000100000000)
  region size 1024K, 3 young (3072K), 3 survivors (3072K)
 Metaspace       used 3059K, committed 3200K, reserved 393216K
  class space    used 356K, committed 448K, reserved 327680K
}
Event: 12.925 GC heap before
{Heap before GC invocations=1 (full 0):
 garbage-first heap   total 262144K, used 39658K [0x00000000e0000000, 0x0000000100000000)
  region size 1024K, 30 young (30720K), 3 survivors (3072K)
 Metaspace       used 4640K, committed 4864K, reserved 393216K
  class space    used 571K, committed 704K, reserved 327680K
}
Event: 12.948 GC heap after
{Heap after GC invocations=2 (full 0):
 garbage-first heap   total 262144K, used 14788K [0x00000000e0000000, 0x0000000100000000)
  region size 1024K, 3 young (3072K), 3 survivors (3072K)
 Metaspace       used 4640K, committed 4864K, reserved 393216K
  class space    used 571K, committed 704K, reserved 327680K
}
Event: 81.277 GC heap before
{Heap before GC invocations=2 (full 0):
 garbage-first heap   total 262144K, used 125380K [0x00000000e0000000, 0x0000000100000000)
  region size 1024K, 112 young (114688K), 3 survivors (3072K)
 Metaspace       used 20886K, committed 21504K, reserved 393216K
  class space    used 2871K, committed 3136K, reserved 327680K
}
Event: 82.456 GC heap after
{Heap after GC invocations=3 (full 0):
 garbage-first heap   total 262144K, used 24649K [0x00000000e0000000, 0x0000000100000000)
  region size 1024K, 12 young (12288K), 12 survivors (12288K)
 Metaspace       used 20886K, committed 21504K, reserved 393216K
  class space    used 2871K, committed 3136K, reserved 327680K
}
Event: 100.317 GC heap before
{Heap before GC invocations=4 (full 0):
 garbage-first heap   total 262144K, used 122953K [0x00000000e0000000, 0x0000000100000000)
  region size 1024K, 110 young (112640K), 12 survivors (12288K)
 Metaspace       used 34626K, committed 35968K, reserved 393216K
  class space    used 4900K, committed 5568K, reserved 327680K
}
Event: 100.331 GC heap after
{Heap after GC invocations=5 (full 0):
 garbage-first heap   total 262144K, used 31337K [0x00000000e0000000, 0x0000000100000000)
  region size 1024K, 7 young (7168K), 7 survivors (7168K)
 Metaspace       used 34626K, committed 35968K, reserved 393216K
  class space    used 4900K, committed 5568K, reserved 327680K
}
Event: 101.374 GC heap before
{Heap before GC invocations=5 (full 0):
 garbage-first heap   total 262144K, used 33385K [0x00000000e0000000, 0x0000000100000000)
  region size 1024K, 10 young (10240K), 7 survivors (7168K)
 Metaspace       used 34935K, committed 36288K, reserved 393216K
  class space    used 4949K, committed 5632K, reserved 327680K
}
Event: 101.379 GC heap after
{Heap after GC invocations=6 (full 0):
 garbage-first heap   total 262144K, used 31777K [0x00000000e0000000, 0x0000000100000000)
  region size 1024K, 7 young (7168K), 7 survivors (7168K)
 Metaspace       used 34935K, committed 36288K, reserved 393216K
  class space    used 4949K, committed 5632K, reserved 327680K
}
Event: 101.492 GC heap before
{Heap before GC invocations=6 (full 0):
 garbage-first heap   total 262144K, used 33825K [0x00000000e0000000, 0x0000000100000000)
  region size 1024K, 10 young (10240K), 7 survivors (7168K)
 Metaspace       used 35262K, committed 36608K, reserved 393216K
  class space    used 5003K, committed 5696K, reserved 327680K
}
Event: 101.498 GC heap after
{Heap after GC invocations=7 (full 0):
 garbage-first heap   total 262144K, used 32255K [0x00000000e0000000, 0x0000000100000000)
  region size 1024K, 8 young (8192K), 8 survivors (8192K)
 Metaspace       used 35262K, committed 36608K, reserved 393216K
  class space    used 5003K, committed 5696K, reserved 327680K
}
Event: 395.341 GC heap before
{Heap before GC invocations=8 (full 0):
 garbage-first heap   total 262144K, used 180735K [0x00000000e0000000, 0x0000000100000000)
  region size 1024K, 153 young (156672K), 8 survivors (8192K)
 Metaspace       used 46813K, committed 48704K, reserved 393216K
  class space    used 6870K, committed 7808K, reserved 327680K
}
Event: 395.377 GC heap after
{Heap after GC invocations=9 (full 0):
 garbage-first heap   total 262144K, used 38790K [0x00000000e0000000, 0x0000000100000000)
  region size 1024K, 14 young (14336K), 14 survivors (14336K)
 Metaspace       used 46813K, committed 48704K, reserved 393216K
  class space    used 6870K, committed 7808K, reserved 327680K
}
Event: 566.675 GC heap before
{Heap before GC invocations=9 (full 0):
 garbage-first heap   total 262144K, used 182150K [0x00000000e0000000, 0x0000000100000000)
  region size 1024K, 153 young (156672K), 14 survivors (14336K)
 Metaspace       used 56504K, committed 58688K, reserved 393216K
  class space    used 8137K, committed 9216K, reserved 327680K
}
Event: 566.727 GC heap after
{Heap after GC invocations=10 (full 0):
 garbage-first heap   total 262144K, used 45821K [0x00000000e0000000, 0x0000000100000000)
  region size 1024K, 15 young (15360K), 15 survivors (15360K)
 Metaspace       used 56504K, committed 58688K, reserved 393216K
  class space    used 8137K, committed 9216K, reserved 327680K
}

Dll operation events (15 events):
Event: 0.097 Loaded shared library D:\javar\bin\java.dll
Event: 1.198 Loaded shared library D:\javar\bin\zip.dll
Event: 1.200 Loaded shared library D:\javar\bin\jsvml.dll
Event: 1.204 Loaded shared library D:\javar\bin\instrument.dll
Event: 1.299 Loaded shared library D:\javar\bin\net.dll
Event: 1.302 Loaded shared library D:\javar\bin\nio.dll
Event: 1.307 Loaded shared library D:\javar\bin\zip.dll
Event: 1.834 Loaded shared library D:\javar\bin\jimage.dll
Event: 3.974 Loaded shared library D:\javar\bin\verify.dll
Event: 4.903 Loaded shared library C:\Users\hieun\.gradle\native\660c5614fbf4a5f2a75b1949f50a0caf5cd603558e7d8a26e50b933a0cfb79d1\windows-amd64\native-platform.dll
Event: 5.186 Loaded shared library C:\Users\hieun\.gradle\native\0.2.8\x86_64-windows-gnu\gradle-fileevents.dll
Event: 20.977 Loaded shared library D:\javar\bin\management.dll
Event: 20.997 Loaded shared library D:\javar\bin\management_ext.dll
Event: 23.602 Loaded shared library D:\javar\bin\extnet.dll
Event: 62.019 Loaded shared library D:\javar\bin\sunmscapi.dll

Deoptimization events (20 events):
Event: 567.935 Thread 0x000002697cb4fea0 Uncommon trap: trap_request=0xffffff45 fr.pc=0x0000026907b1608c relative=0x00000000000000ec
Event: 567.935 Thread 0x000002697cb4fea0 Uncommon trap: reason=unstable_if action=reinterpret pc=0x0000026907b1608c method=java.lang.String.getBytes([BIB)V @ 5 c2
Event: 567.935 Thread 0x000002697cb4fea0 DEOPT PACKING pc=0x0000026907b1608c sp=0x000000d2b1df8f00
Event: 567.935 Thread 0x000002697cb4fea0 DEOPT UNPACKING pc=0x00000269075846a2 sp=0x000000d2b1df8ea8 mode 2
Event: 568.289 Thread 0x000002697cb4fea0 Uncommon trap: trap_request=0xffffffd6 fr.pc=0x0000026907fb2410 relative=0x0000000000000f50
Event: 568.289 Thread 0x000002697cb4fea0 Uncommon trap: reason=array_check action=maybe_recompile pc=0x0000026907fb2410 method=com.google.common.collect.RegularImmutableMap.fromEntryArrayCheckingBucketOverflow(I[Ljava/util/Map$Entry;Z)Lcom/google/common/collect/ImmutableMap; @ 220 c2
Event: 568.289 Thread 0x000002697cb4fea0 DEOPT PACKING pc=0x0000026907fb2410 sp=0x000000d2b1df9480
Event: 568.289 Thread 0x000002697cb4fea0 DEOPT UNPACKING pc=0x00000269075846a2 sp=0x000000d2b1df9338 mode 2
Event: 568.290 Thread 0x000002697cb4fea0 Uncommon trap: trap_request=0xffffffd6 fr.pc=0x0000026907fb2410 relative=0x0000000000000f50
Event: 568.290 Thread 0x000002697cb4fea0 Uncommon trap: reason=array_check action=maybe_recompile pc=0x0000026907fb2410 method=com.google.common.collect.RegularImmutableMap.fromEntryArrayCheckingBucketOverflow(I[Ljava/util/Map$Entry;Z)Lcom/google/common/collect/ImmutableMap; @ 220 c2
Event: 568.290 Thread 0x000002697cb4fea0 DEOPT PACKING pc=0x0000026907fb2410 sp=0x000000d2b1df9480
Event: 568.290 Thread 0x000002697cb4fea0 DEOPT UNPACKING pc=0x00000269075846a2 sp=0x000000d2b1df9338 mode 2
Event: 568.290 Thread 0x000002697cb4fea0 Uncommon trap: trap_request=0xffffffd6 fr.pc=0x0000026907fb2410 relative=0x0000000000000f50
Event: 568.290 Thread 0x000002697cb4fea0 Uncommon trap: reason=array_check action=maybe_recompile pc=0x0000026907fb2410 method=com.google.common.collect.RegularImmutableMap.fromEntryArrayCheckingBucketOverflow(I[Ljava/util/Map$Entry;Z)Lcom/google/common/collect/ImmutableMap; @ 220 c2
Event: 568.290 Thread 0x000002697cb4fea0 DEOPT PACKING pc=0x0000026907fb2410 sp=0x000000d2b1df95d0
Event: 568.290 Thread 0x000002697cb4fea0 DEOPT UNPACKING pc=0x00000269075846a2 sp=0x000000d2b1df9488 mode 2
Event: 568.291 Thread 0x000002697cb4fea0 Uncommon trap: trap_request=0xffffffd6 fr.pc=0x0000026907fb2410 relative=0x0000000000000f50
Event: 568.291 Thread 0x000002697cb4fea0 Uncommon trap: reason=array_check action=maybe_recompile pc=0x0000026907fb2410 method=com.google.common.collect.RegularImmutableMap.fromEntryArrayCheckingBucketOverflow(I[Ljava/util/Map$Entry;Z)Lcom/google/common/collect/ImmutableMap; @ 220 c2
Event: 568.291 Thread 0x000002697cb4fea0 DEOPT PACKING pc=0x0000026907fb2410 sp=0x000000d2b1df93d0
Event: 568.291 Thread 0x000002697cb4fea0 DEOPT UNPACKING pc=0x00000269075846a2 sp=0x000000d2b1df9288 mode 2

Classes loaded (20 events):
Event: 536.149 Loading class java/net/Proxy
Event: 536.149 Loading class java/net/Proxy done
Event: 536.377 Loading class java/util/concurrent/CompletableFuture$AsyncRun
Event: 536.412 Loading class java/util/concurrent/CompletableFuture$AsyncRun done
Event: 542.711 Loading class sun/net/ConnectionResetException
Event: 542.712 Loading class sun/net/ConnectionResetException done
Event: 542.755 Loading class jdk/internal/math/FormattedFPDecimal
Event: 542.757 Loading class jdk/internal/math/FormattedFPDecimal done
Event: 542.775 Loading class java/util/concurrent/CompletableFuture$Signaller
Event: 542.776 Loading class java/util/concurrent/CompletableFuture$Signaller done
Event: 566.090 Loading class java/util/LinkedList$LLSpliterator
Event: 566.091 Loading class java/util/LinkedList$LLSpliterator done
Event: 567.174 Loading class java/util/TreeMap$ValueSpliterator
Event: 567.175 Loading class java/util/TreeMap$ValueSpliterator done
Event: 567.931 Loading class java/text/MessageFormat
Event: 567.934 Loading class java/text/MessageFormat done
Event: 567.934 Loading class java/text/MessageFormat$Field
Event: 567.934 Loading class java/text/MessageFormat$Field done
Event: 567.952 Loading class java/io/FileReader
Event: 567.952 Loading class java/io/FileReader done

Classes unloaded (0 events):
No events

Classes redefined (0 events):
No events

Internal exceptions (20 events):
Event: 542.716 Thread 0x000002697f385d40 Exception <a 'java/io/IOException'{0x00000000ea01dda8}> (0x00000000ea01dda8) 
thrown [s\open\src\hotspot\share\prims\jni.cpp, line 520]
Event: 542.723 Thread 0x000002697f2bbe90 Exception <a 'java/io/IOException'{0x00000000ea0dba88}> (0x00000000ea0dba88) 
thrown [s\open\src\hotspot\share\prims\jni.cpp, line 520]
Event: 542.725 Thread 0x000002697f3856b0 Exception <a 'java/io/IOException'{0x00000000e9f3a870}> (0x00000000e9f3a870) 
thrown [s\open\src\hotspot\share\prims\jni.cpp, line 520]
Event: 542.730 Thread 0x000002697f3828c0 Exception <a 'sun/net/ConnectionResetException'{0x00000000ea13ab00}: Connection reset> (0x00000000ea13ab00) 
thrown [s\open\src\hotspot\share\prims\jni.cpp, line 539]
Event: 542.733 Thread 0x000002697f385020 Exception <a 'java/io/IOException'{0x00000000e9f1dac8}> (0x00000000e9f1dac8) 
thrown [s\open\src\hotspot\share\prims\jni.cpp, line 520]
Event: 542.747 Thread 0x000002692937ba50 Exception <a 'java/io/IOException'{0x00000000e9adb7b0}> (0x00000000e9adb7b0) 
thrown [s\open\src\hotspot\share\prims\jni.cpp, line 520]
Event: 542.750 Thread 0x000002697f380160 Exception <a 'java/io/IOException'{0x00000000ea04d4e0}> (0x00000000ea04d4e0) 
thrown [s\open\src\hotspot\share\prims\jni.cpp, line 520]
Event: 542.753 Thread 0x000002697cbd9950 Exception <a 'sun/net/ConnectionResetException'{0x00000000e9c4d4a0}: Connection reset> (0x00000000e9c4d4a0) 
thrown [s\open\src\hotspot\share\prims\jni.cpp, line 539]
Event: 547.772 Thread 0x000002697cb4fea0 Exception <a 'sun/nio/fs/WindowsException'{0x00000000e87566a8}> (0x00000000e87566a8) 
thrown [s\open\src\hotspot\share\prims\jni.cpp, line 520]
Event: 547.773 Thread 0x000002697cb4fea0 Exception <a 'sun/nio/fs/WindowsException'{0x00000000e8757e38}> (0x00000000e8757e38) 
thrown [s\open\src\hotspot\share\prims\jni.cpp, line 520]
Event: 547.775 Thread 0x000002697cb4fea0 Exception <a 'sun/nio/fs/WindowsException'{0x00000000e87595b8}> (0x00000000e87595b8) 
thrown [s\open\src\hotspot\share\prims\jni.cpp, line 520]
Event: 547.776 Thread 0x000002697cb4fea0 Exception <a 'sun/nio/fs/WindowsException'{0x00000000e875a930}> (0x00000000e875a930) 
thrown [s\open\src\hotspot\share\prims\jni.cpp, line 520]
Event: 565.812 Thread 0x000002697cb4fea0 Exception <a 'java/lang/NoClassDefFoundError'{0x00000000e7dfcf38}: org/jetbrains/kotlin/gradle/plugin/KotlinPluginWrapper> (0x00000000e7dfcf38) 
thrown [s\open\src\hotspot\share\oops\constantPool.cpp, line 873]
Event: 565.812 Thread 0x000002697cb4fea0 Exception <a 'java/lang/NoClassDefFoundError'{0x00000000e7dff5f0}: org/graalvm/buildtools/gradle/NativeImagePlugin> (0x00000000e7dff5f0) 
thrown [s\open\src\hotspot\share\oops\constantPool.cpp, line 873]
Event: 565.812 Thread 0x000002697cb4fea0 Exception <a 'java/lang/NoClassDefFoundError'{0x00000000e7c2fc60}: org/cyclonedx/gradle/CyclonedxPlugin> (0x00000000e7c2fc60) 
thrown [s\open\src\hotspot\share\oops\constantPool.cpp, line 873]
Event: 565.812 Thread 0x000002697cb4fea0 Exception <a 'java/lang/NoClassDefFoundError'{0x00000000e7c32318}: com/google/protobuf/gradle/ProtobufPlugin> (0x00000000e7c32318) 
thrown [s\open\src\hotspot\share\oops\constantPool.cpp, line 873]
Event: 565.912 Thread 0x000002697cb4fea0 Exception <a 'java/lang/NoSuchMethodError'{0x00000000e7b09998}: 'java.lang.Object java.lang.invoke.DirectMethodHandle$Holder.invokeStatic(java.lang.Object, int, java.lang.Object)'> (0x00000000e7b09998) 
thrown [s\open\src\hotspot\share\interpreter\linkResolver.cpp, line 773]
Event: 566.083 Thread 0x000002697cb4fea0 Implicit null exception at 0x0000026907eb741b to 0x0000026907eb8158
Event: 567.176 Thread 0x000002697cb4fea0 Exception <a 'java/lang/IncompatibleClassChangeError'{0x00000000ef8659d8}: Found class java.lang.Object, but interface was expected> (0x00000000ef8659d8) 
thrown [s\open\src\hotspot\share\interpreter\linkResolver.cpp, line 840]
Event: 567.523 Thread 0x000002697cb4fea0 Exception <a 'java/lang/NoSuchMethodError'{0x00000000ef3c3208}: 'int java.lang.invoke.DirectMethodHandle$Holder.invokeSpecialIFC(java.lang.Object, java.lang.Object, java.lang.Object, java.lang.Object, java.lang.Object)'> (0x00000000ef3c3208) 
thrown [s\open\src\hotspot\share\interpreter\linkResolver.cpp, line 773]

ZGC Phase Switch (0 events):
No events

VM Operations (20 events):
Event: 557.381 Executing VM operation: Cleanup
Event: 557.382 Executing VM operation: Cleanup done
Event: 559.396 Executing VM operation: Cleanup
Event: 559.396 Executing VM operation: Cleanup done
Event: 560.404 Executing VM operation: Cleanup
Event: 560.404 Executing VM operation: Cleanup done
Event: 562.420 Executing VM operation: Cleanup
Event: 562.420 Executing VM operation: Cleanup done
Event: 565.453 Executing VM operation: Cleanup
Event: 565.455 Executing VM operation: Cleanup done
Event: 566.459 Executing VM operation: Cleanup
Event: 566.477 Executing VM operation: Cleanup done
Event: 566.674 Executing VM operation: G1CollectForAllocation (G1 Evacuation Pause)
Event: 566.727 Executing VM operation: G1CollectForAllocation (G1 Evacuation Pause) done
Event: 567.071 Executing VM operation: HandshakeAllThreads (Deoptimize)
Event: 567.071 Executing VM operation: HandshakeAllThreads (Deoptimize) done
Event: 568.083 Executing VM operation: Cleanup
Event: 568.147 Executing VM operation: Cleanup done
Event: 569.153 Executing VM operation: Cleanup
Event: 569.154 Executing VM operation: Cleanup done

Events (20 events):
Event: 543.358 Thread 0x000002692901d3b0 Thread exited: 0x000002692901d3b0
Event: 543.584 Thread 0x0000026929377f40 Thread added: 0x0000026929377f40
Event: 543.615 Thread 0x0000026929376500 Thread added: 0x0000026929376500
Event: 543.739 Thread 0x000002692901da40 Thread exited: 0x000002692901da40
Event: 543.769 Thread 0x0000026929019210 Thread exited: 0x0000026929019210
Event: 547.438 Thread 0x000002692937a010 Thread added: 0x000002692937a010
Event: 547.619 Thread 0x000002692937ad30 Thread added: 0x000002692937ad30
Event: 547.674 Thread 0x000002692937b3c0 Thread added: 0x000002692937b3c0
Event: 564.818 Thread 0x000002692937ba50 Thread added: 0x000002692937ba50
Event: 564.818 Thread 0x000002697f2bbe90 Thread added: 0x000002697f2bbe90
Event: 564.819 Thread 0x000002697f2bc520 Thread added: 0x000002697f2bc520
Event: 564.819 Thread 0x000002697f2b90a0 Thread added: 0x000002697f2b90a0
Event: 564.820 Thread 0x000002697f2bd8d0 Thread added: 0x000002697f2bd8d0
Event: 564.820 Thread 0x000002697f2bf9a0 Thread added: 0x000002697f2bf9a0
Event: 564.822 Thread 0x000002697f2c0030 Thread added: 0x000002697f2c0030
Event: 564.823 Thread 0x000002697f2bcbb0 Thread added: 0x000002697f2bcbb0
Event: 564.824 Thread 0x000002697f2be5f0 Thread added: 0x000002697f2be5f0
Event: 564.825 Thread 0x000002697f380160 Thread added: 0x000002697f380160
Event: 564.825 Thread 0x000002697f37edb0 Thread added: 0x000002697f37edb0
Event: 564.986 Thread 0x000002697f383c70 Thread added: 0x000002697f383c70


Dynamic libraries:
0x00007ff64cc80000 - 0x00007ff64cc90000 	D:\javar\bin\java.exe
0x00007ffae01e0000 - 0x00007ffae0446000 	C:\Windows\SYSTEM32\ntdll.dll
0x00007ffadf780000 - 0x00007ffadf849000 	C:\Windows\System32\KERNEL32.DLL
0x00007ffadd630000 - 0x00007ffadda2f000 	C:\Windows\System32\KERNELBASE.dll
0x00007ffada250000 - 0x00007ffada2ef000 	C:\Windows\SYSTEM32\apphelp.dll
0x00007ffadd3f0000 - 0x00007ffadd53c000 	C:\Windows\System32\ucrtbase.dll
0x00007ffab0810000 - 0x00007ffab0829000 	D:\javar\bin\jli.dll
0x00007ffadec80000 - 0x00007ffaded3c000 	C:\Windows\System32\ADVAPI32.dll
0x00007ffadf510000 - 0x00007ffadf5b9000 	C:\Windows\System32\msvcrt.dll
0x00007ffadfe10000 - 0x00007ffadfeba000 	C:\Windows\System32\sechost.dll
0x00007ffadfa60000 - 0x00007ffadfb78000 	C:\Windows\System32\RPCRT4.dll
0x00007ffadfb80000 - 0x00007ffadfd46000 	C:\Windows\System32\USER32.dll
0x00007ffadd600000 - 0x00007ffadd627000 	C:\Windows\System32\win32u.dll
0x00007ffaded50000 - 0x00007ffaded7b000 	C:\Windows\System32\GDI32.dll
0x00007ffaddde0000 - 0x00007ffaddf09000 	C:\Windows\System32\gdi32full.dll
0x00007ffadd550000 - 0x00007ffadd5f3000 	C:\Windows\System32\msvcp_win.dll
0x00007ffac7080000 - 0x00007ffac7311000 	C:\Windows\WinSxS\amd64_microsoft.windows.common-controls_6595b64144ccf1df_6.0.26100.8972_none_3e0da176e32f9d4b\COMCTL32.dll
0x00007ffad46c0000 - 0x00007ffad46cb000 	C:\Windows\SYSTEM32\VERSION.dll
0x00007ffac9ac0000 - 0x00007ffac9ade000 	D:\javar\bin\VCRUNTIME140.dll
0x00007ffadfdd0000 - 0x00007ffadfe02000 	C:\Windows\System32\IMM32.DLL
0x00007ffad2b70000 - 0x00007ffad2b7c000 	D:\javar\bin\vcruntime140_1.dll
0x00007ffa7a7d0000 - 0x00007ffa7a85d000 	D:\javar\bin\msvcp140.dll
0x00007ffa3d4d0000 - 0x00007ffa3e1f8000 	D:\javar\bin\server\jvm.dll
0x00007ffadf6f0000 - 0x00007ffadf772000 	C:\Windows\System32\WS2_32.dll
0x00007ffadd250000 - 0x00007ffadd2ae000 	C:\Windows\SYSTEM32\POWRPROF.dll
0x00007ffad3e20000 - 0x00007ffad3e56000 	C:\Windows\SYSTEM32\WINMM.dll
0x00007ffadd230000 - 0x00007ffadd245000 	C:\Windows\SYSTEM32\UMPDC.dll
0x00007ffadc0e0000 - 0x00007ffadc0fb000 	C:\Windows\SYSTEM32\kernel.appcore.dll
0x00007ffad17a0000 - 0x00007ffad17aa000 	D:\javar\bin\jimage.dll
0x00007ffad2be0000 - 0x00007ffad2e22000 	C:\Windows\SYSTEM32\DBGHELP.DLL
0x00007ffade0d0000 - 0x00007ffade455000 	C:\Windows\System32\combase.dll
0x00007ffade470000 - 0x00007ffade549000 	C:\Windows\System32\OLEAUT32.dll
0x00007ffab7310000 - 0x00007ffab734b000 	C:\Windows\SYSTEM32\dbgcore.DLL
0x00007ffadda40000 - 0x00007ffaddaec000 	C:\Windows\System32\bcryptPrimitives.dll
0x00007ffac5920000 - 0x00007ffac5930000 	D:\javar\bin\instrument.dll
0x00007ffa8b7a0000 - 0x00007ffa8b7c1000 	D:\javar\bin\java.dll
0x00007ffaded80000 - 0x00007ffadf508000 	C:\Windows\System32\SHELL32.dll
0x00007ffadae70000 - 0x00007ffadb70b000 	C:\Windows\SYSTEM32\windows.storage.dll
0x00007ffade6c0000 - 0x00007ffade7b9000 	C:\Windows\System32\SHCORE.dll
0x00007ffadf8a0000 - 0x00007ffadf906000 	C:\Windows\System32\shlwapi.dll
0x00007ffadd310000 - 0x00007ffadd339000 	C:\Windows\SYSTEM32\profapi.dll
0x00007ffab19e0000 - 0x00007ffab19f8000 	D:\javar\bin\zip.dll
0x00007ffa4eb90000 - 0x00007ffa4ec67000 	D:\javar\bin\jsvml.dll
0x00007ffac9860000 - 0x00007ffac9871000 	D:\javar\bin\net.dll
0x00007ffad6060000 - 0x00007ffad6188000 	C:\Windows\SYSTEM32\WINHTTP.dll
0x00007ffadc690000 - 0x00007ffadc6fc000 	C:\Windows\system32\mswsock.dll
0x00007ffab5560000 - 0x00007ffab5576000 	D:\javar\bin\nio.dll
0x00007ffabc2d0000 - 0x00007ffabc2e0000 	D:\javar\bin\verify.dll
0x00007ffa7b640000 - 0x00007ffa7b667000 	C:\Users\hieun\.gradle\native\660c5614fbf4a5f2a75b1949f50a0caf5cd603558e7d8a26e50b933a0cfb79d1\windows-amd64\native-platform.dll
0x00007ffa5d800000 - 0x00007ffa5d877000 	C:\Users\hieun\.gradle\native\0.2.8\x86_64-windows-gnu\gradle-fileevents.dll
0x00007ffa95b40000 - 0x00007ffa95b4a000 	D:\javar\bin\management.dll
0x00007ffa8cda0000 - 0x00007ffa8cdac000 	D:\javar\bin\management_ext.dll
0x00007ffade7c0000 - 0x00007ffade7c8000 	C:\Windows\System32\PSAPI.DLL
0x00007ffadbb10000 - 0x00007ffadbb43000 	C:\Windows\SYSTEM32\IPHLPAPI.DLL
0x00007ffade460000 - 0x00007ffade46a000 	C:\Windows\System32\NSI.dll
0x00007ffab3a70000 - 0x00007ffab3a79000 	D:\javar\bin\extnet.dll
0x00007ffadc980000 - 0x00007ffadc99b000 	C:\Windows\SYSTEM32\CRYPTSP.dll
0x00007ffadc040000 - 0x00007ffadc079000 	C:\Windows\system32\rsaenh.dll
0x00007ffadc740000 - 0x00007ffadc772000 	C:\Windows\SYSTEM32\USERENV.dll
0x00007ffadd2e0000 - 0x00007ffadd30a000 	C:\Windows\SYSTEM32\bcrypt.dll
0x00007ffadc9a0000 - 0x00007ffadc9ac000 	C:\Windows\SYSTEM32\CRYPTBASE.dll
0x00007ffab05a0000 - 0x00007ffab05ae000 	D:\javar\bin\sunmscapi.dll
0x00007ffaddb90000 - 0x00007ffaddd0e000 	C:\Windows\System32\CRYPT32.dll
0x00007ffadcbc0000 - 0x00007ffadcbf0000 	C:\Windows\SYSTEM32\ncrypt.dll
0x00007ffadcb70000 - 0x00007ffadcbaf000 	C:\Windows\SYSTEM32\NTASN1.dll
0x00007ffaafcb0000 - 0x00007ffaafcb8000 	C:\Windows\system32\wshunix.dll
0x00007ffadc210000 - 0x00007ffadc246000 	C:\Windows\SYSTEM32\ntmarta.dll

dbghelp: loaded successfully - version: 4.0.5 - missing functions: none
symbol engine: initialized successfully - sym options: 0x614 - pdb path: .;D:\javar\bin;C:\Windows\SYSTEM32;C:\Windows\WinSxS\amd64_microsoft.windows.common-controls_6595b64144ccf1df_6.0.26100.8972_none_3e0da176e32f9d4b;D:\javar\bin\server;C:\Users\hieun\.gradle\native\660c5614fbf4a5f2a75b1949f50a0caf5cd603558e7d8a26e50b933a0cfb79d1\windows-amd64;C:\Users\hieun\.gradle\native\0.2.8\x86_64-windows-gnu

VM Arguments:
jvm_args: --add-opens=java.base/java.lang=ALL-UNNAMED --add-opens=java.base/java.lang.invoke=ALL-UNNAMED --add-opens=java.base/java.util=ALL-UNNAMED --add-opens=java.prefs/java.util.prefs=ALL-UNNAMED --add-exports=jdk.compiler/com.sun.tools.javac.api=ALL-UNNAMED --add-exports=jdk.compiler/com.sun.tools.javac.util=ALL-UNNAMED --add-opens=java.base/java.nio.charset=ALL-UNNAMED --add-opens=java.base/java.net=ALL-UNNAMED --add-opens=java.base/java.util.concurrent=ALL-UNNAMED --add-opens=java.base/java.util.concurrent.atomic=ALL-UNNAMED --add-opens=java.xml/javax.xml.namespace=ALL-UNNAMED --add-opens=java.base/java.time=ALL-UNNAMED -XX:MaxMetaspaceSize=384m -XX:+HeapDumpOnOutOfMemoryError -Xms256m -Xmx512m -Dfile.encoding=UTF-8 -Duser.country=US -Duser.language=en -Duser.variant -javaagent:C:\Users\hieun\.gradle\wrapper\dists\gradle-9.5.1-bin\iq79hdu3mqx29lgffhp8bfmx\gradle-9.5.1\lib\agents\gradle-instrumentation-agent-9.5.1.jar 
java_command: org.gradle.launcher.daemon.bootstrap.GradleDaemon 9.5.1
java_class_path (initial): C:\Users\hieun\.gradle\wrapper\dists\gradle-9.5.1-bin\iq79hdu3mqx29lgffhp8bfmx\gradle-9.5.1\lib\gradle-daemon-main-9.5.1.jar
Launcher Type: SUN_STANDARD

[Global flags]
     intx CICompilerCount                          = 4                                         {product} {ergonomic}
   size_t CompressedClassSpaceSize                 = 335544320                                 {product} {ergonomic}
     uint ConcGCThreads                            = 3                                         {product} {ergonomic}
     uint G1ConcRefinementThreads                  = 10                                        {product} {ergonomic}
   size_t G1HeapRegionSize                         = 1048576                                   {product} {ergonomic}
    uintx GCDrainStackTargetSize                   = 64                                        {product} {ergonomic}
     bool HeapDumpOnOutOfMemoryError               = true                                   {manageable} {command line}
   size_t InitialHeapSize                          = 268435456                                 {product} {command line}
   size_t MarkStackSize                            = 4194304                                   {product} {ergonomic}
   size_t MaxHeapSize                              = 536870912                                 {product} {command line}
   size_t MaxMetaspaceSize                         = 402653184                                 {product} {command line}
   size_t MaxNewSize                               = 321912832                                 {product} {ergonomic}
   size_t MinHeapDeltaBytes                        = 1048576                                   {product} {ergonomic}
   size_t MinHeapSize                              = 268435456                                 {product} {command line}
    uintx NonNMethodCodeHeapSize                   = 5839372                                {pd product} {ergonomic}
    uintx NonProfiledCodeHeapSize                  = 122909434                              {pd product} {ergonomic}
    uintx ProfiledCodeHeapSize                     = 122909434                              {pd product} {ergonomic}
    uintx ReservedCodeCacheSize                    = 251658240                              {pd product} {ergonomic}
     bool SegmentedCodeCache                       = true                                      {product} {ergonomic}
   size_t SoftMaxHeapSize                          = 536870912                              {manageable} {ergonomic}
     bool UseCompressedOops                        = true                           {product lp64_product} {ergonomic}
     bool UseG1GC                                  = true                                      {product} {ergonomic}
     bool UseLargePagesIndividualAllocation        = false                                  {pd product} {ergonomic}

Logging:
Log output configuration:
 #0: stdout all=warning uptime,level,tags foldmultilines=false
 #1: stderr all=off uptime,level,tags foldmultilines=false

Environment Variables:
PATH=C:\Program Files\Common Files\Oracle\Java\javapath;C:\Windows\system32;C:\Windows;C:\Windows\System32\Wbem;C:\Windows\System32\WindowsPowerShell\v1.0\;C:\Windows\System32\OpenSSH\;C:\Program Files (x86)\NVIDIA Corporation\PhysX\Common;C:\Program Files\dotnet\;D:\Git\cmd;C:\Program Files\NVIDIA Corporation\NVIDIA App\NvDLISR;C:\Program Files\Docker\Docker\resources\bin;C:\ProgramData\chocolatey\bin;D:\node js\;C:\Users\hieun\AppData\Local\Programs\Python\Launcher\;C:\Users\hieun\AppData\Local\Microsoft\WindowsApps;D:\Microsoft VS Code\bin;C:\Users\hieun\AppData\Roaming\npm
USERNAME=hieun
OS=Windows_NT
PROCESSOR_IDENTIFIER=AMD64 Family 25 Model 68 Stepping 1, AuthenticAMD
TMP=C:\Users\hieun\AppData\Local\Temp
TEMP=C:\Users\hieun\AppData\Local\Temp




Periodic native trim disabled

---------------  S Y S T E M  ---------------

OS:
 Windows 11 , 64 bit Build 26100 (10.0.26100.9168)
OS uptime: 4 days 9:46 hours
Hyper-V role detected

CPU: total 12 (initial active 12) (12 cores per cpu, 2 threads per core) family 25 model 68 stepping 1 microcode 0xa404107, cx8, cmov, fxsr, ht, mmx, 3dnowpref, sse, sse2, sse3, ssse3, sse4a, sse4.1, sse4.2, popcnt, lzcnt, tsc, tscinvbit, avx, avx2, aes, erms, clmul, bmi1, bmi2, adx, sha, fma, vzeroupper, clflush, clflushopt, hv, rdtscp, rdpid, fsrm, f16c, cet_ss
Processor Information for all 12 processors :
  Max Mhz: 3301, Current Mhz: 3301, Mhz Limit: 3301

Memory: 4k page, system-wide physical 15690M (1117M free)
TotalPageFile size 48779M (AvailPageFile size 4M)
current process WorkingSet (physical memory assigned to process): 283M, peak: 292M
current process commit charge ("private bytes"): 497M, peak: 510M

vm_info: Java HotSpot(TM) 64-Bit Server VM (21.0.11+9-LTS-211) for windows-amd64 JRE (21.0.11+9-LTS-211), built on 2026-03-11T00:23:15Z by "mach5run" with MS VC++ 17.13 (VS2022)

END.
