#
# There is insufficient memory for the Java Runtime Environment to continue.
# Native memory allocation (malloc) failed to allocate 32744 bytes for Chunk::new
# Possible reasons:
#   The system is out of physical RAM or swap space
#   The process is running with CompressedOops enabled, and the Java Heap may be blocking the growth of the native heap
# Possible solutions:
#   Reduce memory load on the system
#   Increase physical memory or swap space
#   Check if swap backing store is full
#   Decrease Java heap size (-Xmx/-Xms)
#   Decrease number of Java threads
#   Decrease Java thread stack sizes (-Xss)
#   Set larger code cache with -XX:ReservedCodeCacheSize=
#   JVM is running with Unscaled Compressed Oops mode in which the Java heap is
#     placed in the first 4GB address space. The Java Heap base address is the
#     maximum limit for the native heap growth. Please use -XX:HeapBaseMinAddress
#     to set the Java Heap base and to place the Java Heap above 4GB virtual address.
# This output file may be truncated or incomplete.
#
#  Out of Memory Error (arena.cpp:168), pid=38832, tid=24860
#
# JRE version: Java(TM) SE Runtime Environment (21.0.11+9) (build 21.0.11+9-LTS-211)
# Java VM: Java HotSpot(TM) 64-Bit Server VM (21.0.11+9-LTS-211, mixed mode, sharing, tiered, compressed oops, compressed class ptrs, g1 gc, windows-amd64)
# No core dump will be written. Minidumps are not enabled by default on client versions of Windows
#

---------------  S U M M A R Y ------------

Command Line: --add-opens=java.base/java.lang=ALL-UNNAMED --add-opens=java.base/java.lang.invoke=ALL-UNNAMED --add-opens=java.base/java.util=ALL-UNNAMED --add-opens=java.prefs/java.util.prefs=ALL-UNNAMED --add-exports=jdk.compiler/com.sun.tools.javac.api=ALL-UNNAMED --add-exports=jdk.compiler/com.sun.tools.javac.util=ALL-UNNAMED --add-opens=java.base/java.nio.charset=ALL-UNNAMED --add-opens=java.base/java.net=ALL-UNNAMED --add-opens=java.base/java.util.concurrent=ALL-UNNAMED --add-opens=java.base/java.util.concurrent.atomic=ALL-UNNAMED --add-opens=java.xml/javax.xml.namespace=ALL-UNNAMED --add-opens=java.base/java.time=ALL-UNNAMED -XX:MaxMetaspaceSize=384m -XX:+HeapDumpOnOutOfMemoryError -Xms256m -Xmx512m -Dfile.encoding=UTF-8 -Duser.country=US -Duser.language=en -Duser.variant -javaagent:C:\Users\hieun\.gradle\wrapper\dists\gradle-9.5.1-bin\iq79hdu3mqx29lgffhp8bfmx\gradle-9.5.1\lib\agents\gradle-instrumentation-agent-9.5.1.jar org.gradle.launcher.daemon.bootstrap.GradleDaemon 9.5.1

Host: AMD Ryzen 5 7535HS with Radeon Graphics        , 12 cores, 15G,  Windows 11 , 64 bit Build 26100 (10.0.26100.9168)
Time: Mon Aug 24 22:45:19 2026 SE Asia Standard Time elapsed time: 436.629892 seconds (0d 0h 7m 16s)

---------------  T H R E A D  ---------------

Current thread (0x0000024f2b4440d0):  JavaThread "C2 CompilerThread0" daemon [_thread_in_native, id=24860, stack(0x000000ccd6000000,0x000000ccd6100000) (1024K)]


Current CompileTask:
C2: 436629 7377       4       java.util.HashMap$ValueSpliterator::forEachRemaining (186 bytes)

Stack: [0x000000ccd6000000,0x000000ccd6100000]
Native frames: (J=compiled Java code, j=interpreted, Vv=VM code, C=native code)
V  [jvm.dll+0x6d0ef9]
V  [jvm.dll+0x860126]
V  [jvm.dll+0x86261e]
V  [jvm.dll+0x862cf3]
V  [jvm.dll+0x282bc6]
V  [jvm.dll+0xc67ad]
V  [jvm.dll+0xc6cf1]
V  [jvm.dll+0xc68d5]
V  [jvm.dll+0x84968c]
V  [jvm.dll+0xd3788]
V  [jvm.dll+0x3b8a30]
V  [jvm.dll+0x3b9442]
V  [jvm.dll+0x326779]
V  [jvm.dll+0x694703]
V  [jvm.dll+0x139cec]
V  [jvm.dll+0x397dd4]
V  [jvm.dll+0x6eedee]
V  [jvm.dll+0x6ee0a7]
V  [jvm.dll+0x6e946b]
V  [jvm.dll+0x6e3719]
V  [jvm.dll+0x6e2e19]
V  [jvm.dll+0x6e0eae]
V  [jvm.dll+0x1cdecc]
V  [jvm.dll+0x1cea82]
V  [jvm.dll+0x1cea82]
V  [jvm.dll+0x2f73ec]
V  [jvm.dll+0x6eb69b]
V  [jvm.dll+0x6e3719]
V  [jvm.dll+0x6e2e19]
V  [jvm.dll+0x6e0eae]
V  [jvm.dll+0x1cdecc]
V  [jvm.dll+0x1cea82]
V  [jvm.dll+0x1cea82]
V  [jvm.dll+0x2f73ec]
V  [jvm.dll+0x6eb69b]
V  [jvm.dll+0x6e3719]
V  [jvm.dll+0x6e2e19]
V  [jvm.dll+0x6e0eae]
V  [jvm.dll+0x1cdecc]
V  [jvm.dll+0x24a69f]
V  [jvm.dll+0x1cae7e]
V  [jvm.dll+0x25a7d9]
V  [jvm.dll+0x258d65]
V  [jvm.dll+0x3f50d1]
V  [jvm.dll+0x80ac0d]
V  [jvm.dll+0x6cf79d]
C  [ucrtbase.dll+0x2cd30]
C  [KERNEL32.DLL+0x2ccb7]
C  [ntdll.dll+0xaad6c]


---------------  P R O C E S S  ---------------

Threads class SMR info:
_java_thread_list=0x0000024f48d979c0, length=49, elements={
0x0000024f0df5c9c0, 0x0000024f2b43c220, 0x0000024f2b43d9a0, 0x0000024f2b441420,
0x0000024f2b441e80, 0x0000024f2b4428e0, 0x0000024f2b443340, 0x0000024f2b4440d0,
0x0000024f2b4472d0, 0x0000024f2b6f9650, 0x0000024f2b6cf100, 0x0000024f45d7d930,
0x0000024f458104b0, 0x0000024f46c65dd0, 0x0000024f2b569490, 0x0000024f45ede560,
0x0000024f45edd1b0, 0x0000024f45edf910, 0x0000024f450d8c70, 0x0000024f450da6b0,
0x0000024f450db3d0, 0x0000024f450d9990, 0x0000024f450dad40, 0x0000024f450da020,
0x0000024f450deee0, 0x0000024f450dba60, 0x0000024f450dce10, 0x0000024f450dd4a0,
0x0000024f450ddb30, 0x0000024f450df570, 0x0000024f450de1c0, 0x0000024f450dc0f0,
0x0000024f450dc780, 0x0000024f45edcb20, 0x0000024f45edded0, 0x0000024f45edebf0,
0x0000024f45edc490, 0x0000024f450d9300, 0x0000024f47efe750, 0x0000024f47f00eb0,
0x0000024f47f01540, 0x0000024f47f02260, 0x0000024f47f00190, 0x0000024f47f01bd0,
0x0000024f47f00820, 0x0000024f47efede0, 0x0000024f47f028f0, 0x0000024f47eff470,
0x0000024f47f02f80
}

Java Threads: ( => current thread )
  0x0000024f0df5c9c0 JavaThread "main"                              [_thread_blocked, id=23760, stack(0x000000ccd5200000,0x000000ccd5300000) (1024K)]
  0x0000024f2b43c220 JavaThread "Reference Handler"          daemon [_thread_blocked, id=16548, stack(0x000000ccd5a00000,0x000000ccd5b00000) (1024K)]
  0x0000024f2b43d9a0 JavaThread "Finalizer"                  daemon [_thread_blocked, id=35356, stack(0x000000ccd5b00000,0x000000ccd5c00000) (1024K)]
  0x0000024f2b441420 JavaThread "Signal Dispatcher"          daemon [_thread_blocked, id=45012, stack(0x000000ccd5c00000,0x000000ccd5d00000) (1024K)]
  0x0000024f2b441e80 JavaThread "Attach Listener"            daemon [_thread_blocked, id=51788, stack(0x000000ccd5d00000,0x000000ccd5e00000) (1024K)]
  0x0000024f2b4428e0 JavaThread "Service Thread"             daemon [_thread_blocked, id=5508, stack(0x000000ccd5e00000,0x000000ccd5f00000) (1024K)]
  0x0000024f2b443340 JavaThread "Monitor Deflation Thread"   daemon [_thread_blocked, id=29844, stack(0x000000ccd5f00000,0x000000ccd6000000) (1024K)]
=>0x0000024f2b4440d0 JavaThread "C2 CompilerThread0"         daemon [_thread_in_native, id=24860, stack(0x000000ccd6000000,0x000000ccd6100000) (1024K)]
  0x0000024f2b4472d0 JavaThread "C1 CompilerThread0"         daemon [_thread_blocked, id=58064, stack(0x000000ccd6100000,0x000000ccd6200000) (1024K)]
  0x0000024f2b6f9650 JavaThread "Common-Cleaner"             daemon [_thread_blocked, id=54880, stack(0x000000ccd6200000,0x000000ccd6300000) (1024K)]
  0x0000024f2b6cf100 JavaThread "Notification Thread"        daemon [_thread_blocked, id=46536, stack(0x000000ccd6300000,0x000000ccd6400000) (1024K)]
  0x0000024f45d7d930 JavaThread "Daemon health stats"               [_thread_blocked, id=56192, stack(0x000000ccd6900000,0x000000ccd6a00000) (1024K)]
  0x0000024f458104b0 JavaThread "Incoming local TCP Connector on port 58022"        [_thread_in_native, id=29384, stack(0x000000ccd6a00000,0x000000ccd6b00000) (1024K)]
  0x0000024f46c65dd0 JavaThread "Daemon periodic checks"            [_thread_blocked, id=24984, stack(0x000000ccd6b00000,0x000000ccd6c00000) (1024K)]
  0x0000024f2b569490 JavaThread "Daemon"                            [_thread_blocked, id=40288, stack(0x000000ccd6c00000,0x000000ccd6d00000) (1024K)]
  0x0000024f45ede560 JavaThread "Daemon worker"                     [_thread_blocked, id=51152, stack(0x000000ccd6f00000,0x000000ccd7000000) (1024K)]
  0x0000024f45edd1b0 JavaThread "Handler for socket connection from /127.0.0.1:58022 to /127.0.0.1:53280"        [_thread_in_native, id=45016, stack(0x000000ccd6d00000,0x000000ccd6e00000) (1024K)]
  0x0000024f45edf910 JavaThread "Cancel handler"                    [_thread_blocked, id=36444, stack(0x000000ccd6e00000,0x000000ccd6f00000) (1024K)]
  0x0000024f450d8c70 JavaThread "Asynchronous log dispatcher for DefaultDaemonConnection: socket connection from /127.0.0.1:58022 to /127.0.0.1:53280"        [_thread_blocked, id=37204, stack(0x000000ccd7300000,0x000000ccd7400000) (1024K)]
  0x0000024f450da6b0 JavaThread "Stdin handler"                     [_thread_blocked, id=11616, stack(0x000000ccd7400000,0x000000ccd7500000) (1024K)]
  0x0000024f450db3d0 JavaThread "Daemon client event forwarder"        [_thread_blocked, id=29644, stack(0x000000ccd7700000,0x000000ccd7800000) (1024K)]
  0x0000024f450d9990 JavaThread "Cache worker for journal cache (C:\Users\hieun\.gradle\caches\journal-1)"        [_thread_blocked, id=43220, stack(0x000000ccd7100000,0x000000ccd7200000) (1024K)]
  0x0000024f450dad40 JavaThread "File lock request listener"        [_thread_in_native, id=53448, stack(0x000000ccd7500000,0x000000ccd7600000) (1024K)]
  0x0000024f450da020 JavaThread "Cache worker for file hash cache (C:\Users\hieun\.gradle\caches\9.5.1\fileHashes)"        [_thread_blocked, id=19852, stack(0x000000ccd5000000,0x000000ccd5100000) (1024K)]
  0x0000024f450deee0 JavaThread "Cache worker for file hash cache (D:\n1h5-models-backend\.gradle\9.5.1\fileHashes)"        [_thread_blocked, id=24924, stack(0x000000ccd7d00000,0x000000ccd7e00000) (1024K)]
  0x0000024f450dba60 JavaThread "Cache worker for Build Output Cleanup Cache (D:\n1h5-models-backend\.gradle\buildOutputCleanup)"        [_thread_blocked, id=31008, stack(0x000000ccd7e00000,0x000000ccd7f00000) (1024K)]
  0x0000024f450dce10 JavaThread "File watcher server"        daemon [_thread_in_native, id=36700, stack(0x000000ccd7f00000,0x000000ccd8000000) (1024K)]
  0x0000024f450dd4a0 JavaThread "File watcher consumer"      daemon [_thread_blocked, id=49040, stack(0x000000ccd8000000,0x000000ccd8100000) (1024K)]
  0x0000024f450ddb30 JavaThread "Cache worker for file content cache (C:\Users\hieun\.gradle\caches\9.5.1\fileContent)"        [_thread_blocked, id=29404, stack(0x000000ccd7000000,0x000000ccd7100000) (1024K)]
  0x0000024f450df570 JavaThread "Cache worker for checksums cache (D:\n1h5-models-backend\.gradle\9.5.1\checksums)"        [_thread_blocked, id=2800, stack(0x000000ccd7200000,0x000000ccd7300000) (1024K)]
  0x0000024f450de1c0 JavaThread "Cache worker for cache directory md-supplier (C:\Users\hieun\.gradle\caches\9.5.1\md-supplier)"        [_thread_blocked, id=44500, stack(0x000000ccd7600000,0x000000ccd7700000) (1024K)]
  0x0000024f450dc0f0 JavaThread "Cache worker for cache directory md-rule (C:\Users\hieun\.gradle\caches\9.5.1\md-rule)"        [_thread_blocked, id=49480, stack(0x000000ccd8100000,0x000000ccd8200000) (1024K)]
  0x0000024f450dc780 JavaThread "jar transforms"                    [_thread_blocked, id=7352, stack(0x000000ccd8200000,0x000000ccd8300000) (1024K)]
  0x0000024f45edcb20 JavaThread "jar transforms Thread 2"           [_thread_blocked, id=1404, stack(0x000000ccd8300000,0x000000ccd8400000) (1024K)]
  0x0000024f45edded0 JavaThread "File lock release action executor Thread 3"        [_thread_blocked, id=15788, stack(0x000000ccd4f00000,0x000000ccd5000000) (1024K)]
  0x0000024f45edebf0 JavaThread "jar transforms Thread 3"           [_thread_blocked, id=27140, stack(0x000000ccd8600000,0x000000ccd8700000) (1024K)]
  0x0000024f45edc490 JavaThread "Build operations"                  [_thread_blocked, id=8040, stack(0x000000ccd8700000,0x000000ccd8800000) (1024K)]
  0x0000024f450d9300 JavaThread "Build operations Thread 2"         [_thread_blocked, id=31156, stack(0x000000ccd8800000,0x000000ccd8900000) (1024K)]
  0x0000024f47efe750 JavaThread "Build operations Thread 3"         [_thread_blocked, id=56948, stack(0x000000ccd8900000,0x000000ccd8a00000) (1024K)]
  0x0000024f47f00eb0 JavaThread "Build operations Thread 4"         [_thread_blocked, id=42308, stack(0x000000ccd8a00000,0x000000ccd8b00000) (1024K)]
  0x0000024f47f01540 JavaThread "Build operations Thread 5"         [_thread_blocked, id=43612, stack(0x000000ccd8b00000,0x000000ccd8c00000) (1024K)]
  0x0000024f47f02260 JavaThread "Build operations Thread 6"         [_thread_blocked, id=55472, stack(0x000000ccd8c00000,0x000000ccd8d00000) (1024K)]
  0x0000024f47f00190 JavaThread "Build operations Thread 7"         [_thread_blocked, id=16380, stack(0x000000ccd8d00000,0x000000ccd8e00000) (1024K)]
  0x0000024f47f01bd0 JavaThread "Build operations Thread 8"         [_thread_blocked, id=25572, stack(0x000000ccd8e00000,0x000000ccd8f00000) (1024K)]
  0x0000024f47f00820 JavaThread "Build operations Thread 9"         [_thread_blocked, id=23272, stack(0x000000ccd8f00000,0x000000ccd9000000) (1024K)]
  0x0000024f47efede0 JavaThread "Build operations Thread 10"        [_thread_blocked, id=27036, stack(0x000000ccd9000000,0x000000ccd9100000) (1024K)]
  0x0000024f47f028f0 JavaThread "Build operations Thread 11"        [_thread_blocked, id=21036, stack(0x000000ccd9100000,0x000000ccd9200000) (1024K)]
  0x0000024f47eff470 JavaThread "Build operations Thread 12"        [_thread_blocked, id=40552, stack(0x000000ccd9200000,0x000000ccd9300000) (1024K)]
  0x0000024f47f02f80 JavaThread "Memory manager"                    [_thread_blocked, id=7472, stack(0x000000ccd8400000,0x000000ccd8500000) (1024K)]
Total: 49

Other Threads:
  0x0000024f2b30b010 VMThread "VM Thread"                           [id=46852, stack(0x000000ccd5900000,0x000000ccd5a00000) (1024K)]
  0x0000024f2b2f9520 WatcherThread "VM Periodic Task Thread"        [id=54884, stack(0x000000ccd5800000,0x000000ccd5900000) (1024K)]
  0x0000024f10279630 WorkerThread "GC Thread#0"                     [id=34304, stack(0x000000ccd5300000,0x000000ccd5400000) (1024K)]
  0x0000024f4577d0e0 WorkerThread "GC Thread#1"                     [id=30628, stack(0x000000ccd6400000,0x000000ccd6500000) (1024K)]
  0x0000024f4577d490 WorkerThread "GC Thread#2"                     [id=13744, stack(0x000000ccd6500000,0x000000ccd6600000) (1024K)]
  0x0000024f4577d840 WorkerThread "GC Thread#3"                     [id=40340, stack(0x000000ccd6600000,0x000000ccd6700000) (1024K)]
  0x0000024f45914040 WorkerThread "GC Thread#4"                     [id=45544, stack(0x000000ccd6700000,0x000000ccd6800000) (1024K)]
  0x0000024f459143f0 WorkerThread "GC Thread#5"                     [id=14340, stack(0x000000ccd6800000,0x000000ccd6900000) (1024K)]
  0x0000024f46c5d210 WorkerThread "GC Thread#6"                     [id=18596, stack(0x000000ccd5100000,0x000000ccd5200000) (1024K)]
  0x0000024f46c5e830 WorkerThread "GC Thread#7"                     [id=24876, stack(0x000000ccd7800000,0x000000ccd7900000) (1024K)]
  0x0000024f46c5dd20 WorkerThread "GC Thread#8"                     [id=42672, stack(0x000000ccd7900000,0x000000ccd7a00000) (1024K)]
  0x0000024f46c5ce60 WorkerThread "GC Thread#9"                     [id=37068, stack(0x000000ccd7a00000,0x000000ccd7b00000) (1024K)]
  0x0000024f1027e530 ConcurrentGCThread "G1 Main Marker"            [id=46800, stack(0x000000ccd5400000,0x000000ccd5500000) (1024K)]
  0x0000024f1027ef50 WorkerThread "G1 Conc#0"                       [id=48352, stack(0x000000ccd5500000,0x000000ccd5600000) (1024K)]
  0x0000024f46eea7b0 WorkerThread "G1 Conc#1"                       [id=51324, stack(0x000000ccd7b00000,0x000000ccd7c00000) (1024K)]
  0x0000024f46ee7410 WorkerThread "G1 Conc#2"                       [id=57476, stack(0x000000ccd7c00000,0x000000ccd7d00000) (1024K)]
  0x0000024f102feb20 ConcurrentGCThread "G1 Refine#0"               [id=33692, stack(0x000000ccd5600000,0x000000ccd5700000) (1024K)]
  0x0000024f2b1c9c70 ConcurrentGCThread "G1 Service"                [id=15088, stack(0x000000ccd5700000,0x000000ccd5800000) (1024K)]
Total: 18

Threads with active compile tasks:
C2 CompilerThread0   436679 7377       4       java.util.HashMap$ValueSpliterator::forEachRemaining (186 bytes)
Total: 1

VM state: not at safepoint (normal execution)

VM Mutex/Monitor currently owned by a thread: None

Heap address: 0x00000000e0000000, size: 512 MB, Compressed Oops mode: 32-bit

CDS archive(s) mapped at: [0x0000024f2c000000-0x0000024f2cc90000-0x0000024f2cc90000), size 13172736, SharedBaseAddress: 0x0000024f2c000000, ArchiveRelocationMode: 1.
Compressed class space mapped at: 0x0000024f2d000000-0x0000024f41000000, reserved size: 335544320
Narrow klass base: 0x0000024f2c000000, Narrow klass shift: 0, Narrow klass range: 0x100000000

GC Precious Log:
 CardTable entry size: 512
 Card Set container configuration: InlinePtr #cards 5 size 8 Array Of Cards #cards 12 size 40 Howl #buckets 4 coarsen threshold 1843 Howl Bitmap #cards 512 size 80 coarsen threshold 460 Card regions per heap region 1 cards per card region 2048
 CPUs: 12 total, 12 available
 Memory: 15690M
 Large Page Support: Disabled
 NUMA Support: Disabled
 Compressed Oops: Enabled (32-bit)
 Heap Region Size: 1M
 Heap Min Capacity: 256M
 Heap Initial Capacity: 256M
 Heap Max Capacity: 512M
 Pre-touch: Disabled
 Parallel Workers: 10
 Concurrent Workers: 3
 Concurrent Refinement Workers: 10
 Periodic GC: Disabled

Heap:
 garbage-first heap   total 262144K, used 94038K [0x00000000e0000000, 0x0000000100000000)
  region size 1024K, 71 young (72704K), 14 survivors (14336K)
 Metaspace       used 52779K, committed 54912K, reserved 393216K
  class space    used 7678K, committed 8768K, reserved 327680K

Heap Regions: E=young(eden), S=young(survivor), O=old, HS=humongous(starts), HC=humongous(continues), CS=collection set, F=free, TAMS=top-at-mark-start, PB=parsable bottom
|   0|0x00000000e0000000, 0x00000000e0100000, 0x00000000e0100000|100%|HS|  |TAMS 0x00000000e0000000| PB 0x00000000e0000000| Complete 
|   1|0x00000000e0100000, 0x00000000e0200000, 0x00000000e0200000|100%|HC|  |TAMS 0x00000000e0100000| PB 0x00000000e0100000| Complete 
|   2|0x00000000e0200000, 0x00000000e0300000, 0x00000000e0300000|100%|HC|  |TAMS 0x00000000e0200000| PB 0x00000000e0200000| Complete 
|   3|0x00000000e0300000, 0x00000000e0400000, 0x00000000e0400000|100%|HC|  |TAMS 0x00000000e0300000| PB 0x00000000e0300000| Complete 
|   4|0x00000000e0400000, 0x00000000e0500000, 0x00000000e0500000|100%| O|  |TAMS 0x00000000e0400000| PB 0x00000000e0400000| Untracked 
|   5|0x00000000e0500000, 0x00000000e0600000, 0x00000000e0600000|100%| O|  |TAMS 0x00000000e0500000| PB 0x00000000e0500000| Untracked 
|   6|0x00000000e0600000, 0x00000000e0700000, 0x00000000e0700000|100%| O|  |TAMS 0x00000000e0600000| PB 0x00000000e0600000| Untracked 
|   7|0x00000000e0700000, 0x00000000e0700000, 0x00000000e0800000|  0%| F|  |TAMS 0x00000000e0700000| PB 0x00000000e0700000| Untracked 
|   8|0x00000000e0800000, 0x00000000e0900000, 0x00000000e0900000|100%|HS|  |TAMS 0x00000000e0800000| PB 0x00000000e0800000| Complete 
|   9|0x00000000e0900000, 0x00000000e0a00000, 0x00000000e0a00000|100%| O|  |TAMS 0x00000000e0900000| PB 0x00000000e0900000| Untracked 
|  10|0x00000000e0a00000, 0x00000000e0b00000, 0x00000000e0b00000|100%| O|  |TAMS 0x00000000e0a00000| PB 0x00000000e0a00000| Untracked 
|  11|0x00000000e0b00000, 0x00000000e0c00000, 0x00000000e0c00000|100%| O|  |TAMS 0x00000000e0b00000| PB 0x00000000e0b00000| Untracked 
|  12|0x00000000e0c00000, 0x00000000e0d00000, 0x00000000e0d00000|100%| O|  |TAMS 0x00000000e0c00000| PB 0x00000000e0c00000| Untracked 
|  13|0x00000000e0d00000, 0x00000000e0e00000, 0x00000000e0e00000|100%| O|  |TAMS 0x00000000e0d00000| PB 0x00000000e0d00000| Untracked 
|  14|0x00000000e0e00000, 0x00000000e0f00000, 0x00000000e0f00000|100%| O|  |TAMS 0x00000000e0e00000| PB 0x00000000e0e00000| Untracked 
|  15|0x00000000e0f00000, 0x00000000e1000000, 0x00000000e1000000|100%| O|  |TAMS 0x00000000e0f00000| PB 0x00000000e0f00000| Untracked 
|  16|0x00000000e1000000, 0x00000000e1100000, 0x00000000e1100000|100%| O|  |TAMS 0x00000000e1000000| PB 0x00000000e1000000| Untracked 
|  17|0x00000000e1100000, 0x00000000e1200000, 0x00000000e1200000|100%| O|  |TAMS 0x00000000e1100000| PB 0x00000000e1100000| Untracked 
|  18|0x00000000e1200000, 0x00000000e1300000, 0x00000000e1300000|100%| O|  |TAMS 0x00000000e1200000| PB 0x00000000e1200000| Untracked 
|  19|0x00000000e1300000, 0x00000000e1400000, 0x00000000e1400000|100%| O|  |TAMS 0x00000000e1300000| PB 0x00000000e1300000| Untracked 
|  20|0x00000000e1400000, 0x00000000e1500000, 0x00000000e1500000|100%| O|  |TAMS 0x00000000e1400000| PB 0x00000000e1400000| Untracked 
|  21|0x00000000e1500000, 0x00000000e1600000, 0x00000000e1600000|100%| O|  |TAMS 0x00000000e1500000| PB 0x00000000e1500000| Untracked 
|  22|0x00000000e1600000, 0x00000000e1700000, 0x00000000e1700000|100%| O|  |TAMS 0x00000000e1600000| PB 0x00000000e1600000| Untracked 
|  23|0x00000000e1700000, 0x00000000e1800000, 0x00000000e1800000|100%| O|Cm|TAMS 0x00000000e1700000| PB 0x00000000e1700000| Complete 
|  24|0x00000000e1800000, 0x00000000e181be40, 0x00000000e1900000| 10%| O|  |TAMS 0x00000000e1800000| PB 0x00000000e1800000| Untracked 
|  25|0x00000000e1900000, 0x00000000e1900000, 0x00000000e1a00000|  0%| F|  |TAMS 0x00000000e1900000| PB 0x00000000e1900000| Untracked 
|  26|0x00000000e1a00000, 0x00000000e1a00000, 0x00000000e1b00000|  0%| F|  |TAMS 0x00000000e1a00000| PB 0x00000000e1a00000| Untracked 
|  27|0x00000000e1b00000, 0x00000000e1b00000, 0x00000000e1c00000|  0%| F|  |TAMS 0x00000000e1b00000| PB 0x00000000e1b00000| Untracked 
|  28|0x00000000e1c00000, 0x00000000e1c00000, 0x00000000e1d00000|  0%| F|  |TAMS 0x00000000e1c00000| PB 0x00000000e1c00000| Untracked 
|  29|0x00000000e1d00000, 0x00000000e1d00000, 0x00000000e1e00000|  0%| F|  |TAMS 0x00000000e1d00000| PB 0x00000000e1d00000| Untracked 
|  30|0x00000000e1e00000, 0x00000000e1e00000, 0x00000000e1f00000|  0%| F|  |TAMS 0x00000000e1e00000| PB 0x00000000e1e00000| Untracked 
|  31|0x00000000e1f00000, 0x00000000e1f00000, 0x00000000e2000000|  0%| F|  |TAMS 0x00000000e1f00000| PB 0x00000000e1f00000| Untracked 
|  32|0x00000000e2000000, 0x00000000e2000000, 0x00000000e2100000|  0%| F|  |TAMS 0x00000000e2000000| PB 0x00000000e2000000| Untracked 
|  33|0x00000000e2100000, 0x00000000e2100000, 0x00000000e2200000|  0%| F|  |TAMS 0x00000000e2100000| PB 0x00000000e2100000| Untracked 
|  34|0x00000000e2200000, 0x00000000e2200000, 0x00000000e2300000|  0%| F|  |TAMS 0x00000000e2200000| PB 0x00000000e2200000| Untracked 
|  35|0x00000000e2300000, 0x00000000e2300000, 0x00000000e2400000|  0%| F|  |TAMS 0x00000000e2300000| PB 0x00000000e2300000| Untracked 
|  36|0x00000000e2400000, 0x00000000e2400000, 0x00000000e2500000|  0%| F|  |TAMS 0x00000000e2400000| PB 0x00000000e2400000| Untracked 
|  37|0x00000000e2500000, 0x00000000e2500000, 0x00000000e2600000|  0%| F|  |TAMS 0x00000000e2500000| PB 0x00000000e2500000| Untracked 
|  38|0x00000000e2600000, 0x00000000e2600000, 0x00000000e2700000|  0%| F|  |TAMS 0x00000000e2600000| PB 0x00000000e2600000| Untracked 
|  39|0x00000000e2700000, 0x00000000e2700000, 0x00000000e2800000|  0%| F|  |TAMS 0x00000000e2700000| PB 0x00000000e2700000| Untracked 
|  40|0x00000000e2800000, 0x00000000e2800000, 0x00000000e2900000|  0%| F|  |TAMS 0x00000000e2800000| PB 0x00000000e2800000| Untracked 
|  41|0x00000000e2900000, 0x00000000e2900000, 0x00000000e2a00000|  0%| F|  |TAMS 0x00000000e2900000| PB 0x00000000e2900000| Untracked 
|  42|0x00000000e2a00000, 0x00000000e2a00000, 0x00000000e2b00000|  0%| F|  |TAMS 0x00000000e2a00000| PB 0x00000000e2a00000| Untracked 
|  43|0x00000000e2b00000, 0x00000000e2b00000, 0x00000000e2c00000|  0%| F|  |TAMS 0x00000000e2b00000| PB 0x00000000e2b00000| Untracked 
|  44|0x00000000e2c00000, 0x00000000e2c00000, 0x00000000e2d00000|  0%| F|  |TAMS 0x00000000e2c00000| PB 0x00000000e2c00000| Untracked 
|  45|0x00000000e2d00000, 0x00000000e2d00000, 0x00000000e2e00000|  0%| F|  |TAMS 0x00000000e2d00000| PB 0x00000000e2d00000| Untracked 
|  46|0x00000000e2e00000, 0x00000000e2e00000, 0x00000000e2f00000|  0%| F|  |TAMS 0x00000000e2e00000| PB 0x00000000e2e00000| Untracked 
|  47|0x00000000e2f00000, 0x00000000e2f00000, 0x00000000e3000000|  0%| F|  |TAMS 0x00000000e2f00000| PB 0x00000000e2f00000| Untracked 
|  48|0x00000000e3000000, 0x00000000e3000000, 0x00000000e3100000|  0%| F|  |TAMS 0x00000000e3000000| PB 0x00000000e3000000| Untracked 
|  49|0x00000000e3100000, 0x00000000e3100000, 0x00000000e3200000|  0%| F|  |TAMS 0x00000000e3100000| PB 0x00000000e3100000| Untracked 
|  50|0x00000000e3200000, 0x00000000e3200000, 0x00000000e3300000|  0%| F|  |TAMS 0x00000000e3200000| PB 0x00000000e3200000| Untracked 
|  51|0x00000000e3300000, 0x00000000e3300000, 0x00000000e3400000|  0%| F|  |TAMS 0x00000000e3300000| PB 0x00000000e3300000| Untracked 
|  52|0x00000000e3400000, 0x00000000e3400000, 0x00000000e3500000|  0%| F|  |TAMS 0x00000000e3400000| PB 0x00000000e3400000| Untracked 
|  53|0x00000000e3500000, 0x00000000e3500000, 0x00000000e3600000|  0%| F|  |TAMS 0x00000000e3500000| PB 0x00000000e3500000| Untracked 
|  54|0x00000000e3600000, 0x00000000e3600000, 0x00000000e3700000|  0%| F|  |TAMS 0x00000000e3600000| PB 0x00000000e3600000| Untracked 
|  55|0x00000000e3700000, 0x00000000e3700000, 0x00000000e3800000|  0%| F|  |TAMS 0x00000000e3700000| PB 0x00000000e3700000| Untracked 
|  56|0x00000000e3800000, 0x00000000e3800000, 0x00000000e3900000|  0%| F|  |TAMS 0x00000000e3800000| PB 0x00000000e3800000| Untracked 
|  57|0x00000000e3900000, 0x00000000e3900000, 0x00000000e3a00000|  0%| F|  |TAMS 0x00000000e3900000| PB 0x00000000e3900000| Untracked 
|  58|0x00000000e3a00000, 0x00000000e3a00000, 0x00000000e3b00000|  0%| F|  |TAMS 0x00000000e3a00000| PB 0x00000000e3a00000| Untracked 
|  59|0x00000000e3b00000, 0x00000000e3b00000, 0x00000000e3c00000|  0%| F|  |TAMS 0x00000000e3b00000| PB 0x00000000e3b00000| Untracked 
|  60|0x00000000e3c00000, 0x00000000e3c00000, 0x00000000e3d00000|  0%| F|  |TAMS 0x00000000e3c00000| PB 0x00000000e3c00000| Untracked 
|  61|0x00000000e3d00000, 0x00000000e3d00000, 0x00000000e3e00000|  0%| F|  |TAMS 0x00000000e3d00000| PB 0x00000000e3d00000| Untracked 
|  62|0x00000000e3e00000, 0x00000000e3e00000, 0x00000000e3f00000|  0%| F|  |TAMS 0x00000000e3e00000| PB 0x00000000e3e00000| Untracked 
|  63|0x00000000e3f00000, 0x00000000e3f00000, 0x00000000e4000000|  0%| F|  |TAMS 0x00000000e3f00000| PB 0x00000000e3f00000| Untracked 
|  64|0x00000000e4000000, 0x00000000e4000000, 0x00000000e4100000|  0%| F|  |TAMS 0x00000000e4000000| PB 0x00000000e4000000| Untracked 
|  65|0x00000000e4100000, 0x00000000e4100000, 0x00000000e4200000|  0%| F|  |TAMS 0x00000000e4100000| PB 0x00000000e4100000| Untracked 
|  66|0x00000000e4200000, 0x00000000e4200000, 0x00000000e4300000|  0%| F|  |TAMS 0x00000000e4200000| PB 0x00000000e4200000| Untracked 
|  67|0x00000000e4300000, 0x00000000e4300000, 0x00000000e4400000|  0%| F|  |TAMS 0x00000000e4300000| PB 0x00000000e4300000| Untracked 
|  68|0x00000000e4400000, 0x00000000e4400000, 0x00000000e4500000|  0%| F|  |TAMS 0x00000000e4400000| PB 0x00000000e4400000| Untracked 
|  69|0x00000000e4500000, 0x00000000e4500000, 0x00000000e4600000|  0%| F|  |TAMS 0x00000000e4500000| PB 0x00000000e4500000| Untracked 
|  70|0x00000000e4600000, 0x00000000e4600000, 0x00000000e4700000|  0%| F|  |TAMS 0x00000000e4600000| PB 0x00000000e4600000| Untracked 
|  71|0x00000000e4700000, 0x00000000e4700000, 0x00000000e4800000|  0%| F|  |TAMS 0x00000000e4700000| PB 0x00000000e4700000| Untracked 
|  72|0x00000000e4800000, 0x00000000e4800000, 0x00000000e4900000|  0%| F|  |TAMS 0x00000000e4800000| PB 0x00000000e4800000| Untracked 
|  73|0x00000000e4900000, 0x00000000e4900000, 0x00000000e4a00000|  0%| F|  |TAMS 0x00000000e4900000| PB 0x00000000e4900000| Untracked 
|  74|0x00000000e4a00000, 0x00000000e4a00000, 0x00000000e4b00000|  0%| F|  |TAMS 0x00000000e4a00000| PB 0x00000000e4a00000| Untracked 
|  75|0x00000000e4b00000, 0x00000000e4b00000, 0x00000000e4c00000|  0%| F|  |TAMS 0x00000000e4b00000| PB 0x00000000e4b00000| Untracked 
|  76|0x00000000e4c00000, 0x00000000e4c00000, 0x00000000e4d00000|  0%| F|  |TAMS 0x00000000e4c00000| PB 0x00000000e4c00000| Untracked 
|  77|0x00000000e4d00000, 0x00000000e4d00000, 0x00000000e4e00000|  0%| F|  |TAMS 0x00000000e4d00000| PB 0x00000000e4d00000| Untracked 
|  78|0x00000000e4e00000, 0x00000000e4e00000, 0x00000000e4f00000|  0%| F|  |TAMS 0x00000000e4e00000| PB 0x00000000e4e00000| Untracked 
|  79|0x00000000e4f00000, 0x00000000e4f00000, 0x00000000e5000000|  0%| F|  |TAMS 0x00000000e4f00000| PB 0x00000000e4f00000| Untracked 
|  80|0x00000000e5000000, 0x00000000e5000000, 0x00000000e5100000|  0%| F|  |TAMS 0x00000000e5000000| PB 0x00000000e5000000| Untracked 
|  81|0x00000000e5100000, 0x00000000e5100000, 0x00000000e5200000|  0%| F|  |TAMS 0x00000000e5100000| PB 0x00000000e5100000| Untracked 
|  82|0x00000000e5200000, 0x00000000e5200000, 0x00000000e5300000|  0%| F|  |TAMS 0x00000000e5200000| PB 0x00000000e5200000| Untracked 
|  83|0x00000000e5300000, 0x00000000e5300000, 0x00000000e5400000|  0%| F|  |TAMS 0x00000000e5300000| PB 0x00000000e5300000| Untracked 
|  84|0x00000000e5400000, 0x00000000e5400000, 0x00000000e5500000|  0%| F|  |TAMS 0x00000000e5400000| PB 0x00000000e5400000| Untracked 
|  85|0x00000000e5500000, 0x00000000e5500000, 0x00000000e5600000|  0%| F|  |TAMS 0x00000000e5500000| PB 0x00000000e5500000| Untracked 
|  86|0x00000000e5600000, 0x00000000e5600000, 0x00000000e5700000|  0%| F|  |TAMS 0x00000000e5600000| PB 0x00000000e5600000| Untracked 
|  87|0x00000000e5700000, 0x00000000e5700000, 0x00000000e5800000|  0%| F|  |TAMS 0x00000000e5700000| PB 0x00000000e5700000| Untracked 
|  88|0x00000000e5800000, 0x00000000e5800000, 0x00000000e5900000|  0%| F|  |TAMS 0x00000000e5800000| PB 0x00000000e5800000| Untracked 
|  89|0x00000000e5900000, 0x00000000e59b9b50, 0x00000000e5a00000| 72%| S|CS|TAMS 0x00000000e5900000| PB 0x00000000e5900000| Complete 
|  90|0x00000000e5a00000, 0x00000000e5b00000, 0x00000000e5b00000|100%| S|CS|TAMS 0x00000000e5a00000| PB 0x00000000e5a00000| Complete 
|  91|0x00000000e5b00000, 0x00000000e5c00000, 0x00000000e5c00000|100%| S|CS|TAMS 0x00000000e5b00000| PB 0x00000000e5b00000| Complete 
|  92|0x00000000e5c00000, 0x00000000e5d00000, 0x00000000e5d00000|100%| S|CS|TAMS 0x00000000e5c00000| PB 0x00000000e5c00000| Complete 
|  93|0x00000000e5d00000, 0x00000000e5e00000, 0x00000000e5e00000|100%| S|CS|TAMS 0x00000000e5d00000| PB 0x00000000e5d00000| Complete 
|  94|0x00000000e5e00000, 0x00000000e5f00000, 0x00000000e5f00000|100%| S|CS|TAMS 0x00000000e5e00000| PB 0x00000000e5e00000| Complete 
|  95|0x00000000e5f00000, 0x00000000e6000000, 0x00000000e6000000|100%| S|CS|TAMS 0x00000000e5f00000| PB 0x00000000e5f00000| Complete 
|  96|0x00000000e6000000, 0x00000000e6100000, 0x00000000e6100000|100%| S|CS|TAMS 0x00000000e6000000| PB 0x00000000e6000000| Complete 
|  97|0x00000000e6100000, 0x00000000e6200000, 0x00000000e6200000|100%| S|CS|TAMS 0x00000000e6100000| PB 0x00000000e6100000| Complete 
|  98|0x00000000e6200000, 0x00000000e6300000, 0x00000000e6300000|100%| S|CS|TAMS 0x00000000e6200000| PB 0x00000000e6200000| Complete 
|  99|0x00000000e6300000, 0x00000000e6400000, 0x00000000e6400000|100%| S|CS|TAMS 0x00000000e6300000| PB 0x00000000e6300000| Complete 
| 100|0x00000000e6400000, 0x00000000e6500000, 0x00000000e6500000|100%| S|CS|TAMS 0x00000000e6400000| PB 0x00000000e6400000| Complete 
| 101|0x00000000e6500000, 0x00000000e6600000, 0x00000000e6600000|100%| S|CS|TAMS 0x00000000e6500000| PB 0x00000000e6500000| Complete 
| 102|0x00000000e6600000, 0x00000000e6700000, 0x00000000e6700000|100%| S|CS|TAMS 0x00000000e6600000| PB 0x00000000e6600000| Complete 
| 103|0x00000000e6700000, 0x00000000e6700000, 0x00000000e6800000|  0%| F|  |TAMS 0x00000000e6700000| PB 0x00000000e6700000| Untracked 
| 104|0x00000000e6800000, 0x00000000e6800000, 0x00000000e6900000|  0%| F|  |TAMS 0x00000000e6800000| PB 0x00000000e6800000| Untracked 
| 105|0x00000000e6900000, 0x00000000e6900000, 0x00000000e6a00000|  0%| F|  |TAMS 0x00000000e6900000| PB 0x00000000e6900000| Untracked 
| 106|0x00000000e6a00000, 0x00000000e6a00000, 0x00000000e6b00000|  0%| F|  |TAMS 0x00000000e6a00000| PB 0x00000000e6a00000| Untracked 
| 107|0x00000000e6b00000, 0x00000000e6b00000, 0x00000000e6c00000|  0%| F|  |TAMS 0x00000000e6b00000| PB 0x00000000e6b00000| Untracked 
| 108|0x00000000e6c00000, 0x00000000e6c00000, 0x00000000e6d00000|  0%| F|  |TAMS 0x00000000e6c00000| PB 0x00000000e6c00000| Untracked 
| 109|0x00000000e6d00000, 0x00000000e6d00000, 0x00000000e6e00000|  0%| F|  |TAMS 0x00000000e6d00000| PB 0x00000000e6d00000| Untracked 
| 110|0x00000000e6e00000, 0x00000000e6e00000, 0x00000000e6f00000|  0%| F|  |TAMS 0x00000000e6e00000| PB 0x00000000e6e00000| Untracked 
| 111|0x00000000e6f00000, 0x00000000e6f00000, 0x00000000e7000000|  0%| F|  |TAMS 0x00000000e6f00000| PB 0x00000000e6f00000| Untracked 
| 112|0x00000000e7000000, 0x00000000e7000000, 0x00000000e7100000|  0%| F|  |TAMS 0x00000000e7000000| PB 0x00000000e7000000| Untracked 
| 113|0x00000000e7100000, 0x00000000e7100000, 0x00000000e7200000|  0%| F|  |TAMS 0x00000000e7100000| PB 0x00000000e7100000| Untracked 
| 114|0x00000000e7200000, 0x00000000e7200000, 0x00000000e7300000|  0%| F|  |TAMS 0x00000000e7200000| PB 0x00000000e7200000| Untracked 
| 115|0x00000000e7300000, 0x00000000e7300000, 0x00000000e7400000|  0%| F|  |TAMS 0x00000000e7300000| PB 0x00000000e7300000| Untracked 
| 116|0x00000000e7400000, 0x00000000e7400000, 0x00000000e7500000|  0%| F|  |TAMS 0x00000000e7400000| PB 0x00000000e7400000| Untracked 
| 117|0x00000000e7500000, 0x00000000e7500000, 0x00000000e7600000|  0%| F|  |TAMS 0x00000000e7500000| PB 0x00000000e7500000| Untracked 
| 118|0x00000000e7600000, 0x00000000e7600000, 0x00000000e7700000|  0%| F|  |TAMS 0x00000000e7600000| PB 0x00000000e7600000| Untracked 
| 119|0x00000000e7700000, 0x00000000e7700000, 0x00000000e7800000|  0%| F|  |TAMS 0x00000000e7700000| PB 0x00000000e7700000| Untracked 
| 120|0x00000000e7800000, 0x00000000e7800000, 0x00000000e7900000|  0%| F|  |TAMS 0x00000000e7800000| PB 0x00000000e7800000| Untracked 
| 121|0x00000000e7900000, 0x00000000e7900000, 0x00000000e7a00000|  0%| F|  |TAMS 0x00000000e7900000| PB 0x00000000e7900000| Untracked 
| 122|0x00000000e7a00000, 0x00000000e7a00000, 0x00000000e7b00000|  0%| F|  |TAMS 0x00000000e7a00000| PB 0x00000000e7a00000| Untracked 
| 123|0x00000000e7b00000, 0x00000000e7b00000, 0x00000000e7c00000|  0%| F|  |TAMS 0x00000000e7b00000| PB 0x00000000e7b00000| Untracked 
| 124|0x00000000e7c00000, 0x00000000e7c00000, 0x00000000e7d00000|  0%| F|  |TAMS 0x00000000e7c00000| PB 0x00000000e7c00000| Untracked 
| 125|0x00000000e7d00000, 0x00000000e7d00000, 0x00000000e7e00000|  0%| F|  |TAMS 0x00000000e7d00000| PB 0x00000000e7d00000| Untracked 
| 126|0x00000000e7e00000, 0x00000000e7e00000, 0x00000000e7f00000|  0%| F|  |TAMS 0x00000000e7e00000| PB 0x00000000e7e00000| Untracked 
| 127|0x00000000e7f00000, 0x00000000e7f00000, 0x00000000e8000000|  0%| F|  |TAMS 0x00000000e7f00000| PB 0x00000000e7f00000| Untracked 
| 128|0x00000000e8000000, 0x00000000e8000000, 0x00000000e8100000|  0%| F|  |TAMS 0x00000000e8000000| PB 0x00000000e8000000| Untracked 
| 129|0x00000000e8100000, 0x00000000e8100000, 0x00000000e8200000|  0%| F|  |TAMS 0x00000000e8100000| PB 0x00000000e8100000| Untracked 
| 130|0x00000000e8200000, 0x00000000e8200000, 0x00000000e8300000|  0%| F|  |TAMS 0x00000000e8200000| PB 0x00000000e8200000| Untracked 
| 131|0x00000000e8300000, 0x00000000e8300000, 0x00000000e8400000|  0%| F|  |TAMS 0x00000000e8300000| PB 0x00000000e8300000| Untracked 
| 132|0x00000000e8400000, 0x00000000e8400000, 0x00000000e8500000|  0%| F|  |TAMS 0x00000000e8400000| PB 0x00000000e8400000| Untracked 
| 133|0x00000000e8500000, 0x00000000e8500000, 0x00000000e8600000|  0%| F|  |TAMS 0x00000000e8500000| PB 0x00000000e8500000| Untracked 
| 134|0x00000000e8600000, 0x00000000e8600000, 0x00000000e8700000|  0%| F|  |TAMS 0x00000000e8600000| PB 0x00000000e8600000| Untracked 
| 135|0x00000000e8700000, 0x00000000e8700000, 0x00000000e8800000|  0%| F|  |TAMS 0x00000000e8700000| PB 0x00000000e8700000| Untracked 
| 136|0x00000000e8800000, 0x00000000e8800000, 0x00000000e8900000|  0%| F|  |TAMS 0x00000000e8800000| PB 0x00000000e8800000| Untracked 
| 137|0x00000000e8900000, 0x00000000e8900000, 0x00000000e8a00000|  0%| F|  |TAMS 0x00000000e8900000| PB 0x00000000e8900000| Untracked 
| 138|0x00000000e8a00000, 0x00000000e8a00000, 0x00000000e8b00000|  0%| F|  |TAMS 0x00000000e8a00000| PB 0x00000000e8a00000| Untracked 
| 139|0x00000000e8b00000, 0x00000000e8b00000, 0x00000000e8c00000|  0%| F|  |TAMS 0x00000000e8b00000| PB 0x00000000e8b00000| Untracked 
| 140|0x00000000e8c00000, 0x00000000e8c00000, 0x00000000e8d00000|  0%| F|  |TAMS 0x00000000e8c00000| PB 0x00000000e8c00000| Untracked 
| 141|0x00000000e8d00000, 0x00000000e8d00000, 0x00000000e8e00000|  0%| F|  |TAMS 0x00000000e8d00000| PB 0x00000000e8d00000| Untracked 
| 142|0x00000000e8e00000, 0x00000000e8e00000, 0x00000000e8f00000|  0%| F|  |TAMS 0x00000000e8e00000| PB 0x00000000e8e00000| Untracked 
| 143|0x00000000e8f00000, 0x00000000e8f00000, 0x00000000e9000000|  0%| F|  |TAMS 0x00000000e8f00000| PB 0x00000000e8f00000| Untracked 
| 144|0x00000000e9000000, 0x00000000e9000000, 0x00000000e9100000|  0%| F|  |TAMS 0x00000000e9000000| PB 0x00000000e9000000| Untracked 
| 145|0x00000000e9100000, 0x00000000e9100000, 0x00000000e9200000|  0%| F|  |TAMS 0x00000000e9100000| PB 0x00000000e9100000| Untracked 
| 146|0x00000000e9200000, 0x00000000e9200000, 0x00000000e9300000|  0%| F|  |TAMS 0x00000000e9200000| PB 0x00000000e9200000| Untracked 
| 147|0x00000000e9300000, 0x00000000e9300000, 0x00000000e9400000|  0%| F|  |TAMS 0x00000000e9300000| PB 0x00000000e9300000| Untracked 
| 148|0x00000000e9400000, 0x00000000e9400000, 0x00000000e9500000|  0%| F|  |TAMS 0x00000000e9400000| PB 0x00000000e9400000| Untracked 
| 149|0x00000000e9500000, 0x00000000e9500000, 0x00000000e9600000|  0%| F|  |TAMS 0x00000000e9500000| PB 0x00000000e9500000| Untracked 
| 150|0x00000000e9600000, 0x00000000e9600000, 0x00000000e9700000|  0%| F|  |TAMS 0x00000000e9600000| PB 0x00000000e9600000| Untracked 
| 151|0x00000000e9700000, 0x00000000e9700000, 0x00000000e9800000|  0%| F|  |TAMS 0x00000000e9700000| PB 0x00000000e9700000| Untracked 
| 152|0x00000000e9800000, 0x00000000e9800000, 0x00000000e9900000|  0%| F|  |TAMS 0x00000000e9800000| PB 0x00000000e9800000| Untracked 
| 153|0x00000000e9900000, 0x00000000e9900000, 0x00000000e9a00000|  0%| F|  |TAMS 0x00000000e9900000| PB 0x00000000e9900000| Untracked 
| 154|0x00000000e9a00000, 0x00000000e9a00000, 0x00000000e9b00000|  0%| F|  |TAMS 0x00000000e9a00000| PB 0x00000000e9a00000| Untracked 
| 155|0x00000000e9b00000, 0x00000000e9b00000, 0x00000000e9c00000|  0%| F|  |TAMS 0x00000000e9b00000| PB 0x00000000e9b00000| Untracked 
| 156|0x00000000e9c00000, 0x00000000e9c00000, 0x00000000e9d00000|  0%| F|  |TAMS 0x00000000e9c00000| PB 0x00000000e9c00000| Untracked 
| 157|0x00000000e9d00000, 0x00000000e9d00000, 0x00000000e9e00000|  0%| F|  |TAMS 0x00000000e9d00000| PB 0x00000000e9d00000| Untracked 
| 158|0x00000000e9e00000, 0x00000000e9e00000, 0x00000000e9f00000|  0%| F|  |TAMS 0x00000000e9e00000| PB 0x00000000e9e00000| Untracked 
| 159|0x00000000e9f00000, 0x00000000e9f00000, 0x00000000ea000000|  0%| F|  |TAMS 0x00000000e9f00000| PB 0x00000000e9f00000| Untracked 
| 160|0x00000000ea000000, 0x00000000ea000000, 0x00000000ea100000|  0%| F|  |TAMS 0x00000000ea000000| PB 0x00000000ea000000| Untracked 
| 161|0x00000000ea100000, 0x00000000ea100000, 0x00000000ea200000|  0%| F|  |TAMS 0x00000000ea100000| PB 0x00000000ea100000| Untracked 
| 162|0x00000000ea200000, 0x00000000ea200000, 0x00000000ea300000|  0%| F|  |TAMS 0x00000000ea200000| PB 0x00000000ea200000| Untracked 
| 163|0x00000000ea300000, 0x00000000ea300000, 0x00000000ea400000|  0%| F|  |TAMS 0x00000000ea300000| PB 0x00000000ea300000| Untracked 
| 164|0x00000000ea400000, 0x00000000ea400000, 0x00000000ea500000|  0%| F|  |TAMS 0x00000000ea400000| PB 0x00000000ea400000| Untracked 
| 165|0x00000000ea500000, 0x00000000ea500000, 0x00000000ea600000|  0%| F|  |TAMS 0x00000000ea500000| PB 0x00000000ea500000| Untracked 
| 166|0x00000000ea600000, 0x00000000ea600000, 0x00000000ea700000|  0%| F|  |TAMS 0x00000000ea600000| PB 0x00000000ea600000| Untracked 
| 167|0x00000000ea700000, 0x00000000ea700000, 0x00000000ea800000|  0%| F|  |TAMS 0x00000000ea700000| PB 0x00000000ea700000| Untracked 
| 168|0x00000000ea800000, 0x00000000ea800000, 0x00000000ea900000|  0%| F|  |TAMS 0x00000000ea800000| PB 0x00000000ea800000| Untracked 
| 169|0x00000000ea900000, 0x00000000ea900000, 0x00000000eaa00000|  0%| F|  |TAMS 0x00000000ea900000| PB 0x00000000ea900000| Untracked 
| 170|0x00000000eaa00000, 0x00000000eaa00000, 0x00000000eab00000|  0%| F|  |TAMS 0x00000000eaa00000| PB 0x00000000eaa00000| Untracked 
| 171|0x00000000eab00000, 0x00000000eab00000, 0x00000000eac00000|  0%| F|  |TAMS 0x00000000eab00000| PB 0x00000000eab00000| Untracked 
| 172|0x00000000eac00000, 0x00000000eac00000, 0x00000000ead00000|  0%| F|  |TAMS 0x00000000eac00000| PB 0x00000000eac00000| Untracked 
| 173|0x00000000ead00000, 0x00000000ead00000, 0x00000000eae00000|  0%| F|  |TAMS 0x00000000ead00000| PB 0x00000000ead00000| Untracked 
| 174|0x00000000eae00000, 0x00000000eae00000, 0x00000000eaf00000|  0%| F|  |TAMS 0x00000000eae00000| PB 0x00000000eae00000| Untracked 
| 175|0x00000000eaf00000, 0x00000000eaf00000, 0x00000000eb000000|  0%| F|  |TAMS 0x00000000eaf00000| PB 0x00000000eaf00000| Untracked 
| 176|0x00000000eb000000, 0x00000000eb000000, 0x00000000eb100000|  0%| F|  |TAMS 0x00000000eb000000| PB 0x00000000eb000000| Untracked 
| 177|0x00000000eb100000, 0x00000000eb100000, 0x00000000eb200000|  0%| F|  |TAMS 0x00000000eb100000| PB 0x00000000eb100000| Untracked 
| 178|0x00000000eb200000, 0x00000000eb200000, 0x00000000eb300000|  0%| F|  |TAMS 0x00000000eb200000| PB 0x00000000eb200000| Untracked 
| 179|0x00000000eb300000, 0x00000000eb300000, 0x00000000eb400000|  0%| F|  |TAMS 0x00000000eb300000| PB 0x00000000eb300000| Untracked 
| 180|0x00000000eb400000, 0x00000000eb400000, 0x00000000eb500000|  0%| F|  |TAMS 0x00000000eb400000| PB 0x00000000eb400000| Untracked 
| 181|0x00000000eb500000, 0x00000000eb500000, 0x00000000eb600000|  0%| F|  |TAMS 0x00000000eb500000| PB 0x00000000eb500000| Untracked 
| 182|0x00000000eb600000, 0x00000000eb600000, 0x00000000eb700000|  0%| F|  |TAMS 0x00000000eb600000| PB 0x00000000eb600000| Untracked 
| 183|0x00000000eb700000, 0x00000000eb700000, 0x00000000eb800000|  0%| F|  |TAMS 0x00000000eb700000| PB 0x00000000eb700000| Untracked 
| 184|0x00000000eb800000, 0x00000000eb800000, 0x00000000eb900000|  0%| F|  |TAMS 0x00000000eb800000| PB 0x00000000eb800000| Untracked 
| 185|0x00000000eb900000, 0x00000000eb900000, 0x00000000eba00000|  0%| F|  |TAMS 0x00000000eb900000| PB 0x00000000eb900000| Untracked 
| 186|0x00000000eba00000, 0x00000000eba00000, 0x00000000ebb00000|  0%| F|  |TAMS 0x00000000eba00000| PB 0x00000000eba00000| Untracked 
| 187|0x00000000ebb00000, 0x00000000ebb00000, 0x00000000ebc00000|  0%| F|  |TAMS 0x00000000ebb00000| PB 0x00000000ebb00000| Untracked 
| 188|0x00000000ebc00000, 0x00000000ebc00000, 0x00000000ebd00000|  0%| F|  |TAMS 0x00000000ebc00000| PB 0x00000000ebc00000| Untracked 
| 189|0x00000000ebd00000, 0x00000000ebd00000, 0x00000000ebe00000|  0%| F|  |TAMS 0x00000000ebd00000| PB 0x00000000ebd00000| Untracked 
| 190|0x00000000ebe00000, 0x00000000ebe00000, 0x00000000ebf00000|  0%| F|  |TAMS 0x00000000ebe00000| PB 0x00000000ebe00000| Untracked 
| 191|0x00000000ebf00000, 0x00000000ebf00000, 0x00000000ec000000|  0%| F|  |TAMS 0x00000000ebf00000| PB 0x00000000ebf00000| Untracked 
| 192|0x00000000ec000000, 0x00000000ec000000, 0x00000000ec100000|  0%| F|  |TAMS 0x00000000ec000000| PB 0x00000000ec000000| Untracked 
| 193|0x00000000ec100000, 0x00000000ec100000, 0x00000000ec200000|  0%| F|  |TAMS 0x00000000ec100000| PB 0x00000000ec100000| Untracked 
| 194|0x00000000ec200000, 0x00000000ec200000, 0x00000000ec300000|  0%| F|  |TAMS 0x00000000ec200000| PB 0x00000000ec200000| Untracked 
| 195|0x00000000ec300000, 0x00000000ec300000, 0x00000000ec400000|  0%| F|  |TAMS 0x00000000ec300000| PB 0x00000000ec300000| Untracked 
| 196|0x00000000ec400000, 0x00000000ec400000, 0x00000000ec500000|  0%| F|  |TAMS 0x00000000ec400000| PB 0x00000000ec400000| Untracked 
| 197|0x00000000ec500000, 0x00000000ec500000, 0x00000000ec600000|  0%| F|  |TAMS 0x00000000ec500000| PB 0x00000000ec500000| Untracked 
| 198|0x00000000ec600000, 0x00000000ec600000, 0x00000000ec700000|  0%| F|  |TAMS 0x00000000ec600000| PB 0x00000000ec600000| Untracked 
| 199|0x00000000ec700000, 0x00000000ec780000, 0x00000000ec800000| 50%| E|  |TAMS 0x00000000ec700000| PB 0x00000000ec700000| Complete 
| 200|0x00000000ec800000, 0x00000000ec900000, 0x00000000ec900000|100%| E|CS|TAMS 0x00000000ec800000| PB 0x00000000ec800000| Complete 
| 201|0x00000000ec900000, 0x00000000eca00000, 0x00000000eca00000|100%| E|CS|TAMS 0x00000000ec900000| PB 0x00000000ec900000| Complete 
| 202|0x00000000eca00000, 0x00000000ecb00000, 0x00000000ecb00000|100%| E|CS|TAMS 0x00000000eca00000| PB 0x00000000eca00000| Complete 
| 203|0x00000000ecb00000, 0x00000000ecc00000, 0x00000000ecc00000|100%| E|CS|TAMS 0x00000000ecb00000| PB 0x00000000ecb00000| Complete 
| 204|0x00000000ecc00000, 0x00000000ecd00000, 0x00000000ecd00000|100%| E|CS|TAMS 0x00000000ecc00000| PB 0x00000000ecc00000| Complete 
| 205|0x00000000ecd00000, 0x00000000ece00000, 0x00000000ece00000|100%| E|CS|TAMS 0x00000000ecd00000| PB 0x00000000ecd00000| Complete 
| 206|0x00000000ece00000, 0x00000000ecf00000, 0x00000000ecf00000|100%| E|CS|TAMS 0x00000000ece00000| PB 0x00000000ece00000| Complete 
| 207|0x00000000ecf00000, 0x00000000ed000000, 0x00000000ed000000|100%| E|CS|TAMS 0x00000000ecf00000| PB 0x00000000ecf00000| Complete 
| 208|0x00000000ed000000, 0x00000000ed100000, 0x00000000ed100000|100%| E|CS|TAMS 0x00000000ed000000| PB 0x00000000ed000000| Complete 
| 209|0x00000000ed100000, 0x00000000ed200000, 0x00000000ed200000|100%| E|CS|TAMS 0x00000000ed100000| PB 0x00000000ed100000| Complete 
| 210|0x00000000ed200000, 0x00000000ed300000, 0x00000000ed300000|100%| E|CS|TAMS 0x00000000ed200000| PB 0x00000000ed200000| Complete 
| 211|0x00000000ed300000, 0x00000000ed400000, 0x00000000ed400000|100%| E|CS|TAMS 0x00000000ed300000| PB 0x00000000ed300000| Complete 
| 212|0x00000000ed400000, 0x00000000ed500000, 0x00000000ed500000|100%| E|CS|TAMS 0x00000000ed400000| PB 0x00000000ed400000| Complete 
| 213|0x00000000ed500000, 0x00000000ed600000, 0x00000000ed600000|100%| E|CS|TAMS 0x00000000ed500000| PB 0x00000000ed500000| Complete 
| 214|0x00000000ed600000, 0x00000000ed700000, 0x00000000ed700000|100%| E|CS|TAMS 0x00000000ed600000| PB 0x00000000ed600000| Complete 
| 215|0x00000000ed700000, 0x00000000ed800000, 0x00000000ed800000|100%| E|CS|TAMS 0x00000000ed700000| PB 0x00000000ed700000| Complete 
| 216|0x00000000ed800000, 0x00000000ed900000, 0x00000000ed900000|100%| E|CS|TAMS 0x00000000ed800000| PB 0x00000000ed800000| Complete 
| 217|0x00000000ed900000, 0x00000000eda00000, 0x00000000eda00000|100%| E|CS|TAMS 0x00000000ed900000| PB 0x00000000ed900000| Complete 
| 218|0x00000000eda00000, 0x00000000edb00000, 0x00000000edb00000|100%| E|CS|TAMS 0x00000000eda00000| PB 0x00000000eda00000| Complete 
| 219|0x00000000edb00000, 0x00000000edc00000, 0x00000000edc00000|100%| E|CS|TAMS 0x00000000edb00000| PB 0x00000000edb00000| Complete 
| 220|0x00000000edc00000, 0x00000000edd00000, 0x00000000edd00000|100%| E|CS|TAMS 0x00000000edc00000| PB 0x00000000edc00000| Complete 
| 221|0x00000000edd00000, 0x00000000ede00000, 0x00000000ede00000|100%| E|CS|TAMS 0x00000000edd00000| PB 0x00000000edd00000| Complete 
| 222|0x00000000ede00000, 0x00000000edf00000, 0x00000000edf00000|100%| E|CS|TAMS 0x00000000ede00000| PB 0x00000000ede00000| Complete 
| 223|0x00000000edf00000, 0x00000000ee000000, 0x00000000ee000000|100%| E|CS|TAMS 0x00000000edf00000| PB 0x00000000edf00000| Complete 
| 224|0x00000000ee000000, 0x00000000ee100000, 0x00000000ee100000|100%| E|CS|TAMS 0x00000000ee000000| PB 0x00000000ee000000| Complete 
| 225|0x00000000ee100000, 0x00000000ee200000, 0x00000000ee200000|100%| E|CS|TAMS 0x00000000ee100000| PB 0x00000000ee100000| Complete 
| 226|0x00000000ee200000, 0x00000000ee300000, 0x00000000ee300000|100%| E|CS|TAMS 0x00000000ee200000| PB 0x00000000ee200000| Complete 
| 227|0x00000000ee300000, 0x00000000ee400000, 0x00000000ee400000|100%| E|CS|TAMS 0x00000000ee300000| PB 0x00000000ee300000| Complete 
| 228|0x00000000ee400000, 0x00000000ee500000, 0x00000000ee500000|100%| E|CS|TAMS 0x00000000ee400000| PB 0x00000000ee400000| Complete 
| 229|0x00000000ee500000, 0x00000000ee600000, 0x00000000ee600000|100%| E|CS|TAMS 0x00000000ee500000| PB 0x00000000ee500000| Complete 
| 230|0x00000000ee600000, 0x00000000ee700000, 0x00000000ee700000|100%| E|CS|TAMS 0x00000000ee600000| PB 0x00000000ee600000| Complete 
| 231|0x00000000ee700000, 0x00000000ee800000, 0x00000000ee800000|100%| E|CS|TAMS 0x00000000ee700000| PB 0x00000000ee700000| Complete 
| 232|0x00000000ee800000, 0x00000000ee900000, 0x00000000ee900000|100%| E|CS|TAMS 0x00000000ee800000| PB 0x00000000ee800000| Complete 
| 233|0x00000000ee900000, 0x00000000eea00000, 0x00000000eea00000|100%| E|CS|TAMS 0x00000000ee900000| PB 0x00000000ee900000| Complete 
| 234|0x00000000eea00000, 0x00000000eeb00000, 0x00000000eeb00000|100%| E|CS|TAMS 0x00000000eea00000| PB 0x00000000eea00000| Complete 
| 235|0x00000000eeb00000, 0x00000000eec00000, 0x00000000eec00000|100%| E|CS|TAMS 0x00000000eeb00000| PB 0x00000000eeb00000| Complete 
| 236|0x00000000eec00000, 0x00000000eed00000, 0x00000000eed00000|100%| E|CS|TAMS 0x00000000eec00000| PB 0x00000000eec00000| Complete 
| 237|0x00000000eed00000, 0x00000000eee00000, 0x00000000eee00000|100%| E|CS|TAMS 0x00000000eed00000| PB 0x00000000eed00000| Complete 
| 238|0x00000000eee00000, 0x00000000eef00000, 0x00000000eef00000|100%| E|CS|TAMS 0x00000000eee00000| PB 0x00000000eee00000| Complete 
| 239|0x00000000eef00000, 0x00000000ef000000, 0x00000000ef000000|100%| E|CS|TAMS 0x00000000eef00000| PB 0x00000000eef00000| Complete 
| 240|0x00000000ef000000, 0x00000000ef100000, 0x00000000ef100000|100%| E|CS|TAMS 0x00000000ef000000| PB 0x00000000ef000000| Complete 
| 241|0x00000000ef100000, 0x00000000ef200000, 0x00000000ef200000|100%| E|CS|TAMS 0x00000000ef100000| PB 0x00000000ef100000| Complete 
| 242|0x00000000ef200000, 0x00000000ef300000, 0x00000000ef300000|100%| E|CS|TAMS 0x00000000ef200000| PB 0x00000000ef200000| Complete 
| 243|0x00000000ef300000, 0x00000000ef400000, 0x00000000ef400000|100%| E|CS|TAMS 0x00000000ef300000| PB 0x00000000ef300000| Complete 
| 244|0x00000000ef400000, 0x00000000ef500000, 0x00000000ef500000|100%| E|CS|TAMS 0x00000000ef400000| PB 0x00000000ef400000| Complete 
| 245|0x00000000ef500000, 0x00000000ef600000, 0x00000000ef600000|100%| E|CS|TAMS 0x00000000ef500000| PB 0x00000000ef500000| Complete 
| 246|0x00000000ef600000, 0x00000000ef700000, 0x00000000ef700000|100%| E|CS|TAMS 0x00000000ef600000| PB 0x00000000ef600000| Complete 
| 247|0x00000000ef700000, 0x00000000ef800000, 0x00000000ef800000|100%| E|CS|TAMS 0x00000000ef700000| PB 0x00000000ef700000| Complete 
| 248|0x00000000ef800000, 0x00000000ef900000, 0x00000000ef900000|100%| E|CS|TAMS 0x00000000ef800000| PB 0x00000000ef800000| Complete 
| 249|0x00000000ef900000, 0x00000000efa00000, 0x00000000efa00000|100%| E|CS|TAMS 0x00000000ef900000| PB 0x00000000ef900000| Complete 
| 250|0x00000000efa00000, 0x00000000efb00000, 0x00000000efb00000|100%| E|CS|TAMS 0x00000000efa00000| PB 0x00000000efa00000| Complete 
| 251|0x00000000efb00000, 0x00000000efc00000, 0x00000000efc00000|100%| E|CS|TAMS 0x00000000efb00000| PB 0x00000000efb00000| Complete 
| 252|0x00000000efc00000, 0x00000000efd00000, 0x00000000efd00000|100%| E|  |TAMS 0x00000000efc00000| PB 0x00000000efc00000| Complete 
| 253|0x00000000efd00000, 0x00000000efe00000, 0x00000000efe00000|100%| E|CS|TAMS 0x00000000efd00000| PB 0x00000000efd00000| Complete 
| 254|0x00000000efe00000, 0x00000000eff00000, 0x00000000eff00000|100%| E|CS|TAMS 0x00000000efe00000| PB 0x00000000efe00000| Complete 
| 255|0x00000000eff00000, 0x00000000f0000000, 0x00000000f0000000|100%| E|CS|TAMS 0x00000000eff00000| PB 0x00000000eff00000| Complete 

Card table byte_map: [0x0000024f27d50000,0x0000024f27e50000] _byte_map_base: 0x0000024f27650000

Marking Bits: (CMBitMap*) 0x0000024f10279c50
 Bits: [0x0000024f27e50000, 0x0000024f28650000)

Polling page: 0x0000024f0e230000

Metaspace:

Usage:
  Non-class:     44.04 MB used.
      Class:      7.50 MB used.
       Both:     51.54 MB used.

Virtual space:
  Non-class space:       64.00 MB reserved,      45.06 MB ( 70%) committed,  1 nodes.
      Class space:      320.00 MB reserved,       8.56 MB (  3%) committed,  1 nodes.
             Both:      384.00 MB reserved,      53.62 MB ( 14%) committed. 

Chunk freelists:
   Non-Class:  2.75 MB
       Class:  7.36 MB
        Both:  10.11 MB

MaxMetaspaceSize: 384.00 MB
CompressedClassSpaceSize: 320.00 MB
Initial GC threshold: 21.00 MB
Current GC threshold: 59.81 MB
CDS: on
 - commit_granule_bytes: 65536.
 - commit_granule_words: 8192.
 - virtual_space_node_default_size: 8388608.
 - enlarge_chunks_in_place: 1.
 - use_allocation_guard: 0.


Internal statistics:

num_allocs_failed_limit: 12.
num_arena_births: 3744.
num_arena_deaths: 0.
num_vsnodes_births: 2.
num_vsnodes_deaths: 0.
num_space_committed: 858.
num_space_uncommitted: 0.
num_chunks_returned_to_freelist: 12.
num_chunks_taken_from_freelist: 6405.
num_chunk_merges: 9.
num_chunk_splits: 4103.
num_chunks_enlarged: 2443.
num_inconsistent_stats: 0.

CodeHeap 'non-profiled nmethods': size=120000Kb used=4152Kb max_used=4152Kb free=115847Kb
 bounds [0x0000024f201c0000, 0x0000024f205d0000, 0x0000024f276f0000]
CodeHeap 'profiled nmethods': size=120000Kb used=13335Kb max_used=13335Kb free=106665Kb
 bounds [0x0000024f186f0000, 0x0000024f19400000, 0x0000024f1fc20000]
CodeHeap 'non-nmethods': size=5760Kb used=2013Kb max_used=2058Kb free=3747Kb
 bounds [0x0000024f1fc20000, 0x0000024f1fe90000, 0x0000024f201c0000]
 total_blobs=7634 nmethods=6872 adapters=666
 compilation: enabled
              stopped_count=0, restarted_count=0
 full_count=0

Compilation events (20 events):
Event: 417.241 Thread 0x0000024f2b4472d0 nmethod 7367 0x0000024f193ec590 code [0x0000024f193ec8a0, 0x0000024f193ed938]
Event: 422.401 Thread 0x0000024f2b4472d0 7368       3       org.gradle.internal.logging.slf4j.OutputEventListenerBackedLogger::debug (7 bytes)
Event: 422.402 Thread 0x0000024f2b4472d0 nmethod 7368 0x0000024f193ede90 code [0x0000024f193ee040, 0x0000024f193ee180]
Event: 427.255 Thread 0x0000024f2b4472d0 7369       3       org.gradle.internal.jvm.Jvm::findToolsJar (184 bytes)
Event: 427.258 Thread 0x0000024f2b4472d0 nmethod 7369 0x0000024f193ee210 code [0x0000024f193ee780, 0x0000024f193f0d68]
Event: 427.258 Thread 0x0000024f2b4472d0 7370       3       java.lang.String::matches (6 bytes)
Event: 427.258 Thread 0x0000024f2b4472d0 nmethod 7370 0x0000024f193f1a90 code [0x0000024f193f1c80, 0x0000024f193f1fe8]
Event: 427.258 Thread 0x0000024f2b4472d0 7371       3       java.util.regex.Pattern::matches (16 bytes)
Event: 427.258 Thread 0x0000024f2b4472d0 nmethod 7371 0x0000024f193f2190 code [0x0000024f193f2360, 0x0000024f193f2650]
Event: 427.259 Thread 0x0000024f2b4472d0 7372       3       org.gradle.internal.jvm.Jvm::forHome (48 bytes)
Event: 427.260 Thread 0x0000024f2b4472d0 nmethod 7372 0x0000024f193f2810 code [0x0000024f193f2ae0, 0x0000024f193f3748]
Event: 427.260 Thread 0x0000024f2b4472d0 7373       3       org.gradle.internal.jvm.Jvm::<init> (11 bytes)
Event: 427.260 Thread 0x0000024f2b4472d0 nmethod 7373 0x0000024f193f3c10 code [0x0000024f193f3dc0, 0x0000024f193f3f00]
Event: 427.261 Thread 0x0000024f2b4472d0 7374       3       java.lang.AbstractStringBuilder::appendNull (83 bytes)
Event: 427.261 Thread 0x0000024f2b4472d0 nmethod 7374 0x0000024f193f4010 code [0x0000024f193f41e0, 0x0000024f193f4540]
Event: 427.261 Thread 0x0000024f2b4472d0 7375       3       java.util.AbstractCollection::containsAll (38 bytes)
Event: 427.261 Thread 0x0000024f2b4472d0 nmethod 7375 0x0000024f193f4710 code [0x0000024f193f4900, 0x0000024f193f4e48]
Event: 427.879 Thread 0x0000024f2b4472d0 7376   !   3       org.gradle.cache.internal.DefaultFileLockManager$AwaitableFileLockReleasedSignal::trigger (50 bytes)
Event: 427.880 Thread 0x0000024f2b4472d0 nmethod 7376 0x0000024f193f4f90 code [0x0000024f193f51c0, 0x0000024f193f58c8]
Event: 434.595 Thread 0x0000024f2b4440d0 7377       4       java.util.HashMap$ValueSpliterator::forEachRemaining (186 bytes)

GC Heap History (14 events):
Event: 2.214 GC heap before
{Heap before GC invocations=0 (full 0):
 garbage-first heap   total 262144K, used 26624K [0x00000000e0000000, 0x0000000100000000)
  region size 1024K, 23 young (23552K), 0 survivors (0K)
 Metaspace       used 3119K, committed 3328K, reserved 393216K
  class space    used 363K, committed 448K, reserved 327680K
}
Event: 2.592 GC heap after
{Heap after GC invocations=1 (full 0):
 garbage-first heap   total 262144K, used 10986K [0x00000000e0000000, 0x0000000100000000)
  region size 1024K, 3 young (3072K), 3 survivors (3072K)
 Metaspace       used 3119K, committed 3328K, reserved 393216K
  class space    used 363K, committed 448K, reserved 327680K
}
Event: 8.570 GC heap before
{Heap before GC invocations=1 (full 0):
 garbage-first heap   total 262144K, used 40682K [0x00000000e0000000, 0x0000000100000000)
  region size 1024K, 31 young (31744K), 3 survivors (3072K)
 Metaspace       used 4681K, committed 4928K, reserved 393216K
  class space    used 574K, committed 704K, reserved 327680K
}
Event: 8.577 GC heap after
{Heap after GC invocations=2 (full 0):
 garbage-first heap   total 262144K, used 15189K [0x00000000e0000000, 0x0000000100000000)
  region size 1024K, 3 young (3072K), 3 survivors (3072K)
 Metaspace       used 4681K, committed 4928K, reserved 393216K
  class space    used 574K, committed 704K, reserved 327680K
}
Event: 73.621 GC heap before
{Heap before GC invocations=2 (full 0):
 garbage-first heap   total 262144K, used 133973K [0x00000000e0000000, 0x0000000100000000)
  region size 1024K, 120 young (122880K), 3 survivors (3072K)
 Metaspace       used 20841K, committed 21504K, reserved 393216K
  class space    used 2826K, committed 3136K, reserved 327680K
}
Event: 73.647 GC heap after
{Heap after GC invocations=3 (full 0):
 garbage-first heap   total 262144K, used 24058K [0x00000000e0000000, 0x0000000100000000)
  region size 1024K, 12 young (12288K), 12 survivors (12288K)
 Metaspace       used 20841K, committed 21504K, reserved 393216K
  class space    used 2826K, committed 3136K, reserved 327680K
}
Event: 123.013 GC heap before
{Heap before GC invocations=4 (full 0):
 garbage-first heap   total 262144K, used 128506K [0x00000000e0000000, 0x0000000100000000)
  region size 1024K, 114 young (116736K), 12 survivors (12288K)
 Metaspace       used 34612K, committed 35968K, reserved 393216K
  class space    used 4813K, committed 5504K, reserved 327680K
}
Event: 123.027 GC heap after
{Heap after GC invocations=5 (full 0):
 garbage-first heap   total 262144K, used 30220K [0x00000000e0000000, 0x0000000100000000)
  region size 1024K, 15 young (15360K), 15 survivors (15360K)
 Metaspace       used 34612K, committed 35968K, reserved 393216K
  class space    used 4813K, committed 5504K, reserved 327680K
}
Event: 123.526 GC heap before
{Heap before GC invocations=5 (full 0):
 garbage-first heap   total 262144K, used 31244K [0x00000000e0000000, 0x0000000100000000)
  region size 1024K, 17 young (17408K), 15 survivors (15360K)
 Metaspace       used 34952K, committed 36288K, reserved 393216K
  class space    used 4838K, committed 5504K, reserved 327680K
}
Event: 123.535 GC heap after
{Heap after GC invocations=6 (full 0):
 garbage-first heap   total 262144K, used 30038K [0x00000000e0000000, 0x0000000100000000)
  region size 1024K, 7 young (7168K), 7 survivors (7168K)
 Metaspace       used 34952K, committed 36288K, reserved 393216K
  class space    used 4838K, committed 5504K, reserved 327680K
}
Event: 124.287 GC heap before
{Heap before GC invocations=6 (full 0):
 garbage-first heap   total 262144K, used 32086K [0x00000000e0000000, 0x0000000100000000)
  region size 1024K, 10 young (10240K), 7 survivors (7168K)
 Metaspace       used 35247K, committed 36608K, reserved 393216K
  class space    used 4877K, committed 5568K, reserved 327680K
}
Event: 124.291 GC heap after
{Heap after GC invocations=7 (full 0):
 garbage-first heap   total 262144K, used 30084K [0x00000000e0000000, 0x0000000100000000)
  region size 1024K, 7 young (7168K), 7 survivors (7168K)
 Metaspace       used 35247K, committed 36608K, reserved 393216K
  class space    used 4877K, committed 5568K, reserved 327680K
}
Event: 399.806 GC heap before
{Heap before GC invocations=8 (full 0):
 garbage-first heap   total 262144K, used 179588K [0x00000000e0000000, 0x0000000100000000)
  region size 1024K, 153 young (156672K), 7 survivors (7168K)
 Metaspace       used 48529K, committed 50432K, reserved 393216K
  class space    used 7007K, committed 7936K, reserved 327680K
}
Event: 399.849 GC heap after
{Heap after GC invocations=9 (full 0):
 garbage-first heap   total 262144K, used 37718K [0x00000000e0000000, 0x0000000100000000)
  region size 1024K, 14 young (14336K), 14 survivors (14336K)
 Metaspace       used 48529K, committed 50432K, reserved 393216K
  class space    used 7007K, committed 7936K, reserved 327680K
}

Dll operation events (15 events):
Event: 0.038 Loaded shared library D:\javar\bin\java.dll
Event: 0.289 Loaded shared library D:\javar\bin\jsvml.dll
Event: 0.385 Loaded shared library D:\javar\bin\zip.dll
Event: 0.392 Loaded shared library D:\javar\bin\instrument.dll
Event: 0.408 Loaded shared library D:\javar\bin\net.dll
Event: 0.411 Loaded shared library D:\javar\bin\nio.dll
Event: 0.415 Loaded shared library D:\javar\bin\zip.dll
Event: 1.251 Loaded shared library D:\javar\bin\jimage.dll
Event: 1.836 Loaded shared library D:\javar\bin\verify.dll
Event: 1.924 Loaded shared library C:\Users\hieun\.gradle\native\660c5614fbf4a5f2a75b1949f50a0caf5cd603558e7d8a26e50b933a0cfb79d1\windows-amd64\native-platform.dll
Event: 1.941 Loaded shared library C:\Users\hieun\.gradle\native\0.2.8\x86_64-windows-gnu\gradle-fileevents.dll
Event: 15.284 Loaded shared library D:\javar\bin\management.dll
Event: 15.306 Loaded shared library D:\javar\bin\management_ext.dll
Event: 19.527 Loaded shared library D:\javar\bin\extnet.dll
Event: 29.331 Loaded shared library D:\javar\bin\sunmscapi.dll

Deoptimization events (20 events):
Event: 408.846 Thread 0x0000024f45ede560 Uncommon trap: trap_request=0xffffffbe fr.pc=0x0000024f205bc9c8 relative=0x0000000000000348
Event: 408.846 Thread 0x0000024f45ede560 Uncommon trap: reason=profile_predicate action=maybe_recompile pc=0x0000024f205bc9c8 method=sun.instrument.TransformerManager.transform(Ljava/lang/Module;Ljava/lang/ClassLoader;Ljava/lang/String;Ljava/lang/Class;Ljava/security/ProtectionDomain;[B)[B @ 21 
Event: 408.846 Thread 0x0000024f45ede560 DEOPT PACKING pc=0x0000024f205bc9c8 sp=0x000000ccd6ff2b10
Event: 408.846 Thread 0x0000024f45ede560 DEOPT UNPACKING pc=0x0000024f1fc746a2 sp=0x000000ccd6ff29e0 mode 2
Event: 408.862 Thread 0x0000024f45ede560 Uncommon trap: trap_request=0xffffffbe fr.pc=0x0000024f205bc9c8 relative=0x0000000000000348
Event: 408.862 Thread 0x0000024f45ede560 Uncommon trap: reason=profile_predicate action=maybe_recompile pc=0x0000024f205bc9c8 method=sun.instrument.TransformerManager.transform(Ljava/lang/Module;Ljava/lang/ClassLoader;Ljava/lang/String;Ljava/lang/Class;Ljava/security/ProtectionDomain;[B)[B @ 21 
Event: 408.862 Thread 0x0000024f45ede560 DEOPT PACKING pc=0x0000024f205bc9c8 sp=0x000000ccd6ff3d20
Event: 408.862 Thread 0x0000024f45ede560 DEOPT UNPACKING pc=0x0000024f1fc746a2 sp=0x000000ccd6ff3bf0 mode 2
Event: 408.914 Thread 0x0000024f45ede560 Uncommon trap: trap_request=0xffffffbe fr.pc=0x0000024f205bc9c8 relative=0x0000000000000348
Event: 408.914 Thread 0x0000024f45ede560 Uncommon trap: reason=profile_predicate action=maybe_recompile pc=0x0000024f205bc9c8 method=sun.instrument.TransformerManager.transform(Ljava/lang/Module;Ljava/lang/ClassLoader;Ljava/lang/String;Ljava/lang/Class;Ljava/security/ProtectionDomain;[B)[B @ 21 
Event: 408.914 Thread 0x0000024f45ede560 DEOPT PACKING pc=0x0000024f205bc9c8 sp=0x000000ccd6ff4bd0
Event: 408.915 Thread 0x0000024f45ede560 DEOPT UNPACKING pc=0x0000024f1fc746a2 sp=0x000000ccd6ff4aa0 mode 2
Event: 409.408 Thread 0x0000024f45ede560 Uncommon trap: trap_request=0xffffff45 fr.pc=0x0000024f20316f90 relative=0x0000000000001d30
Event: 409.416 Thread 0x0000024f45ede560 Uncommon trap: reason=unstable_if action=reinterpret pc=0x0000024f20316f90 method=java.util.zip.InflaterInputStream.read([BII)I @ 94 c2
Event: 409.416 Thread 0x0000024f45ede560 DEOPT PACKING pc=0x0000024f20316f90 sp=0x000000ccd6ff54b0
Event: 409.416 Thread 0x0000024f45ede560 DEOPT UNPACKING pc=0x0000024f1fc746a2 sp=0x000000ccd6ff5510 mode 2
Event: 427.260 Thread 0x0000024f46c65dd0 Uncommon trap: trap_request=0xffffff45 fr.pc=0x0000024f2020d204 relative=0x00000000000006a4
Event: 427.260 Thread 0x0000024f46c65dd0 Uncommon trap: reason=unstable_if action=reinterpret pc=0x0000024f2020d204 method=java.lang.AbstractStringBuilder.append(Ljava/lang/String;)Ljava/lang/AbstractStringBuilder; @ 1 c2
Event: 427.260 Thread 0x0000024f46c65dd0 DEOPT PACKING pc=0x0000024f2020d204 sp=0x000000ccd6bfe890
Event: 427.260 Thread 0x0000024f46c65dd0 DEOPT UNPACKING pc=0x0000024f1fc746a2 sp=0x000000ccd6bfe868 mode 2

Classes loaded (20 events):
Event: 401.979 Loading class com/sun/org/apache/xerces/internal/jaxp/DocumentBuilderFactoryImpl
Event: 401.979 Loading class com/sun/org/apache/xerces/internal/jaxp/DocumentBuilderFactoryImpl done
Event: 402.285 Loading class java/util/regex/Pattern$SliceI
Event: 402.285 Loading class java/util/regex/Pattern$SliceI done
Event: 405.716 Loading class java/beans/PropertyChangeListener
Event: 405.716 Loading class java/beans/PropertyChangeListener done
Event: 408.407 Loading class java/lang/ThreadDeath
Event: 408.409 Loading class java/lang/ThreadDeath done
Event: 408.409 Loading class sun/misc/SharedSecrets
Event: 408.409 Loading class sun/misc/SharedSecrets done
Event: 408.758 Loading class java/io/PrintWriter$1
Event: 408.758 Loading class jdk/internal/access/JavaIOPrintWriterAccess
Event: 408.758 Loading class jdk/internal/access/JavaIOPrintWriterAccess done
Event: 408.758 Loading class java/io/PrintWriter$1 done
Event: 408.952 Loading class java/util/stream/ReduceOps$5
Event: 408.955 Loading class java/util/stream/ReduceOps$5 done
Event: 408.955 Loading class java/util/stream/ReduceOps$CountingSink$OfRef
Event: 408.955 Loading class java/util/stream/ReduceOps$CountingSink
Event: 408.956 Loading class java/util/stream/ReduceOps$CountingSink done
Event: 408.956 Loading class java/util/stream/ReduceOps$CountingSink$OfRef done

Classes unloaded (0 events):
No events

Classes redefined (0 events):
No events

Internal exceptions (20 events):
Event: 384.798 Thread 0x0000024f45ede560 Exception <a 'java/lang/NoSuchMethodError'{0x00000000e71060d0}: 'java.lang.Object java.lang.invoke.DirectMethodHandle$Holder.invokeSpecial(java.lang.Object, java.lang.Object, java.lang.Object, java.lang.Object, java.lang.Object, int, java.lang.Object)'> (0x00000000e71060d0) 
thrown [s\open\src\hotspot\share\interpreter\linkResolver.cpp, line 773]
Event: 384.811 Thread 0x0000024f45ede560 Exception <a 'java/lang/NoSuchMethodError'{0x00000000e710a970}: 'java.lang.Object java.lang.invoke.Invokers$Holder.linkToTargetMethod(java.lang.Object, java.lang.Object, java.lang.Object, int, java.lang.Object, java.lang.Object)'> (0x00000000e710a970) 
thrown [s\open\src\hotspot\share\interpreter\linkResolver.cpp, line 773]
Event: 389.817 Thread 0x0000024f45ede560 Exception <a 'java/lang/NoSuchMethodError'{0x00000000e69b6c20}: 'java.lang.Object java.lang.invoke.DirectMethodHandle$Holder.invokeSpecialIFC(java.lang.Object, java.lang.Object, java.lang.Object)'> (0x00000000e69b6c20) 
thrown [s\open\src\hotspot\share\interpreter\linkResolver.cpp, line 773]
Event: 402.051 Thread 0x0000024f45ede560 Exception <a 'java/lang/NoSuchMethodError'{0x00000000eebc4060}: 'java.lang.Object java.lang.invoke.DirectMethodHandle$Holder.newInvokeSpecial(java.lang.Object, java.lang.Object, java.lang.Object, java.lang.Object, java.lang.Object, java.lang.Object, java.lang.Object, java.lang.Object, java.lang.Object, java.lang.Object, java.lang.Object, java.lang.Object, java.lang.Object, java.lang.Object, java.lang.Object, java.lang.Object)'> (0x00000000eebc4060) 
thrown [s\open\src\hotspot\share\interpreter\linkResolver
Event: 402.053 Thread 0x0000024f45ede560 Exception <a 'java/lang/NoSuchMethodError'{0x00000000eebcac80}: 'java.lang.Object java.lang.invoke.DirectMethodHandle$Holder.invokeSpecial(java.lang.Object, java.lang.Object, java.lang.Object, java.lang.Object, java.lang.Object, java.lang.Object, java.lang.Object, java.lang.Object, java.lang.Object, java.lang.Object, java.lang.Object, java.lang.Object, java.lang.Object, java.lang.Object, java.lang.Object, java.lang.Object, java.lang.Object)'> (0x00000000eebcac80) 
thrown [s\open\src\hotspot\share\interpret
Event: 402.054 Thread 0x0000024f45ede560 Exception <a 'java/lang/NoSuchMethodError'{0x00000000eebd0828}: 'java.lang.Object java.lang.invoke.DelegatingMethodHandle$Holder.reinvoke_L(java.lang.Object, java.lang.Object, java.lang.Object, java.lang.Object, java.lang.Object, java.lang.Object, java.lang.Object, java.lang.Object, java.lang.Object, java.lang.Object, java.lang.Object, java.lang.Object, java.lang.Object, java.lang.Object, java.lang.Object, java.lang.Object)'> (0x00000000eebd0828) 
thrown [s\open\src\hotspot\share\interpreter\linkResolver.c
Event: 406.674 Thread 0x0000024f45ede560 Exception <a 'java/lang/IncompatibleClassChangeError'{0x00000000edb5e3c8}: Found class java.lang.Object, but interface was expected> (0x00000000edb5e3c8) 
thrown [s\open\src\hotspot\share\interpreter\linkResolver.cpp, line 840]
Event: 406.741 Thread 0x0000024f45ede560 Exception <a 'java/lang/IncompatibleClassChangeError'{0x00000000edb7f980}: Found class java.lang.Object, but interface was expected> (0x00000000edb7f980) 
thrown [s\open\src\hotspot\share\interpreter\linkResolver.cpp, line 840]
Event: 406.741 Thread 0x0000024f45ede560 Exception <a 'java/lang/IncompatibleClassChangeError'{0x00000000edb83b30}: Found class java.lang.Object, but interface was expected> (0x00000000edb83b30) 
thrown [s\open\src\hotspot\share\interpreter\linkResolver.cpp, line 840]
Event: 408.024 Thread 0x0000024f45ede560 Implicit null exception at 0x0000024f2057d275 to 0x0000024f2057d350
Event: 408.409 Thread 0x0000024f45ede560 Exception <a 'java/lang/ClassNotFoundException'{0x00000000ed3e9310}: sun/misc/SharedSecrets> (0x00000000ed3e9310) 
thrown [s\open\src\hotspot\share\classfile\systemDictionary.cpp, line 313]
Event: 408.409 Thread 0x0000024f45ede560 Exception <a 'java/lang/NoClassDefFoundError'{0x00000000ed3ea668}: org/jetbrains/kotlin/gradle/plugin/KotlinPluginWrapper> (0x00000000ed3ea668) 
thrown [s\open\src\hotspot\share\classfile\systemDictionary.cpp, line 302]
Event: 408.409 Thread 0x0000024f45ede560 Exception <a 'java/lang/NoClassDefFoundError'{0x00000000ed3f0d98}: org/graalvm/buildtools/gradle/NativeImagePlugin> (0x00000000ed3f0d98) 
thrown [s\open\src\hotspot\share\classfile\systemDictionary.cpp, line 302]
Event: 408.410 Thread 0x0000024f45ede560 Exception <a 'java/lang/NoClassDefFoundError'{0x00000000ed3f7a58}: org/cyclonedx/gradle/CyclonedxPlugin> (0x00000000ed3f7a58) 
thrown [s\open\src\hotspot\share\classfile\systemDictionary.cpp, line 302]
Event: 408.410 Thread 0x0000024f45ede560 Exception <a 'java/lang/NoClassDefFoundError'{0x00000000ed3fe128}: com/google/protobuf/gradle/ProtobufPlugin> (0x00000000ed3fe128) 
thrown [s\open\src\hotspot\share\classfile\systemDictionary.cpp, line 302]
Event: 408.479 Thread 0x0000024f45ede560 Exception <a 'java/lang/ClassNotFoundException'{0x00000000ed1aef48}: io/spring/gradle/dependencymanagement/internal/dsl/StandardDependencyManagementExtensionBeanInfo> (0x00000000ed1aef48) 
thrown [s\open\src\hotspot\share\classfile\systemDictionary.cpp, line 313]
Event: 408.479 Thread 0x0000024f45ede560 Exception <a 'java/lang/ClassNotFoundException'{0x00000000ed1b9ba0}: io/spring/gradle/dependencymanagement/internal/dsl/StandardDependencyManagementExtensionCustomizer> (0x00000000ed1b9ba0) 
thrown [s\open\src\hotspot\share\classfile\systemDictionary.cpp, line 313]
Event: 409.434 Thread 0x0000024f45ede560 Exception <a 'java/lang/ClassNotFoundException'{0x00000000ecbbc008}: io/spring/gradle/dependencymanagement/internal/dsl/StandardImportsHandlerBeanInfo> (0x00000000ecbbc008) 
thrown [s\open\src\hotspot\share\classfile\systemDictionary.cpp, line 313]
Event: 409.435 Thread 0x0000024f45ede560 Exception <a 'java/lang/ClassNotFoundException'{0x00000000ecbc6a80}: io/spring/gradle/dependencymanagement/internal/dsl/StandardImportsHandlerCustomizer> (0x00000000ecbc6a80) 
thrown [s\open\src\hotspot\share\classfile\systemDictionary.cpp, line 313]
Event: 427.260 Thread 0x0000024f46c65dd0 Implicit null exception at 0x0000024f2020cba0 to 0x0000024f2020d1ec

ZGC Phase Switch (0 events):
No events

VM Operations (20 events):
Event: 404.690 Executing VM operation: Cleanup
Event: 404.708 Executing VM operation: Cleanup done
Event: 405.710 Executing VM operation: Cleanup
Event: 405.711 Executing VM operation: Cleanup done
Event: 406.717 Executing VM operation: Cleanup
Event: 406.739 Executing VM operation: Cleanup done
Event: 407.749 Executing VM operation: Cleanup
Event: 407.765 Executing VM operation: Cleanup done
Event: 408.773 Executing VM operation: Cleanup
Event: 408.773 Executing VM operation: Cleanup done
Event: 409.777 Executing VM operation: Cleanup
Event: 409.777 Executing VM operation: Cleanup done
Event: 410.777 Executing VM operation: Cleanup
Event: 410.777 Executing VM operation: Cleanup done
Event: 420.870 Executing VM operation: HandshakeAllThreads (HandshakeForDeflation)
Event: 420.870 Executing VM operation: HandshakeAllThreads (HandshakeForDeflation) done
Event: 420.870 Executing VM operation: RendezvousGCThreads
Event: 420.870 Executing VM operation: RendezvousGCThreads done
Event: 429.944 Executing VM operation: Cleanup
Event: 429.944 Executing VM operation: Cleanup done

Events (20 events):
Event: 252.676 Thread 0x0000024f450d9300 Thread added: 0x0000024f450d9300
Event: 252.775 Thread 0x0000024f45edcb20 Thread added: 0x0000024f45edcb20
Event: 326.339 Thread 0x0000024f450d9300 Thread exited: 0x0000024f450d9300
Event: 352.138 Thread 0x0000024f45edded0 Thread added: 0x0000024f45edded0
Event: 352.857 Thread 0x0000024f45edebf0 Thread added: 0x0000024f45edebf0
Event: 383.068 Thread 0x0000024f45edc490 Thread added: 0x0000024f45edc490
Event: 383.069 Thread 0x0000024f450d9300 Thread added: 0x0000024f450d9300
Event: 383.071 Thread 0x0000024f47efe750 Thread added: 0x0000024f47efe750
Event: 383.071 Thread 0x0000024f47f00eb0 Thread added: 0x0000024f47f00eb0
Event: 383.073 Thread 0x0000024f47f01540 Thread added: 0x0000024f47f01540
Event: 383.082 Thread 0x0000024f47f02260 Thread added: 0x0000024f47f02260
Event: 383.083 Thread 0x0000024f47f00190 Thread added: 0x0000024f47f00190
Event: 383.084 Thread 0x0000024f47f01bd0 Thread added: 0x0000024f47f01bd0
Event: 383.092 Thread 0x0000024f47f00820 Thread added: 0x0000024f47f00820
Event: 383.103 Thread 0x0000024f47efede0 Thread added: 0x0000024f47efede0
Event: 383.104 Thread 0x0000024f47f028f0 Thread added: 0x0000024f47f028f0
Event: 385.396 Thread 0x0000024f47eff470 Thread added: 0x0000024f47eff470
Event: 400.450 Thread 0x0000024f46fe1f10 Thread added: 0x0000024f46fe1f10
Event: 400.755 Thread 0x0000024f46fe1f10 Thread exited: 0x0000024f46fe1f10
Event: 402.396 Thread 0x0000024f47f02f80 Thread added: 0x0000024f47f02f80


Dynamic libraries:
0x00007ff64cc80000 - 0x00007ff64cc90000 	D:\javar\bin\java.exe
0x00007ffae01e0000 - 0x00007ffae0446000 	C:\Windows\SYSTEM32\ntdll.dll
0x00007ffadf780000 - 0x00007ffadf849000 	C:\Windows\System32\KERNEL32.DLL
0x00007ffadd630000 - 0x00007ffadda2f000 	C:\Windows\System32\KERNELBASE.dll
0x00007ffada250000 - 0x00007ffada2ef000 	C:\Windows\SYSTEM32\apphelp.dll
0x00007ffadd3f0000 - 0x00007ffadd53c000 	C:\Windows\System32\ucrtbase.dll
0x00007ffac9ac0000 - 0x00007ffac9ade000 	D:\javar\bin\VCRUNTIME140.dll
0x00007ffab0810000 - 0x00007ffab0829000 	D:\javar\bin\jli.dll
0x00007ffadec80000 - 0x00007ffaded3c000 	C:\Windows\System32\ADVAPI32.dll
0x00007ffadf510000 - 0x00007ffadf5b9000 	C:\Windows\System32\msvcrt.dll
0x00007ffadfe10000 - 0x00007ffadfeba000 	C:\Windows\System32\sechost.dll
0x00007ffadfa60000 - 0x00007ffadfb78000 	C:\Windows\System32\RPCRT4.dll
0x00007ffadfb80000 - 0x00007ffadfd46000 	C:\Windows\System32\USER32.dll
0x00007ffadd600000 - 0x00007ffadd627000 	C:\Windows\System32\win32u.dll
0x00007ffaded50000 - 0x00007ffaded7b000 	C:\Windows\System32\GDI32.dll
0x00007ffaddde0000 - 0x00007ffaddf09000 	C:\Windows\System32\gdi32full.dll
0x00007ffadd550000 - 0x00007ffadd5f3000 	C:\Windows\System32\msvcp_win.dll
0x00007ffac7080000 - 0x00007ffac7311000 	C:\Windows\WinSxS\amd64_microsoft.windows.common-controls_6595b64144ccf1df_6.0.26100.8972_none_3e0da176e32f9d4b\COMCTL32.dll
0x00007ffad46c0000 - 0x00007ffad46cb000 	C:\Windows\SYSTEM32\VERSION.dll
0x00007ffadfdd0000 - 0x00007ffadfe02000 	C:\Windows\System32\IMM32.DLL
0x00007ffad2b70000 - 0x00007ffad2b7c000 	D:\javar\bin\vcruntime140_1.dll
0x00007ffa7a7d0000 - 0x00007ffa7a85d000 	D:\javar\bin\msvcp140.dll
0x00007ffa3d4d0000 - 0x00007ffa3e1f8000 	D:\javar\bin\server\jvm.dll
0x00007ffadf6f0000 - 0x00007ffadf772000 	C:\Windows\System32\WS2_32.dll
0x00007ffadd250000 - 0x00007ffadd2ae000 	C:\Windows\SYSTEM32\POWRPROF.dll
0x00007ffad3e20000 - 0x00007ffad3e56000 	C:\Windows\SYSTEM32\WINMM.dll
0x00007ffadd230000 - 0x00007ffadd245000 	C:\Windows\SYSTEM32\UMPDC.dll
0x00007ffadc0e0000 - 0x00007ffadc0fb000 	C:\Windows\SYSTEM32\kernel.appcore.dll
0x00007ffad17a0000 - 0x00007ffad17aa000 	D:\javar\bin\jimage.dll
0x00007ffad2be0000 - 0x00007ffad2e22000 	C:\Windows\SYSTEM32\DBGHELP.DLL
0x00007ffade0d0000 - 0x00007ffade455000 	C:\Windows\System32\combase.dll
0x00007ffade470000 - 0x00007ffade549000 	C:\Windows\System32\OLEAUT32.dll
0x00007ffab7310000 - 0x00007ffab734b000 	C:\Windows\SYSTEM32\dbgcore.DLL
0x00007ffadda40000 - 0x00007ffaddaec000 	C:\Windows\System32\bcryptPrimitives.dll
0x00007ffac5920000 - 0x00007ffac5930000 	D:\javar\bin\instrument.dll
0x00007ffa8b7a0000 - 0x00007ffa8b7c1000 	D:\javar\bin\java.dll
0x00007ffaded80000 - 0x00007ffadf508000 	C:\Windows\System32\SHELL32.dll
0x00007ffadae70000 - 0x00007ffadb70b000 	C:\Windows\SYSTEM32\windows.storage.dll
0x00007ffade6c0000 - 0x00007ffade7b9000 	C:\Windows\System32\SHCORE.dll
0x00007ffadf8a0000 - 0x00007ffadf906000 	C:\Windows\System32\shlwapi.dll
0x00007ffadd310000 - 0x00007ffadd339000 	C:\Windows\SYSTEM32\profapi.dll
0x00007ffa4eb90000 - 0x00007ffa4ec67000 	D:\javar\bin\jsvml.dll
0x00007ffab19e0000 - 0x00007ffab19f8000 	D:\javar\bin\zip.dll
0x00007ffac9860000 - 0x00007ffac9871000 	D:\javar\bin\net.dll
0x00007ffad6060000 - 0x00007ffad6188000 	C:\Windows\SYSTEM32\WINHTTP.dll
0x00007ffadc690000 - 0x00007ffadc6fc000 	C:\Windows\system32\mswsock.dll
0x00007ffab5560000 - 0x00007ffab5576000 	D:\javar\bin\nio.dll
0x00007ffabc2d0000 - 0x00007ffabc2e0000 	D:\javar\bin\verify.dll
0x00007ffa7b640000 - 0x00007ffa7b667000 	C:\Users\hieun\.gradle\native\660c5614fbf4a5f2a75b1949f50a0caf5cd603558e7d8a26e50b933a0cfb79d1\windows-amd64\native-platform.dll
0x00007ffa5d800000 - 0x00007ffa5d877000 	C:\Users\hieun\.gradle\native\0.2.8\x86_64-windows-gnu\gradle-fileevents.dll
0x00007ffa95b40000 - 0x00007ffa95b4a000 	D:\javar\bin\management.dll
0x00007ffa8cda0000 - 0x00007ffa8cdac000 	D:\javar\bin\management_ext.dll
0x00007ffade7c0000 - 0x00007ffade7c8000 	C:\Windows\System32\PSAPI.DLL
0x00007ffadbb10000 - 0x00007ffadbb43000 	C:\Windows\SYSTEM32\IPHLPAPI.DLL
0x00007ffade460000 - 0x00007ffade46a000 	C:\Windows\System32\NSI.dll
0x00007ffab3a70000 - 0x00007ffab3a79000 	D:\javar\bin\extnet.dll
0x00007ffadc980000 - 0x00007ffadc99b000 	C:\Windows\SYSTEM32\CRYPTSP.dll
0x00007ffadc040000 - 0x00007ffadc079000 	C:\Windows\system32\rsaenh.dll
0x00007ffadc740000 - 0x00007ffadc772000 	C:\Windows\SYSTEM32\USERENV.dll
0x00007ffadd2e0000 - 0x00007ffadd30a000 	C:\Windows\SYSTEM32\bcrypt.dll
0x00007ffadc9a0000 - 0x00007ffadc9ac000 	C:\Windows\SYSTEM32\CRYPTBASE.dll
0x00007ffab05a0000 - 0x00007ffab05ae000 	D:\javar\bin\sunmscapi.dll
0x00007ffaddb90000 - 0x00007ffaddd0e000 	C:\Windows\System32\CRYPT32.dll
0x00007ffadcbc0000 - 0x00007ffadcbf0000 	C:\Windows\SYSTEM32\ncrypt.dll
0x00007ffadcb70000 - 0x00007ffadcbaf000 	C:\Windows\SYSTEM32\NTASN1.dll
0x00007ffaafcb0000 - 0x00007ffaafcb8000 	C:\Windows\system32\wshunix.dll

dbghelp: loaded successfully - version: 4.0.5 - missing functions: none
symbol engine: initialized successfully - sym options: 0x614 - pdb path: .;D:\javar\bin;C:\Windows\SYSTEM32;C:\Windows\WinSxS\amd64_microsoft.windows.common-controls_6595b64144ccf1df_6.0.26100.8972_none_3e0da176e32f9d4b;D:\javar\bin\server;C:\Users\hieun\.gradle\native\660c5614fbf4a5f2a75b1949f50a0caf5cd603558e7d8a26e50b933a0cfb79d1\windows-amd64;C:\Users\hieun\.gradle\native\0.2.8\x86_64-windows-gnu

VM Arguments:
jvm_args: --add-opens=java.base/java.lang=ALL-UNNAMED --add-opens=java.base/java.lang.invoke=ALL-UNNAMED --add-opens=java.base/java.util=ALL-UNNAMED --add-opens=java.prefs/java.util.prefs=ALL-UNNAMED --add-exports=jdk.compiler/com.sun.tools.javac.api=ALL-UNNAMED --add-exports=jdk.compiler/com.sun.tools.javac.util=ALL-UNNAMED --add-opens=java.base/java.nio.charset=ALL-UNNAMED --add-opens=java.base/java.net=ALL-UNNAMED --add-opens=java.base/java.util.concurrent=ALL-UNNAMED --add-opens=java.base/java.util.concurrent.atomic=ALL-UNNAMED --add-opens=java.xml/javax.xml.namespace=ALL-UNNAMED --add-opens=java.base/java.time=ALL-UNNAMED -XX:MaxMetaspaceSize=384m -XX:+HeapDumpOnOutOfMemoryError -Xms256m -Xmx512m -Dfile.encoding=UTF-8 -Duser.country=US -Duser.language=en -Duser.variant -javaagent:C:\Users\hieun\.gradle\wrapper\dists\gradle-9.5.1-bin\iq79hdu3mqx29lgffhp8bfmx\gradle-9.5.1\lib\agents\gradle-instrumentation-agent-9.5.1.jar 
java_command: org.gradle.launcher.daemon.bootstrap.GradleDaemon 9.5.1
java_class_path (initial): C:\Users\hieun\.gradle\wrapper\dists\gradle-9.5.1-bin\iq79hdu3mqx29lgffhp8bfmx\gradle-9.5.1\lib\gradle-daemon-main-9.5.1.jar
Launcher Type: SUN_STANDARD

[Global flags]
     intx CICompilerCount                          = 4                                         {product} {ergonomic}
   size_t CompressedClassSpaceSize                 = 335544320                                 {product} {ergonomic}
     uint ConcGCThreads                            = 3                                         {product} {ergonomic}
     uint G1ConcRefinementThreads                  = 10                                        {product} {ergonomic}
   size_t G1HeapRegionSize                         = 1048576                                   {product} {ergonomic}
    uintx GCDrainStackTargetSize                   = 64                                        {product} {ergonomic}
     bool HeapDumpOnOutOfMemoryError               = true                                   {manageable} {command line}
   size_t InitialHeapSize                          = 268435456                                 {product} {command line}
   size_t MarkStackSize                            = 4194304                                   {product} {ergonomic}
   size_t MaxHeapSize                              = 536870912                                 {product} {command line}
   size_t MaxMetaspaceSize                         = 402653184                                 {product} {command line}
   size_t MaxNewSize                               = 321912832                                 {product} {ergonomic}
   size_t MinHeapDeltaBytes                        = 1048576                                   {product} {ergonomic}
   size_t MinHeapSize                              = 268435456                                 {product} {command line}
    uintx NonNMethodCodeHeapSize                   = 5839372                                {pd product} {ergonomic}
    uintx NonProfiledCodeHeapSize                  = 122909434                              {pd product} {ergonomic}
    uintx ProfiledCodeHeapSize                     = 122909434                              {pd product} {ergonomic}
    uintx ReservedCodeCacheSize                    = 251658240                              {pd product} {ergonomic}
     bool SegmentedCodeCache                       = true                                      {product} {ergonomic}
   size_t SoftMaxHeapSize                          = 536870912                              {manageable} {ergonomic}
     bool UseCompressedOops                        = true                           {product lp64_product} {ergonomic}
     bool UseG1GC                                  = true                                      {product} {ergonomic}
     bool UseLargePagesIndividualAllocation        = false                                  {pd product} {ergonomic}

Logging:
Log output configuration:
 #0: stdout all=warning uptime,level,tags foldmultilines=false
 #1: stderr all=off uptime,level,tags foldmultilines=false

Environment Variables:
PATH=C:\Program Files\Common Files\Oracle\Java\javapath;C:\Windows\system32;C:\Windows;C:\Windows\System32\Wbem;C:\Windows\System32\WindowsPowerShell\v1.0\;C:\Windows\System32\OpenSSH\;C:\Program Files (x86)\NVIDIA Corporation\PhysX\Common;C:\Program Files\dotnet\;D:\Git\cmd;C:\Program Files\NVIDIA Corporation\NVIDIA App\NvDLISR;C:\Program Files\Docker\Docker\resources\bin;C:\ProgramData\chocolatey\bin;D:\node js\;C:\Users\hieun\AppData\Local\Programs\Python\Launcher\;C:\Users\hieun\AppData\Local\Microsoft\WindowsApps;D:\Microsoft VS Code\bin;C:\Users\hieun\AppData\Roaming\npm
USERNAME=hieun
OS=Windows_NT
PROCESSOR_IDENTIFIER=AMD64 Family 25 Model 68 Stepping 1, AuthenticAMD
TMP=C:\Users\hieun\AppData\Local\Temp
TEMP=C:\Users\hieun\AppData\Local\Temp




Periodic native trim disabled

---------------  S Y S T E M  ---------------

OS:
 Windows 11 , 64 bit Build 26100 (10.0.26100.9168)
OS uptime: 4 days 9:45 hours
Hyper-V role detected

CPU: total 12 (initial active 12) (12 cores per cpu, 2 threads per core) family 25 model 68 stepping 1 microcode 0xa404107, cx8, cmov, fxsr, ht, mmx, 3dnowpref, sse, sse2, sse3, ssse3, sse4a, sse4.1, sse4.2, popcnt, lzcnt, tsc, tscinvbit, avx, avx2, aes, erms, clmul, bmi1, bmi2, adx, sha, fma, vzeroupper, clflush, clflushopt, hv, rdtscp, rdpid, fsrm, f16c, cet_ss
Processor Information for all 12 processors :
  Max Mhz: 3301, Current Mhz: 3301, Mhz Limit: 3301

Memory: 4k page, system-wide physical 15690M (375M free)
TotalPageFile size 48779M (AvailPageFile size 0M)
current process WorkingSet (physical memory assigned to process): 286M, peak: 302M
current process commit charge ("private bytes"): 474M, peak: 491M

vm_info: Java HotSpot(TM) 64-Bit Server VM (21.0.11+9-LTS-211) for windows-amd64 JRE (21.0.11+9-LTS-211), built on 2026-03-11T00:23:15Z by "mach5run" with MS VC++ 17.13 (VS2022)

END.
