#
# A fatal error has been detected by the Java Runtime Environment:
#
#  EXCEPTION_STACK_OVERFLOW (0xc00000fd) at pc=0x00007ffed9453233, pid=38780, tid=28732
#
# Java VM: Java HotSpot(TM) 64-Bit Server VM (21.0.11+9-LTS-211, mixed mode, sharing, tiered, compressed oops, compressed class ptrs, g1 gc, windows-amd64)
# Problematic frame:
# V  [jvm.dll+0x3e3233]
#
# No core dump will be written. Minidumps are not enabled by default on client versions of Windows
#
# If you would like to submit a bug report, please visit:
#   https://bugreport.java.com/bugreport/crash.jsp
#

---------------  S U M M A R Y ------------

Command Line: --add-opens=java.base/java.lang=ALL-UNNAMED --add-opens=java.base/java.lang.invoke=ALL-UNNAMED --add-opens=java.base/java.util=ALL-UNNAMED --add-opens=java.prefs/java.util.prefs=ALL-UNNAMED --add-exports=jdk.compiler/com.sun.tools.javac.api=ALL-UNNAMED --add-exports=jdk.compiler/com.sun.tools.javac.util=ALL-UNNAMED --add-opens=java.base/java.nio.charset=ALL-UNNAMED --add-opens=java.base/java.net=ALL-UNNAMED --add-opens=java.base/java.util.concurrent=ALL-UNNAMED --add-opens=java.base/java.util.concurrent.atomic=ALL-UNNAMED --add-opens=java.xml/javax.xml.namespace=ALL-UNNAMED --add-opens=java.base/java.time=ALL-UNNAMED -XX:MaxMetaspaceSize=384m -XX:+HeapDumpOnOutOfMemoryError -Xms256m -Xmx512m -Dfile.encoding=UTF-8 -Duser.country=US -Duser.language=en -Duser.variant -javaagent:C:\Users\hieun\.gradle\wrapper\dists\gradle-9.5.1-bin\iq79hdu3mqx29lgffhp8bfmx\gradle-9.5.1\lib\agents\gradle-instrumentation-agent-9.5.1.jar org.gradle.launcher.daemon.bootstrap.GradleDaemon 9.5.1

Host: AMD Ryzen 5 7535HS with Radeon Graphics        , 12 cores, 15G,  Windows 11 , 64 bit Build 26100 (10.0.26100.9444)
Time: Sat Sep 26 22:24:00 2026 SE Asia Standard Time elapsed time: 40.909602 seconds (0d 0h 0m 40s)

---------------  T H R E A D  ---------------

Current thread (0x00000181552924f0):  JavaThread "File watcher server" daemon [_thread_in_vm, id=28732, stack(0x00000064c3400000,0x00000064c3500000) (1024K)]

Stack: [0x00000064c3400000,0x00000064c3500000],  sp=0x00000064c34ffa30,  free space=1022k
Native frames: (J=compiled Java code, j=interpreted, Vv=VM code, C=native code)
V  [jvm.dll+0x3e3233]
V  [jvm.dll+0x6d0e12]
V  [jvm.dll+0x3e3e9b]
V  [jvm.dll+0x3e4127]
V  [jvm.dll+0x476c26]
V  [jvm.dll+0x3f50d1]
V  [jvm.dll+0x80ac0d]
V  [jvm.dll+0x6cf79d]
C  [ucrtbase.dll+0x2cd30]
C  [KERNEL32.DLL+0x2cd87]
C  [ntdll.dll+0xacaec]


siginfo: EXCEPTION_STACK_OVERFLOW (0xc00000fd), ExceptionInformation=0x0000000000000001 0x00000064c34f7a30 


Registers:
RAX=0x0000000000000001, RBX=0x00000181552924f0, RCX=0x0000000000001000, RDX=0x0000000000000000
RSP=0x00000064c34ffa30, RBP=0x00000064c34ffac9, RSI=0x00000064c34ffc60, RDI=0x00000064c34f7a30
R8 =0x00000064c34ffa30, R9 =0x0000000000000187, R10=0x0000000000000001, R11=0x00000064c34ffd30
R12=0x00000064c34ffb90, R13=0x000000000000000a, R14=0x0000018156b38b10, R15=0x00000064c34ffd30
RIP=0x00007ffed9453233, EFLAGS=0x0000000000010206


Register to memory mapping:

RAX=0x0000000000000001 is an unknown value
RBX=0x00000181552924f0 is a thread
RCX=0x0000000000001000 is an unknown value
RDX=0x0 is null
RSP=0x00000064c34ffa30 is pointing into the stack for thread: 0x00000181552924f0
RBP=0x00000064c34ffac9 is pointing into the stack for thread: 0x00000181552924f0
RSI=0x00000064c34ffc60 is pointing into the stack for thread: 0x00000181552924f0
RDI=0x00000064c34f7a30 is pointing into the stack for thread: 0x00000181552924f0
R8 =0x00000064c34ffa30 is pointing into the stack for thread: 0x00000181552924f0
R9 =0x0000000000000187 is an unknown value
R10=0x0000000000000001 is an unknown value
R11=0x00000064c34ffd30 is pointing into the stack for thread: 0x00000181552924f0
R12=0x00000064c34ffb90 is pointing into the stack for thread: 0x00000181552924f0
R13=0x000000000000000a is an unknown value
R14=0x0000018156b38b10 points into unknown readable memory: 0x00000000ed98bc68 | 68 bc 98 ed 00 00 00 00
R15=0x00000064c34ffd30 is pointing into the stack for thread: 0x00000181552924f0

Top of Stack: (sp=0x00000064c34ffa30)
0x00000064c34ffa30:   00000181552924f0 00000064c34ffc60
0x00000064c34ffa40:   00000064c34ffb40 00007ffed94149f2
0x00000064c34ffa50:   0000000000000028 0000000000000001
0x00000064c34ffa60:   000034b6cdac8e99 00007ffed9499345
0x00000064c34ffa70:   0000000000000008 00007ffed964b0e4
0x00000064c34ffa80:   00000181552924f0 00000181552924f0
0x00000064c34ffa90:   00000064c34ffb40 00007ffe00000000
0x00000064c34ffaa0:   0000000000000128 0000000000000000
0x00000064c34ffab0:   000001815068eeb8 000001815068eeb8
0x00000064c34ffac0:   00000181552924f0 000001815068eeb8
0x00000064c34ffad0:   00000181552924f0 00000181552924f0
0x00000064c34ffae0:   00000064c34ffbe0 0000000000000000
0x00000064c34ffaf0:   0000000000000000 00000181566aadb8
0x00000064c34ffb00:   0000000000000000 0000000000000000
0x00000064c34ffb10:   00000064c34ffc60 00000064c34ffd30
0x00000064c34ffb20:   00000064c34ffbd9 00007ffed9740e12
0x00000064c34ffb30:   00007ffed9452fe0 0000000000000000
0x00000064c34ffb40:   000001813a017100 000001812dc3ba40
0x00000064c34ffb50:   00000181552924f0 00007ffed9453e9b
0x00000064c34ffb60:   00000181552924f0 00000181552924f0
0x00000064c34ffb70:   00000064c34ffd30 00000064c34ffc60
0x00000064c34ffb80:   00000181552924f0 000001813a017160
0x00000064c34ffb90:   000001815068eeb8 00000181552924f0
0x00000064c34ffba0:   000001813a483c58 000001813a4865f8
0x00000064c34ffbb0:   000001813a016ca0 0000000000000000
0x00000064c34ffbc0:   0000000000000000 0000000000000000
0x00000064c34ffbd0:   0000000000000000 0000000000000000
0x00000064c34ffbe0:   000001813a016ca0 000001813a017160
0x00000064c34ffbf0:   00000181552924f0 000001815068eeb8
0x00000064c34ffc00:   00000181552924f0 0000000800000001
0x00000064c34ffc10:   0000000000000000 0000000000000000
0x00000064c34ffc20:   00000181566aa9d0 00007ffed9454127 

Instructions: (pc=0x00007ffed9453233)
0x00007ffed9453133:   74 0c 49 8b 04 24 48 8b 40 38 48 89 45 7f 41 8b
0x00007ffed9453143:   17 8d 42 fc 83 f8 0a 0f 87 a5 04 00 00 4c 8d 05
0x00007ffed9453153:   a9 ce c1 ff 48 98 41 8b 8c 80 b4 36 3e 00 49 03
0x00007ffed9453163:   c8 ff e1 41 bd 0a 00 00 00 83 fa 0c 74 2f 83 fa
0x00007ffed9453173:   0d 74 2a 44 88 75 77 eb 28 41 bd 0b 00 00 00 44
0x00007ffed9453183:   88 75 77 eb 1c 41 bd 06 00 00 00 44 88 75 77 eb
0x00007ffed9453193:   10 41 bd 07 00 00 00 44 88 75 77 eb 04 c6 45 77
0x00007ffed94531a3:   01 49 8b 04 24 8b 48 28 c1 e9 03 f6 c1 01 75 07
0x00007ffed94531b3:   48 8b 46 58 4c 8b 30 48 8d 8b c8 04 00 00 e8 0a
0x00007ffed94531c3:   59 37 00 e8 35 d9 2e 00 4c 8b c0 49 8b d4 48 8b
0x00007ffed94531d3:   cb 48 8b f8 e8 34 21 2e 00 84 c0 75 33 4d 8b cc
0x00007ffed94531e3:   48 8d 15 de e2 60 00 41 b8 82 01 00 00 48 8b cb
0x00007ffed94531f3:   e8 f8 98 f2 ff 48 8b 9c 24 00 01 00 00 48 81 c4
0x00007ffed9453203:   c0 00 00 00 41 5f 41 5e 41 5d 41 5c 5f 5e 5d c3
0x00007ffed9453213:   48 8b 0d f6 8c 86 00 33 d2 48 8b 05 e5 d9 86 00
0x00007ffed9453223:   48 f7 f1 48 83 f8 01 72 10 0f 1f 40 00 48 2b f9
0x00007ffed9453233:   c6 07 00 48 83 e8 01 75 f4 33 c0 48 8b cb 48 89
0x00007ffed9453243:   45 c7 48 89 45 d7 48 89 45 cf 48 8b 03 ff 50 38
0x00007ffed9453253:   84 c0 0f 84 16 04 00 00 48 8b 03 48 8b cb ff 90
0x00007ffed9453263:   90 00 00 00 84 c0 0f 84 22 04 00 00 33 d2 4c 89
0x00007ffed9453273:   7d df 48 8b cb e8 b3 d3 08 00 48 8b cb 48 8b f8
0x00007ffed9453283:   e8 08 8c f2 ff 48 8b 8b 50 04 00 00 f6 c1 01 74
0x00007ffed9453293:   0f 41 b0 01 48 8b cb 41 0f b6 d0 e8 0d f8 34 00
0x00007ffed94532a3:   8b 83 48 04 00 00 a8 0c 74 08 48 8b cb e8 bb fd
0x00007ffed94532b3:   00 00 45 33 d2 c7 83 4c 04 00 00 08 00 00 00 49
0x00007ffed94532c3:   8b 04 24 48 89 45 b7 41 8b c2 4d 85 f6 74 03 49
0x00007ffed94532d3:   8b 06 48 8b 4d c7 48 89 45 bf 48 89 5d a7 48 8b
0x00007ffed94532e3:   83 30 04 00 00 48 89 45 af 48 8b 83 a0 03 00 00
0x00007ffed94532f3:   48 3b c8 74 04 4c 89 55 c7 48 8b 83 b0 03 00 00
0x00007ffed9453303:   48 89 45 d7 48 8b 83 a8 03 00 00 48 89 45 cf 48
0x00007ffed9453313:   8b 83 a0 03 00 00 48 89 45 c7 4c 89 93 a0 03 00
0x00007ffed9453323:   00 4c 89 93 b0 03 00 00 4c 89 93 a8 03 00 00 48 


Stack slot to memory mapping:

stack at sp + 0 slots: 0x00000181552924f0 is a thread
stack at sp + 1 slots: 0x00000064c34ffc60 is pointing into the stack for thread: 0x00000181552924f0
stack at sp + 2 slots: 0x00000064c34ffb40 is pointing into the stack for thread: 0x00000181552924f0
stack at sp + 3 slots: 0x00007ffed94149f2 jvm.dll
stack at sp + 4 slots: 0x0000000000000028 is an unknown value
stack at sp + 5 slots: 0x0000000000000001 is an unknown value
stack at sp + 6 slots: 0x000034b6cdac8e99 is an unknown value
stack at sp + 7 slots: 0x00007ffed9499345 jvm.dll


---------------  P R O C E S S  ---------------

Threads class SMR info:
_java_thread_list=0x00000181573ddf60, length=28, elements={
0x000001811c8aff10, 0x0000018139b77980, 0x0000018139b793f0, 0x0000018139b7b890,
0x0000018139b7e0b0, 0x0000018139b7eb10, 0x0000018139b81580, 0x0000018139b82310,
0x0000018139b88d70, 0x0000018139d458f0, 0x0000018139d7b270, 0x0000018154d402f0,
0x0000018154e7d400, 0x0000018139d66010, 0x0000018139d43c50, 0x0000018154039470,
0x0000018153065a60, 0x0000018153066ad0, 0x00000181531b7a70, 0x00000181531b6d50,
0x00000181531b73e0, 0x00000181531b6030, 0x00000181531b59a0, 0x00000181531b8100,
0x00000181531b66c0, 0x0000018155293f30, 0x00000181552952e0, 0x00000181552924f0
}

Java Threads: ( => current thread )
  0x000001811c8aff10 JavaThread "main"                              [_thread_blocked, id=2276, stack(0x00000064c0800000,0x00000064c0900000) (1024K)]
  0x0000018139b77980 JavaThread "Reference Handler"          daemon [_thread_blocked, id=26528, stack(0x00000064c1000000,0x00000064c1100000) (1024K)]
  0x0000018139b793f0 JavaThread "Finalizer"                  daemon [_thread_blocked, id=16644, stack(0x00000064c1100000,0x00000064c1200000) (1024K)]
  0x0000018139b7b890 JavaThread "Signal Dispatcher"          daemon [_thread_blocked, id=38512, stack(0x00000064c1200000,0x00000064c1300000) (1024K)]
  0x0000018139b7e0b0 JavaThread "Attach Listener"            daemon [_thread_blocked, id=27220, stack(0x00000064c1300000,0x00000064c1400000) (1024K)]
  0x0000018139b7eb10 JavaThread "Service Thread"             daemon [_thread_blocked, id=19260, stack(0x00000064c1400000,0x00000064c1500000) (1024K)]
  0x0000018139b81580 JavaThread "Monitor Deflation Thread"   daemon [_thread_blocked, id=35952, stack(0x00000064c1500000,0x00000064c1600000) (1024K)]
  0x0000018139b82310 JavaThread "C2 CompilerThread0"         daemon [_thread_in_native, id=35976, stack(0x00000064c1600000,0x00000064c1700000) (1024K)]
  0x0000018139b88d70 JavaThread "C1 CompilerThread0"         daemon [_thread_blocked, id=31652, stack(0x00000064c1700000,0x00000064c1800000) (1024K)]
  0x0000018139d458f0 JavaThread "Common-Cleaner"             daemon [_thread_blocked, id=36768, stack(0x00000064c1800000,0x00000064c1900000) (1024K)]
  0x0000018139d7b270 JavaThread "Notification Thread"        daemon [_thread_blocked, id=38408, stack(0x00000064c1900000,0x00000064c1a00000) (1024K)]
  0x0000018154d402f0 JavaThread "Daemon health stats"               [_thread_blocked, id=4832, stack(0x00000064c1f00000,0x00000064c2000000) (1024K)]
  0x0000018154e7d400 JavaThread "Incoming local TCP Connector on port 52566"        [_thread_in_native, id=42332, stack(0x00000064c2000000,0x00000064c2100000) (1024K)]
  0x0000018139d66010 JavaThread "Daemon periodic checks"            [_thread_blocked, id=33580, stack(0x00000064c2100000,0x00000064c2200000) (1024K)]
  0x0000018139d43c50 JavaThread "Daemon"                            [_thread_blocked, id=14452, stack(0x00000064c2200000,0x00000064c2300000) (1024K)]
  0x0000018154039470 JavaThread "Handler for socket connection from /127.0.0.1:52566 to /127.0.0.1:53629"        [_thread_in_native, id=24808, stack(0x00000064c2300000,0x00000064c2400000) (1024K)]
  0x0000018153065a60 JavaThread "Cancel handler"                    [_thread_blocked, id=31864, stack(0x00000064c2400000,0x00000064c2500000) (1024K)]
  0x0000018153066ad0 JavaThread "Daemon worker"                     [_thread_blocked, id=19196, stack(0x00000064c2500000,0x00000064c2600000) (1024K)]
  0x00000181531b7a70 JavaThread "Asynchronous log dispatcher for DefaultDaemonConnection: socket connection from /127.0.0.1:52566 to /127.0.0.1:53629"        [_thread_blocked, id=36540, stack(0x00000064c2600000,0x00000064c2700000) (1024K)]
  0x00000181531b6d50 JavaThread "Stdin handler"                     [_thread_blocked, id=13940, stack(0x00000064c2700000,0x00000064c2800000) (1024K)]
  0x00000181531b73e0 JavaThread "Daemon client event forwarder"        [_thread_blocked, id=6408, stack(0x00000064c2800000,0x00000064c2900000) (1024K)]
  0x00000181531b6030 JavaThread "Cache worker for journal cache (C:\Users\hieun\.gradle\caches\journal-1)"        [_thread_blocked, id=30268, stack(0x00000064c2900000,0x00000064c2a00000) (1024K)]
  0x00000181531b59a0 JavaThread "File lock request listener"        [_thread_in_native, id=4532, stack(0x00000064c2a00000,0x00000064c2b00000) (1024K)]
  0x00000181531b8100 JavaThread "Cache worker for file hash cache (C:\Users\hieun\.gradle\caches\9.5.1\fileHashes)"        [_thread_blocked, id=34704, stack(0x00000064c0600000,0x00000064c0700000) (1024K)]
  0x00000181531b66c0 JavaThread "File lock release action executor"        [_thread_blocked, id=34160, stack(0x00000064c2b00000,0x00000064c2c00000) (1024K)]
  0x0000018155293f30 JavaThread "Cache worker for file hash cache (D:\n1h5-models-backend\.gradle\9.5.1\fileHashes)"        [_thread_blocked, id=3336, stack(0x00000064c3200000,0x00000064c3300000) (1024K)]
  0x00000181552952e0 JavaThread "Cache worker for Build Output Cleanup Cache (D:\n1h5-models-backend\.gradle\buildOutputCleanup)"        [_thread_blocked, id=23740, stack(0x00000064c3300000,0x00000064c3400000) (1024K)]
=>0x00000181552924f0 JavaThread "File watcher server"        daemon [_thread_in_vm, id=28732, stack(0x00000064c3400000,0x00000064c3500000) (1024K)]
Total: 28

Other Threads:
  0x0000018139a17be0 VMThread "VM Thread"                           [id=33652, stack(0x00000064c0f00000,0x00000064c1000000) (1024K)]
  0x0000018139a06a00 WatcherThread "VM Periodic Task Thread"        [id=22116, stack(0x00000064c0e00000,0x00000064c0f00000) (1024K)]
  0x000001811ca98c20 WorkerThread "GC Thread#0"                     [id=33688, stack(0x00000064c0900000,0x00000064c0a00000) (1024K)]
  0x0000018153847a70 WorkerThread "GC Thread#1"                     [id=31108, stack(0x00000064c1a00000,0x00000064c1b00000) (1024K)]
  0x000001815372b740 WorkerThread "GC Thread#2"                     [id=8976, stack(0x00000064c1b00000,0x00000064c1c00000) (1024K)]
  0x000001815372baf0 WorkerThread "GC Thread#3"                     [id=3748, stack(0x00000064c1c00000,0x00000064c1d00000) (1024K)]
  0x000001815372bea0 WorkerThread "GC Thread#4"                     [id=40008, stack(0x00000064c1d00000,0x00000064c1e00000) (1024K)]
  0x000001815372c250 WorkerThread "GC Thread#5"                     [id=16780, stack(0x00000064c1e00000,0x00000064c1f00000) (1024K)]
  0x000001815579d9a0 WorkerThread "GC Thread#6"                     [id=42180, stack(0x00000064c2c00000,0x00000064c2d00000) (1024K)]
  0x000001815579c730 WorkerThread "GC Thread#7"                     [id=14660, stack(0x00000064c2d00000,0x00000064c2e00000) (1024K)]
  0x000001815579cae0 WorkerThread "GC Thread#8"                     [id=45820, stack(0x00000064c2e00000,0x00000064c2f00000) (1024K)]
  0x000001815579ce90 WorkerThread "GC Thread#9"                     [id=37416, stack(0x00000064c2f00000,0x00000064c3000000) (1024K)]
  0x000001811ca9e9d0 ConcurrentGCThread "G1 Main Marker"            [id=31004, stack(0x00000064c0a00000,0x00000064c0b00000) (1024K)]
  0x000001811ca9f290 WorkerThread "G1 Conc#0"                       [id=25572, stack(0x00000064c0b00000,0x00000064c0c00000) (1024K)]
  0x00000181564aa470 WorkerThread "G1 Conc#1"                       [id=40092, stack(0x00000064c3000000,0x00000064c3100000) (1024K)]
  0x00000181564a86f0 WorkerThread "G1 Conc#2"                       [id=8492, stack(0x00000064c3100000,0x00000064c3200000) (1024K)]
  0x00000181398d7330 ConcurrentGCThread "G1 Refine#0"               [id=28888, stack(0x00000064c0c00000,0x00000064c0d00000) (1024K)]
  0x00000181398d7b60 ConcurrentGCThread "G1 Service"                [id=36280, stack(0x00000064c0d00000,0x00000064c0e00000) (1024K)]
Total: 18

Threads with active compile tasks:
C2 CompilerThread0    41152 3546   !   4       java.net.URL::<init> (543 bytes)
Total: 1

VM state: not at safepoint (normal execution)

VM Mutex/Monitor currently owned by a thread: None

Heap address: 0x00000000e0000000, size: 512 MB, Compressed Oops mode: 32-bit

CDS archive(s) mapped at: [0x000001813a000000-0x000001813ac90000-0x000001813ac90000), size 13172736, SharedBaseAddress: 0x000001813a000000, ArchiveRelocationMode: 1.
Compressed class space mapped at: 0x000001813b000000-0x000001814f000000, reserved size: 335544320
Narrow klass base: 0x000001813a000000, Narrow klass shift: 0, Narrow klass range: 0x100000000

GC Precious Log:
 CardTable entry size: 512
 Card Set container configuration: InlinePtr #cards 5 size 8 Array Of Cards #cards 12 size 40 Howl #buckets 4 coarsen threshold 1843 Howl Bitmap #cards 512 size 80 coarsen threshold 460 Card regions per heap region 1 cards per card region 2048
 CPUs: 12 total, 12 available
 Memory: 15690M
 Large Page Support: Disabled
 NUMA Support: Disabled
 Compressed Oops: Enabled (32-bit)
 Heap Region Size: 1M
 Heap Min Capacity: 256M
 Heap Initial Capacity: 256M
 Heap Max Capacity: 512M
 Pre-touch: Disabled
 Parallel Workers: 10
 Concurrent Workers: 3
 Concurrent Refinement Workers: 10
 Periodic GC: Disabled

Heap:
 garbage-first heap   total 262144K, used 61232K [0x00000000e0000000, 0x0000000100000000)
  region size 1024K, 39 young (39936K), 3 survivors (3072K)
 Metaspace       used 25558K, committed 26560K, reserved 393216K
  class space    used 3647K, committed 4160K, reserved 327680K

Heap Regions: E=young(eden), S=young(survivor), O=old, HS=humongous(starts), HC=humongous(continues), CS=collection set, F=free, TAMS=top-at-mark-start, PB=parsable bottom
|   0|0x00000000e0000000, 0x00000000e0100000, 0x00000000e0100000|100%|HS|  |TAMS 0x00000000e0000000| PB 0x00000000e0000000| Complete 
|   1|0x00000000e0100000, 0x00000000e0200000, 0x00000000e0200000|100%|HC|  |TAMS 0x00000000e0100000| PB 0x00000000e0100000| Complete 
|   2|0x00000000e0200000, 0x00000000e0300000, 0x00000000e0300000|100%|HC|  |TAMS 0x00000000e0200000| PB 0x00000000e0200000| Complete 
|   3|0x00000000e0300000, 0x00000000e0400000, 0x00000000e0400000|100%|HC|  |TAMS 0x00000000e0300000| PB 0x00000000e0300000| Complete 
|   4|0x00000000e0400000, 0x00000000e0500000, 0x00000000e0500000|100%| O|  |TAMS 0x00000000e0400000| PB 0x00000000e0400000| Untracked 
|   5|0x00000000e0500000, 0x00000000e0600000, 0x00000000e0600000|100%| O|Cm|TAMS 0x00000000e0500000| PB 0x00000000e0500000| Complete 
|   6|0x00000000e0600000, 0x00000000e0700000, 0x00000000e0700000|100%| O|  |TAMS 0x00000000e0600000| PB 0x00000000e0600000| Untracked 
|   7|0x00000000e0700000, 0x00000000e0800000, 0x00000000e0800000|100%| O|  |TAMS 0x00000000e0700000| PB 0x00000000e0700000| Untracked 
|   8|0x00000000e0800000, 0x00000000e0900000, 0x00000000e0900000|100%|HS|  |TAMS 0x00000000e0800000| PB 0x00000000e0800000| Complete 
|   9|0x00000000e0900000, 0x00000000e0a00000, 0x00000000e0a00000|100%| O|  |TAMS 0x00000000e0900000| PB 0x00000000e0900000| Untracked 
|  10|0x00000000e0a00000, 0x00000000e0b00000, 0x00000000e0b00000|100%| O|  |TAMS 0x00000000e0a00000| PB 0x00000000e0a00000| Untracked 
|  11|0x00000000e0b00000, 0x00000000e0c00000, 0x00000000e0c00000|100%| O|  |TAMS 0x00000000e0b00000| PB 0x00000000e0b00000| Untracked 
|  12|0x00000000e0c00000, 0x00000000e0d00000, 0x00000000e0d00000|100%| O|  |TAMS 0x00000000e0c00000| PB 0x00000000e0c00000| Untracked 
|  13|0x00000000e0d00000, 0x00000000e0e00000, 0x00000000e0e00000|100%| O|  |TAMS 0x00000000e0d00000| PB 0x00000000e0d00000| Untracked 
|  14|0x00000000e0e00000, 0x00000000e0f00000, 0x00000000e0f00000|100%| O|  |TAMS 0x00000000e0e00000| PB 0x00000000e0e00000| Untracked 
|  15|0x00000000e0f00000, 0x00000000e1000000, 0x00000000e1000000|100%| O|  |TAMS 0x00000000e0f00000| PB 0x00000000e0f00000| Untracked 
|  16|0x00000000e1000000, 0x00000000e1100000, 0x00000000e1100000|100%| O|  |TAMS 0x00000000e1000000| PB 0x00000000e1000000| Untracked 
|  17|0x00000000e1100000, 0x00000000e1200000, 0x00000000e1200000|100%| O|  |TAMS 0x00000000e1100000| PB 0x00000000e1100000| Untracked 
|  18|0x00000000e1200000, 0x00000000e1300000, 0x00000000e1300000|100%| O|  |TAMS 0x00000000e1200000| PB 0x00000000e1200000| Untracked 
|  19|0x00000000e1300000, 0x00000000e1400000, 0x00000000e1400000|100%| O|  |TAMS 0x00000000e1300000| PB 0x00000000e1300000| Untracked 
|  20|0x00000000e1400000, 0x00000000e1500000, 0x00000000e1500000|100%| O|  |TAMS 0x00000000e1400000| PB 0x00000000e1400000| Untracked 
|  21|0x00000000e1500000, 0x00000000e1600000, 0x00000000e1600000|100%| O|  |TAMS 0x00000000e1500000| PB 0x00000000e1500000| Untracked 
|  22|0x00000000e1600000, 0x00000000e1689600, 0x00000000e1700000| 53%| O|  |TAMS 0x00000000e1600000| PB 0x00000000e1600000| Untracked 
|  23|0x00000000e1700000, 0x00000000e1700000, 0x00000000e1800000|  0%| F|  |TAMS 0x00000000e1700000| PB 0x00000000e1700000| Untracked 
|  24|0x00000000e1800000, 0x00000000e1800000, 0x00000000e1900000|  0%| F|  |TAMS 0x00000000e1800000| PB 0x00000000e1800000| Untracked 
|  25|0x00000000e1900000, 0x00000000e1900000, 0x00000000e1a00000|  0%| F|  |TAMS 0x00000000e1900000| PB 0x00000000e1900000| Untracked 
|  26|0x00000000e1a00000, 0x00000000e1a00000, 0x00000000e1b00000|  0%| F|  |TAMS 0x00000000e1a00000| PB 0x00000000e1a00000| Untracked 
|  27|0x00000000e1b00000, 0x00000000e1b00000, 0x00000000e1c00000|  0%| F|  |TAMS 0x00000000e1b00000| PB 0x00000000e1b00000| Untracked 
|  28|0x00000000e1c00000, 0x00000000e1c00000, 0x00000000e1d00000|  0%| F|  |TAMS 0x00000000e1c00000| PB 0x00000000e1c00000| Untracked 
|  29|0x00000000e1d00000, 0x00000000e1d00000, 0x00000000e1e00000|  0%| F|  |TAMS 0x00000000e1d00000| PB 0x00000000e1d00000| Untracked 
|  30|0x00000000e1e00000, 0x00000000e1e00000, 0x00000000e1f00000|  0%| F|  |TAMS 0x00000000e1e00000| PB 0x00000000e1e00000| Untracked 
|  31|0x00000000e1f00000, 0x00000000e1f00000, 0x00000000e2000000|  0%| F|  |TAMS 0x00000000e1f00000| PB 0x00000000e1f00000| Untracked 
|  32|0x00000000e2000000, 0x00000000e2000000, 0x00000000e2100000|  0%| F|  |TAMS 0x00000000e2000000| PB 0x00000000e2000000| Untracked 
|  33|0x00000000e2100000, 0x00000000e2100000, 0x00000000e2200000|  0%| F|  |TAMS 0x00000000e2100000| PB 0x00000000e2100000| Untracked 
|  34|0x00000000e2200000, 0x00000000e2200000, 0x00000000e2300000|  0%| F|  |TAMS 0x00000000e2200000| PB 0x00000000e2200000| Untracked 
|  35|0x00000000e2300000, 0x00000000e2300000, 0x00000000e2400000|  0%| F|  |TAMS 0x00000000e2300000| PB 0x00000000e2300000| Untracked 
|  36|0x00000000e2400000, 0x00000000e2400000, 0x00000000e2500000|  0%| F|  |TAMS 0x00000000e2400000| PB 0x00000000e2400000| Untracked 
|  37|0x00000000e2500000, 0x00000000e2500000, 0x00000000e2600000|  0%| F|  |TAMS 0x00000000e2500000| PB 0x00000000e2500000| Untracked 
|  38|0x00000000e2600000, 0x00000000e2600000, 0x00000000e2700000|  0%| F|  |TAMS 0x00000000e2600000| PB 0x00000000e2600000| Untracked 
|  39|0x00000000e2700000, 0x00000000e2700000, 0x00000000e2800000|  0%| F|  |TAMS 0x00000000e2700000| PB 0x00000000e2700000| Untracked 
|  40|0x00000000e2800000, 0x00000000e2800000, 0x00000000e2900000|  0%| F|  |TAMS 0x00000000e2800000| PB 0x00000000e2800000| Untracked 
|  41|0x00000000e2900000, 0x00000000e2900000, 0x00000000e2a00000|  0%| F|  |TAMS 0x00000000e2900000| PB 0x00000000e2900000| Untracked 
|  42|0x00000000e2a00000, 0x00000000e2a00000, 0x00000000e2b00000|  0%| F|  |TAMS 0x00000000e2a00000| PB 0x00000000e2a00000| Untracked 
|  43|0x00000000e2b00000, 0x00000000e2b00000, 0x00000000e2c00000|  0%| F|  |TAMS 0x00000000e2b00000| PB 0x00000000e2b00000| Untracked 
|  44|0x00000000e2c00000, 0x00000000e2c00000, 0x00000000e2d00000|  0%| F|  |TAMS 0x00000000e2c00000| PB 0x00000000e2c00000| Untracked 
|  45|0x00000000e2d00000, 0x00000000e2d00000, 0x00000000e2e00000|  0%| F|  |TAMS 0x00000000e2d00000| PB 0x00000000e2d00000| Untracked 
|  46|0x00000000e2e00000, 0x00000000e2e00000, 0x00000000e2f00000|  0%| F|  |TAMS 0x00000000e2e00000| PB 0x00000000e2e00000| Untracked 
|  47|0x00000000e2f00000, 0x00000000e2f00000, 0x00000000e3000000|  0%| F|  |TAMS 0x00000000e2f00000| PB 0x00000000e2f00000| Untracked 
|  48|0x00000000e3000000, 0x00000000e3000000, 0x00000000e3100000|  0%| F|  |TAMS 0x00000000e3000000| PB 0x00000000e3000000| Untracked 
|  49|0x00000000e3100000, 0x00000000e3100000, 0x00000000e3200000|  0%| F|  |TAMS 0x00000000e3100000| PB 0x00000000e3100000| Untracked 
|  50|0x00000000e3200000, 0x00000000e3200000, 0x00000000e3300000|  0%| F|  |TAMS 0x00000000e3200000| PB 0x00000000e3200000| Untracked 
|  51|0x00000000e3300000, 0x00000000e3300000, 0x00000000e3400000|  0%| F|  |TAMS 0x00000000e3300000| PB 0x00000000e3300000| Untracked 
|  52|0x00000000e3400000, 0x00000000e3400000, 0x00000000e3500000|  0%| F|  |TAMS 0x00000000e3400000| PB 0x00000000e3400000| Untracked 
|  53|0x00000000e3500000, 0x00000000e3500000, 0x00000000e3600000|  0%| F|  |TAMS 0x00000000e3500000| PB 0x00000000e3500000| Untracked 
|  54|0x00000000e3600000, 0x00000000e3600000, 0x00000000e3700000|  0%| F|  |TAMS 0x00000000e3600000| PB 0x00000000e3600000| Untracked 
|  55|0x00000000e3700000, 0x00000000e3700000, 0x00000000e3800000|  0%| F|  |TAMS 0x00000000e3700000| PB 0x00000000e3700000| Untracked 
|  56|0x00000000e3800000, 0x00000000e3800000, 0x00000000e3900000|  0%| F|  |TAMS 0x00000000e3800000| PB 0x00000000e3800000| Untracked 
|  57|0x00000000e3900000, 0x00000000e3900000, 0x00000000e3a00000|  0%| F|  |TAMS 0x00000000e3900000| PB 0x00000000e3900000| Untracked 
|  58|0x00000000e3a00000, 0x00000000e3a00000, 0x00000000e3b00000|  0%| F|  |TAMS 0x00000000e3a00000| PB 0x00000000e3a00000| Untracked 
|  59|0x00000000e3b00000, 0x00000000e3b00000, 0x00000000e3c00000|  0%| F|  |TAMS 0x00000000e3b00000| PB 0x00000000e3b00000| Untracked 
|  60|0x00000000e3c00000, 0x00000000e3c00000, 0x00000000e3d00000|  0%| F|  |TAMS 0x00000000e3c00000| PB 0x00000000e3c00000| Untracked 
|  61|0x00000000e3d00000, 0x00000000e3d00000, 0x00000000e3e00000|  0%| F|  |TAMS 0x00000000e3d00000| PB 0x00000000e3d00000| Untracked 
|  62|0x00000000e3e00000, 0x00000000e3e00000, 0x00000000e3f00000|  0%| F|  |TAMS 0x00000000e3e00000| PB 0x00000000e3e00000| Untracked 
|  63|0x00000000e3f00000, 0x00000000e3f00000, 0x00000000e4000000|  0%| F|  |TAMS 0x00000000e3f00000| PB 0x00000000e3f00000| Untracked 
|  64|0x00000000e4000000, 0x00000000e4000000, 0x00000000e4100000|  0%| F|  |TAMS 0x00000000e4000000| PB 0x00000000e4000000| Untracked 
|  65|0x00000000e4100000, 0x00000000e4100000, 0x00000000e4200000|  0%| F|  |TAMS 0x00000000e4100000| PB 0x00000000e4100000| Untracked 
|  66|0x00000000e4200000, 0x00000000e4200000, 0x00000000e4300000|  0%| F|  |TAMS 0x00000000e4200000| PB 0x00000000e4200000| Untracked 
|  67|0x00000000e4300000, 0x00000000e4300000, 0x00000000e4400000|  0%| F|  |TAMS 0x00000000e4300000| PB 0x00000000e4300000| Untracked 
|  68|0x00000000e4400000, 0x00000000e4400000, 0x00000000e4500000|  0%| F|  |TAMS 0x00000000e4400000| PB 0x00000000e4400000| Untracked 
|  69|0x00000000e4500000, 0x00000000e4500000, 0x00000000e4600000|  0%| F|  |TAMS 0x00000000e4500000| PB 0x00000000e4500000| Untracked 
|  70|0x00000000e4600000, 0x00000000e4600000, 0x00000000e4700000|  0%| F|  |TAMS 0x00000000e4600000| PB 0x00000000e4600000| Untracked 
|  71|0x00000000e4700000, 0x00000000e4700000, 0x00000000e4800000|  0%| F|  |TAMS 0x00000000e4700000| PB 0x00000000e4700000| Untracked 
|  72|0x00000000e4800000, 0x00000000e4800000, 0x00000000e4900000|  0%| F|  |TAMS 0x00000000e4800000| PB 0x00000000e4800000| Untracked 
|  73|0x00000000e4900000, 0x00000000e4900000, 0x00000000e4a00000|  0%| F|  |TAMS 0x00000000e4900000| PB 0x00000000e4900000| Untracked 
|  74|0x00000000e4a00000, 0x00000000e4a00000, 0x00000000e4b00000|  0%| F|  |TAMS 0x00000000e4a00000| PB 0x00000000e4a00000| Untracked 
|  75|0x00000000e4b00000, 0x00000000e4b00000, 0x00000000e4c00000|  0%| F|  |TAMS 0x00000000e4b00000| PB 0x00000000e4b00000| Untracked 
|  76|0x00000000e4c00000, 0x00000000e4c00000, 0x00000000e4d00000|  0%| F|  |TAMS 0x00000000e4c00000| PB 0x00000000e4c00000| Untracked 
|  77|0x00000000e4d00000, 0x00000000e4d00000, 0x00000000e4e00000|  0%| F|  |TAMS 0x00000000e4d00000| PB 0x00000000e4d00000| Untracked 
|  78|0x00000000e4e00000, 0x00000000e4e00000, 0x00000000e4f00000|  0%| F|  |TAMS 0x00000000e4e00000| PB 0x00000000e4e00000| Untracked 
|  79|0x00000000e4f00000, 0x00000000e4f00000, 0x00000000e5000000|  0%| F|  |TAMS 0x00000000e4f00000| PB 0x00000000e4f00000| Untracked 
|  80|0x00000000e5000000, 0x00000000e5000000, 0x00000000e5100000|  0%| F|  |TAMS 0x00000000e5000000| PB 0x00000000e5000000| Untracked 
|  81|0x00000000e5100000, 0x00000000e5100000, 0x00000000e5200000|  0%| F|  |TAMS 0x00000000e5100000| PB 0x00000000e5100000| Untracked 
|  82|0x00000000e5200000, 0x00000000e5200000, 0x00000000e5300000|  0%| F|  |TAMS 0x00000000e5200000| PB 0x00000000e5200000| Untracked 
|  83|0x00000000e5300000, 0x00000000e5300000, 0x00000000e5400000|  0%| F|  |TAMS 0x00000000e5300000| PB 0x00000000e5300000| Untracked 
|  84|0x00000000e5400000, 0x00000000e5400000, 0x00000000e5500000|  0%| F|  |TAMS 0x00000000e5400000| PB 0x00000000e5400000| Untracked 
|  85|0x00000000e5500000, 0x00000000e5500000, 0x00000000e5600000|  0%| F|  |TAMS 0x00000000e5500000| PB 0x00000000e5500000| Untracked 
|  86|0x00000000e5600000, 0x00000000e5600000, 0x00000000e5700000|  0%| F|  |TAMS 0x00000000e5600000| PB 0x00000000e5600000| Untracked 
|  87|0x00000000e5700000, 0x00000000e5700000, 0x00000000e5800000|  0%| F|  |TAMS 0x00000000e5700000| PB 0x00000000e5700000| Untracked 
|  88|0x00000000e5800000, 0x00000000e5800000, 0x00000000e5900000|  0%| F|  |TAMS 0x00000000e5800000| PB 0x00000000e5800000| Untracked 
|  89|0x00000000e5900000, 0x00000000e5900000, 0x00000000e5a00000|  0%| F|  |TAMS 0x00000000e5900000| PB 0x00000000e5900000| Untracked 
|  90|0x00000000e5a00000, 0x00000000e5a00000, 0x00000000e5b00000|  0%| F|  |TAMS 0x00000000e5a00000| PB 0x00000000e5a00000| Untracked 
|  91|0x00000000e5b00000, 0x00000000e5b00000, 0x00000000e5c00000|  0%| F|  |TAMS 0x00000000e5b00000| PB 0x00000000e5b00000| Untracked 
|  92|0x00000000e5c00000, 0x00000000e5c00000, 0x00000000e5d00000|  0%| F|  |TAMS 0x00000000e5c00000| PB 0x00000000e5c00000| Untracked 
|  93|0x00000000e5d00000, 0x00000000e5d00000, 0x00000000e5e00000|  0%| F|  |TAMS 0x00000000e5d00000| PB 0x00000000e5d00000| Untracked 
|  94|0x00000000e5e00000, 0x00000000e5e00000, 0x00000000e5f00000|  0%| F|  |TAMS 0x00000000e5e00000| PB 0x00000000e5e00000| Untracked 
|  95|0x00000000e5f00000, 0x00000000e5f00000, 0x00000000e6000000|  0%| F|  |TAMS 0x00000000e5f00000| PB 0x00000000e5f00000| Untracked 
|  96|0x00000000e6000000, 0x00000000e6000000, 0x00000000e6100000|  0%| F|  |TAMS 0x00000000e6000000| PB 0x00000000e6000000| Untracked 
|  97|0x00000000e6100000, 0x00000000e6100000, 0x00000000e6200000|  0%| F|  |TAMS 0x00000000e6100000| PB 0x00000000e6100000| Untracked 
|  98|0x00000000e6200000, 0x00000000e6200000, 0x00000000e6300000|  0%| F|  |TAMS 0x00000000e6200000| PB 0x00000000e6200000| Untracked 
|  99|0x00000000e6300000, 0x00000000e6300000, 0x00000000e6400000|  0%| F|  |TAMS 0x00000000e6300000| PB 0x00000000e6300000| Untracked 
| 100|0x00000000e6400000, 0x00000000e6400000, 0x00000000e6500000|  0%| F|  |TAMS 0x00000000e6400000| PB 0x00000000e6400000| Untracked 
| 101|0x00000000e6500000, 0x00000000e6500000, 0x00000000e6600000|  0%| F|  |TAMS 0x00000000e6500000| PB 0x00000000e6500000| Untracked 
| 102|0x00000000e6600000, 0x00000000e6600000, 0x00000000e6700000|  0%| F|  |TAMS 0x00000000e6600000| PB 0x00000000e6600000| Untracked 
| 103|0x00000000e6700000, 0x00000000e6700000, 0x00000000e6800000|  0%| F|  |TAMS 0x00000000e6700000| PB 0x00000000e6700000| Untracked 
| 104|0x00000000e6800000, 0x00000000e6800000, 0x00000000e6900000|  0%| F|  |TAMS 0x00000000e6800000| PB 0x00000000e6800000| Untracked 
| 105|0x00000000e6900000, 0x00000000e6900000, 0x00000000e6a00000|  0%| F|  |TAMS 0x00000000e6900000| PB 0x00000000e6900000| Untracked 
| 106|0x00000000e6a00000, 0x00000000e6a00000, 0x00000000e6b00000|  0%| F|  |TAMS 0x00000000e6a00000| PB 0x00000000e6a00000| Untracked 
| 107|0x00000000e6b00000, 0x00000000e6b00000, 0x00000000e6c00000|  0%| F|  |TAMS 0x00000000e6b00000| PB 0x00000000e6b00000| Untracked 
| 108|0x00000000e6c00000, 0x00000000e6c00000, 0x00000000e6d00000|  0%| F|  |TAMS 0x00000000e6c00000| PB 0x00000000e6c00000| Untracked 
| 109|0x00000000e6d00000, 0x00000000e6d00000, 0x00000000e6e00000|  0%| F|  |TAMS 0x00000000e6d00000| PB 0x00000000e6d00000| Untracked 
| 110|0x00000000e6e00000, 0x00000000e6e00000, 0x00000000e6f00000|  0%| F|  |TAMS 0x00000000e6e00000| PB 0x00000000e6e00000| Untracked 
| 111|0x00000000e6f00000, 0x00000000e6f00000, 0x00000000e7000000|  0%| F|  |TAMS 0x00000000e6f00000| PB 0x00000000e6f00000| Untracked 
| 112|0x00000000e7000000, 0x00000000e7000000, 0x00000000e7100000|  0%| F|  |TAMS 0x00000000e7000000| PB 0x00000000e7000000| Untracked 
| 113|0x00000000e7100000, 0x00000000e7100000, 0x00000000e7200000|  0%| F|  |TAMS 0x00000000e7100000| PB 0x00000000e7100000| Untracked 
| 114|0x00000000e7200000, 0x00000000e7200000, 0x00000000e7300000|  0%| F|  |TAMS 0x00000000e7200000| PB 0x00000000e7200000| Untracked 
| 115|0x00000000e7300000, 0x00000000e7300000, 0x00000000e7400000|  0%| F|  |TAMS 0x00000000e7300000| PB 0x00000000e7300000| Untracked 
| 116|0x00000000e7400000, 0x00000000e7400000, 0x00000000e7500000|  0%| F|  |TAMS 0x00000000e7400000| PB 0x00000000e7400000| Untracked 
| 117|0x00000000e7500000, 0x00000000e7500000, 0x00000000e7600000|  0%| F|  |TAMS 0x00000000e7500000| PB 0x00000000e7500000| Untracked 
| 118|0x00000000e7600000, 0x00000000e7600000, 0x00000000e7700000|  0%| F|  |TAMS 0x00000000e7600000| PB 0x00000000e7600000| Untracked 
| 119|0x00000000e7700000, 0x00000000e7700000, 0x00000000e7800000|  0%| F|  |TAMS 0x00000000e7700000| PB 0x00000000e7700000| Untracked 
| 120|0x00000000e7800000, 0x00000000e7800000, 0x00000000e7900000|  0%| F|  |TAMS 0x00000000e7800000| PB 0x00000000e7800000| Untracked 
| 121|0x00000000e7900000, 0x00000000e7900000, 0x00000000e7a00000|  0%| F|  |TAMS 0x00000000e7900000| PB 0x00000000e7900000| Untracked 
| 122|0x00000000e7a00000, 0x00000000e7a00000, 0x00000000e7b00000|  0%| F|  |TAMS 0x00000000e7a00000| PB 0x00000000e7a00000| Untracked 
| 123|0x00000000e7b00000, 0x00000000e7b00000, 0x00000000e7c00000|  0%| F|  |TAMS 0x00000000e7b00000| PB 0x00000000e7b00000| Untracked 
| 124|0x00000000e7c00000, 0x00000000e7c00000, 0x00000000e7d00000|  0%| F|  |TAMS 0x00000000e7c00000| PB 0x00000000e7c00000| Untracked 
| 125|0x00000000e7d00000, 0x00000000e7d00000, 0x00000000e7e00000|  0%| F|  |TAMS 0x00000000e7d00000| PB 0x00000000e7d00000| Untracked 
| 126|0x00000000e7e00000, 0x00000000e7e00000, 0x00000000e7f00000|  0%| F|  |TAMS 0x00000000e7e00000| PB 0x00000000e7e00000| Untracked 
| 127|0x00000000e7f00000, 0x00000000e7f00000, 0x00000000e8000000|  0%| F|  |TAMS 0x00000000e7f00000| PB 0x00000000e7f00000| Untracked 
| 128|0x00000000e8000000, 0x00000000e8000000, 0x00000000e8100000|  0%| F|  |TAMS 0x00000000e8000000| PB 0x00000000e8000000| Untracked 
| 129|0x00000000e8100000, 0x00000000e8100000, 0x00000000e8200000|  0%| F|  |TAMS 0x00000000e8100000| PB 0x00000000e8100000| Untracked 
| 130|0x00000000e8200000, 0x00000000e8200000, 0x00000000e8300000|  0%| F|  |TAMS 0x00000000e8200000| PB 0x00000000e8200000| Untracked 
| 131|0x00000000e8300000, 0x00000000e8300000, 0x00000000e8400000|  0%| F|  |TAMS 0x00000000e8300000| PB 0x00000000e8300000| Untracked 
| 132|0x00000000e8400000, 0x00000000e8400000, 0x00000000e8500000|  0%| F|  |TAMS 0x00000000e8400000| PB 0x00000000e8400000| Untracked 
| 133|0x00000000e8500000, 0x00000000e8500000, 0x00000000e8600000|  0%| F|  |TAMS 0x00000000e8500000| PB 0x00000000e8500000| Untracked 
| 134|0x00000000e8600000, 0x00000000e8600000, 0x00000000e8700000|  0%| F|  |TAMS 0x00000000e8600000| PB 0x00000000e8600000| Untracked 
| 135|0x00000000e8700000, 0x00000000e8700000, 0x00000000e8800000|  0%| F|  |TAMS 0x00000000e8700000| PB 0x00000000e8700000| Untracked 
| 136|0x00000000e8800000, 0x00000000e8800000, 0x00000000e8900000|  0%| F|  |TAMS 0x00000000e8800000| PB 0x00000000e8800000| Untracked 
| 137|0x00000000e8900000, 0x00000000e8900000, 0x00000000e8a00000|  0%| F|  |TAMS 0x00000000e8900000| PB 0x00000000e8900000| Untracked 
| 138|0x00000000e8a00000, 0x00000000e8a00000, 0x00000000e8b00000|  0%| F|  |TAMS 0x00000000e8a00000| PB 0x00000000e8a00000| Untracked 
| 139|0x00000000e8b00000, 0x00000000e8b00000, 0x00000000e8c00000|  0%| F|  |TAMS 0x00000000e8b00000| PB 0x00000000e8b00000| Untracked 
| 140|0x00000000e8c00000, 0x00000000e8c00000, 0x00000000e8d00000|  0%| F|  |TAMS 0x00000000e8c00000| PB 0x00000000e8c00000| Untracked 
| 141|0x00000000e8d00000, 0x00000000e8d00000, 0x00000000e8e00000|  0%| F|  |TAMS 0x00000000e8d00000| PB 0x00000000e8d00000| Untracked 
| 142|0x00000000e8e00000, 0x00000000e8e00000, 0x00000000e8f00000|  0%| F|  |TAMS 0x00000000e8e00000| PB 0x00000000e8e00000| Untracked 
| 143|0x00000000e8f00000, 0x00000000e8f00000, 0x00000000e9000000|  0%| F|  |TAMS 0x00000000e8f00000| PB 0x00000000e8f00000| Untracked 
| 144|0x00000000e9000000, 0x00000000e9000000, 0x00000000e9100000|  0%| F|  |TAMS 0x00000000e9000000| PB 0x00000000e9000000| Untracked 
| 145|0x00000000e9100000, 0x00000000e9100000, 0x00000000e9200000|  0%| F|  |TAMS 0x00000000e9100000| PB 0x00000000e9100000| Untracked 
| 146|0x00000000e9200000, 0x00000000e9200000, 0x00000000e9300000|  0%| F|  |TAMS 0x00000000e9200000| PB 0x00000000e9200000| Untracked 
| 147|0x00000000e9300000, 0x00000000e9300000, 0x00000000e9400000|  0%| F|  |TAMS 0x00000000e9300000| PB 0x00000000e9300000| Untracked 
| 148|0x00000000e9400000, 0x00000000e9400000, 0x00000000e9500000|  0%| F|  |TAMS 0x00000000e9400000| PB 0x00000000e9400000| Untracked 
| 149|0x00000000e9500000, 0x00000000e9500000, 0x00000000e9600000|  0%| F|  |TAMS 0x00000000e9500000| PB 0x00000000e9500000| Untracked 
| 150|0x00000000e9600000, 0x00000000e9600000, 0x00000000e9700000|  0%| F|  |TAMS 0x00000000e9600000| PB 0x00000000e9600000| Untracked 
| 151|0x00000000e9700000, 0x00000000e9700000, 0x00000000e9800000|  0%| F|  |TAMS 0x00000000e9700000| PB 0x00000000e9700000| Untracked 
| 152|0x00000000e9800000, 0x00000000e9800000, 0x00000000e9900000|  0%| F|  |TAMS 0x00000000e9800000| PB 0x00000000e9800000| Untracked 
| 153|0x00000000e9900000, 0x00000000e9900000, 0x00000000e9a00000|  0%| F|  |TAMS 0x00000000e9900000| PB 0x00000000e9900000| Untracked 
| 154|0x00000000e9a00000, 0x00000000e9a00000, 0x00000000e9b00000|  0%| F|  |TAMS 0x00000000e9a00000| PB 0x00000000e9a00000| Untracked 
| 155|0x00000000e9b00000, 0x00000000e9b00000, 0x00000000e9c00000|  0%| F|  |TAMS 0x00000000e9b00000| PB 0x00000000e9b00000| Untracked 
| 156|0x00000000e9c00000, 0x00000000e9c00000, 0x00000000e9d00000|  0%| F|  |TAMS 0x00000000e9c00000| PB 0x00000000e9c00000| Untracked 
| 157|0x00000000e9d00000, 0x00000000e9d00000, 0x00000000e9e00000|  0%| F|  |TAMS 0x00000000e9d00000| PB 0x00000000e9d00000| Untracked 
| 158|0x00000000e9e00000, 0x00000000e9e00000, 0x00000000e9f00000|  0%| F|  |TAMS 0x00000000e9e00000| PB 0x00000000e9e00000| Untracked 
| 159|0x00000000e9f00000, 0x00000000e9f00000, 0x00000000ea000000|  0%| F|  |TAMS 0x00000000e9f00000| PB 0x00000000e9f00000| Untracked 
| 160|0x00000000ea000000, 0x00000000ea000000, 0x00000000ea100000|  0%| F|  |TAMS 0x00000000ea000000| PB 0x00000000ea000000| Untracked 
| 161|0x00000000ea100000, 0x00000000ea100000, 0x00000000ea200000|  0%| F|  |TAMS 0x00000000ea100000| PB 0x00000000ea100000| Untracked 
| 162|0x00000000ea200000, 0x00000000ea200000, 0x00000000ea300000|  0%| F|  |TAMS 0x00000000ea200000| PB 0x00000000ea200000| Untracked 
| 163|0x00000000ea300000, 0x00000000ea300000, 0x00000000ea400000|  0%| F|  |TAMS 0x00000000ea300000| PB 0x00000000ea300000| Untracked 
| 164|0x00000000ea400000, 0x00000000ea400000, 0x00000000ea500000|  0%| F|  |TAMS 0x00000000ea400000| PB 0x00000000ea400000| Untracked 
| 165|0x00000000ea500000, 0x00000000ea500000, 0x00000000ea600000|  0%| F|  |TAMS 0x00000000ea500000| PB 0x00000000ea500000| Untracked 
| 166|0x00000000ea600000, 0x00000000ea600000, 0x00000000ea700000|  0%| F|  |TAMS 0x00000000ea600000| PB 0x00000000ea600000| Untracked 
| 167|0x00000000ea700000, 0x00000000ea700000, 0x00000000ea800000|  0%| F|  |TAMS 0x00000000ea700000| PB 0x00000000ea700000| Untracked 
| 168|0x00000000ea800000, 0x00000000ea800000, 0x00000000ea900000|  0%| F|  |TAMS 0x00000000ea800000| PB 0x00000000ea800000| Untracked 
| 169|0x00000000ea900000, 0x00000000ea900000, 0x00000000eaa00000|  0%| F|  |TAMS 0x00000000ea900000| PB 0x00000000ea900000| Untracked 
| 170|0x00000000eaa00000, 0x00000000eaa00000, 0x00000000eab00000|  0%| F|  |TAMS 0x00000000eaa00000| PB 0x00000000eaa00000| Untracked 
| 171|0x00000000eab00000, 0x00000000eab00000, 0x00000000eac00000|  0%| F|  |TAMS 0x00000000eab00000| PB 0x00000000eab00000| Untracked 
| 172|0x00000000eac00000, 0x00000000eac00000, 0x00000000ead00000|  0%| F|  |TAMS 0x00000000eac00000| PB 0x00000000eac00000| Untracked 
| 173|0x00000000ead00000, 0x00000000ead00000, 0x00000000eae00000|  0%| F|  |TAMS 0x00000000ead00000| PB 0x00000000ead00000| Untracked 
| 174|0x00000000eae00000, 0x00000000eae00000, 0x00000000eaf00000|  0%| F|  |TAMS 0x00000000eae00000| PB 0x00000000eae00000| Untracked 
| 175|0x00000000eaf00000, 0x00000000eaf00000, 0x00000000eb000000|  0%| F|  |TAMS 0x00000000eaf00000| PB 0x00000000eaf00000| Untracked 
| 176|0x00000000eb000000, 0x00000000eb000000, 0x00000000eb100000|  0%| F|  |TAMS 0x00000000eb000000| PB 0x00000000eb000000| Untracked 
| 177|0x00000000eb100000, 0x00000000eb100000, 0x00000000eb200000|  0%| F|  |TAMS 0x00000000eb100000| PB 0x00000000eb100000| Untracked 
| 178|0x00000000eb200000, 0x00000000eb200000, 0x00000000eb300000|  0%| F|  |TAMS 0x00000000eb200000| PB 0x00000000eb200000| Untracked 
| 179|0x00000000eb300000, 0x00000000eb300000, 0x00000000eb400000|  0%| F|  |TAMS 0x00000000eb300000| PB 0x00000000eb300000| Untracked 
| 180|0x00000000eb400000, 0x00000000eb400000, 0x00000000eb500000|  0%| F|  |TAMS 0x00000000eb400000| PB 0x00000000eb400000| Untracked 
| 181|0x00000000eb500000, 0x00000000eb500000, 0x00000000eb600000|  0%| F|  |TAMS 0x00000000eb500000| PB 0x00000000eb500000| Untracked 
| 182|0x00000000eb600000, 0x00000000eb600000, 0x00000000eb700000|  0%| F|  |TAMS 0x00000000eb600000| PB 0x00000000eb600000| Untracked 
| 183|0x00000000eb700000, 0x00000000eb700000, 0x00000000eb800000|  0%| F|  |TAMS 0x00000000eb700000| PB 0x00000000eb700000| Untracked 
| 184|0x00000000eb800000, 0x00000000eb800000, 0x00000000eb900000|  0%| F|  |TAMS 0x00000000eb800000| PB 0x00000000eb800000| Untracked 
| 185|0x00000000eb900000, 0x00000000eb900000, 0x00000000eba00000|  0%| F|  |TAMS 0x00000000eb900000| PB 0x00000000eb900000| Untracked 
| 186|0x00000000eba00000, 0x00000000eba00000, 0x00000000ebb00000|  0%| F|  |TAMS 0x00000000eba00000| PB 0x00000000eba00000| Untracked 
| 187|0x00000000ebb00000, 0x00000000ebb00000, 0x00000000ebc00000|  0%| F|  |TAMS 0x00000000ebb00000| PB 0x00000000ebb00000| Untracked 
| 188|0x00000000ebc00000, 0x00000000ebc00000, 0x00000000ebd00000|  0%| F|  |TAMS 0x00000000ebc00000| PB 0x00000000ebc00000| Untracked 
| 189|0x00000000ebd00000, 0x00000000ebd00000, 0x00000000ebe00000|  0%| F|  |TAMS 0x00000000ebd00000| PB 0x00000000ebd00000| Untracked 
| 190|0x00000000ebe00000, 0x00000000ebe00000, 0x00000000ebf00000|  0%| F|  |TAMS 0x00000000ebe00000| PB 0x00000000ebe00000| Untracked 
| 191|0x00000000ebf00000, 0x00000000ebf00000, 0x00000000ec000000|  0%| F|  |TAMS 0x00000000ebf00000| PB 0x00000000ebf00000| Untracked 
| 192|0x00000000ec000000, 0x00000000ec000000, 0x00000000ec100000|  0%| F|  |TAMS 0x00000000ec000000| PB 0x00000000ec000000| Untracked 
| 193|0x00000000ec100000, 0x00000000ec100000, 0x00000000ec200000|  0%| F|  |TAMS 0x00000000ec100000| PB 0x00000000ec100000| Untracked 
| 194|0x00000000ec200000, 0x00000000ec200000, 0x00000000ec300000|  0%| F|  |TAMS 0x00000000ec200000| PB 0x00000000ec200000| Untracked 
| 195|0x00000000ec300000, 0x00000000ec300000, 0x00000000ec400000|  0%| F|  |TAMS 0x00000000ec300000| PB 0x00000000ec300000| Untracked 
| 196|0x00000000ec400000, 0x00000000ec400000, 0x00000000ec500000|  0%| F|  |TAMS 0x00000000ec400000| PB 0x00000000ec400000| Untracked 
| 197|0x00000000ec500000, 0x00000000ec500000, 0x00000000ec600000|  0%| F|  |TAMS 0x00000000ec500000| PB 0x00000000ec500000| Untracked 
| 198|0x00000000ec600000, 0x00000000ec600000, 0x00000000ec700000|  0%| F|  |TAMS 0x00000000ec600000| PB 0x00000000ec600000| Untracked 
| 199|0x00000000ec700000, 0x00000000ec700000, 0x00000000ec800000|  0%| F|  |TAMS 0x00000000ec700000| PB 0x00000000ec700000| Untracked 
| 200|0x00000000ec800000, 0x00000000ec800000, 0x00000000ec900000|  0%| F|  |TAMS 0x00000000ec800000| PB 0x00000000ec800000| Untracked 
| 201|0x00000000ec900000, 0x00000000ec900000, 0x00000000eca00000|  0%| F|  |TAMS 0x00000000ec900000| PB 0x00000000ec900000| Untracked 
| 202|0x00000000eca00000, 0x00000000eca00000, 0x00000000ecb00000|  0%| F|  |TAMS 0x00000000eca00000| PB 0x00000000eca00000| Untracked 
| 203|0x00000000ecb00000, 0x00000000ecb00000, 0x00000000ecc00000|  0%| F|  |TAMS 0x00000000ecb00000| PB 0x00000000ecb00000| Untracked 
| 204|0x00000000ecc00000, 0x00000000ecc00000, 0x00000000ecd00000|  0%| F|  |TAMS 0x00000000ecc00000| PB 0x00000000ecc00000| Untracked 
| 205|0x00000000ecd00000, 0x00000000ecd00000, 0x00000000ece00000|  0%| F|  |TAMS 0x00000000ecd00000| PB 0x00000000ecd00000| Untracked 
| 206|0x00000000ece00000, 0x00000000ece00000, 0x00000000ecf00000|  0%| F|  |TAMS 0x00000000ece00000| PB 0x00000000ece00000| Untracked 
| 207|0x00000000ecf00000, 0x00000000ecf00000, 0x00000000ed000000|  0%| F|  |TAMS 0x00000000ecf00000| PB 0x00000000ecf00000| Untracked 
| 208|0x00000000ed000000, 0x00000000ed000000, 0x00000000ed100000|  0%| F|  |TAMS 0x00000000ed000000| PB 0x00000000ed000000| Untracked 
| 209|0x00000000ed100000, 0x00000000ed100000, 0x00000000ed200000|  0%| F|  |TAMS 0x00000000ed100000| PB 0x00000000ed100000| Untracked 
| 210|0x00000000ed200000, 0x00000000ed200000, 0x00000000ed300000|  0%| F|  |TAMS 0x00000000ed200000| PB 0x00000000ed200000| Untracked 
| 211|0x00000000ed300000, 0x00000000ed300000, 0x00000000ed400000|  0%| F|  |TAMS 0x00000000ed300000| PB 0x00000000ed300000| Untracked 
| 212|0x00000000ed400000, 0x00000000ed400000, 0x00000000ed500000|  0%| F|  |TAMS 0x00000000ed400000| PB 0x00000000ed400000| Untracked 
| 213|0x00000000ed500000, 0x00000000ed500000, 0x00000000ed600000|  0%| F|  |TAMS 0x00000000ed500000| PB 0x00000000ed500000| Untracked 
| 214|0x00000000ed600000, 0x00000000ed600000, 0x00000000ed700000|  0%| F|  |TAMS 0x00000000ed600000| PB 0x00000000ed600000| Untracked 
| 215|0x00000000ed700000, 0x00000000ed700000, 0x00000000ed800000|  0%| F|  |TAMS 0x00000000ed700000| PB 0x00000000ed700000| Untracked 
| 216|0x00000000ed800000, 0x00000000ed800000, 0x00000000ed900000|  0%| F|  |TAMS 0x00000000ed800000| PB 0x00000000ed800000| Untracked 
| 217|0x00000000ed900000, 0x00000000eda00000, 0x00000000eda00000|100%| E|  |TAMS 0x00000000ed900000| PB 0x00000000ed900000| Complete 
| 218|0x00000000eda00000, 0x00000000edb00000, 0x00000000edb00000|100%| E|CS|TAMS 0x00000000eda00000| PB 0x00000000eda00000| Complete 
| 219|0x00000000edb00000, 0x00000000edc00000, 0x00000000edc00000|100%| E|CS|TAMS 0x00000000edb00000| PB 0x00000000edb00000| Complete 
| 220|0x00000000edc00000, 0x00000000edd00000, 0x00000000edd00000|100%| E|CS|TAMS 0x00000000edc00000| PB 0x00000000edc00000| Complete 
| 221|0x00000000edd00000, 0x00000000ede00000, 0x00000000ede00000|100%| E|CS|TAMS 0x00000000edd00000| PB 0x00000000edd00000| Complete 
| 222|0x00000000ede00000, 0x00000000edf00000, 0x00000000edf00000|100%| E|CS|TAMS 0x00000000ede00000| PB 0x00000000ede00000| Complete 
| 223|0x00000000edf00000, 0x00000000ee000000, 0x00000000ee000000|100%| E|CS|TAMS 0x00000000edf00000| PB 0x00000000edf00000| Complete 
| 224|0x00000000ee000000, 0x00000000ee100000, 0x00000000ee100000|100%| E|CS|TAMS 0x00000000ee000000| PB 0x00000000ee000000| Complete 
| 225|0x00000000ee100000, 0x00000000ee200000, 0x00000000ee200000|100%| E|CS|TAMS 0x00000000ee100000| PB 0x00000000ee100000| Complete 
| 226|0x00000000ee200000, 0x00000000ee300000, 0x00000000ee300000|100%| E|CS|TAMS 0x00000000ee200000| PB 0x00000000ee200000| Complete 
| 227|0x00000000ee300000, 0x00000000ee400000, 0x00000000ee400000|100%| E|CS|TAMS 0x00000000ee300000| PB 0x00000000ee300000| Complete 
| 228|0x00000000ee400000, 0x00000000ee500000, 0x00000000ee500000|100%| E|CS|TAMS 0x00000000ee400000| PB 0x00000000ee400000| Complete 
| 229|0x00000000ee500000, 0x00000000ee600000, 0x00000000ee600000|100%| E|CS|TAMS 0x00000000ee500000| PB 0x00000000ee500000| Complete 
| 230|0x00000000ee600000, 0x00000000ee700000, 0x00000000ee700000|100%| E|CS|TAMS 0x00000000ee600000| PB 0x00000000ee600000| Complete 
| 231|0x00000000ee700000, 0x00000000ee742d50, 0x00000000ee800000| 26%| S|CS|TAMS 0x00000000ee700000| PB 0x00000000ee700000| Complete 
| 232|0x00000000ee800000, 0x00000000ee900000, 0x00000000ee900000|100%| S|CS|TAMS 0x00000000ee800000| PB 0x00000000ee800000| Complete 
| 233|0x00000000ee900000, 0x00000000eea00000, 0x00000000eea00000|100%| S|CS|TAMS 0x00000000ee900000| PB 0x00000000ee900000| Complete 
| 234|0x00000000eea00000, 0x00000000eeb00000, 0x00000000eeb00000|100%| E|CS|TAMS 0x00000000eea00000| PB 0x00000000eea00000| Complete 
| 235|0x00000000eeb00000, 0x00000000eec00000, 0x00000000eec00000|100%| E|CS|TAMS 0x00000000eeb00000| PB 0x00000000eeb00000| Complete 
| 236|0x00000000eec00000, 0x00000000eed00000, 0x00000000eed00000|100%| E|CS|TAMS 0x00000000eec00000| PB 0x00000000eec00000| Complete 
| 237|0x00000000eed00000, 0x00000000eee00000, 0x00000000eee00000|100%| E|CS|TAMS 0x00000000eed00000| PB 0x00000000eed00000| Complete 
| 238|0x00000000eee00000, 0x00000000eef00000, 0x00000000eef00000|100%| E|CS|TAMS 0x00000000eee00000| PB 0x00000000eee00000| Complete 
| 239|0x00000000eef00000, 0x00000000ef000000, 0x00000000ef000000|100%| E|CS|TAMS 0x00000000eef00000| PB 0x00000000eef00000| Complete 
| 240|0x00000000ef000000, 0x00000000ef100000, 0x00000000ef100000|100%| E|CS|TAMS 0x00000000ef000000| PB 0x00000000ef000000| Complete 
| 241|0x00000000ef100000, 0x00000000ef200000, 0x00000000ef200000|100%| E|CS|TAMS 0x00000000ef100000| PB 0x00000000ef100000| Complete 
| 242|0x00000000ef200000, 0x00000000ef300000, 0x00000000ef300000|100%| E|CS|TAMS 0x00000000ef200000| PB 0x00000000ef200000| Complete 
| 243|0x00000000ef300000, 0x00000000ef400000, 0x00000000ef400000|100%| E|CS|TAMS 0x00000000ef300000| PB 0x00000000ef300000| Complete 
| 244|0x00000000ef400000, 0x00000000ef500000, 0x00000000ef500000|100%| E|CS|TAMS 0x00000000ef400000| PB 0x00000000ef400000| Complete 
| 245|0x00000000ef500000, 0x00000000ef600000, 0x00000000ef600000|100%| E|CS|TAMS 0x00000000ef500000| PB 0x00000000ef500000| Complete 
| 246|0x00000000ef600000, 0x00000000ef700000, 0x00000000ef700000|100%| E|CS|TAMS 0x00000000ef600000| PB 0x00000000ef600000| Complete 
| 247|0x00000000ef700000, 0x00000000ef800000, 0x00000000ef800000|100%| E|CS|TAMS 0x00000000ef700000| PB 0x00000000ef700000| Complete 
| 248|0x00000000ef800000, 0x00000000ef900000, 0x00000000ef900000|100%| E|CS|TAMS 0x00000000ef800000| PB 0x00000000ef800000| Complete 
| 249|0x00000000ef900000, 0x00000000efa00000, 0x00000000efa00000|100%| E|CS|TAMS 0x00000000ef900000| PB 0x00000000ef900000| Complete 
| 250|0x00000000efa00000, 0x00000000efb00000, 0x00000000efb00000|100%| E|CS|TAMS 0x00000000efa00000| PB 0x00000000efa00000| Complete 
| 251|0x00000000efb00000, 0x00000000efc00000, 0x00000000efc00000|100%| E|CS|TAMS 0x00000000efb00000| PB 0x00000000efb00000| Complete 
| 252|0x00000000efc00000, 0x00000000efd00000, 0x00000000efd00000|100%| E|CS|TAMS 0x00000000efc00000| PB 0x00000000efc00000| Complete 
| 253|0x00000000efd00000, 0x00000000efe00000, 0x00000000efe00000|100%| E|CS|TAMS 0x00000000efd00000| PB 0x00000000efd00000| Complete 
| 254|0x00000000efe00000, 0x00000000eff00000, 0x00000000eff00000|100%| E|CS|TAMS 0x00000000efe00000| PB 0x00000000efe00000| Complete 
| 255|0x00000000eff00000, 0x00000000f0000000, 0x00000000f0000000|100%| E|CS|TAMS 0x00000000eff00000| PB 0x00000000eff00000| Complete 

Card table byte_map: [0x0000018136490000,0x0000018136590000] _byte_map_base: 0x0000018135d90000

Marking Bits: (CMBitMap*) 0x000001811ca9a0f0
 Bits: [0x0000018136590000, 0x0000018136d90000)

Polling page: 0x000001811c9f0000

Metaspace:

Usage:
  Non-class:     21.40 MB used.
      Class:      3.56 MB used.
       Both:     24.96 MB used.

Virtual space:
  Non-class space:       64.00 MB reserved,      21.88 MB ( 34%) committed,  1 nodes.
      Class space:      320.00 MB reserved,       4.06 MB (  1%) committed,  1 nodes.
             Both:      384.00 MB reserved,      25.94 MB (  7%) committed. 

Chunk freelists:
   Non-Class:  9.44 MB
       Class:  11.80 MB
        Both:  21.23 MB

MaxMetaspaceSize: 384.00 MB
CompressedClassSpaceSize: 320.00 MB
Initial GC threshold: 21.00 MB
Current GC threshold: 35.12 MB
CDS: on
 - commit_granule_bytes: 65536.
 - commit_granule_words: 8192.
 - virtual_space_node_default_size: 8388608.
 - enlarge_chunks_in_place: 1.
 - use_allocation_guard: 0.


Internal statistics:

num_allocs_failed_limit: 3.
num_arena_births: 1474.
num_arena_deaths: 0.
num_vsnodes_births: 2.
num_vsnodes_deaths: 0.
num_space_committed: 415.
num_space_uncommitted: 0.
num_chunks_returned_to_freelist: 3.
num_chunks_taken_from_freelist: 2588.
num_chunk_merges: 3.
num_chunk_splits: 1675.
num_chunks_enlarged: 1074.
num_inconsistent_stats: 0.

CodeHeap 'non-profiled nmethods': size=120000Kb used=1708Kb max_used=1708Kb free=118291Kb
 bounds [0x000001812e1d0000, 0x000001812e440000, 0x0000018135700000]
CodeHeap 'profiled nmethods': size=120000Kb used=7022Kb max_used=7022Kb free=112977Kb
 bounds [0x0000018126700000, 0x0000018126de0000, 0x000001812dc30000]
CodeHeap 'non-nmethods': size=5760Kb used=1528Kb max_used=1563Kb free=4231Kb
 bounds [0x000001812dc30000, 0x000001812dea0000, 0x000001812e1d0000]
 total_blobs=4130 nmethods=3536 adapters=497
 compilation: enabled
              stopped_count=0, restarted_count=0
 full_count=0

Compilation events (20 events):
Event: 40.809 Thread 0x0000018139b88d70 nmethod 3536 0x0000018126dd8110 code [0x0000018126dd8320, 0x0000018126dd8860]
Event: 40.813 Thread 0x0000018139b82310 3537       4       com.google.common.base.CharMatcher::indexIn (48 bytes)
Event: 40.813 Thread 0x0000018139b88d70 3538       3       java.util.Collections$UnmodifiableCollection::size (10 bytes)
Event: 40.813 Thread 0x0000018139b88d70 nmethod 3538 0x0000018126dd8a10 code [0x0000018126dd8bc0, 0x0000018126dd8d98]
Event: 40.813 Thread 0x0000018139b88d70 3539       3       java.util.LinkedList::add (7 bytes)
Event: 40.813 Thread 0x0000018139b88d70 nmethod 3539 0x0000018126dd8e90 code [0x0000018126dd9040, 0x0000018126dd9198]
Event: 40.813 Thread 0x0000018139b88d70 3540       3       java.util.LinkedList::linkLast (59 bytes)
Event: 40.814 Thread 0x0000018139b88d70 nmethod 3540 0x0000018126dd9290 code [0x0000018126dd9460, 0x0000018126dd98b8]
Event: 40.814 Thread 0x0000018139b88d70 3541       3       com.google.common.cache.LocalCache::evictsBySize (15 bytes)
Event: 40.815 Thread 0x0000018139b88d70 nmethod 3541 0x0000018126dd9a10 code [0x0000018126dd9ba0, 0x0000018126dd9d10]
Event: 40.821 Thread 0x0000018139b88d70 3542       3       com.google.common.collect.ObjectArrays::checkElementNotNull (33 bytes)
Event: 40.821 Thread 0x0000018139b88d70 nmethod 3542 0x0000018126dd9d90 code [0x0000018126dd9fc0, 0x0000018126dda5a8]
Event: 40.822 Thread 0x0000018139b82310 nmethod 3537 0x000001812e37a990 code [0x000001812e37ab60, 0x000001812e37aef8]
Event: 40.822 Thread 0x0000018139b88d70 3543       3       com.google.common.base.CharMatcher$IsEither::matches (22 bytes)
Event: 40.822 Thread 0x0000018139b88d70 nmethod 3543 0x0000018126dda810 code [0x0000018126dda9c0, 0x0000018126ddab60]
Event: 40.830 Thread 0x0000018139b88d70 3544       3       com.google.common.collect.ImmutableList$Builder::add (6 bytes)
Event: 40.830 Thread 0x0000018139b88d70 nmethod 3544 0x0000018126ddac10 code [0x0000018126ddadc0, 0x0000018126ddaef8]
Event: 40.867 Thread 0x0000018139b88d70 3545       3       java.util.stream.AbstractPipeline::<init> (91 bytes)
Event: 40.867 Thread 0x0000018139b88d70 nmethod 3545 0x0000018126ddaf90 code [0x0000018126ddb1a0, 0x0000018126ddb818]
Event: 40.876 Thread 0x0000018139b82310 3546   !   4       java.net.URL::<init> (543 bytes)

GC Heap History (8 events):
Event: 2.273 GC heap before
{Heap before GC invocations=0 (full 0):
 garbage-first heap   total 262144K, used 26624K [0x00000000e0000000, 0x0000000100000000)
  region size 1024K, 23 young (23552K), 0 survivors (0K)
 Metaspace       used 2969K, committed 3072K, reserved 393216K
  class space    used 340K, committed 384K, reserved 327680K
}
Event: 3.052 GC heap after
{Heap after GC invocations=1 (full 0):
 garbage-first heap   total 262144K, used 11200K [0x00000000e0000000, 0x0000000100000000)
  region size 1024K, 3 young (3072K), 3 survivors (3072K)
 Metaspace       used 2969K, committed 3072K, reserved 393216K
  class space    used 340K, committed 384K, reserved 327680K
}
Event: 5.408 GC heap before
{Heap before GC invocations=1 (full 0):
 garbage-first heap   total 262144K, used 40896K [0x00000000e0000000, 0x0000000100000000)
  region size 1024K, 31 young (31744K), 3 survivors (3072K)
 Metaspace       used 4674K, committed 4928K, reserved 393216K
  class space    used 572K, committed 704K, reserved 327680K
}
Event: 5.412 GC heap after
{Heap after GC invocations=2 (full 0):
 garbage-first heap   total 262144K, used 15182K [0x00000000e0000000, 0x0000000100000000)
  region size 1024K, 3 young (3072K), 3 survivors (3072K)
 Metaspace       used 4674K, committed 4928K, reserved 393216K
  class space    used 572K, committed 704K, reserved 327680K
}
Event: 35.191 GC heap before
{Heap before GC invocations=2 (full 0):
 garbage-first heap   total 262144K, used 105294K [0x00000000e0000000, 0x0000000100000000)
  region size 1024K, 91 young (93184K), 3 survivors (3072K)
 Metaspace       used 18090K, committed 18624K, reserved 393216K
  class space    used 2416K, committed 2688K, reserved 327680K
}
Event: 35.791 GC heap after
{Heap after GC invocations=3 (full 0):
 garbage-first heap   total 262144K, used 23240K [0x00000000e0000000, 0x0000000100000000)
  region size 1024K, 11 young (11264K), 11 survivors (11264K)
 Metaspace       used 18090K, committed 18624K, reserved 393216K
  class space    used 2416K, committed 2688K, reserved 327680K
}
Event: 37.802 GC heap before
{Heap before GC invocations=3 (full 0):
 garbage-first heap   total 262144K, used 44744K [0x00000000e0000000, 0x0000000100000000)
  region size 1024K, 33 young (33792K), 11 survivors (11264K)
 Metaspace       used 20875K, committed 21504K, reserved 393216K
  class space    used 2879K, committed 3200K, reserved 327680K
}
Event: 37.836 GC heap after
{Heap after GC invocations=4 (full 0):
 garbage-first heap   total 262144K, used 25392K [0x00000000e0000000, 0x0000000100000000)
  region size 1024K, 3 young (3072K), 3 survivors (3072K)
 Metaspace       used 20875K, committed 21504K, reserved 393216K
  class space    used 2879K, committed 3200K, reserved 327680K
}

Dll operation events (15 events):
Event: 0.041 Loaded shared library D:\javar\bin\java.dll
Event: 0.253 Loaded shared library D:\javar\bin\jsvml.dll
Event: 0.521 Loaded shared library D:\javar\bin\zip.dll
Event: 0.528 Loaded shared library D:\javar\bin\instrument.dll
Event: 0.540 Loaded shared library D:\javar\bin\net.dll
Event: 0.587 Loaded shared library D:\javar\bin\nio.dll
Event: 0.594 Loaded shared library D:\javar\bin\zip.dll
Event: 1.076 Loaded shared library D:\javar\bin\jimage.dll
Event: 1.843 Loaded shared library D:\javar\bin\verify.dll
Event: 2.018 Loaded shared library C:\Users\hieun\.gradle\native\660c5614fbf4a5f2a75b1949f50a0caf5cd603558e7d8a26e50b933a0cfb79d1\windows-amd64\native-platform.dll
Event: 2.088 Loaded shared library C:\Users\hieun\.gradle\native\0.2.8\x86_64-windows-gnu\gradle-fileevents.dll
Event: 7.875 Loaded shared library D:\javar\bin\management.dll
Event: 7.896 Loaded shared library D:\javar\bin\management_ext.dll
Event: 9.943 Loaded shared library D:\javar\bin\extnet.dll
Event: 16.010 Loaded shared library D:\javar\bin\sunmscapi.dll

Deoptimization events (20 events):
Event: 39.503 Thread 0x0000018153066ad0 Uncommon trap: trap_request=0xffffffc6 fr.pc=0x000001812e347654 relative=0x0000000000000894
Event: 39.503 Thread 0x0000018153066ad0 Uncommon trap: reason=bimorphic_or_optimized_type_check action=maybe_recompile pc=0x000001812e347654 method=java.util.HashMap.putVal(ILjava/lang/Object;Ljava/lang/Object;ZZ)Ljava/lang/Object; @ 203 c2
Event: 39.503 Thread 0x0000018153066ad0 DEOPT PACKING pc=0x000001812e347654 sp=0x00000064c25fb450
Event: 39.503 Thread 0x0000018153066ad0 DEOPT UNPACKING pc=0x000001812dc846a2 sp=0x00000064c25fb3e0 mode 2
Event: 39.503 Thread 0x0000018153066ad0 Uncommon trap: trap_request=0xffffffc6 fr.pc=0x000001812e347654 relative=0x0000000000000894
Event: 39.503 Thread 0x0000018153066ad0 Uncommon trap: reason=bimorphic_or_optimized_type_check action=maybe_recompile pc=0x000001812e347654 method=java.util.HashMap.putVal(ILjava/lang/Object;Ljava/lang/Object;ZZ)Ljava/lang/Object; @ 203 c2
Event: 39.503 Thread 0x0000018153066ad0 DEOPT PACKING pc=0x000001812e347654 sp=0x00000064c25fb450
Event: 39.503 Thread 0x0000018153066ad0 DEOPT UNPACKING pc=0x000001812dc846a2 sp=0x00000064c25fb3e0 mode 2
Event: 39.887 Thread 0x0000018153066ad0 Uncommon trap: trap_request=0xffffffde fr.pc=0x000001812e1dc3c8 relative=0x00000000000001a8
Event: 39.888 Thread 0x0000018153066ad0 Uncommon trap: reason=class_check action=maybe_recompile pc=0x000001812e1dc3c8 method=java.lang.String.equals(Ljava/lang/Object;)Z @ 8 c2
Event: 39.888 Thread 0x0000018153066ad0 DEOPT PACKING pc=0x000001812e1dc3c8 sp=0x00000064c25fa270
Event: 39.888 Thread 0x0000018153066ad0 DEOPT UNPACKING pc=0x000001812dc846a2 sp=0x00000064c25fa208 mode 2
Event: 40.560 Thread 0x0000018153066ad0 Uncommon trap: trap_request=0xffffff45 fr.pc=0x000001812e31fd5c relative=0x0000000000000cbc
Event: 40.560 Thread 0x0000018153066ad0 Uncommon trap: reason=unstable_if action=reinterpret pc=0x000001812e31fd5c method=jdk.internal.org.objectweb.asm.SymbolTable.addType(Ljava/lang/String;)I @ 33 c2
Event: 40.560 Thread 0x0000018153066ad0 DEOPT PACKING pc=0x000001812e31fd5c sp=0x00000064c25fbdc0
Event: 40.560 Thread 0x0000018153066ad0 DEOPT UNPACKING pc=0x000001812dc846a2 sp=0x00000064c25fbcf8 mode 2
Event: 40.802 Thread 0x0000018153066ad0 Uncommon trap: trap_request=0xffffff76 fr.pc=0x000001812e365684 relative=0x00000000000001c4
Event: 40.802 Thread 0x0000018153066ad0 Uncommon trap: reason=predicate action=maybe_recompile pc=0x000001812e365684 method=com.google.common.base.CharMatcher.indexIn(Ljava/lang/CharSequence;I)I @ 19 c2
Event: 40.802 Thread 0x0000018153066ad0 DEOPT PACKING pc=0x000001812e365684 sp=0x00000064c25fafd0
Event: 40.802 Thread 0x0000018153066ad0 DEOPT UNPACKING pc=0x000001812dc846a2 sp=0x00000064c25faf60 mode 2

Classes loaded (20 events):
Event: 39.846 Loading class java/util/zip/GZIPOutputStream
Event: 39.846 Loading class java/util/zip/DeflaterOutputStream
Event: 39.846 Loading class java/util/zip/DeflaterOutputStream done
Event: 39.846 Loading class java/util/zip/GZIPOutputStream done
Event: 39.850 Loading class java/io/UnsupportedEncodingException
Event: 39.850 Loading class java/io/UnsupportedEncodingException done
Event: 40.614 Loading class java/util/stream/SliceOps
Event: 40.614 Loading class java/util/stream/SliceOps done
Event: 40.614 Loading class java/util/stream/SliceOps$1
Event: 40.614 Loading class java/util/stream/ReferencePipeline$StatefulOp
Event: 40.615 Loading class java/util/stream/ReferencePipeline$StatefulOp done
Event: 40.615 Loading class java/util/stream/SliceOps$1 done
Event: 40.677 Loading class java/util/stream/SliceOps$1$1
Event: 40.677 Loading class java/util/stream/SliceOps$1$1 done
Event: 40.779 Loading class java/util/concurrent/TimeoutException
Event: 40.779 Loading class java/util/concurrent/TimeoutException done
Event: 40.779 Loading class java/util/concurrent/CancellationException
Event: 40.779 Loading class java/util/concurrent/CancellationException done
Event: 40.887 Loading class java/util/concurrent/locks/AbstractQueuedSynchronizer$SharedNode
Event: 40.888 Loading class java/util/concurrent/locks/AbstractQueuedSynchronizer$SharedNode done

Classes unloaded (0 events):
No events

Classes redefined (0 events):
No events

Internal exceptions (20 events):
Event: 39.442 Thread 0x0000018153066ad0 Exception <a 'java/lang/NoSuchMethodError'{0x00000000ef409820}: 'void java.lang.invoke.DirectMethodHandle$Holder.invokeVirtual(java.lang.Object, java.lang.Object, java.lang.Object, java.lang.Object, java.lang.Object, java.lang.Object)'> (0x00000000ef409820) 
thrown [s\open\src\hotspot\share\interpreter\linkResolver.cpp, line 773]
Event: 39.443 Thread 0x0000018153066ad0 Exception <a 'java/lang/NoSuchMethodError'{0x00000000ef40d958}: 'void java.lang.invoke.DelegatingMethodHandle$Holder.reinvoke_L(java.lang.Object, java.lang.Object, java.lang.Object, java.lang.Object, java.lang.Object, java.lang.Object)'> (0x00000000ef40d958) 
thrown [s\open\src\hotspot\share\interpreter\linkResolver.cpp, line 773]
Event: 39.545 Thread 0x0000018153066ad0 Exception <a 'java/lang/NoSuchMethodError'{0x00000000ef3b1ac8}: 'java.lang.Object java.lang.invoke.DirectMethodHandle$Holder.newInvokeSpecial(java.lang.Object, java.lang.Object, java.lang.Object, java.lang.Object, java.lang.Object, java.lang.Object, java.lang.Object)'> (0x00000000ef3b1ac8) 
thrown [s\open\src\hotspot\share\interpreter\linkResolver.cpp, line 773]
Event: 40.059 Thread 0x0000018153066ad0 Exception <a 'java/lang/NoSuchMethodError'{0x00000000ee621d60}: 'java.lang.Object java.lang.invoke.DirectMethodHandle$Holder.invokeSpecial(java.lang.Object, java.lang.Object, java.lang.Object, java.lang.Object, java.lang.Object, java.lang.Object, java.lang.Object, java.lang.Object, java.lang.Object, java.lang.Object, java.lang.Object, java.lang.Object, java.lang.Object, java.lang.Object, java.lang.Object, java.lang.Object, java.lang.Object, java.lang.Object, java.lang.Object, java.lang.Object, java.lang.Ob
Event: 40.060 Thread 0x0000018153066ad0 Exception <a 'java/lang/NoSuchMethodError'{0x00000000ee627898}: 'java.lang.Object java.lang.invoke.DelegatingMethodHandle$Holder.reinvoke_L(java.lang.Object, java.lang.Object, java.lang.Object, java.lang.Object, java.lang.Object, java.lang.Object, java.lang.Object, java.lang.Object, java.lang.Object, java.lang.Object, java.lang.Object, java.lang.Object, java.lang.Object, java.lang.Object, java.lang.Object, java.lang.Object, java.lang.Object, java.lang.Object, java.lang.Object, java.lang.Object, java.lang.O
Event: 40.060 Thread 0x0000018153066ad0 Exception <a 'java/lang/NoSuchMethodError'{0x00000000ee633208}: 'java.lang.Object java.lang.invoke.DirectMethodHandle$Holder.invokeSpecial(java.lang.Object, java.lang.Object, java.lang.Object, java.lang.Object, java.lang.Object, java.lang.Object, java.lang.Object, java.lang.Object, java.lang.Object, java.lang.Object, java.lang.Object, java.lang.Object, java.lang.Object, java.lang.Object, java.lang.Object, java.lang.Object, java.lang.Object, java.lang.Object, java.lang.Object, java.lang.Object, java.lang.Ob
Event: 40.060 Thread 0x0000018153066ad0 Exception <a 'java/lang/NoSuchMethodError'{0x00000000ee638b88}: 'java.lang.Object java.lang.invoke.Invokers$Holder.invoker(java.lang.Object, java.lang.Object, java.lang.Object, java.lang.Object, java.lang.Object, java.lang.Object, java.lang.Object, java.lang.Object, java.lang.Object, java.lang.Object, java.lang.Object, java.lang.Object, java.lang.Object, java.lang.Object, java.lang.Object, java.lang.Object, java.lang.Object, java.lang.Object, java.lang.Object, java.lang.Object, java.lang.Object, java.lang.
Event: 40.061 Thread 0x0000018153066ad0 Exception <a 'java/lang/NoSuchMethodError'{0x00000000ee63ef08}: 'java.lang.Object java.lang.invoke.DelegatingMethodHandle$Holder.delegate(java.lang.Object, java.lang.Object, java.lang.Object, java.lang.Object, java.lang.Object, java.lang.Object, java.lang.Object, java.lang.Object, java.lang.Object, java.lang.Object, java.lang.Object, java.lang.Object, java.lang.Object, java.lang.Object, java.lang.Object, java.lang.Object, java.lang.Object, java.lang.Object, java.lang.Object, java.lang.Object, java.lang.Obj
Event: 40.132 Thread 0x0000018153066ad0 Exception <a 'java/lang/NoSuchMethodError'{0x00000000ee41d140}: 'java.lang.Object java.lang.invoke.DirectMethodHandle$Holder.invokeStaticInit(java.lang.Object, java.lang.Object, java.lang.Object)'> (0x00000000ee41d140) 
thrown [s\open\src\hotspot\share\interpreter\linkResolver.cpp, line 773]
Event: 40.248 Thread 0x0000018153066ad0 Exception <a 'java/lang/NoSuchMethodError'{0x00000000ee20f6a8}: 'int java.lang.invoke.DirectMethodHandle$Holder.invokeStaticInit(java.lang.Object, java.lang.Object)'> (0x00000000ee20f6a8) 
thrown [s\open\src\hotspot\share\interpreter\linkResolver.cpp, line 773]
Event: 40.260 Thread 0x0000018153066ad0 Exception <a 'java/lang/IncompatibleClassChangeError'{0x00000000ee24b3b8}: Found class java.lang.Object, but interface was expected> (0x00000000ee24b3b8) 
thrown [s\open\src\hotspot\share\interpreter\linkResolver.cpp, line 840]
Event: 40.320 Thread 0x0000018153066ad0 Exception <a 'java/lang/NoSuchMethodError'{0x00000000ee103ba0}: 'java.lang.Object java.lang.invoke.DirectMethodHandle$Holder.invokeVirtual(java.lang.Object, java.lang.Object, java.lang.Object, java.lang.Object, java.lang.Object, java.lang.Object, java.lang.Object, java.lang.Object, java.lang.Object, java.lang.Object, java.lang.Object, java.lang.Object, java.lang.Object)'> (0x00000000ee103ba0) 
thrown [s\open\src\hotspot\share\interpreter\linkResolver.cpp, line 773]
Event: 40.322 Thread 0x0000018153066ad0 Exception <a 'java/lang/NoSuchMethodError'{0x00000000ee108db8}: 'java.lang.Object java.lang.invoke.DirectMethodHandle$Holder.invokeSpecial(java.lang.Object, java.lang.Object, java.lang.Object, java.lang.Object, java.lang.Object, java.lang.Object, java.lang.Object, java.lang.Object, java.lang.Object, java.lang.Object, java.lang.Object, java.lang.Object, java.lang.Object, java.lang.Object)'> (0x00000000ee108db8) 
thrown [s\open\src\hotspot\share\interpreter\linkResolver.cpp, line 773]
Event: 40.323 Thread 0x0000018153066ad0 Exception <a 'java/lang/NoSuchMethodError'{0x00000000ee10d858}: 'java.lang.Object java.lang.invoke.DelegatingMethodHandle$Holder.reinvoke_L(java.lang.Object, java.lang.Object, java.lang.Object, java.lang.Object, java.lang.Object, java.lang.Object, java.lang.Object, java.lang.Object, java.lang.Object, java.lang.Object, java.lang.Object, java.lang.Object, java.lang.Object)'> (0x00000000ee10d858) 
thrown [s\open\src\hotspot\share\interpreter\linkResolver.cpp, line 773]
Event: 40.419 Thread 0x0000018153066ad0 Exception <a 'java/lang/NoSuchMethodError'{0x00000000ee0760d0}: 'void java.lang.invoke.DirectMethodHandle$Holder.invokeStaticInit(java.lang.Object, java.lang.Object)'> (0x00000000ee0760d0) 
thrown [s\open\src\hotspot\share\interpreter\linkResolver.cpp, line 773]
Event: 40.508 Thread 0x0000018153066ad0 Exception <a 'java/lang/NoSuchMethodError'{0x00000000edfeb198}: 'java.lang.Object java.lang.invoke.DirectMethodHandle$Holder.newInvokeSpecial(java.lang.Object, java.lang.Object, java.lang.Object, java.lang.Object, java.lang.Object, java.lang.Object, java.lang.Object, java.lang.Object, java.lang.Object, java.lang.Object, java.lang.Object, java.lang.Object, java.lang.Object, java.lang.Object, java.lang.Object)'> (0x00000000edfeb198) 
thrown [s\open\src\hotspot\share\interpreter\linkResolver.cpp, line 773]
Event: 40.510 Thread 0x0000018153066ad0 Exception <a 'java/lang/NoSuchMethodError'{0x00000000edff0d98}: 'java.lang.Object java.lang.invoke.DirectMethodHandle$Holder.invokeSpecial(java.lang.Object, java.lang.Object, java.lang.Object, java.lang.Object, java.lang.Object, java.lang.Object, java.lang.Object, java.lang.Object, java.lang.Object, java.lang.Object, java.lang.Object, java.lang.Object, java.lang.Object, java.lang.Object, java.lang.Object, java.lang.Object)'> (0x00000000edff0d98) 
thrown [s\open\src\hotspot\share\interpreter\linkResolver.cp
Event: 40.511 Thread 0x0000018153066ad0 Exception <a 'java/lang/NoSuchMethodError'{0x00000000edff5b28}: 'java.lang.Object java.lang.invoke.DelegatingMethodHandle$Holder.reinvoke_L(java.lang.Object, java.lang.Object, java.lang.Object, java.lang.Object, java.lang.Object, java.lang.Object, java.lang.Object, java.lang.Object, java.lang.Object, java.lang.Object, java.lang.Object, java.lang.Object, java.lang.Object, java.lang.Object, java.lang.Object)'> (0x00000000edff5b28) 
thrown [s\open\src\hotspot\share\interpreter\linkResolver.cpp, line 773]
Event: 40.714 Thread 0x0000018153066ad0 Exception <a 'java/lang/NoSuchMethodError'{0x00000000edb11c40}: 'java.lang.Object java.lang.invoke.DirectMethodHandle$Holder.newInvokeSpecial(java.lang.Object, java.lang.Object, java.lang.Object, java.lang.Object, java.lang.Object, java.lang.Object, java.lang.Object, java.lang.Object, java.lang.Object)'> (0x00000000edb11c40) 
thrown [s\open\src\hotspot\share\interpreter\linkResolver.cpp, line 773]
Event: 40.757 Thread 0x0000018153066ad0 Exception <a 'java/lang/IncompatibleClassChangeError'{0x00000000edbcd018}: Found class java.lang.Object, but interface was expected> (0x00000000edbcd018) 
thrown [s\open\src\hotspot\share\interpreter\linkResolver.cpp, line 840]

ZGC Phase Switch (0 events):
No events

VM Operations (20 events):
Event: 33.966 Executing VM operation: HandshakeAllThreads (Deoptimize)
Event: 34.851 Executing VM operation: HandshakeAllThreads (Deoptimize) done
Event: 34.853 Executing VM operation: HandshakeAllThreads (Deoptimize)
Event: 34.853 Executing VM operation: HandshakeAllThreads (Deoptimize) done
Event: 35.191 Executing VM operation: G1CollectForAllocation (G1 Evacuation Pause)
Event: 35.795 Executing VM operation: G1CollectForAllocation (G1 Evacuation Pause) done
Event: 36.811 Executing VM operation: Cleanup
Event: 36.815 Executing VM operation: Cleanup done
Event: 37.802 Executing VM operation: CollectForMetadataAllocation (Metadata GC Threshold)
Event: 37.846 Executing VM operation: CollectForMetadataAllocation (Metadata GC Threshold) done
Event: 37.858 Executing VM operation: G1PauseRemark
Event: 37.884 Executing VM operation: G1PauseRemark done
Event: 37.888 Executing VM operation: G1PauseCleanup
Event: 37.894 Executing VM operation: G1PauseCleanup done
Event: 38.898 Executing VM operation: Cleanup
Event: 38.898 Executing VM operation: Cleanup done
Event: 39.904 Executing VM operation: Cleanup
Event: 39.904 Executing VM operation: Cleanup done
Event: 40.615 Executing VM operation: HandshakeAllThreads (Deoptimize)
Event: 40.654 Executing VM operation: HandshakeAllThreads (Deoptimize) done

Events (20 events):
Event: 0.219 Thread 0x0000018139b88d70 Thread added: 0x0000018139b88d70
Event: 0.530 Thread 0x0000018139d458f0 Thread added: 0x0000018139d458f0
Event: 0.629 Thread 0x0000018139d7b270 Thread added: 0x0000018139d7b270
Event: 8.171 Thread 0x0000018154d402f0 Thread added: 0x0000018154d402f0
Event: 11.328 Thread 0x0000018154e7d400 Thread added: 0x0000018154e7d400
Event: 12.799 Thread 0x0000018139d66010 Thread added: 0x0000018139d66010
Event: 16.300 Thread 0x0000018139d43c50 Thread added: 0x0000018139d43c50
Event: 16.406 Thread 0x0000018154039470 Thread added: 0x0000018154039470
Event: 16.482 Thread 0x0000018153065a60 Thread added: 0x0000018153065a60
Event: 18.967 Thread 0x0000018153066ad0 Thread added: 0x0000018153066ad0
Event: 19.010 Thread 0x00000181531b7a70 Thread added: 0x00000181531b7a70
Event: 19.077 Thread 0x00000181531b6d50 Thread added: 0x00000181531b6d50
Event: 19.154 Thread 0x00000181531b73e0 Thread added: 0x00000181531b73e0
Event: 29.756 Thread 0x00000181531b6030 Thread added: 0x00000181531b6030
Event: 29.815 Thread 0x00000181531b59a0 Thread added: 0x00000181531b59a0
Event: 30.586 Thread 0x00000181531b8100 Thread added: 0x00000181531b8100
Event: 30.760 Thread 0x00000181531b66c0 Thread added: 0x00000181531b66c0
Event: 39.924 Thread 0x0000018155293f30 Thread added: 0x0000018155293f30
Event: 40.018 Thread 0x00000181552952e0 Thread added: 0x00000181552952e0
Event: 40.887 Thread 0x00000181552924f0 Thread added: 0x00000181552924f0


Dynamic libraries:
0x00007ff6a9cf0000 - 0x00007ff6a9d00000 	D:\javar\bin\java.exe
0x00007fffaf4a0000 - 0x00007fffaf707000 	C:\Windows\SYSTEM32\ntdll.dll
0x00007fffadd00000 - 0x00007fffaddcb000 	C:\Windows\System32\KERNEL32.DLL
0x00007fffac730000 - 0x00007fffacb32000 	C:\Windows\System32\KERNELBASE.dll
0x00007fffa85e0000 - 0x00007fffa867f000 	C:\Windows\SYSTEM32\apphelp.dll
0x00007fffacc30000 - 0x00007fffacd7c000 	C:\Windows\System32\ucrtbase.dll
0x00007ffedfda0000 - 0x00007ffedfdb9000 	D:\javar\bin\jli.dll
0x00007fffae990000 - 0x00007fffaea4c000 	C:\Windows\System32\ADVAPI32.dll
0x00007fffadb90000 - 0x00007fffadc39000 	C:\Windows\System32\msvcrt.dll
0x00007fffadc40000 - 0x00007fffadce9000 	C:\Windows\System32\sechost.dll
0x00007fffad940000 - 0x00007fffada58000 	C:\Windows\System32\RPCRT4.dll
0x00007fffad6a0000 - 0x00007fffad86f000 	C:\Windows\System32\USER32.dll
0x00007ffedfce0000 - 0x00007ffedfcfe000 	D:\javar\bin\VCRUNTIME140.dll
0x00007fffacc00000 - 0x00007fffacc27000 	C:\Windows\System32\win32u.dll
0x00007fffaf430000 - 0x00007fffaf45b000 	C:\Windows\System32\GDI32.dll
0x00007fffad090000 - 0x00007fffad1b9000 	C:\Windows\System32\gdi32full.dll
0x00007fffacf20000 - 0x00007fffacfc3000 	C:\Windows\System32\msvcp_win.dll
0x00007fffa9ad0000 - 0x00007fffa9adb000 	C:\Windows\SYSTEM32\VERSION.dll
0x00007fffab890000 - 0x00007fffabb20000 	C:\Windows\WinSxS\amd64_microsoft.windows.common-controls_6595b64144ccf1df_6.0.26100.9278_none_3e0d1ba8e3303201\COMCTL32.dll
0x00007fffad2d0000 - 0x00007fffad301000 	C:\Windows\System32\IMM32.DLL
0x00007fff8e290000 - 0x00007fff8e29c000 	D:\javar\bin\vcruntime140_1.dll
0x00007ffede410000 - 0x00007ffede49d000 	D:\javar\bin\msvcp140.dll
0x00007ffed9070000 - 0x00007ffed9d98000 	D:\javar\bin\server\jvm.dll
0x00007fffae310000 - 0x00007fffae390000 	C:\Windows\System32\WS2_32.dll
0x00007fffac500000 - 0x00007fffac55e000 	C:\Windows\SYSTEM32\POWRPROF.dll
0x00007fffa0d00000 - 0x00007fffa0d36000 	C:\Windows\SYSTEM32\WINMM.dll
0x00007fffac4e0000 - 0x00007fffac4f5000 	C:\Windows\SYSTEM32\UMPDC.dll
0x00007fffaad40000 - 0x00007fffaad5b000 	C:\Windows\SYSTEM32\kernel.appcore.dll
0x00007fff87020000 - 0x00007fff8702a000 	D:\javar\bin\jimage.dll
0x00007fffabe20000 - 0x00007fffac06c000 	C:\Windows\SYSTEM32\DBGHELP.DLL
0x00007fffad310000 - 0x00007fffad695000 	C:\Windows\System32\combase.dll
0x00007fffae020000 - 0x00007fffae0f9000 	C:\Windows\System32\OLEAUT32.dll
0x00007fffabd10000 - 0x00007fffabd4b000 	C:\Windows\SYSTEM32\dbgcore.DLL
0x00007fffacfd0000 - 0x00007fffad07c000 	C:\Windows\System32\bcryptPrimitives.dll
0x00007fff75da0000 - 0x00007fff75db0000 	D:\javar\bin\instrument.dll
0x00007ffedfc20000 - 0x00007ffedfc41000 	D:\javar\bin\java.dll
0x00007fffaea60000 - 0x00007fffaf1f8000 	C:\Windows\System32\SHELL32.dll
0x00007fffa90d0000 - 0x00007fffa997e000 	C:\Windows\SYSTEM32\windows.storage.dll
0x00007fffad1d0000 - 0x00007fffad2cb000 	C:\Windows\System32\SHCORE.dll
0x00007fffada90000 - 0x00007fffadaf6000 	C:\Windows\System32\shlwapi.dll
0x00007fffac5c0000 - 0x00007fffac5e9000 	C:\Windows\SYSTEM32\profapi.dll
0x00007ffede4a0000 - 0x00007ffede577000 	D:\javar\bin\jsvml.dll
0x00007ffedfdc0000 - 0x00007ffedfdd8000 	D:\javar\bin\zip.dll
0x00007ffedfe00000 - 0x00007ffedfe11000 	D:\javar\bin\net.dll
0x00007fffa0d70000 - 0x00007fffa0e9a000 	C:\Windows\SYSTEM32\WINHTTP.dll
0x00007fffaa900000 - 0x00007fffaa96c000 	C:\Windows\system32\mswsock.dll
0x00007ffedfde0000 - 0x00007ffedfdf6000 	D:\javar\bin\nio.dll
0x00007fff86820000 - 0x00007fff86830000 	D:\javar\bin\verify.dll
0x00007ffedfbf0000 - 0x00007ffedfc17000 	C:\Users\hieun\.gradle\native\660c5614fbf4a5f2a75b1949f50a0caf5cd603558e7d8a26e50b933a0cfb79d1\windows-amd64\native-platform.dll
0x00007ffede260000 - 0x00007ffede2d7000 	C:\Users\hieun\.gradle\native\0.2.8\x86_64-windows-gnu\gradle-fileevents.dll
0x00007fff1cb00000 - 0x00007fff1cb0a000 	D:\javar\bin\management.dll
0x00007fff1c710000 - 0x00007fff1c71c000 	D:\javar\bin\management_ext.dll
0x00007fffadcf0000 - 0x00007fffadcf8000 	C:\Windows\System32\PSAPI.DLL
0x00007fffa9dd0000 - 0x00007fffa9e03000 	C:\Windows\SYSTEM32\IPHLPAPI.DLL
0x00007fffae010000 - 0x00007fffae01a000 	C:\Windows\System32\NSI.dll
0x00007fff86540000 - 0x00007fff86549000 	D:\javar\bin\extnet.dll
0x00007fffac1a0000 - 0x00007fffac1bb000 	C:\Windows\SYSTEM32\CRYPTSP.dll
0x00007fffaa300000 - 0x00007fffaa339000 	C:\Windows\system32\rsaenh.dll
0x00007fffaa9b0000 - 0x00007fffaa9e4000 	C:\Windows\SYSTEM32\USERENV.dll
0x00007fffac590000 - 0x00007fffac5ba000 	C:\Windows\SYSTEM32\bcrypt.dll
0x00007fffaabf0000 - 0x00007fffaabfc000 	C:\Windows\SYSTEM32\CRYPTBASE.dll
0x00007fffa3970000 - 0x00007fffa397e000 	D:\javar\bin\sunmscapi.dll
0x00007fffacd90000 - 0x00007fffacf0e000 	C:\Windows\System32\CRYPT32.dll
0x00007fffab710000 - 0x00007fffab740000 	C:\Windows\SYSTEM32\ncrypt.dll
0x00007fffab600000 - 0x00007fffab63f000 	C:\Windows\SYSTEM32\NTASN1.dll
0x00007fff76750000 - 0x00007fff76758000 	C:\Windows\system32\wshunix.dll

dbghelp: loaded successfully - version: 4.0.5 - missing functions: none
symbol engine: initialized successfully - sym options: 0x614 - pdb path: .;D:\javar\bin;C:\Windows\SYSTEM32;C:\Windows\WinSxS\amd64_microsoft.windows.common-controls_6595b64144ccf1df_6.0.26100.9278_none_3e0d1ba8e3303201;D:\javar\bin\server;C:\Users\hieun\.gradle\native\660c5614fbf4a5f2a75b1949f50a0caf5cd603558e7d8a26e50b933a0cfb79d1\windows-amd64;C:\Users\hieun\.gradle\native\0.2.8\x86_64-windows-gnu

VM Arguments:
jvm_args: --add-opens=java.base/java.lang=ALL-UNNAMED --add-opens=java.base/java.lang.invoke=ALL-UNNAMED --add-opens=java.base/java.util=ALL-UNNAMED --add-opens=java.prefs/java.util.prefs=ALL-UNNAMED --add-exports=jdk.compiler/com.sun.tools.javac.api=ALL-UNNAMED --add-exports=jdk.compiler/com.sun.tools.javac.util=ALL-UNNAMED --add-opens=java.base/java.nio.charset=ALL-UNNAMED --add-opens=java.base/java.net=ALL-UNNAMED --add-opens=java.base/java.util.concurrent=ALL-UNNAMED --add-opens=java.base/java.util.concurrent.atomic=ALL-UNNAMED --add-opens=java.xml/javax.xml.namespace=ALL-UNNAMED --add-opens=java.base/java.time=ALL-UNNAMED -XX:MaxMetaspaceSize=384m -XX:+HeapDumpOnOutOfMemoryError -Xms256m -Xmx512m -Dfile.encoding=UTF-8 -Duser.country=US -Duser.language=en -Duser.variant -javaagent:C:\Users\hieun\.gradle\wrapper\dists\gradle-9.5.1-bin\iq79hdu3mqx29lgffhp8bfmx\gradle-9.5.1\lib\agents\gradle-instrumentation-agent-9.5.1.jar 
java_command: org.gradle.launcher.daemon.bootstrap.GradleDaemon 9.5.1
java_class_path (initial): C:\Users\hieun\.gradle\wrapper\dists\gradle-9.5.1-bin\iq79hdu3mqx29lgffhp8bfmx\gradle-9.5.1\lib\gradle-daemon-main-9.5.1.jar
Launcher Type: SUN_STANDARD

[Global flags]
     intx CICompilerCount                          = 4                                         {product} {ergonomic}
   size_t CompressedClassSpaceSize                 = 335544320                                 {product} {ergonomic}
     uint ConcGCThreads                            = 3                                         {product} {ergonomic}
     uint G1ConcRefinementThreads                  = 10                                        {product} {ergonomic}
   size_t G1HeapRegionSize                         = 1048576                                   {product} {ergonomic}
    uintx GCDrainStackTargetSize                   = 64                                        {product} {ergonomic}
     bool HeapDumpOnOutOfMemoryError               = true                                   {manageable} {command line}
   size_t InitialHeapSize                          = 268435456                                 {product} {command line}
   size_t MarkStackSize                            = 4194304                                   {product} {ergonomic}
   size_t MaxHeapSize                              = 536870912                                 {product} {command line}
   size_t MaxMetaspaceSize                         = 402653184                                 {product} {command line}
   size_t MaxNewSize                               = 321912832                                 {product} {ergonomic}
   size_t MinHeapDeltaBytes                        = 1048576                                   {product} {ergonomic}
   size_t MinHeapSize                              = 268435456                                 {product} {command line}
    uintx NonNMethodCodeHeapSize                   = 5839372                                {pd product} {ergonomic}
    uintx NonProfiledCodeHeapSize                  = 122909434                              {pd product} {ergonomic}
    uintx ProfiledCodeHeapSize                     = 122909434                              {pd product} {ergonomic}
    uintx ReservedCodeCacheSize                    = 251658240                              {pd product} {ergonomic}
     bool SegmentedCodeCache                       = true                                      {product} {ergonomic}
   size_t SoftMaxHeapSize                          = 536870912                              {manageable} {ergonomic}
     bool UseCompressedOops                        = true                           {product lp64_product} {ergonomic}
     bool UseG1GC                                  = true                                      {product} {ergonomic}
     bool UseLargePagesIndividualAllocation        = false                                  {pd product} {ergonomic}

Logging:
Log output configuration:
 #0: stdout all=warning uptime,level,tags foldmultilines=false
 #1: stderr all=off uptime,level,tags foldmultilines=false

Environment Variables:
PATH=C:\Program Files\Common Files\Oracle\Java\javapath;C:\Windows\system32;C:\Windows;C:\Windows\System32\Wbem;C:\Windows\System32\WindowsPowerShell\v1.0\;C:\Windows\System32\OpenSSH\;C:\Program Files (x86)\NVIDIA Corporation\PhysX\Common;C:\Program Files\dotnet\;D:\Git\cmd;C:\Program Files\NVIDIA Corporation\NVIDIA App\NvDLISR;C:\Program Files\Docker\Docker\resources\bin;C:\ProgramData\chocolatey\bin;D:\node js\;C:\Users\hieun\AppData\Local\Programs\Python\Launcher\;C:\Users\hieun\AppData\Local\Microsoft\WindowsApps;D:\Microsoft VS Code\bin;C:\Users\hieun\AppData\Roaming\npm
USERNAME=hieun
OS=Windows_NT
PROCESSOR_IDENTIFIER=AMD64 Family 25 Model 68 Stepping 1, AuthenticAMD
TMP=C:\Users\hieun\AppData\Local\Temp
TEMP=C:\Users\hieun\AppData\Local\Temp




Periodic native trim disabled

---------------  S Y S T E M  ---------------

OS:
 Windows 11 , 64 bit Build 26100 (10.0.26100.9444)
OS uptime: 1 days 0:36 hours
Hyper-V role detected

CPU: total 12 (initial active 12) (12 cores per cpu, 2 threads per core) family 25 model 68 stepping 1 microcode 0xa404107, cx8, cmov, fxsr, ht, mmx, 3dnowpref, sse, sse2, sse3, ssse3, sse4a, sse4.1, sse4.2, popcnt, lzcnt, tsc, tscinvbit, avx, avx2, aes, erms, clmul, bmi1, bmi2, adx, sha, fma, vzeroupper, clflush, clflushopt, hv, rdtscp, rdpid, fsrm, f16c, cet_ss
Processor Information for all 12 processors :
  Max Mhz: 3301, Current Mhz: 3301, Mhz Limit: 3301

Memory: 4k page, system-wide physical 15690M (441M free)
TotalPageFile size 48779M (AvailPageFile size 38M)
current process WorkingSet (physical memory assigned to process): 229M, peak: 229M
current process commit charge ("private bytes"): 437M, peak: 438M

vm_info: Java HotSpot(TM) 64-Bit Server VM (21.0.11+9-LTS-211) for windows-amd64 JRE (21.0.11+9-LTS-211), built on 2026-03-11T00:23:15Z by "mach5run" with MS VC++ 17.13 (VS2022)

END.
