#
# There is insufficient memory for the Java Runtime Environment to continue.
# Native memory allocation (malloc) failed to allocate 32744 bytes for Chunk::new
# Possible reasons:
#   The system is out of physical RAM or swap space
#   The process is running with CompressedOops enabled, and the Java Heap may be blocking the growth of the native heap
# Possible solutions:
#   Reduce memory load on the system
#   Increase physical memory or swap space
#   Check if swap backing store is full
#   Decrease Java heap size (-Xmx/-Xms)
#   Decrease number of Java threads
#   Decrease Java thread stack sizes (-Xss)
#   Set larger code cache with -XX:ReservedCodeCacheSize=
#   JVM is running with Unscaled Compressed Oops mode in which the Java heap is
#     placed in the first 4GB address space. The Java Heap base address is the
#     maximum limit for the native heap growth. Please use -XX:HeapBaseMinAddress
#     to set the Java Heap base and to place the Java Heap above 4GB virtual address.
# This output file may be truncated or incomplete.
#
#  Out of Memory Error (arena.cpp:168), pid=54724, tid=56164
#
# JRE version: Java(TM) SE Runtime Environment (21.0.11+9) (build 21.0.11+9-LTS-211)
# Java VM: Java HotSpot(TM) 64-Bit Server VM (21.0.11+9-LTS-211, mixed mode, sharing, tiered, compressed oops, compressed class ptrs, g1 gc, windows-amd64)
# No core dump will be written. Minidumps are not enabled by default on client versions of Windows
#

---------------  S U M M A R Y ------------

Command Line: --add-opens=java.base/java.lang=ALL-UNNAMED --add-opens=java.base/java.lang.invoke=ALL-UNNAMED --add-opens=java.base/java.util=ALL-UNNAMED --add-opens=java.prefs/java.util.prefs=ALL-UNNAMED --add-exports=jdk.compiler/com.sun.tools.javac.api=ALL-UNNAMED --add-exports=jdk.compiler/com.sun.tools.javac.util=ALL-UNNAMED --add-opens=java.base/java.nio.charset=ALL-UNNAMED --add-opens=java.base/java.net=ALL-UNNAMED --add-opens=java.base/java.util.concurrent=ALL-UNNAMED --add-opens=java.base/java.util.concurrent.atomic=ALL-UNNAMED --add-opens=java.xml/javax.xml.namespace=ALL-UNNAMED --add-opens=java.base/java.time=ALL-UNNAMED -XX:MaxMetaspaceSize=384m -XX:+HeapDumpOnOutOfMemoryError -Xms256m -Xmx512m -Dfile.encoding=UTF-8 -Duser.country=US -Duser.language=en -Duser.variant -javaagent:C:\Users\hieun\.gradle\wrapper\dists\gradle-9.5.1-bin\iq79hdu3mqx29lgffhp8bfmx\gradle-9.5.1\lib\agents\gradle-instrumentation-agent-9.5.1.jar org.gradle.launcher.daemon.bootstrap.GradleDaemon 9.5.1

Host: AMD Ryzen 5 7535HS with Radeon Graphics        , 12 cores, 15G,  Windows 11 , 64 bit Build 26100 (10.0.26100.9168)
Time: Sat Aug 22 23:44:01 2026 SE Asia Standard Time elapsed time: 103.989493 seconds (0d 0h 1m 43s)

---------------  T H R E A D  ---------------

Current thread (0x0000026dcf613750):  JavaThread "C2 CompilerThread0" daemon [_thread_in_native, id=56164, stack(0x000000b14f200000,0x000000b14f300000) (1024K)]


Current CompileTask:
C2: 103989 6209       4       javax.management.ObjectName::construct (1135 bytes)

Stack: [0x000000b14f200000,0x000000b14f300000]
Native frames: (J=compiled Java code, j=interpreted, Vv=VM code, C=native code)
V  [jvm.dll+0x6d0ef9]
V  [jvm.dll+0x860126]
V  [jvm.dll+0x86261e]
V  [jvm.dll+0x862cf3]
V  [jvm.dll+0x282bc6]
V  [jvm.dll+0xc67ad]
V  [jvm.dll+0xc6cf1]
V  [jvm.dll+0x6fcd07]
V  [jvm.dll+0x1e3b3a]
V  [jvm.dll+0x24b673]
V  [jvm.dll+0x24aaff]
V  [jvm.dll+0x1cae7e]
V  [jvm.dll+0x25a7d9]
V  [jvm.dll+0x258d65]
V  [jvm.dll+0x3f50d1]
V  [jvm.dll+0x80ac0d]
V  [jvm.dll+0x6cf79d]
C  [ucrtbase.dll+0x2cd30]
C  [KERNEL32.DLL+0x2ccb7]
C  [ntdll.dll+0xaad6c]


---------------  P R O C E S S  ---------------

Threads class SMR info:
_java_thread_list=0x0000026deddde5d0, length=48, elements={
0x0000026db206d750, 0x0000026dcf6069d0, 0x0000026dcf607430, 0x0000026dcf608ea0,
0x0000026dcf609900, 0x0000026dcf60cee0, 0x0000026dcf611980, 0x0000026dcf613750,
0x0000026dcf61a460, 0x0000026dcf60e500, 0x0000026dcf60f8b0, 0x0000026dcf6112f0,
0x0000026dcf6105d0, 0x0000026dcf60eb90, 0x0000026dcf60ff40, 0x0000026dcf610c60,
0x0000026dcf7678c0, 0x0000026dcf768c70, 0x0000026dcf76a6b0, 0x0000026dcf769300,
0x0000026dcf767f50, 0x0000026dcf7685e0, 0x0000026dcf769990, 0x0000026dcf76a020,
0x0000026dcf767230, 0x0000026dcf76ce10, 0x0000026dcf76b3d0, 0x0000026dcf76c0f0,
0x0000026dcf76db30, 0x0000026dcf76ad40, 0x0000026dcf76e850, 0x0000026dcf76ba60,
0x0000026debd603b0, 0x0000026debd5d5c0, 0x0000026debd5cf30, 0x0000026debd5dc50,
0x0000026debd5fd20, 0x0000026debd5e970, 0x0000026debd62480, 0x0000026debd60a40,
0x0000026debd5f690, 0x0000026debd61760, 0x0000026debd631a0, 0x0000026debd62b10,
0x0000026debd63830, 0x0000026debd63ec0, 0x0000026debd64550, 0x0000026debd610d0
}

Java Threads: ( => current thread )
  0x0000026db206d750 JavaThread "main"                              [_thread_blocked, id=13500, stack(0x000000b14e400000,0x000000b14e500000) (1024K)]
  0x0000026dcf6069d0 JavaThread "Reference Handler"          daemon [_thread_blocked, id=57960, stack(0x000000b14ec00000,0x000000b14ed00000) (1024K)]
  0x0000026dcf607430 JavaThread "Finalizer"                  daemon [_thread_blocked, id=25136, stack(0x000000b14ed00000,0x000000b14ee00000) (1024K)]
  0x0000026dcf608ea0 JavaThread "Signal Dispatcher"          daemon [_thread_blocked, id=57336, stack(0x000000b14ee00000,0x000000b14ef00000) (1024K)]
  0x0000026dcf609900 JavaThread "Attach Listener"            daemon [_thread_blocked, id=13628, stack(0x000000b14ef00000,0x000000b14f000000) (1024K)]
  0x0000026dcf60cee0 JavaThread "Service Thread"             daemon [_thread_blocked, id=34416, stack(0x000000b14f000000,0x000000b14f100000) (1024K)]
  0x0000026dcf611980 JavaThread "Monitor Deflation Thread"   daemon [_thread_blocked, id=55444, stack(0x000000b14f100000,0x000000b14f200000) (1024K)]
=>0x0000026dcf613750 JavaThread "C2 CompilerThread0"         daemon [_thread_in_native, id=56164, stack(0x000000b14f200000,0x000000b14f300000) (1024K)]
  0x0000026dcf61a460 JavaThread "C1 CompilerThread0"         daemon [_thread_blocked, id=16876, stack(0x000000b14f300000,0x000000b14f400000) (1024K)]
  0x0000026dcf60e500 JavaThread "Common-Cleaner"             daemon [_thread_blocked, id=47636, stack(0x000000b14f400000,0x000000b14f500000) (1024K)]
  0x0000026dcf60f8b0 JavaThread "Notification Thread"        daemon [_thread_blocked, id=44308, stack(0x000000b14f500000,0x000000b14f600000) (1024K)]
  0x0000026dcf6112f0 JavaThread "Daemon health stats"               [_thread_blocked, id=47808, stack(0x000000b14fd00000,0x000000b14fe00000) (1024K)]
  0x0000026dcf6105d0 JavaThread "Incoming local TCP Connector on port 54958"        [_thread_in_native, id=55532, stack(0x000000b14f600000,0x000000b14f700000) (1024K)]
  0x0000026dcf60eb90 JavaThread "Daemon periodic checks"            [_thread_blocked, id=44240, stack(0x000000b14fe00000,0x000000b14ff00000) (1024K)]
  0x0000026dcf60ff40 JavaThread "Daemon"                            [_thread_blocked, id=54660, stack(0x000000b14ff00000,0x000000b150000000) (1024K)]
  0x0000026dcf610c60 JavaThread "Handler for socket connection from /127.0.0.1:54958 to /127.0.0.1:52550"        [_thread_in_native, id=36428, stack(0x000000b14fc00000,0x000000b14fd00000) (1024K)]
  0x0000026dcf7678c0 JavaThread "Cancel handler"                    [_thread_blocked, id=12148, stack(0x000000b150000000,0x000000b150100000) (1024K)]
  0x0000026dcf768c70 JavaThread "Daemon worker"                     [_thread_blocked, id=51512, stack(0x000000b150100000,0x000000b150200000) (1024K)]
  0x0000026dcf76a6b0 JavaThread "Asynchronous log dispatcher for DefaultDaemonConnection: socket connection from /127.0.0.1:54958 to /127.0.0.1:52550"        [_thread_blocked, id=38420, stack(0x000000b150200000,0x000000b150300000) (1024K)]
  0x0000026dcf769300 JavaThread "Stdin handler"                     [_thread_blocked, id=24448, stack(0x000000b150300000,0x000000b150400000) (1024K)]
  0x0000026dcf767f50 JavaThread "Daemon client event forwarder"        [_thread_blocked, id=55248, stack(0x000000b150400000,0x000000b150500000) (1024K)]
  0x0000026dcf7685e0 JavaThread "Cache worker for journal cache (C:\Users\hieun\.gradle\caches\journal-1)"        [_thread_blocked, id=39200, stack(0x000000b150500000,0x000000b150600000) (1024K)]
  0x0000026dcf769990 JavaThread "File lock request listener"        [_thread_in_native, id=55944, stack(0x000000b150600000,0x000000b150700000) (1024K)]
  0x0000026dcf76a020 JavaThread "File lock release action executor"        [_thread_blocked, id=21900, stack(0x000000b150700000,0x000000b150800000) (1024K)]
  0x0000026dcf767230 JavaThread "Cache worker for file hash cache (C:\Users\hieun\.gradle\caches\9.5.1\fileHashes)"        [_thread_blocked, id=33636, stack(0x000000b150800000,0x000000b150900000) (1024K)]
  0x0000026dcf76ce10 JavaThread "Cache worker for file hash cache (D:\n1h5-models-backend\.gradle\9.5.1\fileHashes)"        [_thread_blocked, id=13820, stack(0x000000b151000000,0x000000b151100000) (1024K)]
  0x0000026dcf76b3d0 JavaThread "Cache worker for Build Output Cleanup Cache (D:\n1h5-models-backend\.gradle\buildOutputCleanup)"        [_thread_blocked, id=48824, stack(0x000000b151100000,0x000000b151200000) (1024K)]
  0x0000026dcf76c0f0 JavaThread "File watcher server"        daemon [_thread_in_native, id=31580, stack(0x000000b150900000,0x000000b150a00000) (1024K)]
  0x0000026dcf76db30 JavaThread "File watcher consumer"      daemon [_thread_blocked, id=58360, stack(0x000000b151200000,0x000000b151300000) (1024K)]
  0x0000026dcf76ad40 JavaThread "Cache worker for file content cache (C:\Users\hieun\.gradle\caches\9.5.1\fileContent)"        [_thread_blocked, id=10216, stack(0x000000b151300000,0x000000b151400000) (1024K)]
  0x0000026dcf76e850 JavaThread "Cache worker for checksums cache (D:\n1h5-models-backend\.gradle\9.5.1\checksums)"        [_thread_blocked, id=47952, stack(0x000000b151400000,0x000000b151500000) (1024K)]
  0x0000026dcf76ba60 JavaThread "Cache worker for cache directory md-supplier (C:\Users\hieun\.gradle\caches\9.5.1\md-supplier)"        [_thread_blocked, id=40020, stack(0x000000b151500000,0x000000b151600000) (1024K)]
  0x0000026debd603b0 JavaThread "Cache worker for cache directory md-rule (C:\Users\hieun\.gradle\caches\9.5.1\md-rule)"        [_thread_blocked, id=56928, stack(0x000000b151600000,0x000000b151700000) (1024K)]
  0x0000026debd5d5c0 JavaThread "jar transforms"                    [_thread_blocked, id=15932, stack(0x000000b151700000,0x000000b151800000) (1024K)]
  0x0000026debd5cf30 JavaThread "jar transforms Thread 2"           [_thread_blocked, id=7608, stack(0x000000b151800000,0x000000b151900000) (1024K)]
  0x0000026debd5dc50 JavaThread "jar transforms Thread 3"           [_thread_blocked, id=31624, stack(0x000000b151900000,0x000000b151a00000) (1024K)]
  0x0000026debd5fd20 JavaThread "Build operations"                  [_thread_blocked, id=55424, stack(0x000000b151a00000,0x000000b151b00000) (1024K)]
  0x0000026debd5e970 JavaThread "Build operations Thread 2"         [_thread_blocked, id=46800, stack(0x000000b151b00000,0x000000b151c00000) (1024K)]
  0x0000026debd62480 JavaThread "Build operations Thread 3"         [_thread_blocked, id=39292, stack(0x000000b151c00000,0x000000b151d00000) (1024K)]
  0x0000026debd60a40 JavaThread "Build operations Thread 4"         [_thread_blocked, id=42164, stack(0x000000b151d00000,0x000000b151e00000) (1024K)]
  0x0000026debd5f690 JavaThread "Build operations Thread 5"         [_thread_blocked, id=31716, stack(0x000000b151e00000,0x000000b151f00000) (1024K)]
  0x0000026debd61760 JavaThread "Build operations Thread 6"         [_thread_blocked, id=3104, stack(0x000000b151f00000,0x000000b152000000) (1024K)]
  0x0000026debd631a0 JavaThread "Build operations Thread 7"         [_thread_blocked, id=23512, stack(0x000000b152000000,0x000000b152100000) (1024K)]
  0x0000026debd62b10 JavaThread "Build operations Thread 8"         [_thread_blocked, id=17904, stack(0x000000b152100000,0x000000b152200000) (1024K)]
  0x0000026debd63830 JavaThread "Build operations Thread 9"         [_thread_blocked, id=35272, stack(0x000000b152200000,0x000000b152300000) (1024K)]
  0x0000026debd63ec0 JavaThread "Build operations Thread 10"        [_thread_blocked, id=1376, stack(0x000000b152300000,0x000000b152400000) (1024K)]
  0x0000026debd64550 JavaThread "Build operations Thread 11"        [_thread_blocked, id=55308, stack(0x000000b152400000,0x000000b152500000) (1024K)]
  0x0000026debd610d0 JavaThread "Build operations Thread 12"        [_thread_blocked, id=7644, stack(0x000000b152500000,0x000000b152600000) (1024K)]
Total: 48

Other Threads:
  0x0000026dcf4dd920 VMThread "VM Thread"                           [id=54528, stack(0x000000b14eb00000,0x000000b14ec00000) (1024K)]
  0x0000026dcf4c77b0 WatcherThread "VM Periodic Task Thread"        [id=56344, stack(0x000000b14ea00000,0x000000b14eb00000) (1024K)]
  0x0000026db44739a0 WorkerThread "GC Thread#0"                     [id=4384, stack(0x000000b14e500000,0x000000b14e600000) (1024K)]
  0x0000026de99d4c50 WorkerThread "GC Thread#1"                     [id=56948, stack(0x000000b14f700000,0x000000b14f800000) (1024K)]
  0x0000026de99d5000 WorkerThread "GC Thread#2"                     [id=53536, stack(0x000000b14f800000,0x000000b14f900000) (1024K)]
  0x0000026de99d53b0 WorkerThread "GC Thread#3"                     [id=16436, stack(0x000000b14f900000,0x000000b14fa00000) (1024K)]
  0x0000026de99d5760 WorkerThread "GC Thread#4"                     [id=35748, stack(0x000000b14fa00000,0x000000b14fb00000) (1024K)]
  0x0000026de999f140 WorkerThread "GC Thread#5"                     [id=53428, stack(0x000000b14fb00000,0x000000b14fc00000) (1024K)]
  0x0000026ded6155e0 WorkerThread "GC Thread#6"                     [id=32204, stack(0x000000b150a00000,0x000000b150b00000) (1024K)]
  0x0000026ded6125f0 WorkerThread "GC Thread#7"                     [id=57276, stack(0x000000b150b00000,0x000000b150c00000) (1024K)]
  0x0000026ded615990 WorkerThread "GC Thread#8"                     [id=35024, stack(0x000000b150c00000,0x000000b150d00000) (1024K)]
  0x0000026ded615230 WorkerThread "GC Thread#9"                     [id=54936, stack(0x000000b150d00000,0x000000b150e00000) (1024K)]
  0x0000026db4478920 ConcurrentGCThread "G1 Main Marker"            [id=53876, stack(0x000000b14e600000,0x000000b14e700000) (1024K)]
  0x0000026db4479340 WorkerThread "G1 Conc#0"                       [id=45720, stack(0x000000b14e700000,0x000000b14e800000) (1024K)]
  0x0000026ded615d40 WorkerThread "G1 Conc#1"                       [id=48692, stack(0x000000b150e00000,0x000000b150f00000) (1024K)]
  0x0000026ded612240 WorkerThread "G1 Conc#2"                       [id=32196, stack(0x000000b150f00000,0x000000b151000000) (1024K)]
  0x0000026dcf393550 ConcurrentGCThread "G1 Refine#0"               [id=12772, stack(0x000000b14e800000,0x000000b14e900000) (1024K)]
  0x0000026dcf393fe0 ConcurrentGCThread "G1 Service"                [id=55800, stack(0x000000b14e900000,0x000000b14ea00000) (1024K)]
Total: 18

Threads with active compile tasks:
C2 CompilerThread0   104024 6209       4       javax.management.ObjectName::construct (1135 bytes)
Total: 1

VM state: not at safepoint (normal execution)

VM Mutex/Monitor currently owned by a thread: None

Heap address: 0x00000000e0000000, size: 512 MB, Compressed Oops mode: 32-bit

CDS archive(s) mapped at: [0x0000026dd0000000-0x0000026dd0c90000-0x0000026dd0c90000), size 13172736, SharedBaseAddress: 0x0000026dd0000000, ArchiveRelocationMode: 1.
Compressed class space mapped at: 0x0000026dd1000000-0x0000026de5000000, reserved size: 335544320
Narrow klass base: 0x0000026dd0000000, Narrow klass shift: 0, Narrow klass range: 0x100000000

GC Precious Log:
 CardTable entry size: 512
 Card Set container configuration: InlinePtr #cards 5 size 8 Array Of Cards #cards 12 size 40 Howl #buckets 4 coarsen threshold 1843 Howl Bitmap #cards 512 size 80 coarsen threshold 460 Card regions per heap region 1 cards per card region 2048
 CPUs: 12 total, 12 available
 Memory: 15690M
 Large Page Support: Disabled
 NUMA Support: Disabled
 Compressed Oops: Enabled (32-bit)
 Heap Region Size: 1M
 Heap Min Capacity: 256M
 Heap Initial Capacity: 256M
 Heap Max Capacity: 512M
 Pre-touch: Disabled
 Parallel Workers: 10
 Concurrent Workers: 3
 Concurrent Refinement Workers: 10
 Periodic GC: Disabled

Heap:
 garbage-first heap   total 262144K, used 134556K [0x00000000e0000000, 0x0000000100000000)
  region size 1024K, 109 young (111616K), 9 survivors (9216K)
 Metaspace       used 47849K, committed 49792K, reserved 393216K
  class space    used 6909K, committed 7872K, reserved 327680K

Heap Regions: E=young(eden), S=young(survivor), O=old, HS=humongous(starts), HC=humongous(continues), CS=collection set, F=free, TAMS=top-at-mark-start, PB=parsable bottom
|   0|0x00000000e0000000, 0x00000000e0100000, 0x00000000e0100000|100%|HS|  |TAMS 0x00000000e0000000| PB 0x00000000e0000000| Complete 
|   1|0x00000000e0100000, 0x00000000e0200000, 0x00000000e0200000|100%|HC|  |TAMS 0x00000000e0100000| PB 0x00000000e0100000| Complete 
|   2|0x00000000e0200000, 0x00000000e0300000, 0x00000000e0300000|100%|HC|  |TAMS 0x00000000e0200000| PB 0x00000000e0200000| Complete 
|   3|0x00000000e0300000, 0x00000000e0400000, 0x00000000e0400000|100%|HC|  |TAMS 0x00000000e0300000| PB 0x00000000e0300000| Complete 
|   4|0x00000000e0400000, 0x00000000e0500000, 0x00000000e0500000|100%| O|  |TAMS 0x00000000e0400000| PB 0x00000000e0400000| Untracked 
|   5|0x00000000e0500000, 0x00000000e0600000, 0x00000000e0600000|100%| O|  |TAMS 0x00000000e0500000| PB 0x00000000e0500000| Untracked 
|   6|0x00000000e0600000, 0x00000000e0700000, 0x00000000e0700000|100%| O|  |TAMS 0x00000000e0600000| PB 0x00000000e0600000| Untracked 
|   7|0x00000000e0700000, 0x00000000e0700000, 0x00000000e0800000|  0%| F|  |TAMS 0x00000000e0700000| PB 0x00000000e0700000| Untracked 
|   8|0x00000000e0800000, 0x00000000e0900000, 0x00000000e0900000|100%|HS|  |TAMS 0x00000000e0800000| PB 0x00000000e0800000| Complete 
|   9|0x00000000e0900000, 0x00000000e0988e20, 0x00000000e0a00000| 53%| O|  |TAMS 0x00000000e0900000| PB 0x00000000e0900000| Untracked 
|  10|0x00000000e0a00000, 0x00000000e0b00000, 0x00000000e0b00000|100%| O|  |TAMS 0x00000000e0a00000| PB 0x00000000e0a00000| Untracked 
|  11|0x00000000e0b00000, 0x00000000e0c00000, 0x00000000e0c00000|100%| O|  |TAMS 0x00000000e0b00000| PB 0x00000000e0b00000| Untracked 
|  12|0x00000000e0c00000, 0x00000000e0d00000, 0x00000000e0d00000|100%| O|  |TAMS 0x00000000e0c00000| PB 0x00000000e0c00000| Untracked 
|  13|0x00000000e0d00000, 0x00000000e0d00000, 0x00000000e0e00000|  0%| F|  |TAMS 0x00000000e0d00000| PB 0x00000000e0d00000| Untracked 
|  14|0x00000000e0e00000, 0x00000000e0f00000, 0x00000000e0f00000|100%| O|  |TAMS 0x00000000e0e00000| PB 0x00000000e0e00000| Untracked 
|  15|0x00000000e0f00000, 0x00000000e1000000, 0x00000000e1000000|100%| O|  |TAMS 0x00000000e0f00000| PB 0x00000000e0f00000| Untracked 
|  16|0x00000000e1000000, 0x00000000e1100000, 0x00000000e1100000|100%| O|  |TAMS 0x00000000e1000000| PB 0x00000000e1000000| Untracked 
|  17|0x00000000e1100000, 0x00000000e1200000, 0x00000000e1200000|100%| O|  |TAMS 0x00000000e1100000| PB 0x00000000e1100000| Untracked 
|  18|0x00000000e1200000, 0x00000000e1300000, 0x00000000e1300000|100%| O|  |TAMS 0x00000000e1200000| PB 0x00000000e1200000| Untracked 
|  19|0x00000000e1300000, 0x00000000e1400000, 0x00000000e1400000|100%| O|  |TAMS 0x00000000e1300000| PB 0x00000000e1300000| Untracked 
|  20|0x00000000e1400000, 0x00000000e1500000, 0x00000000e1500000|100%| O|  |TAMS 0x00000000e1400000| PB 0x00000000e1400000| Untracked 
|  21|0x00000000e1500000, 0x00000000e1600000, 0x00000000e1600000|100%| O|  |TAMS 0x00000000e1500000| PB 0x00000000e1500000| Untracked 
|  22|0x00000000e1600000, 0x00000000e1700000, 0x00000000e1700000|100%| O|  |TAMS 0x00000000e1600000| PB 0x00000000e1600000| Untracked 
|  23|0x00000000e1700000, 0x00000000e1800000, 0x00000000e1800000|100%| O|  |TAMS 0x00000000e1700000| PB 0x00000000e1700000| Untracked 
|  24|0x00000000e1800000, 0x00000000e1900000, 0x00000000e1900000|100%| O|Cm|TAMS 0x00000000e1800000| PB 0x00000000e1800000| Complete 
|  25|0x00000000e1900000, 0x00000000e1a00000, 0x00000000e1a00000|100%| O|  |TAMS 0x00000000e1900000| PB 0x00000000e1900000| Untracked 
|  26|0x00000000e1a00000, 0x00000000e1a00000, 0x00000000e1b00000|  0%| F|  |TAMS 0x00000000e1a00000| PB 0x00000000e1a00000| Untracked 
|  27|0x00000000e1b00000, 0x00000000e1b00000, 0x00000000e1c00000|  0%| F|  |TAMS 0x00000000e1b00000| PB 0x00000000e1b00000| Untracked 
|  28|0x00000000e1c00000, 0x00000000e1c00000, 0x00000000e1d00000|  0%| F|  |TAMS 0x00000000e1c00000| PB 0x00000000e1c00000| Untracked 
|  29|0x00000000e1d00000, 0x00000000e1d00000, 0x00000000e1e00000|  0%| F|  |TAMS 0x00000000e1d00000| PB 0x00000000e1d00000| Untracked 
|  30|0x00000000e1e00000, 0x00000000e1e00000, 0x00000000e1f00000|  0%| F|  |TAMS 0x00000000e1e00000| PB 0x00000000e1e00000| Untracked 
|  31|0x00000000e1f00000, 0x00000000e1f00000, 0x00000000e2000000|  0%| F|  |TAMS 0x00000000e1f00000| PB 0x00000000e1f00000| Untracked 
|  32|0x00000000e2000000, 0x00000000e2000000, 0x00000000e2100000|  0%| F|  |TAMS 0x00000000e2000000| PB 0x00000000e2000000| Untracked 
|  33|0x00000000e2100000, 0x00000000e2100000, 0x00000000e2200000|  0%| F|  |TAMS 0x00000000e2100000| PB 0x00000000e2100000| Untracked 
|  34|0x00000000e2200000, 0x00000000e2200000, 0x00000000e2300000|  0%| F|  |TAMS 0x00000000e2200000| PB 0x00000000e2200000| Untracked 
|  35|0x00000000e2300000, 0x00000000e2300000, 0x00000000e2400000|  0%| F|  |TAMS 0x00000000e2300000| PB 0x00000000e2300000| Untracked 
|  36|0x00000000e2400000, 0x00000000e2400000, 0x00000000e2500000|  0%| F|  |TAMS 0x00000000e2400000| PB 0x00000000e2400000| Untracked 
|  37|0x00000000e2500000, 0x00000000e2500000, 0x00000000e2600000|  0%| F|  |TAMS 0x00000000e2500000| PB 0x00000000e2500000| Untracked 
|  38|0x00000000e2600000, 0x00000000e2600000, 0x00000000e2700000|  0%| F|  |TAMS 0x00000000e2600000| PB 0x00000000e2600000| Untracked 
|  39|0x00000000e2700000, 0x00000000e2700000, 0x00000000e2800000|  0%| F|  |TAMS 0x00000000e2700000| PB 0x00000000e2700000| Untracked 
|  40|0x00000000e2800000, 0x00000000e2800000, 0x00000000e2900000|  0%| F|  |TAMS 0x00000000e2800000| PB 0x00000000e2800000| Untracked 
|  41|0x00000000e2900000, 0x00000000e2900000, 0x00000000e2a00000|  0%| F|  |TAMS 0x00000000e2900000| PB 0x00000000e2900000| Untracked 
|  42|0x00000000e2a00000, 0x00000000e2a00000, 0x00000000e2b00000|  0%| F|  |TAMS 0x00000000e2a00000| PB 0x00000000e2a00000| Untracked 
|  43|0x00000000e2b00000, 0x00000000e2b00000, 0x00000000e2c00000|  0%| F|  |TAMS 0x00000000e2b00000| PB 0x00000000e2b00000| Untracked 
|  44|0x00000000e2c00000, 0x00000000e2c00000, 0x00000000e2d00000|  0%| F|  |TAMS 0x00000000e2c00000| PB 0x00000000e2c00000| Untracked 
|  45|0x00000000e2d00000, 0x00000000e2d00000, 0x00000000e2e00000|  0%| F|  |TAMS 0x00000000e2d00000| PB 0x00000000e2d00000| Untracked 
|  46|0x00000000e2e00000, 0x00000000e2e00000, 0x00000000e2f00000|  0%| F|  |TAMS 0x00000000e2e00000| PB 0x00000000e2e00000| Untracked 
|  47|0x00000000e2f00000, 0x00000000e2f00000, 0x00000000e3000000|  0%| F|  |TAMS 0x00000000e2f00000| PB 0x00000000e2f00000| Untracked 
|  48|0x00000000e3000000, 0x00000000e3000000, 0x00000000e3100000|  0%| F|  |TAMS 0x00000000e3000000| PB 0x00000000e3000000| Untracked 
|  49|0x00000000e3100000, 0x00000000e3100000, 0x00000000e3200000|  0%| F|  |TAMS 0x00000000e3100000| PB 0x00000000e3100000| Untracked 
|  50|0x00000000e3200000, 0x00000000e3200000, 0x00000000e3300000|  0%| F|  |TAMS 0x00000000e3200000| PB 0x00000000e3200000| Untracked 
|  51|0x00000000e3300000, 0x00000000e3300000, 0x00000000e3400000|  0%| F|  |TAMS 0x00000000e3300000| PB 0x00000000e3300000| Untracked 
|  52|0x00000000e3400000, 0x00000000e3400000, 0x00000000e3500000|  0%| F|  |TAMS 0x00000000e3400000| PB 0x00000000e3400000| Untracked 
|  53|0x00000000e3500000, 0x00000000e3500000, 0x00000000e3600000|  0%| F|  |TAMS 0x00000000e3500000| PB 0x00000000e3500000| Untracked 
|  54|0x00000000e3600000, 0x00000000e3600000, 0x00000000e3700000|  0%| F|  |TAMS 0x00000000e3600000| PB 0x00000000e3600000| Untracked 
|  55|0x00000000e3700000, 0x00000000e3700000, 0x00000000e3800000|  0%| F|  |TAMS 0x00000000e3700000| PB 0x00000000e3700000| Untracked 
|  56|0x00000000e3800000, 0x00000000e3800000, 0x00000000e3900000|  0%| F|  |TAMS 0x00000000e3800000| PB 0x00000000e3800000| Untracked 
|  57|0x00000000e3900000, 0x00000000e3900000, 0x00000000e3a00000|  0%| F|  |TAMS 0x00000000e3900000| PB 0x00000000e3900000| Untracked 
|  58|0x00000000e3a00000, 0x00000000e3a00000, 0x00000000e3b00000|  0%| F|  |TAMS 0x00000000e3a00000| PB 0x00000000e3a00000| Untracked 
|  59|0x00000000e3b00000, 0x00000000e3b00000, 0x00000000e3c00000|  0%| F|  |TAMS 0x00000000e3b00000| PB 0x00000000e3b00000| Untracked 
|  60|0x00000000e3c00000, 0x00000000e3c00000, 0x00000000e3d00000|  0%| F|  |TAMS 0x00000000e3c00000| PB 0x00000000e3c00000| Untracked 
|  61|0x00000000e3d00000, 0x00000000e3d00000, 0x00000000e3e00000|  0%| F|  |TAMS 0x00000000e3d00000| PB 0x00000000e3d00000| Untracked 
|  62|0x00000000e3e00000, 0x00000000e3e00000, 0x00000000e3f00000|  0%| F|  |TAMS 0x00000000e3e00000| PB 0x00000000e3e00000| Untracked 
|  63|0x00000000e3f00000, 0x00000000e3f00000, 0x00000000e4000000|  0%| F|  |TAMS 0x00000000e3f00000| PB 0x00000000e3f00000| Untracked 
|  64|0x00000000e4000000, 0x00000000e4000000, 0x00000000e4100000|  0%| F|  |TAMS 0x00000000e4000000| PB 0x00000000e4000000| Untracked 
|  65|0x00000000e4100000, 0x00000000e4100000, 0x00000000e4200000|  0%| F|  |TAMS 0x00000000e4100000| PB 0x00000000e4100000| Untracked 
|  66|0x00000000e4200000, 0x00000000e4200000, 0x00000000e4300000|  0%| F|  |TAMS 0x00000000e4200000| PB 0x00000000e4200000| Untracked 
|  67|0x00000000e4300000, 0x00000000e4300000, 0x00000000e4400000|  0%| F|  |TAMS 0x00000000e4300000| PB 0x00000000e4300000| Untracked 
|  68|0x00000000e4400000, 0x00000000e4400000, 0x00000000e4500000|  0%| F|  |TAMS 0x00000000e4400000| PB 0x00000000e4400000| Untracked 
|  69|0x00000000e4500000, 0x00000000e4500000, 0x00000000e4600000|  0%| F|  |TAMS 0x00000000e4500000| PB 0x00000000e4500000| Untracked 
|  70|0x00000000e4600000, 0x00000000e4600000, 0x00000000e4700000|  0%| F|  |TAMS 0x00000000e4600000| PB 0x00000000e4600000| Untracked 
|  71|0x00000000e4700000, 0x00000000e4700000, 0x00000000e4800000|  0%| F|  |TAMS 0x00000000e4700000| PB 0x00000000e4700000| Untracked 
|  72|0x00000000e4800000, 0x00000000e4800000, 0x00000000e4900000|  0%| F|  |TAMS 0x00000000e4800000| PB 0x00000000e4800000| Untracked 
|  73|0x00000000e4900000, 0x00000000e4900000, 0x00000000e4a00000|  0%| F|  |TAMS 0x00000000e4900000| PB 0x00000000e4900000| Untracked 
|  74|0x00000000e4a00000, 0x00000000e4a00000, 0x00000000e4b00000|  0%| F|  |TAMS 0x00000000e4a00000| PB 0x00000000e4a00000| Untracked 
|  75|0x00000000e4b00000, 0x00000000e4b00000, 0x00000000e4c00000|  0%| F|  |TAMS 0x00000000e4b00000| PB 0x00000000e4b00000| Untracked 
|  76|0x00000000e4c00000, 0x00000000e4c00000, 0x00000000e4d00000|  0%| F|  |TAMS 0x00000000e4c00000| PB 0x00000000e4c00000| Untracked 
|  77|0x00000000e4d00000, 0x00000000e4d00000, 0x00000000e4e00000|  0%| F|  |TAMS 0x00000000e4d00000| PB 0x00000000e4d00000| Untracked 
|  78|0x00000000e4e00000, 0x00000000e4e00000, 0x00000000e4f00000|  0%| F|  |TAMS 0x00000000e4e00000| PB 0x00000000e4e00000| Untracked 
|  79|0x00000000e4f00000, 0x00000000e4f00000, 0x00000000e5000000|  0%| F|  |TAMS 0x00000000e4f00000| PB 0x00000000e4f00000| Untracked 
|  80|0x00000000e5000000, 0x00000000e5000000, 0x00000000e5100000|  0%| F|  |TAMS 0x00000000e5000000| PB 0x00000000e5000000| Untracked 
|  81|0x00000000e5100000, 0x00000000e5100000, 0x00000000e5200000|  0%| F|  |TAMS 0x00000000e5100000| PB 0x00000000e5100000| Untracked 
|  82|0x00000000e5200000, 0x00000000e5200000, 0x00000000e5300000|  0%| F|  |TAMS 0x00000000e5200000| PB 0x00000000e5200000| Untracked 
|  83|0x00000000e5300000, 0x00000000e5300000, 0x00000000e5400000|  0%| F|  |TAMS 0x00000000e5300000| PB 0x00000000e5300000| Untracked 
|  84|0x00000000e5400000, 0x00000000e5400000, 0x00000000e5500000|  0%| F|  |TAMS 0x00000000e5400000| PB 0x00000000e5400000| Untracked 
|  85|0x00000000e5500000, 0x00000000e5500000, 0x00000000e5600000|  0%| F|  |TAMS 0x00000000e5500000| PB 0x00000000e5500000| Untracked 
|  86|0x00000000e5600000, 0x00000000e5600000, 0x00000000e5700000|  0%| F|  |TAMS 0x00000000e5600000| PB 0x00000000e5600000| Untracked 
|  87|0x00000000e5700000, 0x00000000e5700000, 0x00000000e5800000|  0%| F|  |TAMS 0x00000000e5700000| PB 0x00000000e5700000| Untracked 
|  88|0x00000000e5800000, 0x00000000e5800000, 0x00000000e5900000|  0%| F|  |TAMS 0x00000000e5800000| PB 0x00000000e5800000| Untracked 
|  89|0x00000000e5900000, 0x00000000e5900000, 0x00000000e5a00000|  0%| F|  |TAMS 0x00000000e5900000| PB 0x00000000e5900000| Untracked 
|  90|0x00000000e5a00000, 0x00000000e5a00000, 0x00000000e5b00000|  0%| F|  |TAMS 0x00000000e5a00000| PB 0x00000000e5a00000| Untracked 
|  91|0x00000000e5b00000, 0x00000000e5b00000, 0x00000000e5c00000|  0%| F|  |TAMS 0x00000000e5b00000| PB 0x00000000e5b00000| Untracked 
|  92|0x00000000e5c00000, 0x00000000e5c00000, 0x00000000e5d00000|  0%| F|  |TAMS 0x00000000e5c00000| PB 0x00000000e5c00000| Untracked 
|  93|0x00000000e5d00000, 0x00000000e5d00000, 0x00000000e5e00000|  0%| F|  |TAMS 0x00000000e5d00000| PB 0x00000000e5d00000| Untracked 
|  94|0x00000000e5e00000, 0x00000000e5e00000, 0x00000000e5f00000|  0%| F|  |TAMS 0x00000000e5e00000| PB 0x00000000e5e00000| Untracked 
|  95|0x00000000e5f00000, 0x00000000e5f00000, 0x00000000e6000000|  0%| F|  |TAMS 0x00000000e5f00000| PB 0x00000000e5f00000| Untracked 
|  96|0x00000000e6000000, 0x00000000e6000000, 0x00000000e6100000|  0%| F|  |TAMS 0x00000000e6000000| PB 0x00000000e6000000| Untracked 
|  97|0x00000000e6100000, 0x00000000e6100000, 0x00000000e6200000|  0%| F|  |TAMS 0x00000000e6100000| PB 0x00000000e6100000| Untracked 
|  98|0x00000000e6200000, 0x00000000e6200000, 0x00000000e6300000|  0%| F|  |TAMS 0x00000000e6200000| PB 0x00000000e6200000| Untracked 
|  99|0x00000000e6300000, 0x00000000e6300000, 0x00000000e6400000|  0%| F|  |TAMS 0x00000000e6300000| PB 0x00000000e6300000| Untracked 
| 100|0x00000000e6400000, 0x00000000e6400000, 0x00000000e6500000|  0%| F|  |TAMS 0x00000000e6400000| PB 0x00000000e6400000| Untracked 
| 101|0x00000000e6500000, 0x00000000e6500000, 0x00000000e6600000|  0%| F|  |TAMS 0x00000000e6500000| PB 0x00000000e6500000| Untracked 
| 102|0x00000000e6600000, 0x00000000e6600000, 0x00000000e6700000|  0%| F|  |TAMS 0x00000000e6600000| PB 0x00000000e6600000| Untracked 
| 103|0x00000000e6700000, 0x00000000e6700000, 0x00000000e6800000|  0%| F|  |TAMS 0x00000000e6700000| PB 0x00000000e6700000| Untracked 
| 104|0x00000000e6800000, 0x00000000e6800000, 0x00000000e6900000|  0%| F|  |TAMS 0x00000000e6800000| PB 0x00000000e6800000| Untracked 
| 105|0x00000000e6900000, 0x00000000e6900000, 0x00000000e6a00000|  0%| F|  |TAMS 0x00000000e6900000| PB 0x00000000e6900000| Untracked 
| 106|0x00000000e6a00000, 0x00000000e6a00000, 0x00000000e6b00000|  0%| F|  |TAMS 0x00000000e6a00000| PB 0x00000000e6a00000| Untracked 
| 107|0x00000000e6b00000, 0x00000000e6b00000, 0x00000000e6c00000|  0%| F|  |TAMS 0x00000000e6b00000| PB 0x00000000e6b00000| Untracked 
| 108|0x00000000e6c00000, 0x00000000e6c00000, 0x00000000e6d00000|  0%| F|  |TAMS 0x00000000e6c00000| PB 0x00000000e6c00000| Untracked 
| 109|0x00000000e6d00000, 0x00000000e6d00000, 0x00000000e6e00000|  0%| F|  |TAMS 0x00000000e6d00000| PB 0x00000000e6d00000| Untracked 
| 110|0x00000000e6e00000, 0x00000000e6e00000, 0x00000000e6f00000|  0%| F|  |TAMS 0x00000000e6e00000| PB 0x00000000e6e00000| Untracked 
| 111|0x00000000e6f00000, 0x00000000e6f00000, 0x00000000e7000000|  0%| F|  |TAMS 0x00000000e6f00000| PB 0x00000000e6f00000| Untracked 
| 112|0x00000000e7000000, 0x00000000e7000000, 0x00000000e7100000|  0%| F|  |TAMS 0x00000000e7000000| PB 0x00000000e7000000| Untracked 
| 113|0x00000000e7100000, 0x00000000e7100000, 0x00000000e7200000|  0%| F|  |TAMS 0x00000000e7100000| PB 0x00000000e7100000| Untracked 
| 114|0x00000000e7200000, 0x00000000e7200000, 0x00000000e7300000|  0%| F|  |TAMS 0x00000000e7200000| PB 0x00000000e7200000| Untracked 
| 115|0x00000000e7300000, 0x00000000e7300000, 0x00000000e7400000|  0%| F|  |TAMS 0x00000000e7300000| PB 0x00000000e7300000| Untracked 
| 116|0x00000000e7400000, 0x00000000e7400000, 0x00000000e7500000|  0%| F|  |TAMS 0x00000000e7400000| PB 0x00000000e7400000| Untracked 
| 117|0x00000000e7500000, 0x00000000e7500000, 0x00000000e7600000|  0%| F|  |TAMS 0x00000000e7500000| PB 0x00000000e7500000| Untracked 
| 118|0x00000000e7600000, 0x00000000e7600000, 0x00000000e7700000|  0%| F|  |TAMS 0x00000000e7600000| PB 0x00000000e7600000| Untracked 
| 119|0x00000000e7700000, 0x00000000e7700000, 0x00000000e7800000|  0%| F|  |TAMS 0x00000000e7700000| PB 0x00000000e7700000| Untracked 
| 120|0x00000000e7800000, 0x00000000e7800000, 0x00000000e7900000|  0%| F|  |TAMS 0x00000000e7800000| PB 0x00000000e7800000| Untracked 
| 121|0x00000000e7900000, 0x00000000e7900000, 0x00000000e7a00000|  0%| F|  |TAMS 0x00000000e7900000| PB 0x00000000e7900000| Untracked 
| 122|0x00000000e7a00000, 0x00000000e7a00000, 0x00000000e7b00000|  0%| F|  |TAMS 0x00000000e7a00000| PB 0x00000000e7a00000| Untracked 
| 123|0x00000000e7b00000, 0x00000000e7b00000, 0x00000000e7c00000|  0%| F|  |TAMS 0x00000000e7b00000| PB 0x00000000e7b00000| Untracked 
| 124|0x00000000e7c00000, 0x00000000e7c00000, 0x00000000e7d00000|  0%| F|  |TAMS 0x00000000e7c00000| PB 0x00000000e7c00000| Untracked 
| 125|0x00000000e7d00000, 0x00000000e7d00000, 0x00000000e7e00000|  0%| F|  |TAMS 0x00000000e7d00000| PB 0x00000000e7d00000| Untracked 
| 126|0x00000000e7e00000, 0x00000000e7e00000, 0x00000000e7f00000|  0%| F|  |TAMS 0x00000000e7e00000| PB 0x00000000e7e00000| Untracked 
| 127|0x00000000e7f00000, 0x00000000e7f00000, 0x00000000e8000000|  0%| F|  |TAMS 0x00000000e7f00000| PB 0x00000000e7f00000| Untracked 
| 128|0x00000000e8000000, 0x00000000e8000000, 0x00000000e8100000|  0%| F|  |TAMS 0x00000000e8000000| PB 0x00000000e8000000| Untracked 
| 129|0x00000000e8100000, 0x00000000e8100000, 0x00000000e8200000|  0%| F|  |TAMS 0x00000000e8100000| PB 0x00000000e8100000| Untracked 
| 130|0x00000000e8200000, 0x00000000e8200000, 0x00000000e8300000|  0%| F|  |TAMS 0x00000000e8200000| PB 0x00000000e8200000| Untracked 
| 131|0x00000000e8300000, 0x00000000e8300000, 0x00000000e8400000|  0%| F|  |TAMS 0x00000000e8300000| PB 0x00000000e8300000| Untracked 
| 132|0x00000000e8400000, 0x00000000e8400000, 0x00000000e8500000|  0%| F|  |TAMS 0x00000000e8400000| PB 0x00000000e8400000| Untracked 
| 133|0x00000000e8500000, 0x00000000e8500000, 0x00000000e8600000|  0%| F|  |TAMS 0x00000000e8500000| PB 0x00000000e8500000| Untracked 
| 134|0x00000000e8600000, 0x00000000e8600000, 0x00000000e8700000|  0%| F|  |TAMS 0x00000000e8600000| PB 0x00000000e8600000| Untracked 
| 135|0x00000000e8700000, 0x00000000e8700000, 0x00000000e8800000|  0%| F|  |TAMS 0x00000000e8700000| PB 0x00000000e8700000| Untracked 
| 136|0x00000000e8800000, 0x00000000e8800000, 0x00000000e8900000|  0%| F|  |TAMS 0x00000000e8800000| PB 0x00000000e8800000| Untracked 
| 137|0x00000000e8900000, 0x00000000e8900000, 0x00000000e8a00000|  0%| F|  |TAMS 0x00000000e8900000| PB 0x00000000e8900000| Untracked 
| 138|0x00000000e8a00000, 0x00000000e8a00000, 0x00000000e8b00000|  0%| F|  |TAMS 0x00000000e8a00000| PB 0x00000000e8a00000| Untracked 
| 139|0x00000000e8b00000, 0x00000000e8b00000, 0x00000000e8c00000|  0%| F|  |TAMS 0x00000000e8b00000| PB 0x00000000e8b00000| Untracked 
| 140|0x00000000e8c00000, 0x00000000e8c00000, 0x00000000e8d00000|  0%| F|  |TAMS 0x00000000e8c00000| PB 0x00000000e8c00000| Untracked 
| 141|0x00000000e8d00000, 0x00000000e8d00000, 0x00000000e8e00000|  0%| F|  |TAMS 0x00000000e8d00000| PB 0x00000000e8d00000| Untracked 
| 142|0x00000000e8e00000, 0x00000000e8e00000, 0x00000000e8f00000|  0%| F|  |TAMS 0x00000000e8e00000| PB 0x00000000e8e00000| Untracked 
| 143|0x00000000e8f00000, 0x00000000e8f00000, 0x00000000e9000000|  0%| F|  |TAMS 0x00000000e8f00000| PB 0x00000000e8f00000| Untracked 
| 144|0x00000000e9000000, 0x00000000e9000000, 0x00000000e9100000|  0%| F|  |TAMS 0x00000000e9000000| PB 0x00000000e9000000| Untracked 
| 145|0x00000000e9100000, 0x00000000e9100000, 0x00000000e9200000|  0%| F|  |TAMS 0x00000000e9100000| PB 0x00000000e9100000| Untracked 
| 146|0x00000000e9200000, 0x00000000e9200000, 0x00000000e9300000|  0%| F|  |TAMS 0x00000000e9200000| PB 0x00000000e9200000| Untracked 
| 147|0x00000000e9300000, 0x00000000e9400000, 0x00000000e9400000|100%| E|  |TAMS 0x00000000e9300000| PB 0x00000000e9300000| Complete 
| 148|0x00000000e9400000, 0x00000000e9500000, 0x00000000e9500000|100%| E|CS|TAMS 0x00000000e9400000| PB 0x00000000e9400000| Complete 
| 149|0x00000000e9500000, 0x00000000e9600000, 0x00000000e9600000|100%| E|CS|TAMS 0x00000000e9500000| PB 0x00000000e9500000| Complete 
| 150|0x00000000e9600000, 0x00000000e9700000, 0x00000000e9700000|100%| E|CS|TAMS 0x00000000e9600000| PB 0x00000000e9600000| Complete 
| 151|0x00000000e9700000, 0x00000000e9800000, 0x00000000e9800000|100%| E|CS|TAMS 0x00000000e9700000| PB 0x00000000e9700000| Complete 
| 152|0x00000000e9800000, 0x00000000e9900000, 0x00000000e9900000|100%| E|CS|TAMS 0x00000000e9800000| PB 0x00000000e9800000| Complete 
| 153|0x00000000e9900000, 0x00000000e9a00000, 0x00000000e9a00000|100%| E|CS|TAMS 0x00000000e9900000| PB 0x00000000e9900000| Complete 
| 154|0x00000000e9a00000, 0x00000000e9b00000, 0x00000000e9b00000|100%| E|CS|TAMS 0x00000000e9a00000| PB 0x00000000e9a00000| Complete 
| 155|0x00000000e9b00000, 0x00000000e9c00000, 0x00000000e9c00000|100%| E|CS|TAMS 0x00000000e9b00000| PB 0x00000000e9b00000| Complete 
| 156|0x00000000e9c00000, 0x00000000e9d00000, 0x00000000e9d00000|100%| E|CS|TAMS 0x00000000e9c00000| PB 0x00000000e9c00000| Complete 
| 157|0x00000000e9d00000, 0x00000000e9e00000, 0x00000000e9e00000|100%| E|CS|TAMS 0x00000000e9d00000| PB 0x00000000e9d00000| Complete 
| 158|0x00000000e9e00000, 0x00000000e9f00000, 0x00000000e9f00000|100%| E|CS|TAMS 0x00000000e9e00000| PB 0x00000000e9e00000| Complete 
| 159|0x00000000e9f00000, 0x00000000ea000000, 0x00000000ea000000|100%| E|CS|TAMS 0x00000000e9f00000| PB 0x00000000e9f00000| Complete 
| 160|0x00000000ea000000, 0x00000000ea100000, 0x00000000ea100000|100%| E|CS|TAMS 0x00000000ea000000| PB 0x00000000ea000000| Complete 
| 161|0x00000000ea100000, 0x00000000ea200000, 0x00000000ea200000|100%| E|CS|TAMS 0x00000000ea100000| PB 0x00000000ea100000| Complete 
| 162|0x00000000ea200000, 0x00000000ea300000, 0x00000000ea300000|100%| E|CS|TAMS 0x00000000ea200000| PB 0x00000000ea200000| Complete 
| 163|0x00000000ea300000, 0x00000000ea400000, 0x00000000ea400000|100%| E|CS|TAMS 0x00000000ea300000| PB 0x00000000ea300000| Complete 
| 164|0x00000000ea400000, 0x00000000ea500000, 0x00000000ea500000|100%| E|CS|TAMS 0x00000000ea400000| PB 0x00000000ea400000| Complete 
| 165|0x00000000ea500000, 0x00000000ea600000, 0x00000000ea600000|100%| E|CS|TAMS 0x00000000ea500000| PB 0x00000000ea500000| Complete 
| 166|0x00000000ea600000, 0x00000000ea700000, 0x00000000ea700000|100%| E|CS|TAMS 0x00000000ea600000| PB 0x00000000ea600000| Complete 
| 167|0x00000000ea700000, 0x00000000ea800000, 0x00000000ea800000|100%| E|CS|TAMS 0x00000000ea700000| PB 0x00000000ea700000| Complete 
| 168|0x00000000ea800000, 0x00000000ea900000, 0x00000000ea900000|100%| E|CS|TAMS 0x00000000ea800000| PB 0x00000000ea800000| Complete 
| 169|0x00000000ea900000, 0x00000000eaa00000, 0x00000000eaa00000|100%| E|CS|TAMS 0x00000000ea900000| PB 0x00000000ea900000| Complete 
| 170|0x00000000eaa00000, 0x00000000eab00000, 0x00000000eab00000|100%| E|CS|TAMS 0x00000000eaa00000| PB 0x00000000eaa00000| Complete 
| 171|0x00000000eab00000, 0x00000000eac00000, 0x00000000eac00000|100%| E|CS|TAMS 0x00000000eab00000| PB 0x00000000eab00000| Complete 
| 172|0x00000000eac00000, 0x00000000ead00000, 0x00000000ead00000|100%| E|CS|TAMS 0x00000000eac00000| PB 0x00000000eac00000| Complete 
| 173|0x00000000ead00000, 0x00000000eae00000, 0x00000000eae00000|100%| E|CS|TAMS 0x00000000ead00000| PB 0x00000000ead00000| Complete 
| 174|0x00000000eae00000, 0x00000000eaf00000, 0x00000000eaf00000|100%| E|CS|TAMS 0x00000000eae00000| PB 0x00000000eae00000| Complete 
| 175|0x00000000eaf00000, 0x00000000eb000000, 0x00000000eb000000|100%| E|CS|TAMS 0x00000000eaf00000| PB 0x00000000eaf00000| Complete 
| 176|0x00000000eb000000, 0x00000000eb100000, 0x00000000eb100000|100%| E|CS|TAMS 0x00000000eb000000| PB 0x00000000eb000000| Complete 
| 177|0x00000000eb100000, 0x00000000eb200000, 0x00000000eb200000|100%| E|CS|TAMS 0x00000000eb100000| PB 0x00000000eb100000| Complete 
| 178|0x00000000eb200000, 0x00000000eb300000, 0x00000000eb300000|100%| E|CS|TAMS 0x00000000eb200000| PB 0x00000000eb200000| Complete 
| 179|0x00000000eb300000, 0x00000000eb400000, 0x00000000eb400000|100%| E|CS|TAMS 0x00000000eb300000| PB 0x00000000eb300000| Complete 
| 180|0x00000000eb400000, 0x00000000eb500000, 0x00000000eb500000|100%| E|CS|TAMS 0x00000000eb400000| PB 0x00000000eb400000| Complete 
| 181|0x00000000eb500000, 0x00000000eb600000, 0x00000000eb600000|100%| E|CS|TAMS 0x00000000eb500000| PB 0x00000000eb500000| Complete 
| 182|0x00000000eb600000, 0x00000000eb700000, 0x00000000eb700000|100%| E|CS|TAMS 0x00000000eb600000| PB 0x00000000eb600000| Complete 
| 183|0x00000000eb700000, 0x00000000eb800000, 0x00000000eb800000|100%| E|CS|TAMS 0x00000000eb700000| PB 0x00000000eb700000| Complete 
| 184|0x00000000eb800000, 0x00000000eb900000, 0x00000000eb900000|100%| E|CS|TAMS 0x00000000eb800000| PB 0x00000000eb800000| Complete 
| 185|0x00000000eb900000, 0x00000000eba00000, 0x00000000eba00000|100%| E|CS|TAMS 0x00000000eb900000| PB 0x00000000eb900000| Complete 
| 186|0x00000000eba00000, 0x00000000ebb00000, 0x00000000ebb00000|100%| E|CS|TAMS 0x00000000eba00000| PB 0x00000000eba00000| Complete 
| 187|0x00000000ebb00000, 0x00000000ebc00000, 0x00000000ebc00000|100%| E|CS|TAMS 0x00000000ebb00000| PB 0x00000000ebb00000| Complete 
| 188|0x00000000ebc00000, 0x00000000ebd00000, 0x00000000ebd00000|100%| E|CS|TAMS 0x00000000ebc00000| PB 0x00000000ebc00000| Complete 
| 189|0x00000000ebd00000, 0x00000000ebe00000, 0x00000000ebe00000|100%| E|CS|TAMS 0x00000000ebd00000| PB 0x00000000ebd00000| Complete 
| 190|0x00000000ebe00000, 0x00000000ebf00000, 0x00000000ebf00000|100%| E|CS|TAMS 0x00000000ebe00000| PB 0x00000000ebe00000| Complete 
| 191|0x00000000ebf00000, 0x00000000ec000000, 0x00000000ec000000|100%| E|CS|TAMS 0x00000000ebf00000| PB 0x00000000ebf00000| Complete 
| 192|0x00000000ec000000, 0x00000000ec100000, 0x00000000ec100000|100%| E|CS|TAMS 0x00000000ec000000| PB 0x00000000ec000000| Complete 
| 193|0x00000000ec100000, 0x00000000ec200000, 0x00000000ec200000|100%| E|CS|TAMS 0x00000000ec100000| PB 0x00000000ec100000| Complete 
| 194|0x00000000ec200000, 0x00000000ec300000, 0x00000000ec300000|100%| E|CS|TAMS 0x00000000ec200000| PB 0x00000000ec200000| Complete 
| 195|0x00000000ec300000, 0x00000000ec400000, 0x00000000ec400000|100%| E|CS|TAMS 0x00000000ec300000| PB 0x00000000ec300000| Complete 
| 196|0x00000000ec400000, 0x00000000ec500000, 0x00000000ec500000|100%| E|CS|TAMS 0x00000000ec400000| PB 0x00000000ec400000| Complete 
| 197|0x00000000ec500000, 0x00000000ec600000, 0x00000000ec600000|100%| E|CS|TAMS 0x00000000ec500000| PB 0x00000000ec500000| Complete 
| 198|0x00000000ec600000, 0x00000000ec700000, 0x00000000ec700000|100%| E|CS|TAMS 0x00000000ec600000| PB 0x00000000ec600000| Complete 
| 199|0x00000000ec700000, 0x00000000ec800000, 0x00000000ec800000|100%| E|CS|TAMS 0x00000000ec700000| PB 0x00000000ec700000| Complete 
| 200|0x00000000ec800000, 0x00000000ec900000, 0x00000000ec900000|100%| E|CS|TAMS 0x00000000ec800000| PB 0x00000000ec800000| Complete 
| 201|0x00000000ec900000, 0x00000000eca00000, 0x00000000eca00000|100%| E|CS|TAMS 0x00000000ec900000| PB 0x00000000ec900000| Complete 
| 202|0x00000000eca00000, 0x00000000ecb00000, 0x00000000ecb00000|100%| E|CS|TAMS 0x00000000eca00000| PB 0x00000000eca00000| Complete 
| 203|0x00000000ecb00000, 0x00000000ecc00000, 0x00000000ecc00000|100%| E|CS|TAMS 0x00000000ecb00000| PB 0x00000000ecb00000| Complete 
| 204|0x00000000ecc00000, 0x00000000ecd00000, 0x00000000ecd00000|100%| E|CS|TAMS 0x00000000ecc00000| PB 0x00000000ecc00000| Complete 
| 205|0x00000000ecd00000, 0x00000000ece00000, 0x00000000ece00000|100%| E|CS|TAMS 0x00000000ecd00000| PB 0x00000000ecd00000| Complete 
| 206|0x00000000ece00000, 0x00000000ecf00000, 0x00000000ecf00000|100%| E|CS|TAMS 0x00000000ece00000| PB 0x00000000ece00000| Complete 
| 207|0x00000000ecf00000, 0x00000000ed000000, 0x00000000ed000000|100%| E|CS|TAMS 0x00000000ecf00000| PB 0x00000000ecf00000| Complete 
| 208|0x00000000ed000000, 0x00000000ed100000, 0x00000000ed100000|100%| E|CS|TAMS 0x00000000ed000000| PB 0x00000000ed000000| Complete 
| 209|0x00000000ed100000, 0x00000000ed200000, 0x00000000ed200000|100%| E|CS|TAMS 0x00000000ed100000| PB 0x00000000ed100000| Complete 
| 210|0x00000000ed200000, 0x00000000ed300000, 0x00000000ed300000|100%| E|CS|TAMS 0x00000000ed200000| PB 0x00000000ed200000| Complete 
| 211|0x00000000ed300000, 0x00000000ed400000, 0x00000000ed400000|100%| E|CS|TAMS 0x00000000ed300000| PB 0x00000000ed300000| Complete 
| 212|0x00000000ed400000, 0x00000000ed500000, 0x00000000ed500000|100%| E|CS|TAMS 0x00000000ed400000| PB 0x00000000ed400000| Complete 
| 213|0x00000000ed500000, 0x00000000ed600000, 0x00000000ed600000|100%| E|CS|TAMS 0x00000000ed500000| PB 0x00000000ed500000| Complete 
| 214|0x00000000ed600000, 0x00000000ed700000, 0x00000000ed700000|100%| E|CS|TAMS 0x00000000ed600000| PB 0x00000000ed600000| Complete 
| 215|0x00000000ed700000, 0x00000000ed800000, 0x00000000ed800000|100%| E|CS|TAMS 0x00000000ed700000| PB 0x00000000ed700000| Complete 
| 216|0x00000000ed800000, 0x00000000ed900000, 0x00000000ed900000|100%| E|CS|TAMS 0x00000000ed800000| PB 0x00000000ed800000| Complete 
| 217|0x00000000ed900000, 0x00000000eda00000, 0x00000000eda00000|100%| E|CS|TAMS 0x00000000ed900000| PB 0x00000000ed900000| Complete 
| 218|0x00000000eda00000, 0x00000000edb00000, 0x00000000edb00000|100%| E|CS|TAMS 0x00000000eda00000| PB 0x00000000eda00000| Complete 
| 219|0x00000000edb00000, 0x00000000edc00000, 0x00000000edc00000|100%| E|CS|TAMS 0x00000000edb00000| PB 0x00000000edb00000| Complete 
| 220|0x00000000edc00000, 0x00000000edd00000, 0x00000000edd00000|100%| E|CS|TAMS 0x00000000edc00000| PB 0x00000000edc00000| Complete 
| 221|0x00000000edd00000, 0x00000000ede00000, 0x00000000ede00000|100%| E|CS|TAMS 0x00000000edd00000| PB 0x00000000edd00000| Complete 
| 222|0x00000000ede00000, 0x00000000edf00000, 0x00000000edf00000|100%| E|CS|TAMS 0x00000000ede00000| PB 0x00000000ede00000| Complete 
| 223|0x00000000edf00000, 0x00000000ee000000, 0x00000000ee000000|100%| E|CS|TAMS 0x00000000edf00000| PB 0x00000000edf00000| Complete 
| 224|0x00000000ee000000, 0x00000000ee100000, 0x00000000ee100000|100%| E|CS|TAMS 0x00000000ee000000| PB 0x00000000ee000000| Complete 
| 225|0x00000000ee100000, 0x00000000ee200000, 0x00000000ee200000|100%| E|CS|TAMS 0x00000000ee100000| PB 0x00000000ee100000| Complete 
| 226|0x00000000ee200000, 0x00000000ee300000, 0x00000000ee300000|100%| E|CS|TAMS 0x00000000ee200000| PB 0x00000000ee200000| Complete 
| 227|0x00000000ee300000, 0x00000000ee400000, 0x00000000ee400000|100%| E|CS|TAMS 0x00000000ee300000| PB 0x00000000ee300000| Complete 
| 228|0x00000000ee400000, 0x00000000ee500000, 0x00000000ee500000|100%| E|CS|TAMS 0x00000000ee400000| PB 0x00000000ee400000| Complete 
| 229|0x00000000ee500000, 0x00000000ee600000, 0x00000000ee600000|100%| E|CS|TAMS 0x00000000ee500000| PB 0x00000000ee500000| Complete 
| 230|0x00000000ee600000, 0x00000000ee700000, 0x00000000ee700000|100%| E|CS|TAMS 0x00000000ee600000| PB 0x00000000ee600000| Complete 
| 231|0x00000000ee700000, 0x00000000ee800000, 0x00000000ee800000|100%| E|CS|TAMS 0x00000000ee700000| PB 0x00000000ee700000| Complete 
| 232|0x00000000ee800000, 0x00000000ee900000, 0x00000000ee900000|100%| E|CS|TAMS 0x00000000ee800000| PB 0x00000000ee800000| Complete 
| 233|0x00000000ee900000, 0x00000000ee9de270, 0x00000000eea00000| 86%| S|CS|TAMS 0x00000000ee900000| PB 0x00000000ee900000| Complete 
| 234|0x00000000eea00000, 0x00000000eeb00000, 0x00000000eeb00000|100%| S|CS|TAMS 0x00000000eea00000| PB 0x00000000eea00000| Complete 
| 235|0x00000000eeb00000, 0x00000000eec00000, 0x00000000eec00000|100%| S|CS|TAMS 0x00000000eeb00000| PB 0x00000000eeb00000| Complete 
| 236|0x00000000eec00000, 0x00000000eed00000, 0x00000000eed00000|100%| S|CS|TAMS 0x00000000eec00000| PB 0x00000000eec00000| Complete 
| 237|0x00000000eed00000, 0x00000000eee00000, 0x00000000eee00000|100%| S|CS|TAMS 0x00000000eed00000| PB 0x00000000eed00000| Complete 
| 238|0x00000000eee00000, 0x00000000eef00000, 0x00000000eef00000|100%| S|CS|TAMS 0x00000000eee00000| PB 0x00000000eee00000| Complete 
| 239|0x00000000eef00000, 0x00000000ef000000, 0x00000000ef000000|100%| E|CS|TAMS 0x00000000eef00000| PB 0x00000000eef00000| Complete 
| 240|0x00000000ef000000, 0x00000000ef100000, 0x00000000ef100000|100%| E|CS|TAMS 0x00000000ef000000| PB 0x00000000ef000000| Complete 
| 241|0x00000000ef100000, 0x00000000ef200000, 0x00000000ef200000|100%| E|CS|TAMS 0x00000000ef100000| PB 0x00000000ef100000| Complete 
| 242|0x00000000ef200000, 0x00000000ef300000, 0x00000000ef300000|100%| E|CS|TAMS 0x00000000ef200000| PB 0x00000000ef200000| Complete 
| 243|0x00000000ef300000, 0x00000000ef400000, 0x00000000ef400000|100%| E|CS|TAMS 0x00000000ef300000| PB 0x00000000ef300000| Complete 
| 244|0x00000000ef400000, 0x00000000ef500000, 0x00000000ef500000|100%| E|CS|TAMS 0x00000000ef400000| PB 0x00000000ef400000| Complete 
| 245|0x00000000ef500000, 0x00000000ef600000, 0x00000000ef600000|100%| E|CS|TAMS 0x00000000ef500000| PB 0x00000000ef500000| Complete 
| 246|0x00000000ef600000, 0x00000000ef700000, 0x00000000ef700000|100%| E|CS|TAMS 0x00000000ef600000| PB 0x00000000ef600000| Complete 
| 247|0x00000000ef700000, 0x00000000ef800000, 0x00000000ef800000|100%| E|CS|TAMS 0x00000000ef700000| PB 0x00000000ef700000| Complete 
| 248|0x00000000ef800000, 0x00000000ef900000, 0x00000000ef900000|100%| S|CS|TAMS 0x00000000ef800000| PB 0x00000000ef800000| Complete 
| 249|0x00000000ef900000, 0x00000000efa00000, 0x00000000efa00000|100%| S|CS|TAMS 0x00000000ef900000| PB 0x00000000ef900000| Complete 
| 250|0x00000000efa00000, 0x00000000efb00000, 0x00000000efb00000|100%| S|CS|TAMS 0x00000000efa00000| PB 0x00000000efa00000| Complete 
| 251|0x00000000efb00000, 0x00000000efc00000, 0x00000000efc00000|100%| E|CS|TAMS 0x00000000efb00000| PB 0x00000000efb00000| Complete 
| 252|0x00000000efc00000, 0x00000000efd00000, 0x00000000efd00000|100%| E|CS|TAMS 0x00000000efc00000| PB 0x00000000efc00000| Complete 
| 253|0x00000000efd00000, 0x00000000efe00000, 0x00000000efe00000|100%| E|CS|TAMS 0x00000000efd00000| PB 0x00000000efd00000| Complete 
| 254|0x00000000efe00000, 0x00000000eff00000, 0x00000000eff00000|100%| E|CS|TAMS 0x00000000efe00000| PB 0x00000000efe00000| Complete 
| 255|0x00000000eff00000, 0x00000000f0000000, 0x00000000f0000000|100%| E|CS|TAMS 0x00000000eff00000| PB 0x00000000eff00000| Complete 

Card table byte_map: [0x0000026dcbf40000,0x0000026dcc040000] _byte_map_base: 0x0000026dcb840000

Marking Bits: (CMBitMap*) 0x0000026db4473fc0
 Bits: [0x0000026dcc040000, 0x0000026dcc840000)

Polling page: 0x0000026db2300000

Metaspace:

Usage:
  Non-class:     39.98 MB used.
      Class:      6.75 MB used.
       Both:     46.73 MB used.

Virtual space:
  Non-class space:       64.00 MB reserved,      40.94 MB ( 64%) committed,  1 nodes.
      Class space:      320.00 MB reserved,       7.69 MB (  2%) committed,  1 nodes.
             Both:      384.00 MB reserved,      48.62 MB ( 13%) committed. 

Chunk freelists:
   Non-Class:  6.14 MB
       Class:  8.29 MB
        Both:  14.43 MB

MaxMetaspaceSize: 384.00 MB
CompressedClassSpaceSize: 320.00 MB
Initial GC threshold: 21.00 MB
Current GC threshold: 64.81 MB
CDS: on
 - commit_granule_bytes: 65536.
 - commit_granule_words: 8192.
 - virtual_space_node_default_size: 8388608.
 - enlarge_chunks_in_place: 1.
 - use_allocation_guard: 0.


Internal statistics:

num_allocs_failed_limit: 27.
num_arena_births: 3370.
num_arena_deaths: 0.
num_vsnodes_births: 2.
num_vsnodes_deaths: 0.
num_space_committed: 778.
num_space_uncommitted: 0.
num_chunks_returned_to_freelist: 27.
num_chunks_taken_from_freelist: 5811.
num_chunk_merges: 21.
num_chunk_splits: 3727.
num_chunks_enlarged: 2156.
num_inconsistent_stats: 0.

CodeHeap 'non-profiled nmethods': size=120000Kb used=3218Kb max_used=3218Kb free=116781Kb
 bounds [0x0000026dc43c0000, 0x0000026dc46f0000, 0x0000026dcb8f0000]
CodeHeap 'profiled nmethods': size=120000Kb used=11146Kb max_used=11146Kb free=108853Kb
 bounds [0x0000026dbc8f0000, 0x0000026dbd3e0000, 0x0000026dc3e20000]
CodeHeap 'non-nmethods': size=5760Kb used=2003Kb max_used=2037Kb free=3757Kb
 bounds [0x0000026dc3e20000, 0x0000026dc4090000, 0x0000026dc43c0000]
 total_blobs=6560 nmethods=5804 adapters=660
 compilation: enabled
              stopped_count=0, restarted_count=0
 full_count=0

Compilation events (20 events):
Event: 101.767 Thread 0x0000026dcf61a460 6241       3       org.gradle.internal.snapshot.AbstractStorePathRelationshipHandler::handleAsDescendantOfChild (24 bytes)
Event: 101.768 Thread 0x0000026dcf61a460 nmethod 6241 0x0000026dbd3d0a90 code [0x0000026dbd3d0c80, 0x0000026dbd3d10e0]
Event: 101.768 Thread 0x0000026dcf61a460 6243       1       org.gradle.internal.operations.DefaultBuildOperationRunner$DefaultBuildOperationContext::setResult (6 bytes)
Event: 101.768 Thread 0x0000026dcf61a460 nmethod 6243 0x0000026dc46e3890 code [0x0000026dc46e3a20, 0x0000026dc46e3b30]
Event: 101.772 Thread 0x0000026dcf61a460 6245       3       org.gradle.internal.execution.steps.ExecutionRequestContext::<init> (15 bytes)
Event: 101.773 Thread 0x0000026dcf61a460 nmethod 6245 0x0000026dbd3d1290 code [0x0000026dbd3d1440, 0x0000026dbd3d1660]
Event: 101.773 Thread 0x0000026dcf61a460 6244       1       org.gradle.internal.execution.impl.DefaultExecutionEngine::access$000 (5 bytes)
Event: 101.773 Thread 0x0000026dcf61a460 nmethod 6244 0x0000026dc46e3b90 code [0x0000026dc46e3d20, 0x0000026dc46e3dd0]
Event: 101.775 Thread 0x0000026dcf61a460 6246       3       it.unimi.dsi.fastutil.longs.LongSets$SynchronizedSet::add (6 bytes)
Event: 101.775 Thread 0x0000026dcf61a460 nmethod 6246 0x0000026dbd3d1710 code [0x0000026dbd3d18c0, 0x0000026dbd3d1a00]
Event: 101.786 Thread 0x0000026dcf61a460 6248   !   3       it.unimi.dsi.fastutil.longs.LongCollections$SynchronizedCollection::contains (27 bytes)
Event: 101.786 Thread 0x0000026dcf61a460 nmethod 6248 0x0000026dbd3d1a90 code [0x0000026dbd3d1c40, 0x0000026dbd3d1f10]
Event: 101.814 Thread 0x0000026dcf61a460 6249       1       org.gradle.api.internal.artifacts.DependencyManagementGradleUserHomeScopeServices$3::getWorkspaceProvider (5 bytes)
Event: 101.814 Thread 0x0000026dcf61a460 nmethod 6249 0x0000026dc46e4310 code [0x0000026dc46e44a0, 0x0000026dc46e4568]
Event: 101.814 Thread 0x0000026dcf61a460 6251       3       org.gradle.internal.execution.InputVisitor$InputFileValueSupplier::getFiles (13 bytes)
Event: 101.814 Thread 0x0000026dcf61a460 nmethod 6251 0x0000026dbd3d2090 code [0x0000026dbd3d2240, 0x0000026dbd3d2520]
Event: 101.814 Thread 0x0000026dcf61a460 6250       1       org.gradle.api.internal.artifacts.transform.AbstractTransformExecution::getInputFingerprinter (5 bytes)
Event: 101.814 Thread 0x0000026dcf61a460 nmethod 6250 0x0000026dc46e4610 code [0x0000026dc46e47a0, 0x0000026dc46e4868]
Event: 101.814 Thread 0x0000026dcf61a460 6252       3       org.gradle.internal.hash.Hashing$DefaultHasher::put (8 bytes)
Event: 101.814 Thread 0x0000026dcf61a460 nmethod 6252 0x0000026dbd3d2610 code [0x0000026dbd3d27c0, 0x0000026dbd3d29a0]

GC Heap History (12 events):
Event: 1.430 GC heap before
{Heap before GC invocations=0 (full 0):
 garbage-first heap   total 262144K, used 26624K [0x00000000e0000000, 0x0000000100000000)
  region size 1024K, 23 young (23552K), 0 survivors (0K)
 Metaspace       used 3073K, committed 3264K, reserved 393216K
  class space    used 359K, committed 448K, reserved 327680K
}
Event: 1.794 GC heap after
{Heap after GC invocations=1 (full 0):
 garbage-first heap   total 262144K, used 10986K [0x00000000e0000000, 0x0000000100000000)
  region size 1024K, 3 young (3072K), 3 survivors (3072K)
 Metaspace       used 3073K, committed 3264K, reserved 393216K
  class space    used 359K, committed 448K, reserved 327680K
}
Event: 3.617 GC heap before
{Heap before GC invocations=1 (full 0):
 garbage-first heap   total 262144K, used 40682K [0x00000000e0000000, 0x0000000100000000)
  region size 1024K, 30 young (30720K), 3 survivors (3072K)
 Metaspace       used 4611K, committed 4864K, reserved 393216K
  class space    used 572K, committed 704K, reserved 327680K
}
Event: 3.624 GC heap after
{Heap after GC invocations=2 (full 0):
 garbage-first heap   total 262144K, used 14449K [0x00000000e0000000, 0x0000000100000000)
  region size 1024K, 3 young (3072K), 3 survivors (3072K)
 Metaspace       used 4611K, committed 4864K, reserved 393216K
  class space    used 572K, committed 704K, reserved 327680K
}
Event: 45.676 GC heap before
{Heap before GC invocations=2 (full 0):
 garbage-first heap   total 262144K, used 125041K [0x00000000e0000000, 0x0000000100000000)
  region size 1024K, 112 young (114688K), 3 survivors (3072K)
 Metaspace       used 20829K, committed 21504K, reserved 393216K
  class space    used 2878K, committed 3200K, reserved 327680K
}
Event: 45.689 GC heap after
{Heap after GC invocations=3 (full 0):
 garbage-first heap   total 262144K, used 24301K [0x00000000e0000000, 0x0000000100000000)
  region size 1024K, 12 young (12288K), 12 survivors (12288K)
 Metaspace       used 20829K, committed 21504K, reserved 393216K
  class space    used 2878K, committed 3200K, reserved 327680K
}
Event: 60.889 GC heap before
{Heap before GC invocations=4 (full 0):
 garbage-first heap   total 262144K, used 142061K [0x00000000e0000000, 0x0000000100000000)
  region size 1024K, 126 young (129024K), 12 survivors (12288K)
 Metaspace       used 37093K, committed 38528K, reserved 393216K
  class space    used 5193K, committed 5888K, reserved 327680K
}
Event: 60.899 GC heap after
{Heap after GC invocations=5 (full 0):
 garbage-first heap   total 262144K, used 31669K [0x00000000e0000000, 0x0000000100000000)
  region size 1024K, 8 young (8192K), 8 survivors (8192K)
 Metaspace       used 37093K, committed 38528K, reserved 393216K
  class space    used 5193K, committed 5888K, reserved 327680K
}
Event: 61.060 GC heap before
{Heap before GC invocations=5 (full 0):
 garbage-first heap   total 262144K, used 38837K [0x00000000e0000000, 0x0000000100000000)
  region size 1024K, 16 young (16384K), 8 survivors (8192K)
 Metaspace       used 37871K, committed 39360K, reserved 393216K
  class space    used 5314K, committed 6080K, reserved 327680K
}
Event: 61.068 GC heap after
{Heap after GC invocations=6 (full 0):
 garbage-first heap   total 262144K, used 32579K [0x00000000e0000000, 0x0000000100000000)
  region size 1024K, 9 young (9216K), 9 survivors (9216K)
 Metaspace       used 37871K, committed 39360K, reserved 393216K
  class space    used 5314K, committed 6080K, reserved 327680K
}
Event: 61.203 GC heap before
{Heap before GC invocations=6 (full 0):
 garbage-first heap   total 262144K, used 36675K [0x00000000e0000000, 0x0000000100000000)
  region size 1024K, 14 young (14336K), 9 survivors (9216K)
 Metaspace       used 38247K, committed 39680K, reserved 393216K
  class space    used 5368K, committed 6080K, reserved 327680K
}
Event: 61.209 GC heap after
{Heap after GC invocations=7 (full 0):
 garbage-first heap   total 262144K, used 33180K [0x00000000e0000000, 0x0000000100000000)
  region size 1024K, 9 young (9216K), 9 survivors (9216K)
 Metaspace       used 38247K, committed 39680K, reserved 393216K
  class space    used 5368K, committed 6080K, reserved 327680K
}

Dll operation events (15 events):
Event: 0.016 Loaded shared library D:\javar\bin\java.dll
Event: 0.139 Loaded shared library D:\javar\bin\jsvml.dll
Event: 0.237 Loaded shared library D:\javar\bin\zip.dll
Event: 0.241 Loaded shared library D:\javar\bin\instrument.dll
Event: 0.257 Loaded shared library D:\javar\bin\net.dll
Event: 0.260 Loaded shared library D:\javar\bin\nio.dll
Event: 0.264 Loaded shared library D:\javar\bin\zip.dll
Event: 0.489 Loaded shared library D:\javar\bin\jimage.dll
Event: 1.146 Loaded shared library D:\javar\bin\verify.dll
Event: 1.205 Loaded shared library C:\Users\hieun\.gradle\native\660c5614fbf4a5f2a75b1949f50a0caf5cd603558e7d8a26e50b933a0cfb79d1\windows-amd64\native-platform.dll
Event: 1.252 Loaded shared library C:\Users\hieun\.gradle\native\0.2.8\x86_64-windows-gnu\gradle-fileevents.dll
Event: 4.620 Loaded shared library D:\javar\bin\management.dll
Event: 4.623 Loaded shared library D:\javar\bin\management_ext.dll
Event: 5.433 Loaded shared library D:\javar\bin\extnet.dll
Event: 36.632 Loaded shared library D:\javar\bin\sunmscapi.dll

Deoptimization events (20 events):
Event: 87.166 Thread 0x0000026debd62b10 DEOPT PACKING pc=0x0000026dc46c5b30 sp=0x000000b1521fd4f0
Event: 87.166 Thread 0x0000026debd62b10 DEOPT UNPACKING pc=0x0000026dc3e746a2 sp=0x000000b1521fd4a0 mode 2
Event: 87.166 Thread 0x0000026debd5e970 DEOPT PACKING pc=0x0000026dc46c5b30 sp=0x000000b151bfd570
Event: 87.166 Thread 0x0000026debd5e970 DEOPT UNPACKING pc=0x0000026dc3e746a2 sp=0x000000b151bfd520 mode 2
Event: 87.166 Thread 0x0000026debd62480 DEOPT PACKING pc=0x0000026dc46c5b30 sp=0x000000b151cfd9e0
Event: 87.166 Thread 0x0000026debd62480 DEOPT UNPACKING pc=0x0000026dc3e746a2 sp=0x000000b151cfd990 mode 2
Event: 87.166 Thread 0x0000026debd62b10 Uncommon trap: trap_request=0xffffffd6 fr.pc=0x0000026dc46c5b30 relative=0x0000000000000350
Event: 87.166 Thread 0x0000026debd5e970 Uncommon trap: trap_request=0xffffffd6 fr.pc=0x0000026dc46c5b30 relative=0x0000000000000350
Event: 87.167 Thread 0x0000026debd62480 Uncommon trap: trap_request=0xffffffd6 fr.pc=0x0000026dc46c5b30 relative=0x0000000000000350
Event: 87.167 Thread 0x0000026debd62b10 Uncommon trap: reason=array_check action=maybe_recompile pc=0x0000026dc46c5b30 method=com.google.common.collect.ImmutableMap$Builder.put(Ljava/lang/Object;Ljava/lang/Object;)Lcom/google/common/collect/ImmutableMap$Builder; @ 32 c2
Event: 87.167 Thread 0x0000026debd5e970 Uncommon trap: reason=array_check action=maybe_recompile pc=0x0000026dc46c5b30 method=com.google.common.collect.ImmutableMap$Builder.put(Ljava/lang/Object;Ljava/lang/Object;)Lcom/google/common/collect/ImmutableMap$Builder; @ 32 c2
Event: 87.167 Thread 0x0000026debd62480 Uncommon trap: reason=array_check action=maybe_recompile pc=0x0000026dc46c5b30 method=com.google.common.collect.ImmutableMap$Builder.put(Ljava/lang/Object;Ljava/lang/Object;)Lcom/google/common/collect/ImmutableMap$Builder; @ 32 c2
Event: 87.167 Thread 0x0000026debd62b10 DEOPT PACKING pc=0x0000026dc46c5b30 sp=0x000000b1521fd4f0
Event: 87.167 Thread 0x0000026debd62b10 DEOPT UNPACKING pc=0x0000026dc3e746a2 sp=0x000000b1521fd4a0 mode 2
Event: 87.167 Thread 0x0000026debd5e970 DEOPT PACKING pc=0x0000026dc46c5b30 sp=0x000000b151bfd570
Event: 87.167 Thread 0x0000026debd5e970 DEOPT UNPACKING pc=0x0000026dc3e746a2 sp=0x000000b151bfd520 mode 2
Event: 87.167 Thread 0x0000026debd62480 DEOPT PACKING pc=0x0000026dc46c5b30 sp=0x000000b151cfd9e0
Event: 87.167 Thread 0x0000026debd62480 DEOPT UNPACKING pc=0x0000026dc3e746a2 sp=0x000000b151cfd990 mode 2
Event: 94.288 Thread 0x0000026debd5f690 DEOPT PACKING pc=0x0000026dbce146de sp=0x000000b151efbf20
Event: 94.288 Thread 0x0000026debd5f690 DEOPT UNPACKING pc=0x0000026dc3e74e42 sp=0x000000b151efb4a0 mode 0

Classes loaded (20 events):
Event: 77.380 Loading class jdk/internal/reflect/ByteVector done
Event: 77.380 Loading class jdk/internal/reflect/ByteVectorImpl done
Event: 77.380 Loading class jdk/internal/reflect/ClassFileAssembler
Event: 77.380 Loading class jdk/internal/reflect/ClassFileAssembler done
Event: 77.380 Loading class jdk/internal/reflect/UTF8
Event: 77.381 Loading class jdk/internal/reflect/UTF8 done
Event: 77.381 Loading class jdk/internal/reflect/Label
Event: 77.381 Loading class jdk/internal/reflect/Label done
Event: 77.381 Loading class jdk/internal/reflect/Label$PatchInfo
Event: 77.381 Loading class jdk/internal/reflect/Label$PatchInfo done
Event: 77.381 Loading class jdk/internal/reflect/MethodAccessorGenerator$1
Event: 77.382 Loading class jdk/internal/reflect/MethodAccessorGenerator$1 done
Event: 77.382 Loading class jdk/internal/reflect/ClassDefiner
Event: 77.382 Loading class jdk/internal/reflect/ClassDefiner done
Event: 77.382 Loading class jdk/internal/reflect/ClassDefiner$1
Event: 77.382 Loading class jdk/internal/reflect/ClassDefiner$1 done
Event: 77.382 Loading class jdk/internal/reflect/SerializationConstructorAccessorImpl
Event: 77.382 Loading class jdk/internal/reflect/SerializationConstructorAccessorImpl done
Event: 80.211 Loading class sun/nio/ch/ChannelInputStream
Event: 80.211 Loading class sun/nio/ch/ChannelInputStream done

Classes unloaded (0 events):
No events

Classes redefined (0 events):
No events

Internal exceptions (20 events):
Event: 70.498 Thread 0x0000026dcf768c70 Exception <a 'java/lang/NoSuchMethodError'{0x00000000eccba7e8}: 'java.lang.Object java.lang.invoke.DirectMethodHandle$Holder.newInvokeSpecial(java.lang.Object, int, java.lang.Object)'> (0x00000000eccba7e8) 
thrown [s\open\src\hotspot\share\interpreter\linkResolver.cpp, line 773]
Event: 70.620 Thread 0x0000026dcf768c70 Exception <a 'java/lang/NoSuchMethodError'{0x00000000eca8ea30}: 'java.lang.Object java.lang.invoke.DirectMethodHandle$Holder.invokeSpecial(java.lang.Object, java.lang.Object, long, int)'> (0x00000000eca8ea30) 
thrown [s\open\src\hotspot\share\interpreter\linkResolver.cpp, line 773]
Event: 71.373 Thread 0x0000026dcf768c70 Exception <a 'java/lang/NoSuchMethodError'{0x00000000ec1ef1b8}: 'int java.lang.invoke.DirectMethodHandle$Holder.invokeSpecialIFC(java.lang.Object, java.lang.Object, java.lang.Object)'> (0x00000000ec1ef1b8) 
thrown [s\open\src\hotspot\share\interpreter\linkResolver.cpp, line 773]
Event: 71.716 Thread 0x0000026dcf768c70 Exception <a 'java/lang/NoSuchMethodError'{0x00000000ebccbe88}: 'void java.lang.invoke.DirectMethodHandle$Holder.invokeStatic(java.lang.Object, java.lang.Object, java.lang.Object, int, java.lang.Object)'> (0x00000000ebccbe88) 
thrown [s\open\src\hotspot\share\interpreter\linkResolver.cpp, line 773]
Event: 71.837 Thread 0x0000026dcf768c70 Exception <a 'java/lang/NoSuchMethodError'{0x00000000eba75858}: 'int java.lang.invoke.DirectMethodHandle$Holder.invokeInterface(java.lang.Object, java.lang.Object, java.lang.Object, java.lang.Object, java.lang.Object)'> (0x00000000eba75858) 
thrown [s\open\src\hotspot\share\interpreter\linkResolver.cpp, line 773]
Event: 72.173 Thread 0x0000026dcf768c70 Exception <a 'java/lang/NoSuchMethodError'{0x00000000eb223460}: 'int java.lang.invoke.DirectMethodHandle$Holder.invokeInterface(java.lang.Object, java.lang.Object, java.lang.Object, java.lang.Object)'> (0x00000000eb223460) 
thrown [s\open\src\hotspot\share\interpreter\linkResolver.cpp, line 773]
Event: 72.317 Thread 0x0000026dcf768c70 Exception <a 'java/lang/NoSuchMethodError'{0x00000000eb001c80}: 'java.lang.Object java.lang.invoke.DirectMethodHandle$Holder.invokeStatic(java.lang.Object, long, java.lang.Object)'> (0x00000000eb001c80) 
thrown [s\open\src\hotspot\share\interpreter\linkResolver.cpp, line 773]
Event: 72.324 Thread 0x0000026dcf768c70 Exception <a 'java/lang/NoSuchMethodError'{0x00000000eb009118}: 'java.lang.Object java.lang.invoke.DirectMethodHandle$Holder.newInvokeSpecial(java.lang.Object, long)'> (0x00000000eb009118) 
thrown [s\open\src\hotspot\share\interpreter\linkResolver.cpp, line 773]
Event: 72.364 Thread 0x0000026dcf768c70 Exception <a 'java/lang/NoSuchMethodError'{0x00000000eb068a18}: 'java.lang.Object java.lang.invoke.DirectMethodHandle$Holder.newInvokeSpecial(java.lang.Object, java.lang.Object, java.lang.Object, java.lang.Object, java.lang.Object, long, java.lang.Object)'> (0x00000000eb068a18) 
thrown [s\open\src\hotspot\share\interpreter\linkResolver.cpp, line 773]
Event: 72.365 Thread 0x0000026dcf768c70 Exception <a 'java/lang/NoSuchMethodError'{0x00000000eb0714f0}: 'java.lang.Object java.lang.invoke.Invokers$Holder.linkToTargetMethod(java.lang.Object, java.lang.Object, java.lang.Object, java.lang.Object, long, java.lang.Object, java.lang.Object)'> (0x00000000eb0714f0) 
thrown [s\open\src\hotspot\share\interpreter\linkResolver.cpp, line 773]
Event: 72.387 Thread 0x0000026dcf768c70 Exception <a 'java/lang/NoSuchMethodError'{0x00000000eb0b17b0}: 'java.lang.Object java.lang.invoke.DirectMethodHandle$Holder.newInvokeSpecial(java.lang.Object, java.lang.Object, java.lang.Object, long, java.lang.Object)'> (0x00000000eb0b17b0) 
thrown [s\open\src\hotspot\share\interpreter\linkResolver.cpp, line 773]
Event: 72.387 Thread 0x0000026dcf768c70 Exception <a 'java/lang/NoSuchMethodError'{0x00000000eb0b6690}: 'java.lang.Object java.lang.invoke.DirectMethodHandle$Holder.invokeSpecial(java.lang.Object, java.lang.Object, java.lang.Object, java.lang.Object, long, java.lang.Object)'> (0x00000000eb0b6690) 
thrown [s\open\src\hotspot\share\interpreter\linkResolver.cpp, line 773]
Event: 72.387 Thread 0x0000026dcf768c70 Exception <a 'java/lang/NoSuchMethodError'{0x00000000eb0bac80}: 'java.lang.Object java.lang.invoke.Invokers$Holder.linkToTargetMethod(java.lang.Object, java.lang.Object, long, java.lang.Object, java.lang.Object)'> (0x00000000eb0bac80) 
thrown [s\open\src\hotspot\share\interpreter\linkResolver.cpp, line 773]
Event: 72.437 Thread 0x0000026dcf768c70 Implicit null exception at 0x0000026dc45da27c to 0x0000026dc45da334
Event: 72.617 Thread 0x0000026dcf768c70 Exception <a 'java/lang/NoSuchMethodError'{0x00000000ead26e78}: 'java.lang.Object java.lang.invoke.DirectMethodHandle$Holder.invokeSpecial(java.lang.Object, java.lang.Object, long, java.lang.Object, java.lang.Object)'> (0x00000000ead26e78) 
thrown [s\open\src\hotspot\share\interpreter\linkResolver.cpp, line 773]
Event: 77.326 Thread 0x0000026dcf768c70 Exception <a 'java/lang/NoSuchMethodError'{0x00000000ea9d8280}: 'void java.lang.invoke.DirectMethodHandle$Holder.invokeVirtual(java.lang.Object, java.lang.Object)'> (0x00000000ea9d8280) 
thrown [s\open\src\hotspot\share\interpreter\linkResolver.cpp, line 773]
Event: 77.389 Thread 0x0000026dcf768c70 Exception <a 'java/lang/NoSuchMethodError'{0x00000000ea3a96c8}: 'java.lang.Object java.lang.invoke.DirectMethodHandle$Holder.newInvokeSpecial(java.lang.Object, java.lang.Object, java.lang.Object, java.lang.Object, int, java.lang.Object)'> (0x00000000ea3a96c8) 
thrown [s\open\src\hotspot\share\interpreter\linkResolver.cpp, line 773]
Event: 77.389 Thread 0x0000026dcf768c70 Exception <a 'java/lang/NoSuchMethodError'{0x00000000ea3ae9b0}: 'java.lang.Object java.lang.invoke.DirectMethodHandle$Holder.invokeSpecial(java.lang.Object, java.lang.Object, java.lang.Object, java.lang.Object, java.lang.Object, int, java.lang.Object)'> (0x00000000ea3ae9b0) 
thrown [s\open\src\hotspot\share\interpreter\linkResolver.cpp, line 773]
Event: 77.390 Thread 0x0000026dcf768c70 Exception <a 'java/lang/NoSuchMethodError'{0x00000000ea3b32f8}: 'java.lang.Object java.lang.invoke.Invokers$Holder.linkToTargetMethod(java.lang.Object, java.lang.Object, java.lang.Object, int, java.lang.Object, java.lang.Object)'> (0x00000000ea3b32f8) 
thrown [s\open\src\hotspot\share\interpreter\linkResolver.cpp, line 773]
Event: 87.126 Thread 0x0000026dcf768c70 Exception <a 'java/lang/NoSuchMethodError'{0x00000000e9b6dcf0}: 'java.lang.Object java.lang.invoke.DirectMethodHandle$Holder.invokeSpecialIFC(java.lang.Object, java.lang.Object, java.lang.Object)'> (0x00000000e9b6dcf0) 
thrown [s\open\src\hotspot\share\interpreter\linkResolver.cpp, line 773]

ZGC Phase Switch (0 events):
No events

VM Operations (20 events):
Event: 88.255 Executing VM operation: Cleanup
Event: 88.255 Executing VM operation: Cleanup done
Event: 89.268 Executing VM operation: Cleanup
Event: 89.269 Executing VM operation: Cleanup done
Event: 90.269 Executing VM operation: Cleanup
Event: 90.269 Executing VM operation: Cleanup done
Event: 92.277 Executing VM operation: Cleanup
Event: 92.277 Executing VM operation: Cleanup done
Event: 94.290 Executing VM operation: Cleanup
Event: 94.345 Executing VM operation: Cleanup done
Event: 95.352 Executing VM operation: Cleanup
Event: 95.449 Executing VM operation: Cleanup done
Event: 96.455 Executing VM operation: Cleanup
Event: 96.455 Executing VM operation: Cleanup done
Event: 97.456 Executing VM operation: Cleanup
Event: 97.456 Executing VM operation: Cleanup done
Event: 101.478 Executing VM operation: Cleanup
Event: 101.559 Executing VM operation: Cleanup done
Event: 102.561 Executing VM operation: Cleanup
Event: 102.561 Executing VM operation: Cleanup done

Events (20 events):
Event: 61.224 Thread 0x0000026dcf4dd920 flushing nmethod 0x0000026dbcd7df10
Event: 61.224 Thread 0x0000026dcf4dd920 flushing nmethod 0x0000026dbcd7e610
Event: 62.622 Thread 0x0000026deb5beed0 Thread exited: 0x0000026deb5beed0
Event: 65.555 Thread 0x0000026debd5dc50 Thread added: 0x0000026debd5dc50
Event: 71.906 Thread 0x0000026deb5bda60 Thread added: 0x0000026deb5bda60
Event: 72.873 Thread 0x0000026deb5bda60 Thread exited: 0x0000026deb5bda60
Event: 72.892 Thread 0x0000026deb5bfc70 Thread added: 0x0000026deb5bfc70
Event: 73.006 Thread 0x0000026deb5bfc70 Thread exited: 0x0000026deb5bfc70
Event: 76.622 Thread 0x0000026debd5fd20 Thread added: 0x0000026debd5fd20
Event: 76.622 Thread 0x0000026debd5e970 Thread added: 0x0000026debd5e970
Event: 76.623 Thread 0x0000026debd62480 Thread added: 0x0000026debd62480
Event: 76.623 Thread 0x0000026debd60a40 Thread added: 0x0000026debd60a40
Event: 76.623 Thread 0x0000026debd5f690 Thread added: 0x0000026debd5f690
Event: 76.624 Thread 0x0000026debd61760 Thread added: 0x0000026debd61760
Event: 76.625 Thread 0x0000026debd631a0 Thread added: 0x0000026debd631a0
Event: 76.625 Thread 0x0000026debd62b10 Thread added: 0x0000026debd62b10
Event: 76.626 Thread 0x0000026debd63830 Thread added: 0x0000026debd63830
Event: 76.626 Thread 0x0000026debd63ec0 Thread added: 0x0000026debd63ec0
Event: 76.626 Thread 0x0000026debd64550 Thread added: 0x0000026debd64550
Event: 77.693 Thread 0x0000026debd610d0 Thread added: 0x0000026debd610d0


Dynamic libraries:
0x00007ff61cc20000 - 0x00007ff61cc30000 	D:\javar\bin\java.exe
0x00007ffae01e0000 - 0x00007ffae0446000 	C:\Windows\SYSTEM32\ntdll.dll
0x00007ffadf780000 - 0x00007ffadf849000 	C:\Windows\System32\KERNEL32.DLL
0x00007ffadd630000 - 0x00007ffadda2f000 	C:\Windows\System32\KERNELBASE.dll
0x00007ffada250000 - 0x00007ffada2ef000 	C:\Windows\SYSTEM32\apphelp.dll
0x00007ffadd3f0000 - 0x00007ffadd53c000 	C:\Windows\System32\ucrtbase.dll
0x00007ffa773a0000 - 0x00007ffa773b9000 	D:\javar\bin\jli.dll
0x00007ffadec80000 - 0x00007ffaded3c000 	C:\Windows\System32\ADVAPI32.dll
0x00007ffadf510000 - 0x00007ffadf5b9000 	C:\Windows\System32\msvcrt.dll
0x00007ffadfe10000 - 0x00007ffadfeba000 	C:\Windows\System32\sechost.dll
0x00007ffa61b70000 - 0x00007ffa61b8e000 	D:\javar\bin\VCRUNTIME140.dll
0x00007ffadfa60000 - 0x00007ffadfb78000 	C:\Windows\System32\RPCRT4.dll
0x00007ffadfb80000 - 0x00007ffadfd46000 	C:\Windows\System32\USER32.dll
0x00007ffadd600000 - 0x00007ffadd627000 	C:\Windows\System32\win32u.dll
0x00007ffaded50000 - 0x00007ffaded7b000 	C:\Windows\System32\GDI32.dll
0x00007ffaddde0000 - 0x00007ffaddf09000 	C:\Windows\System32\gdi32full.dll
0x00007ffadd550000 - 0x00007ffadd5f3000 	C:\Windows\System32\msvcp_win.dll
0x00007ffac7080000 - 0x00007ffac7311000 	C:\Windows\WinSxS\amd64_microsoft.windows.common-controls_6595b64144ccf1df_6.0.26100.8972_none_3e0da176e32f9d4b\COMCTL32.dll
0x00007ffad46c0000 - 0x00007ffad46cb000 	C:\Windows\SYSTEM32\VERSION.dll
0x00007ffadfdd0000 - 0x00007ffadfe02000 	C:\Windows\System32\IMM32.DLL
0x00007ffac7320000 - 0x00007ffac732c000 	D:\javar\bin\vcruntime140_1.dll
0x00007ffa54fe0000 - 0x00007ffa5506d000 	D:\javar\bin\msvcp140.dll
0x00007ffa47ba0000 - 0x00007ffa488c8000 	D:\javar\bin\server\jvm.dll
0x00007ffadf6f0000 - 0x00007ffadf772000 	C:\Windows\System32\WS2_32.dll
0x00007ffad3e20000 - 0x00007ffad3e56000 	C:\Windows\SYSTEM32\WINMM.dll
0x00007ffadd250000 - 0x00007ffadd2ae000 	C:\Windows\SYSTEM32\POWRPROF.dll
0x00007ffadd230000 - 0x00007ffadd245000 	C:\Windows\SYSTEM32\UMPDC.dll
0x00007ffadc0e0000 - 0x00007ffadc0fb000 	C:\Windows\SYSTEM32\kernel.appcore.dll
0x00007ffac6160000 - 0x00007ffac616a000 	D:\javar\bin\jimage.dll
0x00007ffad2be0000 - 0x00007ffad2e22000 	C:\Windows\SYSTEM32\DBGHELP.DLL
0x00007ffade0d0000 - 0x00007ffade455000 	C:\Windows\System32\combase.dll
0x00007ffade470000 - 0x00007ffade549000 	C:\Windows\System32\OLEAUT32.dll
0x00007ffab7310000 - 0x00007ffab734b000 	C:\Windows\SYSTEM32\dbgcore.DLL
0x00007ffadda40000 - 0x00007ffaddaec000 	C:\Windows\System32\bcryptPrimitives.dll
0x00007ffabc9d0000 - 0x00007ffabc9e0000 	D:\javar\bin\instrument.dll
0x00007ffa60410000 - 0x00007ffa60431000 	D:\javar\bin\java.dll
0x00007ffaded80000 - 0x00007ffadf508000 	C:\Windows\System32\SHELL32.dll
0x00007ffadae70000 - 0x00007ffadb70b000 	C:\Windows\SYSTEM32\windows.storage.dll
0x00007ffade6c0000 - 0x00007ffade7b9000 	C:\Windows\System32\SHCORE.dll
0x00007ffadf8a0000 - 0x00007ffadf906000 	C:\Windows\System32\shlwapi.dll
0x00007ffadd310000 - 0x00007ffadd339000 	C:\Windows\SYSTEM32\profapi.dll
0x00007ffa54160000 - 0x00007ffa54237000 	D:\javar\bin\jsvml.dll
0x00007ffa5d840000 - 0x00007ffa5d858000 	D:\javar\bin\zip.dll
0x00007ffa5ddf0000 - 0x00007ffa5de01000 	D:\javar\bin\net.dll
0x00007ffad6060000 - 0x00007ffad6188000 	C:\Windows\SYSTEM32\WINHTTP.dll
0x00007ffadc690000 - 0x00007ffadc6fc000 	C:\Windows\system32\mswsock.dll
0x00007ffa5cc90000 - 0x00007ffa5cca6000 	D:\javar\bin\nio.dll
0x00007ffabc380000 - 0x00007ffabc390000 	D:\javar\bin\verify.dll
0x00007ffa8a4c0000 - 0x00007ffa8a4e7000 	C:\Users\hieun\.gradle\native\660c5614fbf4a5f2a75b1949f50a0caf5cd603558e7d8a26e50b933a0cfb79d1\windows-amd64\native-platform.dll
0x00007ffa55390000 - 0x00007ffa55407000 	C:\Users\hieun\.gradle\native\0.2.8\x86_64-windows-gnu\gradle-fileevents.dll
0x00007ffab5f50000 - 0x00007ffab5f5a000 	D:\javar\bin\management.dll
0x00007ffab1e40000 - 0x00007ffab1e4c000 	D:\javar\bin\management_ext.dll
0x00007ffade7c0000 - 0x00007ffade7c8000 	C:\Windows\System32\PSAPI.DLL
0x00007ffadbb10000 - 0x00007ffadbb43000 	C:\Windows\SYSTEM32\IPHLPAPI.DLL
0x00007ffade460000 - 0x00007ffade46a000 	C:\Windows\System32\NSI.dll
0x00007ffab6340000 - 0x00007ffab6349000 	D:\javar\bin\extnet.dll
0x00007ffadc980000 - 0x00007ffadc99b000 	C:\Windows\SYSTEM32\CRYPTSP.dll
0x00007ffadc040000 - 0x00007ffadc079000 	C:\Windows\system32\rsaenh.dll
0x00007ffadc740000 - 0x00007ffadc772000 	C:\Windows\SYSTEM32\USERENV.dll
0x00007ffadd2e0000 - 0x00007ffadd30a000 	C:\Windows\SYSTEM32\bcrypt.dll
0x00007ffadc9a0000 - 0x00007ffadc9ac000 	C:\Windows\SYSTEM32\CRYPTBASE.dll
0x00007ffad7270000 - 0x00007ffad727e000 	D:\javar\bin\sunmscapi.dll
0x00007ffaddb90000 - 0x00007ffaddd0e000 	C:\Windows\System32\CRYPT32.dll
0x00007ffadcbc0000 - 0x00007ffadcbf0000 	C:\Windows\SYSTEM32\ncrypt.dll
0x00007ffadcb70000 - 0x00007ffadcbaf000 	C:\Windows\SYSTEM32\NTASN1.dll
0x00007ffacb740000 - 0x00007ffacb748000 	C:\Windows\system32\wshunix.dll

dbghelp: loaded successfully - version: 4.0.5 - missing functions: none
symbol engine: initialized successfully - sym options: 0x614 - pdb path: .;D:\javar\bin;C:\Windows\SYSTEM32;C:\Windows\WinSxS\amd64_microsoft.windows.common-controls_6595b64144ccf1df_6.0.26100.8972_none_3e0da176e32f9d4b;D:\javar\bin\server;C:\Users\hieun\.gradle\native\660c5614fbf4a5f2a75b1949f50a0caf5cd603558e7d8a26e50b933a0cfb79d1\windows-amd64;C:\Users\hieun\.gradle\native\0.2.8\x86_64-windows-gnu

VM Arguments:
jvm_args: --add-opens=java.base/java.lang=ALL-UNNAMED --add-opens=java.base/java.lang.invoke=ALL-UNNAMED --add-opens=java.base/java.util=ALL-UNNAMED --add-opens=java.prefs/java.util.prefs=ALL-UNNAMED --add-exports=jdk.compiler/com.sun.tools.javac.api=ALL-UNNAMED --add-exports=jdk.compiler/com.sun.tools.javac.util=ALL-UNNAMED --add-opens=java.base/java.nio.charset=ALL-UNNAMED --add-opens=java.base/java.net=ALL-UNNAMED --add-opens=java.base/java.util.concurrent=ALL-UNNAMED --add-opens=java.base/java.util.concurrent.atomic=ALL-UNNAMED --add-opens=java.xml/javax.xml.namespace=ALL-UNNAMED --add-opens=java.base/java.time=ALL-UNNAMED -XX:MaxMetaspaceSize=384m -XX:+HeapDumpOnOutOfMemoryError -Xms256m -Xmx512m -Dfile.encoding=UTF-8 -Duser.country=US -Duser.language=en -Duser.variant -javaagent:C:\Users\hieun\.gradle\wrapper\dists\gradle-9.5.1-bin\iq79hdu3mqx29lgffhp8bfmx\gradle-9.5.1\lib\agents\gradle-instrumentation-agent-9.5.1.jar 
java_command: org.gradle.launcher.daemon.bootstrap.GradleDaemon 9.5.1
java_class_path (initial): C:\Users\hieun\.gradle\wrapper\dists\gradle-9.5.1-bin\iq79hdu3mqx29lgffhp8bfmx\gradle-9.5.1\lib\gradle-daemon-main-9.5.1.jar
Launcher Type: SUN_STANDARD

[Global flags]
     intx CICompilerCount                          = 4                                         {product} {ergonomic}
   size_t CompressedClassSpaceSize                 = 335544320                                 {product} {ergonomic}
     uint ConcGCThreads                            = 3                                         {product} {ergonomic}
     uint G1ConcRefinementThreads                  = 10                                        {product} {ergonomic}
   size_t G1HeapRegionSize                         = 1048576                                   {product} {ergonomic}
    uintx GCDrainStackTargetSize                   = 64                                        {product} {ergonomic}
     bool HeapDumpOnOutOfMemoryError               = true                                   {manageable} {command line}
   size_t InitialHeapSize                          = 268435456                                 {product} {command line}
   size_t MarkStackSize                            = 4194304                                   {product} {ergonomic}
   size_t MaxHeapSize                              = 536870912                                 {product} {command line}
   size_t MaxMetaspaceSize                         = 402653184                                 {product} {command line}
   size_t MaxNewSize                               = 321912832                                 {product} {ergonomic}
   size_t MinHeapDeltaBytes                        = 1048576                                   {product} {ergonomic}
   size_t MinHeapSize                              = 268435456                                 {product} {command line}
    uintx NonNMethodCodeHeapSize                   = 5839372                                {pd product} {ergonomic}
    uintx NonProfiledCodeHeapSize                  = 122909434                              {pd product} {ergonomic}
    uintx ProfiledCodeHeapSize                     = 122909434                              {pd product} {ergonomic}
    uintx ReservedCodeCacheSize                    = 251658240                              {pd product} {ergonomic}
     bool SegmentedCodeCache                       = true                                      {product} {ergonomic}
   size_t SoftMaxHeapSize                          = 536870912                              {manageable} {ergonomic}
     bool UseCompressedOops                        = true                           {product lp64_product} {ergonomic}
     bool UseG1GC                                  = true                                      {product} {ergonomic}
     bool UseLargePagesIndividualAllocation        = false                                  {pd product} {ergonomic}

Logging:
Log output configuration:
 #0: stdout all=warning uptime,level,tags foldmultilines=false
 #1: stderr all=off uptime,level,tags foldmultilines=false

Environment Variables:
PATH=C:\Program Files\Common Files\Oracle\Java\javapath;C:\Windows\system32;C:\Windows;C:\Windows\System32\Wbem;C:\Windows\System32\WindowsPowerShell\v1.0\;C:\Windows\System32\OpenSSH\;C:\Program Files (x86)\NVIDIA Corporation\PhysX\Common;C:\Program Files\dotnet\;D:\Git\cmd;C:\Program Files\NVIDIA Corporation\NVIDIA App\NvDLISR;C:\Program Files\Docker\Docker\resources\bin;C:\ProgramData\chocolatey\bin;D:\node js\;C:\Users\hieun\AppData\Local\Programs\Python\Launcher\;C:\Users\hieun\AppData\Local\Microsoft\WindowsApps;D:\Microsoft VS Code\bin;C:\Users\hieun\AppData\Roaming\npm
USERNAME=hieun
OS=Windows_NT
PROCESSOR_IDENTIFIER=AMD64 Family 25 Model 68 Stepping 1, AuthenticAMD
TMP=C:\Users\hieun\AppData\Local\Temp
TEMP=C:\Users\hieun\AppData\Local\Temp




Periodic native trim disabled

---------------  S Y S T E M  ---------------

OS:
 Windows 11 , 64 bit Build 26100 (10.0.26100.9168)
OS uptime: 2 days 10:43 hours
Hyper-V role detected

CPU: total 12 (initial active 12) (12 cores per cpu, 2 threads per core) family 25 model 68 stepping 1 microcode 0xa404107, cx8, cmov, fxsr, ht, mmx, 3dnowpref, sse, sse2, sse3, ssse3, sse4a, sse4.1, sse4.2, popcnt, lzcnt, tsc, tscinvbit, avx, avx2, aes, erms, clmul, bmi1, bmi2, adx, sha, fma, vzeroupper, clflush, clflushopt, hv, rdtscp, rdpid, fsrm, f16c, cet_ss
Processor Information for all 12 processors :
  Max Mhz: 3301, Current Mhz: 3301, Mhz Limit: 3301

Memory: 4k page, system-wide physical 15690M (208M free)
TotalPageFile size 48779M (AvailPageFile size 88M)
current process WorkingSet (physical memory assigned to process): 211M, peak: 352M
current process commit charge ("private bytes"): 478M, peak: 498M

vm_info: Java HotSpot(TM) 64-Bit Server VM (21.0.11+9-LTS-211) for windows-amd64 JRE (21.0.11+9-LTS-211), built on 2026-03-11T00:23:15Z by "mach5run" with MS VC++ 17.13 (VS2022)

END.
