#
# There is insufficient memory for the Java Runtime Environment to continue.
# Native memory allocation (malloc) failed to allocate 1244816 bytes for Chunk::new
# Possible reasons:
#   The system is out of physical RAM or swap space
#   The process is running with CompressedOops enabled, and the Java Heap may be blocking the growth of the native heap
# Possible solutions:
#   Reduce memory load on the system
#   Increase physical memory or swap space
#   Check if swap backing store is full
#   Decrease Java heap size (-Xmx/-Xms)
#   Decrease number of Java threads
#   Decrease Java thread stack sizes (-Xss)
#   Set larger code cache with -XX:ReservedCodeCacheSize=
#   JVM is running with Unscaled Compressed Oops mode in which the Java heap is
#     placed in the first 4GB address space. The Java Heap base address is the
#     maximum limit for the native heap growth. Please use -XX:HeapBaseMinAddress
#     to set the Java Heap base and to place the Java Heap above 4GB virtual address.
# This output file may be truncated or incomplete.
#
#  Out of Memory Error (arena.cpp:168), pid=23296, tid=17748
#
# JRE version: Java(TM) SE Runtime Environment (21.0.11+9) (build 21.0.11+9-LTS-211)
# Java VM: Java HotSpot(TM) 64-Bit Server VM (21.0.11+9-LTS-211, mixed mode, sharing, tiered, compressed oops, compressed class ptrs, g1 gc, windows-amd64)
# No core dump will be written. Minidumps are not enabled by default on client versions of Windows
#

---------------  S U M M A R Y ------------

Command Line: --add-opens=java.base/java.lang=ALL-UNNAMED --add-opens=java.base/java.lang.invoke=ALL-UNNAMED --add-opens=java.base/java.util=ALL-UNNAMED --add-opens=java.prefs/java.util.prefs=ALL-UNNAMED --add-exports=jdk.compiler/com.sun.tools.javac.api=ALL-UNNAMED --add-exports=jdk.compiler/com.sun.tools.javac.util=ALL-UNNAMED --add-opens=java.base/java.nio.charset=ALL-UNNAMED --add-opens=java.base/java.net=ALL-UNNAMED --add-opens=java.base/java.util.concurrent=ALL-UNNAMED --add-opens=java.base/java.util.concurrent.atomic=ALL-UNNAMED --add-opens=java.xml/javax.xml.namespace=ALL-UNNAMED --add-opens=java.base/java.time=ALL-UNNAMED -XX:MaxMetaspaceSize=384m -XX:+HeapDumpOnOutOfMemoryError -Xms256m -Xmx512m -Dfile.encoding=UTF-8 -Duser.country=US -Duser.language=en -Duser.variant -javaagent:C:\Users\hieun\.gradle\wrapper\dists\gradle-9.5.1-bin\iq79hdu3mqx29lgffhp8bfmx\gradle-9.5.1\lib\agents\gradle-instrumentation-agent-9.5.1.jar org.gradle.launcher.daemon.bootstrap.GradleDaemon 9.5.1

Host: AMD Ryzen 5 7535HS with Radeon Graphics        , 12 cores, 15G,  Windows 11 , 64 bit Build 26100 (10.0.26100.9444)
Time: Sat Sep 26 22:26:08 2026 SE Asia Standard Time elapsed time: 164.679970 seconds (0d 0h 2m 44s)

---------------  T H R E A D  ---------------

Current thread (0x0000027926340a30):  JavaThread "C2 CompilerThread0" daemon [_thread_in_native, id=17748, stack(0x0000009acc500000,0x0000009acc600000) (1024K)]


Current CompileTask:
C2: 164680 7506 %     4       org.gradle.internal.instantiation.generator.AbstractClassGenerator::inspectType @ 107 (602 bytes)

Stack: [0x0000009acc500000,0x0000009acc600000]
Native frames: (J=compiled Java code, j=interpreted, Vv=VM code, C=native code)
V  [jvm.dll+0x6d0ef9]
V  [jvm.dll+0x860126]
V  [jvm.dll+0x86261e]
V  [jvm.dll+0x862cf3]
V  [jvm.dll+0x282bc6]
V  [jvm.dll+0xc67ad]
V  [jvm.dll+0xc6cf1]
V  [jvm.dll+0x2f81be]
V  [jvm.dll+0x5fb0e7]
V  [jvm.dll+0x254b87]
V  [jvm.dll+0x24cf14]
V  [jvm.dll+0x24a9fe]
V  [jvm.dll+0x1cae7e]
V  [jvm.dll+0x25a7d9]
V  [jvm.dll+0x258d65]
V  [jvm.dll+0x3f50d1]
V  [jvm.dll+0x80ac0d]
V  [jvm.dll+0x6cf79d]
C  [ucrtbase.dll+0x2cd30]
C  [KERNEL32.DLL+0x2cd87]
C  [ntdll.dll+0xacaec]


---------------  P R O C E S S  ---------------

Threads class SMR info:
_java_thread_list=0x0000027943ae9ee0, length=50, elements={
0x000002790b16ad50, 0x00000279263342a0, 0x0000027926335d10, 0x0000027926338320,
0x0000027926338d80, 0x000002792633c510, 0x000002792633fca0, 0x0000027926340a30,
0x0000027926345c40, 0x0000027926623580, 0x0000027926503040, 0x00000279410ec590,
0x00000279402db970, 0x00000279406cd840, 0x0000027940171a60, 0x0000027940200990,
0x0000027941828170, 0x0000027941828e90, 0x0000027941e3c0a0, 0x0000027941e371e0,
0x0000027941e38590, 0x0000027941e364c0, 0x0000027941e392b0, 0x0000027941e35e30,
0x0000027941e38c20, 0x0000027941e37f00, 0x0000027941e3ba10, 0x0000027941e39fd0,
0x0000027941e3a660, 0x00000279417dd590, 0x00000279417de940, 0x00000279417dc1e0,
0x00000279417db4c0, 0x00000279417dc870, 0x00000279417e1dc0, 0x00000279417defd0,
0x00000279417dfcf0, 0x00000279417e0380, 0x00000279417e0a10, 0x0000027941828800,
0x0000027941829520, 0x00000279418260a0, 0x0000027941826dc0, 0x00000279439f1ca0,
0x00000279439f36e0, 0x00000279439f2330, 0x00000279439f29c0, 0x00000279439f3d70,
0x00000279439f0f80, 0x00000279439f1610
}

Java Threads: ( => current thread )
  0x000002790b16ad50 JavaThread "main"                              [_thread_blocked, id=30788, stack(0x0000009acb700000,0x0000009acb800000) (1024K)]
  0x00000279263342a0 JavaThread "Reference Handler"          daemon [_thread_blocked, id=16600, stack(0x0000009acbf00000,0x0000009acc000000) (1024K)]
  0x0000027926335d10 JavaThread "Finalizer"                  daemon [_thread_blocked, id=38288, stack(0x0000009acc000000,0x0000009acc100000) (1024K)]
  0x0000027926338320 JavaThread "Signal Dispatcher"          daemon [_thread_blocked, id=14448, stack(0x0000009acc100000,0x0000009acc200000) (1024K)]
  0x0000027926338d80 JavaThread "Attach Listener"            daemon [_thread_blocked, id=23452, stack(0x0000009acc200000,0x0000009acc300000) (1024K)]
  0x000002792633c510 JavaThread "Service Thread"             daemon [_thread_blocked, id=20696, stack(0x0000009acc300000,0x0000009acc400000) (1024K)]
  0x000002792633fca0 JavaThread "Monitor Deflation Thread"   daemon [_thread_blocked, id=37028, stack(0x0000009acc400000,0x0000009acc500000) (1024K)]
=>0x0000027926340a30 JavaThread "C2 CompilerThread0"         daemon [_thread_in_native, id=17748, stack(0x0000009acc500000,0x0000009acc600000) (1024K)]
  0x0000027926345c40 JavaThread "C1 CompilerThread0"         daemon [_thread_blocked, id=16484, stack(0x0000009acc600000,0x0000009acc700000) (1024K)]
  0x0000027926623580 JavaThread "Common-Cleaner"             daemon [_thread_blocked, id=13984, stack(0x0000009acc700000,0x0000009acc800000) (1024K)]
  0x0000027926503040 JavaThread "Notification Thread"        daemon [_thread_blocked, id=43172, stack(0x0000009acc800000,0x0000009acc900000) (1024K)]
  0x00000279410ec590 JavaThread "Daemon health stats"               [_thread_blocked, id=44640, stack(0x0000009acce00000,0x0000009accf00000) (1024K)]
  0x00000279402db970 JavaThread "Incoming local TCP Connector on port 53639"        [_thread_in_native, id=29616, stack(0x0000009accf00000,0x0000009acd000000) (1024K)]
  0x00000279406cd840 JavaThread "Daemon periodic checks"            [_thread_blocked, id=4880, stack(0x0000009acd000000,0x0000009acd100000) (1024K)]
  0x0000027940171a60 JavaThread "Daemon"                            [_thread_blocked, id=40852, stack(0x0000009acd100000,0x0000009acd200000) (1024K)]
  0x0000027940200990 JavaThread "Daemon worker"                     [_thread_in_native, id=34808, stack(0x0000009acd400000,0x0000009acd500000) (1024K)]
  0x0000027941828170 JavaThread "Handler for socket connection from /127.0.0.1:53639 to /127.0.0.1:53572"        [_thread_in_native, id=15056, stack(0x0000009acd200000,0x0000009acd300000) (1024K)]
  0x0000027941828e90 JavaThread "Cancel handler"                    [_thread_blocked, id=23996, stack(0x0000009acd600000,0x0000009acd700000) (1024K)]
  0x0000027941e3c0a0 JavaThread "Asynchronous log dispatcher for DefaultDaemonConnection: socket connection from /127.0.0.1:53639 to /127.0.0.1:53572"        [_thread_blocked, id=8256, stack(0x0000009acb400000,0x0000009acb500000) (1024K)]
  0x0000027941e371e0 JavaThread "Stdin handler"                     [_thread_blocked, id=10536, stack(0x0000009acb600000,0x0000009acb700000) (1024K)]
  0x0000027941e38590 JavaThread "Daemon client event forwarder"        [_thread_blocked, id=11392, stack(0x0000009acd500000,0x0000009acd600000) (1024K)]
  0x0000027941e364c0 JavaThread "Cache worker for journal cache (C:\Users\hieun\.gradle\caches\journal-1)"        [_thread_blocked, id=44124, stack(0x0000009acd800000,0x0000009acd900000) (1024K)]
  0x0000027941e392b0 JavaThread "File lock request listener"        [_thread_in_native, id=20564, stack(0x0000009acd900000,0x0000009acda00000) (1024K)]
  0x0000027941e35e30 JavaThread "File lock release action executor"        [_thread_blocked, id=43048, stack(0x0000009acdc00000,0x0000009acdd00000) (1024K)]
  0x0000027941e38c20 JavaThread "Cache worker for file hash cache (C:\Users\hieun\.gradle\caches\9.5.1\fileHashes)"        [_thread_blocked, id=37836, stack(0x0000009acde00000,0x0000009acdf00000) (1024K)]
  0x0000027941e37f00 JavaThread "Cache worker for file hash cache (D:\n1h5-models-backend\.gradle\9.5.1\fileHashes)"        [_thread_blocked, id=29972, stack(0x0000009ace600000,0x0000009ace700000) (1024K)]
  0x0000027941e3ba10 JavaThread "Cache worker for Build Output Cleanup Cache (D:\n1h5-models-backend\.gradle\buildOutputCleanup)"        [_thread_blocked, id=34556, stack(0x0000009ace800000,0x0000009ace900000) (1024K)]
  0x0000027941e39fd0 JavaThread "File watcher server"        daemon [_thread_in_native, id=10932, stack(0x0000009acea00000,0x0000009aceb00000) (1024K)]
  0x0000027941e3a660 JavaThread "File watcher consumer"      daemon [_thread_blocked, id=6620, stack(0x0000009aceb00000,0x0000009acec00000) (1024K)]
  0x00000279417dd590 JavaThread "Cache worker for file content cache (C:\Users\hieun\.gradle\caches\9.5.1\fileContent)"        [_thread_blocked, id=14256, stack(0x0000009acec00000,0x0000009aced00000) (1024K)]
  0x00000279417de940 JavaThread "Cache worker for checksums cache (D:\n1h5-models-backend\.gradle\9.5.1\checksums)"        [_thread_blocked, id=13504, stack(0x0000009acee00000,0x0000009acef00000) (1024K)]
  0x00000279417dc1e0 JavaThread "Cache worker for cache directory md-supplier (C:\Users\hieun\.gradle\caches\9.5.1\md-supplier)"        [_thread_blocked, id=5204, stack(0x0000009acef00000,0x0000009acf000000) (1024K)]
  0x00000279417db4c0 JavaThread "Cache worker for cache directory md-rule (C:\Users\hieun\.gradle\caches\9.5.1\md-rule)"        [_thread_blocked, id=23188, stack(0x0000009acf100000,0x0000009acf200000) (1024K)]
  0x00000279417dc870 JavaThread "jar transforms"                    [_thread_blocked, id=13724, stack(0x0000009acf300000,0x0000009acf400000) (1024K)]
  0x00000279417e1dc0 JavaThread "jar transforms Thread 2"           [_thread_blocked, id=43872, stack(0x0000009acf400000,0x0000009acf500000) (1024K)]
  0x00000279417defd0 JavaThread "jar transforms Thread 3"           [_thread_blocked, id=42744, stack(0x0000009acf600000,0x0000009acf700000) (1024K)]
  0x00000279417dfcf0 JavaThread "Build operations"                  [_thread_blocked, id=34704, stack(0x0000009acf700000,0x0000009acf800000) (1024K)]
  0x00000279417e0380 JavaThread "Build operations Thread 2"         [_thread_blocked, id=34160, stack(0x0000009acf800000,0x0000009acf900000) (1024K)]
  0x00000279417e0a10 JavaThread "Build operations Thread 3"         [_thread_blocked, id=40092, stack(0x0000009acfa00000,0x0000009acfb00000) (1024K)]
  0x0000027941828800 JavaThread "Build operations Thread 4"         [_thread_blocked, id=36540, stack(0x0000009acfb00000,0x0000009acfc00000) (1024K)]
  0x0000027941829520 JavaThread "Build operations Thread 5"         [_thread_blocked, id=42180, stack(0x0000009acfc00000,0x0000009acfd00000) (1024K)]
  0x00000279418260a0 JavaThread "Build operations Thread 6"         [_thread_blocked, id=14660, stack(0x0000009acfd00000,0x0000009acfe00000) (1024K)]
  0x0000027941826dc0 JavaThread "Build operations Thread 7"         [_thread_blocked, id=45820, stack(0x0000009acfe00000,0x0000009acff00000) (1024K)]
  0x00000279439f1ca0 JavaThread "Build operations Thread 8"         [_thread_blocked, id=37416, stack(0x0000009acff00000,0x0000009ad0000000) (1024K)]
  0x00000279439f36e0 JavaThread "Build operations Thread 9"         [_thread_blocked, id=8492, stack(0x0000009ad0000000,0x0000009ad0100000) (1024K)]
  0x00000279439f2330 JavaThread "Build operations Thread 10"        [_thread_blocked, id=3336, stack(0x0000009ad0100000,0x0000009ad0200000) (1024K)]
  0x00000279439f29c0 JavaThread "Build operations Thread 11"        [_thread_blocked, id=23740, stack(0x0000009ad0200000,0x0000009ad0300000) (1024K)]
  0x00000279439f3d70 JavaThread "Build operations Thread 12"        [_thread_blocked, id=43464, stack(0x0000009acb500000,0x0000009acb600000) (1024K)]
  0x00000279439f0f80 JavaThread "Memory manager"                    [_thread_blocked, id=11064, stack(0x0000009acd700000,0x0000009acd800000) (1024K)]
  0x00000279439f1610 JavaThread "jar transforms Thread 4"           [_thread_blocked, id=15112, stack(0x0000009acd300000,0x0000009acd400000) (1024K)]
Total: 50

Other Threads:
  0x0000027926202120 VMThread "VM Thread"                           [id=37716, stack(0x0000009acbe00000,0x0000009acbf00000) (1024K)]
  0x00000279261f3cf0 WatcherThread "VM Periodic Task Thread"        [id=15860, stack(0x0000009acbd00000,0x0000009acbe00000) (1024K)]
  0x000002790b194ef0 WorkerThread "GC Thread#0"                     [id=30064, stack(0x0000009acb800000,0x0000009acb900000) (1024K)]
  0x0000027926e347d0 WorkerThread "GC Thread#1"                     [id=22664, stack(0x0000009acc900000,0x0000009acca00000) (1024K)]
  0x0000027926e34b80 WorkerThread "GC Thread#2"                     [id=44476, stack(0x0000009acca00000,0x0000009accb00000) (1024K)]
  0x0000027926e33fd0 WorkerThread "GC Thread#3"                     [id=21180, stack(0x0000009accb00000,0x0000009accc00000) (1024K)]
  0x0000027926e48920 WorkerThread "GC Thread#4"                     [id=10036, stack(0x0000009accc00000,0x0000009accd00000) (1024K)]
  0x0000027926e48cd0 WorkerThread "GC Thread#5"                     [id=20808, stack(0x0000009accd00000,0x0000009acce00000) (1024K)]
  0x0000027940704ee0 WorkerThread "GC Thread#6"                     [id=43544, stack(0x0000009acdf00000,0x0000009ace000000) (1024K)]
  0x0000027940703c70 WorkerThread "GC Thread#7"                     [id=36356, stack(0x0000009ace000000,0x0000009ace100000) (1024K)]
  0x0000027940704020 WorkerThread "GC Thread#8"                     [id=43932, stack(0x0000009ace100000,0x0000009ace200000) (1024K)]
  0x0000027942d57390 WorkerThread "GC Thread#9"                     [id=27172, stack(0x0000009ace200000,0x0000009ace300000) (1024K)]
  0x000002790b19aca0 ConcurrentGCThread "G1 Main Marker"            [id=39124, stack(0x0000009acb900000,0x0000009acba00000) (1024K)]
  0x000002790b19b560 WorkerThread "G1 Conc#0"                       [id=13208, stack(0x0000009acba00000,0x0000009acbb00000) (1024K)]
  0x0000027942d589b0 WorkerThread "G1 Conc#1"                       [id=12648, stack(0x0000009ace400000,0x0000009ace500000) (1024K)]
  0x0000027942d58250 WorkerThread "G1 Conc#2"                       [id=40340, stack(0x0000009ace500000,0x0000009ace600000) (1024K)]
  0x00000279260c5600 ConcurrentGCThread "G1 Refine#0"               [id=34760, stack(0x0000009acbb00000,0x0000009acbc00000) (1024K)]
  0x00000279260c5e30 ConcurrentGCThread "G1 Service"                [id=40404, stack(0x0000009acbc00000,0x0000009acbd00000) (1024K)]
Total: 18

Threads with active compile tasks:
C2 CompilerThread0   164746 7506 %     4       org.gradle.internal.instantiation.generator.AbstractClassGenerator::inspectType @ 107 (602 bytes)
Total: 1

VM state: not at safepoint (normal execution)

VM Mutex/Monitor currently owned by a thread: None

Heap address: 0x00000000e0000000, size: 512 MB, Compressed Oops mode: 32-bit

CDS archive(s) mapped at: [0x0000027927000000-0x0000027927c90000-0x0000027927c90000), size 13172736, SharedBaseAddress: 0x0000027927000000, ArchiveRelocationMode: 1.
Compressed class space mapped at: 0x0000027928000000-0x000002793c000000, reserved size: 335544320
Narrow klass base: 0x0000027927000000, Narrow klass shift: 0, Narrow klass range: 0x100000000

GC Precious Log:
 CardTable entry size: 512
 Card Set container configuration: InlinePtr #cards 5 size 8 Array Of Cards #cards 12 size 40 Howl #buckets 4 coarsen threshold 1843 Howl Bitmap #cards 512 size 80 coarsen threshold 460 Card regions per heap region 1 cards per card region 2048
 CPUs: 12 total, 12 available
 Memory: 15690M
 Large Page Support: Disabled
 NUMA Support: Disabled
 Compressed Oops: Enabled (32-bit)
 Heap Region Size: 1M
 Heap Min Capacity: 256M
 Heap Initial Capacity: 256M
 Heap Max Capacity: 512M
 Pre-touch: Disabled
 Parallel Workers: 10
 Concurrent Workers: 3
 Concurrent Refinement Workers: 10
 Periodic GC: Disabled

Heap:
 garbage-first heap   total 262144K, used 92732K [0x00000000e0000000, 0x0000000100000000)
  region size 1024K, 69 young (70656K), 14 survivors (14336K)
 Metaspace       used 53936K, committed 56064K, reserved 393216K
  class space    used 7838K, committed 8896K, reserved 327680K

Heap Regions: E=young(eden), S=young(survivor), O=old, HS=humongous(starts), HC=humongous(continues), CS=collection set, F=free, TAMS=top-at-mark-start, PB=parsable bottom
|   0|0x00000000e0000000, 0x00000000e0100000, 0x00000000e0100000|100%|HS|  |TAMS 0x00000000e0000000| PB 0x00000000e0000000| Complete 
|   1|0x00000000e0100000, 0x00000000e0200000, 0x00000000e0200000|100%|HC|  |TAMS 0x00000000e0100000| PB 0x00000000e0100000| Complete 
|   2|0x00000000e0200000, 0x00000000e0300000, 0x00000000e0300000|100%|HC|  |TAMS 0x00000000e0200000| PB 0x00000000e0200000| Complete 
|   3|0x00000000e0300000, 0x00000000e0400000, 0x00000000e0400000|100%|HC|  |TAMS 0x00000000e0300000| PB 0x00000000e0300000| Complete 
|   4|0x00000000e0400000, 0x00000000e0500000, 0x00000000e0500000|100%| O|  |TAMS 0x00000000e0400000| PB 0x00000000e0400000| Untracked 
|   5|0x00000000e0500000, 0x00000000e0600000, 0x00000000e0600000|100%| O|  |TAMS 0x00000000e0500000| PB 0x00000000e0500000| Untracked 
|   6|0x00000000e0600000, 0x00000000e0700000, 0x00000000e0700000|100%| O|  |TAMS 0x00000000e0600000| PB 0x00000000e0600000| Untracked 
|   7|0x00000000e0700000, 0x00000000e0800000, 0x00000000e0800000|100%| O|  |TAMS 0x00000000e0700000| PB 0x00000000e0700000| Untracked 
|   8|0x00000000e0800000, 0x00000000e0900000, 0x00000000e0900000|100%|HS|  |TAMS 0x00000000e0800000| PB 0x00000000e0800000| Complete 
|   9|0x00000000e0900000, 0x00000000e0a00000, 0x00000000e0a00000|100%| O|  |TAMS 0x00000000e0900000| PB 0x00000000e0900000| Untracked 
|  10|0x00000000e0a00000, 0x00000000e0b00000, 0x00000000e0b00000|100%| O|  |TAMS 0x00000000e0a00000| PB 0x00000000e0a00000| Untracked 
|  11|0x00000000e0b00000, 0x00000000e0b00000, 0x00000000e0c00000|  0%| F|  |TAMS 0x00000000e0b00000| PB 0x00000000e0b00000| Untracked 
|  12|0x00000000e0c00000, 0x00000000e0d00000, 0x00000000e0d00000|100%| O|  |TAMS 0x00000000e0c00000| PB 0x00000000e0c00000| Untracked 
|  13|0x00000000e0d00000, 0x00000000e0e00000, 0x00000000e0e00000|100%| O|  |TAMS 0x00000000e0d00000| PB 0x00000000e0d00000| Untracked 
|  14|0x00000000e0e00000, 0x00000000e0f00000, 0x00000000e0f00000|100%| O|  |TAMS 0x00000000e0e00000| PB 0x00000000e0e00000| Untracked 
|  15|0x00000000e0f00000, 0x00000000e1000000, 0x00000000e1000000|100%| O|  |TAMS 0x00000000e0f00000| PB 0x00000000e0f00000| Untracked 
|  16|0x00000000e1000000, 0x00000000e1100000, 0x00000000e1100000|100%| O|  |TAMS 0x00000000e1000000| PB 0x00000000e1000000| Untracked 
|  17|0x00000000e1100000, 0x00000000e1200000, 0x00000000e1200000|100%| O|  |TAMS 0x00000000e1100000| PB 0x00000000e1100000| Untracked 
|  18|0x00000000e1200000, 0x00000000e1300000, 0x00000000e1300000|100%| O|  |TAMS 0x00000000e1200000| PB 0x00000000e1200000| Untracked 
|  19|0x00000000e1300000, 0x00000000e1400000, 0x00000000e1400000|100%| O|  |TAMS 0x00000000e1300000| PB 0x00000000e1300000| Untracked 
|  20|0x00000000e1400000, 0x00000000e1500000, 0x00000000e1500000|100%| O|  |TAMS 0x00000000e1400000| PB 0x00000000e1400000| Untracked 
|  21|0x00000000e1500000, 0x00000000e1600000, 0x00000000e1600000|100%| O|  |TAMS 0x00000000e1500000| PB 0x00000000e1500000| Untracked 
|  22|0x00000000e1600000, 0x00000000e1700000, 0x00000000e1700000|100%| O|  |TAMS 0x00000000e1600000| PB 0x00000000e1600000| Untracked 
|  23|0x00000000e1700000, 0x00000000e1800000, 0x00000000e1800000|100%| O|Cm|TAMS 0x00000000e1700000| PB 0x00000000e1700000| Complete 
|  24|0x00000000e1800000, 0x00000000e1806260, 0x00000000e1900000|  2%| O|  |TAMS 0x00000000e1800000| PB 0x00000000e1800000| Untracked 
|  25|0x00000000e1900000, 0x00000000e1900000, 0x00000000e1a00000|  0%| F|  |TAMS 0x00000000e1900000| PB 0x00000000e1900000| Untracked 
|  26|0x00000000e1a00000, 0x00000000e1a00000, 0x00000000e1b00000|  0%| F|  |TAMS 0x00000000e1a00000| PB 0x00000000e1a00000| Untracked 
|  27|0x00000000e1b00000, 0x00000000e1b00000, 0x00000000e1c00000|  0%| F|  |TAMS 0x00000000e1b00000| PB 0x00000000e1b00000| Untracked 
|  28|0x00000000e1c00000, 0x00000000e1c00000, 0x00000000e1d00000|  0%| F|  |TAMS 0x00000000e1c00000| PB 0x00000000e1c00000| Untracked 
|  29|0x00000000e1d00000, 0x00000000e1d00000, 0x00000000e1e00000|  0%| F|  |TAMS 0x00000000e1d00000| PB 0x00000000e1d00000| Untracked 
|  30|0x00000000e1e00000, 0x00000000e1e00000, 0x00000000e1f00000|  0%| F|  |TAMS 0x00000000e1e00000| PB 0x00000000e1e00000| Untracked 
|  31|0x00000000e1f00000, 0x00000000e1f00000, 0x00000000e2000000|  0%| F|  |TAMS 0x00000000e1f00000| PB 0x00000000e1f00000| Untracked 
|  32|0x00000000e2000000, 0x00000000e2000000, 0x00000000e2100000|  0%| F|  |TAMS 0x00000000e2000000| PB 0x00000000e2000000| Untracked 
|  33|0x00000000e2100000, 0x00000000e2100000, 0x00000000e2200000|  0%| F|  |TAMS 0x00000000e2100000| PB 0x00000000e2100000| Untracked 
|  34|0x00000000e2200000, 0x00000000e2200000, 0x00000000e2300000|  0%| F|  |TAMS 0x00000000e2200000| PB 0x00000000e2200000| Untracked 
|  35|0x00000000e2300000, 0x00000000e2300000, 0x00000000e2400000|  0%| F|  |TAMS 0x00000000e2300000| PB 0x00000000e2300000| Untracked 
|  36|0x00000000e2400000, 0x00000000e2400000, 0x00000000e2500000|  0%| F|  |TAMS 0x00000000e2400000| PB 0x00000000e2400000| Untracked 
|  37|0x00000000e2500000, 0x00000000e2500000, 0x00000000e2600000|  0%| F|  |TAMS 0x00000000e2500000| PB 0x00000000e2500000| Untracked 
|  38|0x00000000e2600000, 0x00000000e2600000, 0x00000000e2700000|  0%| F|  |TAMS 0x00000000e2600000| PB 0x00000000e2600000| Untracked 
|  39|0x00000000e2700000, 0x00000000e2700000, 0x00000000e2800000|  0%| F|  |TAMS 0x00000000e2700000| PB 0x00000000e2700000| Untracked 
|  40|0x00000000e2800000, 0x00000000e2800000, 0x00000000e2900000|  0%| F|  |TAMS 0x00000000e2800000| PB 0x00000000e2800000| Untracked 
|  41|0x00000000e2900000, 0x00000000e2900000, 0x00000000e2a00000|  0%| F|  |TAMS 0x00000000e2900000| PB 0x00000000e2900000| Untracked 
|  42|0x00000000e2a00000, 0x00000000e2a00000, 0x00000000e2b00000|  0%| F|  |TAMS 0x00000000e2a00000| PB 0x00000000e2a00000| Untracked 
|  43|0x00000000e2b00000, 0x00000000e2b00000, 0x00000000e2c00000|  0%| F|  |TAMS 0x00000000e2b00000| PB 0x00000000e2b00000| Untracked 
|  44|0x00000000e2c00000, 0x00000000e2c00000, 0x00000000e2d00000|  0%| F|  |TAMS 0x00000000e2c00000| PB 0x00000000e2c00000| Untracked 
|  45|0x00000000e2d00000, 0x00000000e2d00000, 0x00000000e2e00000|  0%| F|  |TAMS 0x00000000e2d00000| PB 0x00000000e2d00000| Untracked 
|  46|0x00000000e2e00000, 0x00000000e2e00000, 0x00000000e2f00000|  0%| F|  |TAMS 0x00000000e2e00000| PB 0x00000000e2e00000| Untracked 
|  47|0x00000000e2f00000, 0x00000000e2f00000, 0x00000000e3000000|  0%| F|  |TAMS 0x00000000e2f00000| PB 0x00000000e2f00000| Untracked 
|  48|0x00000000e3000000, 0x00000000e3000000, 0x00000000e3100000|  0%| F|  |TAMS 0x00000000e3000000| PB 0x00000000e3000000| Untracked 
|  49|0x00000000e3100000, 0x00000000e3100000, 0x00000000e3200000|  0%| F|  |TAMS 0x00000000e3100000| PB 0x00000000e3100000| Untracked 
|  50|0x00000000e3200000, 0x00000000e3200000, 0x00000000e3300000|  0%| F|  |TAMS 0x00000000e3200000| PB 0x00000000e3200000| Untracked 
|  51|0x00000000e3300000, 0x00000000e3300000, 0x00000000e3400000|  0%| F|  |TAMS 0x00000000e3300000| PB 0x00000000e3300000| Untracked 
|  52|0x00000000e3400000, 0x00000000e3400000, 0x00000000e3500000|  0%| F|  |TAMS 0x00000000e3400000| PB 0x00000000e3400000| Untracked 
|  53|0x00000000e3500000, 0x00000000e3500000, 0x00000000e3600000|  0%| F|  |TAMS 0x00000000e3500000| PB 0x00000000e3500000| Untracked 
|  54|0x00000000e3600000, 0x00000000e3600000, 0x00000000e3700000|  0%| F|  |TAMS 0x00000000e3600000| PB 0x00000000e3600000| Untracked 
|  55|0x00000000e3700000, 0x00000000e3700000, 0x00000000e3800000|  0%| F|  |TAMS 0x00000000e3700000| PB 0x00000000e3700000| Untracked 
|  56|0x00000000e3800000, 0x00000000e3800000, 0x00000000e3900000|  0%| F|  |TAMS 0x00000000e3800000| PB 0x00000000e3800000| Untracked 
|  57|0x00000000e3900000, 0x00000000e3900000, 0x00000000e3a00000|  0%| F|  |TAMS 0x00000000e3900000| PB 0x00000000e3900000| Untracked 
|  58|0x00000000e3a00000, 0x00000000e3a00000, 0x00000000e3b00000|  0%| F|  |TAMS 0x00000000e3a00000| PB 0x00000000e3a00000| Untracked 
|  59|0x00000000e3b00000, 0x00000000e3b00000, 0x00000000e3c00000|  0%| F|  |TAMS 0x00000000e3b00000| PB 0x00000000e3b00000| Untracked 
|  60|0x00000000e3c00000, 0x00000000e3c00000, 0x00000000e3d00000|  0%| F|  |TAMS 0x00000000e3c00000| PB 0x00000000e3c00000| Untracked 
|  61|0x00000000e3d00000, 0x00000000e3d00000, 0x00000000e3e00000|  0%| F|  |TAMS 0x00000000e3d00000| PB 0x00000000e3d00000| Untracked 
|  62|0x00000000e3e00000, 0x00000000e3e00000, 0x00000000e3f00000|  0%| F|  |TAMS 0x00000000e3e00000| PB 0x00000000e3e00000| Untracked 
|  63|0x00000000e3f00000, 0x00000000e3f00000, 0x00000000e4000000|  0%| F|  |TAMS 0x00000000e3f00000| PB 0x00000000e3f00000| Untracked 
|  64|0x00000000e4000000, 0x00000000e4000000, 0x00000000e4100000|  0%| F|  |TAMS 0x00000000e4000000| PB 0x00000000e4000000| Untracked 
|  65|0x00000000e4100000, 0x00000000e4100000, 0x00000000e4200000|  0%| F|  |TAMS 0x00000000e4100000| PB 0x00000000e4100000| Untracked 
|  66|0x00000000e4200000, 0x00000000e4200000, 0x00000000e4300000|  0%| F|  |TAMS 0x00000000e4200000| PB 0x00000000e4200000| Untracked 
|  67|0x00000000e4300000, 0x00000000e4300000, 0x00000000e4400000|  0%| F|  |TAMS 0x00000000e4300000| PB 0x00000000e4300000| Untracked 
|  68|0x00000000e4400000, 0x00000000e4400000, 0x00000000e4500000|  0%| F|  |TAMS 0x00000000e4400000| PB 0x00000000e4400000| Untracked 
|  69|0x00000000e4500000, 0x00000000e4500000, 0x00000000e4600000|  0%| F|  |TAMS 0x00000000e4500000| PB 0x00000000e4500000| Untracked 
|  70|0x00000000e4600000, 0x00000000e4600000, 0x00000000e4700000|  0%| F|  |TAMS 0x00000000e4600000| PB 0x00000000e4600000| Untracked 
|  71|0x00000000e4700000, 0x00000000e4700000, 0x00000000e4800000|  0%| F|  |TAMS 0x00000000e4700000| PB 0x00000000e4700000| Untracked 
|  72|0x00000000e4800000, 0x00000000e4800000, 0x00000000e4900000|  0%| F|  |TAMS 0x00000000e4800000| PB 0x00000000e4800000| Untracked 
|  73|0x00000000e4900000, 0x00000000e4900000, 0x00000000e4a00000|  0%| F|  |TAMS 0x00000000e4900000| PB 0x00000000e4900000| Untracked 
|  74|0x00000000e4a00000, 0x00000000e4a00000, 0x00000000e4b00000|  0%| F|  |TAMS 0x00000000e4a00000| PB 0x00000000e4a00000| Untracked 
|  75|0x00000000e4b00000, 0x00000000e4b00000, 0x00000000e4c00000|  0%| F|  |TAMS 0x00000000e4b00000| PB 0x00000000e4b00000| Untracked 
|  76|0x00000000e4c00000, 0x00000000e4c00000, 0x00000000e4d00000|  0%| F|  |TAMS 0x00000000e4c00000| PB 0x00000000e4c00000| Untracked 
|  77|0x00000000e4d00000, 0x00000000e4d00000, 0x00000000e4e00000|  0%| F|  |TAMS 0x00000000e4d00000| PB 0x00000000e4d00000| Untracked 
|  78|0x00000000e4e00000, 0x00000000e4e00000, 0x00000000e4f00000|  0%| F|  |TAMS 0x00000000e4e00000| PB 0x00000000e4e00000| Untracked 
|  79|0x00000000e4f00000, 0x00000000e4f00000, 0x00000000e5000000|  0%| F|  |TAMS 0x00000000e4f00000| PB 0x00000000e4f00000| Untracked 
|  80|0x00000000e5000000, 0x00000000e5000000, 0x00000000e5100000|  0%| F|  |TAMS 0x00000000e5000000| PB 0x00000000e5000000| Untracked 
|  81|0x00000000e5100000, 0x00000000e5100000, 0x00000000e5200000|  0%| F|  |TAMS 0x00000000e5100000| PB 0x00000000e5100000| Untracked 
|  82|0x00000000e5200000, 0x00000000e5200000, 0x00000000e5300000|  0%| F|  |TAMS 0x00000000e5200000| PB 0x00000000e5200000| Untracked 
|  83|0x00000000e5300000, 0x00000000e5300000, 0x00000000e5400000|  0%| F|  |TAMS 0x00000000e5300000| PB 0x00000000e5300000| Untracked 
|  84|0x00000000e5400000, 0x00000000e5400000, 0x00000000e5500000|  0%| F|  |TAMS 0x00000000e5400000| PB 0x00000000e5400000| Untracked 
|  85|0x00000000e5500000, 0x00000000e5500000, 0x00000000e5600000|  0%| F|  |TAMS 0x00000000e5500000| PB 0x00000000e5500000| Untracked 
|  86|0x00000000e5600000, 0x00000000e5600000, 0x00000000e5700000|  0%| F|  |TAMS 0x00000000e5600000| PB 0x00000000e5600000| Untracked 
|  87|0x00000000e5700000, 0x00000000e5700000, 0x00000000e5800000|  0%| F|  |TAMS 0x00000000e5700000| PB 0x00000000e5700000| Untracked 
|  88|0x00000000e5800000, 0x00000000e5800000, 0x00000000e5900000|  0%| F|  |TAMS 0x00000000e5800000| PB 0x00000000e5800000| Untracked 
|  89|0x00000000e5900000, 0x00000000e59890c0, 0x00000000e5a00000| 53%| S|CS|TAMS 0x00000000e5900000| PB 0x00000000e5900000| Complete 
|  90|0x00000000e5a00000, 0x00000000e5b00000, 0x00000000e5b00000|100%| S|CS|TAMS 0x00000000e5a00000| PB 0x00000000e5a00000| Complete 
|  91|0x00000000e5b00000, 0x00000000e5c00000, 0x00000000e5c00000|100%| S|CS|TAMS 0x00000000e5b00000| PB 0x00000000e5b00000| Complete 
|  92|0x00000000e5c00000, 0x00000000e5d00000, 0x00000000e5d00000|100%| S|CS|TAMS 0x00000000e5c00000| PB 0x00000000e5c00000| Complete 
|  93|0x00000000e5d00000, 0x00000000e5e00000, 0x00000000e5e00000|100%| S|CS|TAMS 0x00000000e5d00000| PB 0x00000000e5d00000| Complete 
|  94|0x00000000e5e00000, 0x00000000e5f00000, 0x00000000e5f00000|100%| S|CS|TAMS 0x00000000e5e00000| PB 0x00000000e5e00000| Complete 
|  95|0x00000000e5f00000, 0x00000000e6000000, 0x00000000e6000000|100%| S|CS|TAMS 0x00000000e5f00000| PB 0x00000000e5f00000| Complete 
|  96|0x00000000e6000000, 0x00000000e6100000, 0x00000000e6100000|100%| S|CS|TAMS 0x00000000e6000000| PB 0x00000000e6000000| Complete 
|  97|0x00000000e6100000, 0x00000000e6200000, 0x00000000e6200000|100%| S|CS|TAMS 0x00000000e6100000| PB 0x00000000e6100000| Complete 
|  98|0x00000000e6200000, 0x00000000e6300000, 0x00000000e6300000|100%| S|CS|TAMS 0x00000000e6200000| PB 0x00000000e6200000| Complete 
|  99|0x00000000e6300000, 0x00000000e6400000, 0x00000000e6400000|100%| S|CS|TAMS 0x00000000e6300000| PB 0x00000000e6300000| Complete 
| 100|0x00000000e6400000, 0x00000000e6500000, 0x00000000e6500000|100%| S|CS|TAMS 0x00000000e6400000| PB 0x00000000e6400000| Complete 
| 101|0x00000000e6500000, 0x00000000e6600000, 0x00000000e6600000|100%| S|CS|TAMS 0x00000000e6500000| PB 0x00000000e6500000| Complete 
| 102|0x00000000e6600000, 0x00000000e6700000, 0x00000000e6700000|100%| S|CS|TAMS 0x00000000e6600000| PB 0x00000000e6600000| Complete 
| 103|0x00000000e6700000, 0x00000000e6700000, 0x00000000e6800000|  0%| F|  |TAMS 0x00000000e6700000| PB 0x00000000e6700000| Untracked 
| 104|0x00000000e6800000, 0x00000000e6800000, 0x00000000e6900000|  0%| F|  |TAMS 0x00000000e6800000| PB 0x00000000e6800000| Untracked 
| 105|0x00000000e6900000, 0x00000000e6900000, 0x00000000e6a00000|  0%| F|  |TAMS 0x00000000e6900000| PB 0x00000000e6900000| Untracked 
| 106|0x00000000e6a00000, 0x00000000e6a00000, 0x00000000e6b00000|  0%| F|  |TAMS 0x00000000e6a00000| PB 0x00000000e6a00000| Untracked 
| 107|0x00000000e6b00000, 0x00000000e6b00000, 0x00000000e6c00000|  0%| F|  |TAMS 0x00000000e6b00000| PB 0x00000000e6b00000| Untracked 
| 108|0x00000000e6c00000, 0x00000000e6c00000, 0x00000000e6d00000|  0%| F|  |TAMS 0x00000000e6c00000| PB 0x00000000e6c00000| Untracked 
| 109|0x00000000e6d00000, 0x00000000e6d00000, 0x00000000e6e00000|  0%| F|  |TAMS 0x00000000e6d00000| PB 0x00000000e6d00000| Untracked 
| 110|0x00000000e6e00000, 0x00000000e6e00000, 0x00000000e6f00000|  0%| F|  |TAMS 0x00000000e6e00000| PB 0x00000000e6e00000| Untracked 
| 111|0x00000000e6f00000, 0x00000000e6f00000, 0x00000000e7000000|  0%| F|  |TAMS 0x00000000e6f00000| PB 0x00000000e6f00000| Untracked 
| 112|0x00000000e7000000, 0x00000000e7000000, 0x00000000e7100000|  0%| F|  |TAMS 0x00000000e7000000| PB 0x00000000e7000000| Untracked 
| 113|0x00000000e7100000, 0x00000000e7100000, 0x00000000e7200000|  0%| F|  |TAMS 0x00000000e7100000| PB 0x00000000e7100000| Untracked 
| 114|0x00000000e7200000, 0x00000000e7200000, 0x00000000e7300000|  0%| F|  |TAMS 0x00000000e7200000| PB 0x00000000e7200000| Untracked 
| 115|0x00000000e7300000, 0x00000000e7300000, 0x00000000e7400000|  0%| F|  |TAMS 0x00000000e7300000| PB 0x00000000e7300000| Untracked 
| 116|0x00000000e7400000, 0x00000000e7400000, 0x00000000e7500000|  0%| F|  |TAMS 0x00000000e7400000| PB 0x00000000e7400000| Untracked 
| 117|0x00000000e7500000, 0x00000000e7500000, 0x00000000e7600000|  0%| F|  |TAMS 0x00000000e7500000| PB 0x00000000e7500000| Untracked 
| 118|0x00000000e7600000, 0x00000000e7600000, 0x00000000e7700000|  0%| F|  |TAMS 0x00000000e7600000| PB 0x00000000e7600000| Untracked 
| 119|0x00000000e7700000, 0x00000000e7700000, 0x00000000e7800000|  0%| F|  |TAMS 0x00000000e7700000| PB 0x00000000e7700000| Untracked 
| 120|0x00000000e7800000, 0x00000000e7800000, 0x00000000e7900000|  0%| F|  |TAMS 0x00000000e7800000| PB 0x00000000e7800000| Untracked 
| 121|0x00000000e7900000, 0x00000000e7900000, 0x00000000e7a00000|  0%| F|  |TAMS 0x00000000e7900000| PB 0x00000000e7900000| Untracked 
| 122|0x00000000e7a00000, 0x00000000e7a00000, 0x00000000e7b00000|  0%| F|  |TAMS 0x00000000e7a00000| PB 0x00000000e7a00000| Untracked 
| 123|0x00000000e7b00000, 0x00000000e7b00000, 0x00000000e7c00000|  0%| F|  |TAMS 0x00000000e7b00000| PB 0x00000000e7b00000| Untracked 
| 124|0x00000000e7c00000, 0x00000000e7c00000, 0x00000000e7d00000|  0%| F|  |TAMS 0x00000000e7c00000| PB 0x00000000e7c00000| Untracked 
| 125|0x00000000e7d00000, 0x00000000e7d00000, 0x00000000e7e00000|  0%| F|  |TAMS 0x00000000e7d00000| PB 0x00000000e7d00000| Untracked 
| 126|0x00000000e7e00000, 0x00000000e7e00000, 0x00000000e7f00000|  0%| F|  |TAMS 0x00000000e7e00000| PB 0x00000000e7e00000| Untracked 
| 127|0x00000000e7f00000, 0x00000000e7f00000, 0x00000000e8000000|  0%| F|  |TAMS 0x00000000e7f00000| PB 0x00000000e7f00000| Untracked 
| 128|0x00000000e8000000, 0x00000000e8000000, 0x00000000e8100000|  0%| F|  |TAMS 0x00000000e8000000| PB 0x00000000e8000000| Untracked 
| 129|0x00000000e8100000, 0x00000000e8100000, 0x00000000e8200000|  0%| F|  |TAMS 0x00000000e8100000| PB 0x00000000e8100000| Untracked 
| 130|0x00000000e8200000, 0x00000000e8200000, 0x00000000e8300000|  0%| F|  |TAMS 0x00000000e8200000| PB 0x00000000e8200000| Untracked 
| 131|0x00000000e8300000, 0x00000000e8300000, 0x00000000e8400000|  0%| F|  |TAMS 0x00000000e8300000| PB 0x00000000e8300000| Untracked 
| 132|0x00000000e8400000, 0x00000000e8400000, 0x00000000e8500000|  0%| F|  |TAMS 0x00000000e8400000| PB 0x00000000e8400000| Untracked 
| 133|0x00000000e8500000, 0x00000000e8500000, 0x00000000e8600000|  0%| F|  |TAMS 0x00000000e8500000| PB 0x00000000e8500000| Untracked 
| 134|0x00000000e8600000, 0x00000000e8600000, 0x00000000e8700000|  0%| F|  |TAMS 0x00000000e8600000| PB 0x00000000e8600000| Untracked 
| 135|0x00000000e8700000, 0x00000000e8700000, 0x00000000e8800000|  0%| F|  |TAMS 0x00000000e8700000| PB 0x00000000e8700000| Untracked 
| 136|0x00000000e8800000, 0x00000000e8800000, 0x00000000e8900000|  0%| F|  |TAMS 0x00000000e8800000| PB 0x00000000e8800000| Untracked 
| 137|0x00000000e8900000, 0x00000000e8900000, 0x00000000e8a00000|  0%| F|  |TAMS 0x00000000e8900000| PB 0x00000000e8900000| Untracked 
| 138|0x00000000e8a00000, 0x00000000e8a00000, 0x00000000e8b00000|  0%| F|  |TAMS 0x00000000e8a00000| PB 0x00000000e8a00000| Untracked 
| 139|0x00000000e8b00000, 0x00000000e8b00000, 0x00000000e8c00000|  0%| F|  |TAMS 0x00000000e8b00000| PB 0x00000000e8b00000| Untracked 
| 140|0x00000000e8c00000, 0x00000000e8c00000, 0x00000000e8d00000|  0%| F|  |TAMS 0x00000000e8c00000| PB 0x00000000e8c00000| Untracked 
| 141|0x00000000e8d00000, 0x00000000e8d00000, 0x00000000e8e00000|  0%| F|  |TAMS 0x00000000e8d00000| PB 0x00000000e8d00000| Untracked 
| 142|0x00000000e8e00000, 0x00000000e8e00000, 0x00000000e8f00000|  0%| F|  |TAMS 0x00000000e8e00000| PB 0x00000000e8e00000| Untracked 
| 143|0x00000000e8f00000, 0x00000000e8f00000, 0x00000000e9000000|  0%| F|  |TAMS 0x00000000e8f00000| PB 0x00000000e8f00000| Untracked 
| 144|0x00000000e9000000, 0x00000000e9000000, 0x00000000e9100000|  0%| F|  |TAMS 0x00000000e9000000| PB 0x00000000e9000000| Untracked 
| 145|0x00000000e9100000, 0x00000000e9100000, 0x00000000e9200000|  0%| F|  |TAMS 0x00000000e9100000| PB 0x00000000e9100000| Untracked 
| 146|0x00000000e9200000, 0x00000000e9200000, 0x00000000e9300000|  0%| F|  |TAMS 0x00000000e9200000| PB 0x00000000e9200000| Untracked 
| 147|0x00000000e9300000, 0x00000000e9300000, 0x00000000e9400000|  0%| F|  |TAMS 0x00000000e9300000| PB 0x00000000e9300000| Untracked 
| 148|0x00000000e9400000, 0x00000000e9400000, 0x00000000e9500000|  0%| F|  |TAMS 0x00000000e9400000| PB 0x00000000e9400000| Untracked 
| 149|0x00000000e9500000, 0x00000000e9500000, 0x00000000e9600000|  0%| F|  |TAMS 0x00000000e9500000| PB 0x00000000e9500000| Untracked 
| 150|0x00000000e9600000, 0x00000000e9600000, 0x00000000e9700000|  0%| F|  |TAMS 0x00000000e9600000| PB 0x00000000e9600000| Untracked 
| 151|0x00000000e9700000, 0x00000000e9700000, 0x00000000e9800000|  0%| F|  |TAMS 0x00000000e9700000| PB 0x00000000e9700000| Untracked 
| 152|0x00000000e9800000, 0x00000000e9800000, 0x00000000e9900000|  0%| F|  |TAMS 0x00000000e9800000| PB 0x00000000e9800000| Untracked 
| 153|0x00000000e9900000, 0x00000000e9900000, 0x00000000e9a00000|  0%| F|  |TAMS 0x00000000e9900000| PB 0x00000000e9900000| Untracked 
| 154|0x00000000e9a00000, 0x00000000e9a00000, 0x00000000e9b00000|  0%| F|  |TAMS 0x00000000e9a00000| PB 0x00000000e9a00000| Untracked 
| 155|0x00000000e9b00000, 0x00000000e9b00000, 0x00000000e9c00000|  0%| F|  |TAMS 0x00000000e9b00000| PB 0x00000000e9b00000| Untracked 
| 156|0x00000000e9c00000, 0x00000000e9c00000, 0x00000000e9d00000|  0%| F|  |TAMS 0x00000000e9c00000| PB 0x00000000e9c00000| Untracked 
| 157|0x00000000e9d00000, 0x00000000e9d00000, 0x00000000e9e00000|  0%| F|  |TAMS 0x00000000e9d00000| PB 0x00000000e9d00000| Untracked 
| 158|0x00000000e9e00000, 0x00000000e9e00000, 0x00000000e9f00000|  0%| F|  |TAMS 0x00000000e9e00000| PB 0x00000000e9e00000| Untracked 
| 159|0x00000000e9f00000, 0x00000000e9f00000, 0x00000000ea000000|  0%| F|  |TAMS 0x00000000e9f00000| PB 0x00000000e9f00000| Untracked 
| 160|0x00000000ea000000, 0x00000000ea000000, 0x00000000ea100000|  0%| F|  |TAMS 0x00000000ea000000| PB 0x00000000ea000000| Untracked 
| 161|0x00000000ea100000, 0x00000000ea100000, 0x00000000ea200000|  0%| F|  |TAMS 0x00000000ea100000| PB 0x00000000ea100000| Untracked 
| 162|0x00000000ea200000, 0x00000000ea200000, 0x00000000ea300000|  0%| F|  |TAMS 0x00000000ea200000| PB 0x00000000ea200000| Untracked 
| 163|0x00000000ea300000, 0x00000000ea300000, 0x00000000ea400000|  0%| F|  |TAMS 0x00000000ea300000| PB 0x00000000ea300000| Untracked 
| 164|0x00000000ea400000, 0x00000000ea400000, 0x00000000ea500000|  0%| F|  |TAMS 0x00000000ea400000| PB 0x00000000ea400000| Untracked 
| 165|0x00000000ea500000, 0x00000000ea500000, 0x00000000ea600000|  0%| F|  |TAMS 0x00000000ea500000| PB 0x00000000ea500000| Untracked 
| 166|0x00000000ea600000, 0x00000000ea600000, 0x00000000ea700000|  0%| F|  |TAMS 0x00000000ea600000| PB 0x00000000ea600000| Untracked 
| 167|0x00000000ea700000, 0x00000000ea700000, 0x00000000ea800000|  0%| F|  |TAMS 0x00000000ea700000| PB 0x00000000ea700000| Untracked 
| 168|0x00000000ea800000, 0x00000000ea800000, 0x00000000ea900000|  0%| F|  |TAMS 0x00000000ea800000| PB 0x00000000ea800000| Untracked 
| 169|0x00000000ea900000, 0x00000000ea900000, 0x00000000eaa00000|  0%| F|  |TAMS 0x00000000ea900000| PB 0x00000000ea900000| Untracked 
| 170|0x00000000eaa00000, 0x00000000eaa00000, 0x00000000eab00000|  0%| F|  |TAMS 0x00000000eaa00000| PB 0x00000000eaa00000| Untracked 
| 171|0x00000000eab00000, 0x00000000eab00000, 0x00000000eac00000|  0%| F|  |TAMS 0x00000000eab00000| PB 0x00000000eab00000| Untracked 
| 172|0x00000000eac00000, 0x00000000eac00000, 0x00000000ead00000|  0%| F|  |TAMS 0x00000000eac00000| PB 0x00000000eac00000| Untracked 
| 173|0x00000000ead00000, 0x00000000ead00000, 0x00000000eae00000|  0%| F|  |TAMS 0x00000000ead00000| PB 0x00000000ead00000| Untracked 
| 174|0x00000000eae00000, 0x00000000eae00000, 0x00000000eaf00000|  0%| F|  |TAMS 0x00000000eae00000| PB 0x00000000eae00000| Untracked 
| 175|0x00000000eaf00000, 0x00000000eaf00000, 0x00000000eb000000|  0%| F|  |TAMS 0x00000000eaf00000| PB 0x00000000eaf00000| Untracked 
| 176|0x00000000eb000000, 0x00000000eb000000, 0x00000000eb100000|  0%| F|  |TAMS 0x00000000eb000000| PB 0x00000000eb000000| Untracked 
| 177|0x00000000eb100000, 0x00000000eb100000, 0x00000000eb200000|  0%| F|  |TAMS 0x00000000eb100000| PB 0x00000000eb100000| Untracked 
| 178|0x00000000eb200000, 0x00000000eb200000, 0x00000000eb300000|  0%| F|  |TAMS 0x00000000eb200000| PB 0x00000000eb200000| Untracked 
| 179|0x00000000eb300000, 0x00000000eb300000, 0x00000000eb400000|  0%| F|  |TAMS 0x00000000eb300000| PB 0x00000000eb300000| Untracked 
| 180|0x00000000eb400000, 0x00000000eb400000, 0x00000000eb500000|  0%| F|  |TAMS 0x00000000eb400000| PB 0x00000000eb400000| Untracked 
| 181|0x00000000eb500000, 0x00000000eb500000, 0x00000000eb600000|  0%| F|  |TAMS 0x00000000eb500000| PB 0x00000000eb500000| Untracked 
| 182|0x00000000eb600000, 0x00000000eb600000, 0x00000000eb700000|  0%| F|  |TAMS 0x00000000eb600000| PB 0x00000000eb600000| Untracked 
| 183|0x00000000eb700000, 0x00000000eb700000, 0x00000000eb800000|  0%| F|  |TAMS 0x00000000eb700000| PB 0x00000000eb700000| Untracked 
| 184|0x00000000eb800000, 0x00000000eb800000, 0x00000000eb900000|  0%| F|  |TAMS 0x00000000eb800000| PB 0x00000000eb800000| Untracked 
| 185|0x00000000eb900000, 0x00000000eb900000, 0x00000000eba00000|  0%| F|  |TAMS 0x00000000eb900000| PB 0x00000000eb900000| Untracked 
| 186|0x00000000eba00000, 0x00000000eba00000, 0x00000000ebb00000|  0%| F|  |TAMS 0x00000000eba00000| PB 0x00000000eba00000| Untracked 
| 187|0x00000000ebb00000, 0x00000000ebb00000, 0x00000000ebc00000|  0%| F|  |TAMS 0x00000000ebb00000| PB 0x00000000ebb00000| Untracked 
| 188|0x00000000ebc00000, 0x00000000ebc00000, 0x00000000ebd00000|  0%| F|  |TAMS 0x00000000ebc00000| PB 0x00000000ebc00000| Untracked 
| 189|0x00000000ebd00000, 0x00000000ebd00000, 0x00000000ebe00000|  0%| F|  |TAMS 0x00000000ebd00000| PB 0x00000000ebd00000| Untracked 
| 190|0x00000000ebe00000, 0x00000000ebe00000, 0x00000000ebf00000|  0%| F|  |TAMS 0x00000000ebe00000| PB 0x00000000ebe00000| Untracked 
| 191|0x00000000ebf00000, 0x00000000ebf00000, 0x00000000ec000000|  0%| F|  |TAMS 0x00000000ebf00000| PB 0x00000000ebf00000| Untracked 
| 192|0x00000000ec000000, 0x00000000ec000000, 0x00000000ec100000|  0%| F|  |TAMS 0x00000000ec000000| PB 0x00000000ec000000| Untracked 
| 193|0x00000000ec100000, 0x00000000ec100000, 0x00000000ec200000|  0%| F|  |TAMS 0x00000000ec100000| PB 0x00000000ec100000| Untracked 
| 194|0x00000000ec200000, 0x00000000ec200000, 0x00000000ec300000|  0%| F|  |TAMS 0x00000000ec200000| PB 0x00000000ec200000| Untracked 
| 195|0x00000000ec300000, 0x00000000ec300000, 0x00000000ec400000|  0%| F|  |TAMS 0x00000000ec300000| PB 0x00000000ec300000| Untracked 
| 196|0x00000000ec400000, 0x00000000ec400000, 0x00000000ec500000|  0%| F|  |TAMS 0x00000000ec400000| PB 0x00000000ec400000| Untracked 
| 197|0x00000000ec500000, 0x00000000ec500000, 0x00000000ec600000|  0%| F|  |TAMS 0x00000000ec500000| PB 0x00000000ec500000| Untracked 
| 198|0x00000000ec600000, 0x00000000ec600000, 0x00000000ec700000|  0%| F|  |TAMS 0x00000000ec600000| PB 0x00000000ec600000| Untracked 
| 199|0x00000000ec700000, 0x00000000ec700000, 0x00000000ec800000|  0%| F|  |TAMS 0x00000000ec700000| PB 0x00000000ec700000| Untracked 
| 200|0x00000000ec800000, 0x00000000ec800000, 0x00000000ec900000|  0%| F|  |TAMS 0x00000000ec800000| PB 0x00000000ec800000| Untracked 
| 201|0x00000000ec900000, 0x00000000eca00000, 0x00000000eca00000|100%| E|  |TAMS 0x00000000ec900000| PB 0x00000000ec900000| Complete 
| 202|0x00000000eca00000, 0x00000000ecb00000, 0x00000000ecb00000|100%| E|CS|TAMS 0x00000000eca00000| PB 0x00000000eca00000| Complete 
| 203|0x00000000ecb00000, 0x00000000ecc00000, 0x00000000ecc00000|100%| E|CS|TAMS 0x00000000ecb00000| PB 0x00000000ecb00000| Complete 
| 204|0x00000000ecc00000, 0x00000000ecd00000, 0x00000000ecd00000|100%| E|CS|TAMS 0x00000000ecc00000| PB 0x00000000ecc00000| Complete 
| 205|0x00000000ecd00000, 0x00000000ece00000, 0x00000000ece00000|100%| E|CS|TAMS 0x00000000ecd00000| PB 0x00000000ecd00000| Complete 
| 206|0x00000000ece00000, 0x00000000ecf00000, 0x00000000ecf00000|100%| E|CS|TAMS 0x00000000ece00000| PB 0x00000000ece00000| Complete 
| 207|0x00000000ecf00000, 0x00000000ed000000, 0x00000000ed000000|100%| E|CS|TAMS 0x00000000ecf00000| PB 0x00000000ecf00000| Complete 
| 208|0x00000000ed000000, 0x00000000ed100000, 0x00000000ed100000|100%| E|CS|TAMS 0x00000000ed000000| PB 0x00000000ed000000| Complete 
| 209|0x00000000ed100000, 0x00000000ed200000, 0x00000000ed200000|100%| E|CS|TAMS 0x00000000ed100000| PB 0x00000000ed100000| Complete 
| 210|0x00000000ed200000, 0x00000000ed300000, 0x00000000ed300000|100%| E|CS|TAMS 0x00000000ed200000| PB 0x00000000ed200000| Complete 
| 211|0x00000000ed300000, 0x00000000ed400000, 0x00000000ed400000|100%| E|CS|TAMS 0x00000000ed300000| PB 0x00000000ed300000| Complete 
| 212|0x00000000ed400000, 0x00000000ed500000, 0x00000000ed500000|100%| E|CS|TAMS 0x00000000ed400000| PB 0x00000000ed400000| Complete 
| 213|0x00000000ed500000, 0x00000000ed600000, 0x00000000ed600000|100%| E|CS|TAMS 0x00000000ed500000| PB 0x00000000ed500000| Complete 
| 214|0x00000000ed600000, 0x00000000ed700000, 0x00000000ed700000|100%| E|CS|TAMS 0x00000000ed600000| PB 0x00000000ed600000| Complete 
| 215|0x00000000ed700000, 0x00000000ed800000, 0x00000000ed800000|100%| E|CS|TAMS 0x00000000ed700000| PB 0x00000000ed700000| Complete 
| 216|0x00000000ed800000, 0x00000000ed900000, 0x00000000ed900000|100%| E|CS|TAMS 0x00000000ed800000| PB 0x00000000ed800000| Complete 
| 217|0x00000000ed900000, 0x00000000eda00000, 0x00000000eda00000|100%| E|CS|TAMS 0x00000000ed900000| PB 0x00000000ed900000| Complete 
| 218|0x00000000eda00000, 0x00000000edb00000, 0x00000000edb00000|100%| E|CS|TAMS 0x00000000eda00000| PB 0x00000000eda00000| Complete 
| 219|0x00000000edb00000, 0x00000000edc00000, 0x00000000edc00000|100%| E|CS|TAMS 0x00000000edb00000| PB 0x00000000edb00000| Complete 
| 220|0x00000000edc00000, 0x00000000edd00000, 0x00000000edd00000|100%| E|CS|TAMS 0x00000000edc00000| PB 0x00000000edc00000| Complete 
| 221|0x00000000edd00000, 0x00000000ede00000, 0x00000000ede00000|100%| E|CS|TAMS 0x00000000edd00000| PB 0x00000000edd00000| Complete 
| 222|0x00000000ede00000, 0x00000000edf00000, 0x00000000edf00000|100%| E|CS|TAMS 0x00000000ede00000| PB 0x00000000ede00000| Complete 
| 223|0x00000000edf00000, 0x00000000ee000000, 0x00000000ee000000|100%| E|CS|TAMS 0x00000000edf00000| PB 0x00000000edf00000| Complete 
| 224|0x00000000ee000000, 0x00000000ee100000, 0x00000000ee100000|100%| E|CS|TAMS 0x00000000ee000000| PB 0x00000000ee000000| Complete 
| 225|0x00000000ee100000, 0x00000000ee200000, 0x00000000ee200000|100%| E|CS|TAMS 0x00000000ee100000| PB 0x00000000ee100000| Complete 
| 226|0x00000000ee200000, 0x00000000ee300000, 0x00000000ee300000|100%| E|CS|TAMS 0x00000000ee200000| PB 0x00000000ee200000| Complete 
| 227|0x00000000ee300000, 0x00000000ee400000, 0x00000000ee400000|100%| E|CS|TAMS 0x00000000ee300000| PB 0x00000000ee300000| Complete 
| 228|0x00000000ee400000, 0x00000000ee500000, 0x00000000ee500000|100%| E|CS|TAMS 0x00000000ee400000| PB 0x00000000ee400000| Complete 
| 229|0x00000000ee500000, 0x00000000ee600000, 0x00000000ee600000|100%| E|CS|TAMS 0x00000000ee500000| PB 0x00000000ee500000| Complete 
| 230|0x00000000ee600000, 0x00000000ee700000, 0x00000000ee700000|100%| E|CS|TAMS 0x00000000ee600000| PB 0x00000000ee600000| Complete 
| 231|0x00000000ee700000, 0x00000000ee800000, 0x00000000ee800000|100%| E|CS|TAMS 0x00000000ee700000| PB 0x00000000ee700000| Complete 
| 232|0x00000000ee800000, 0x00000000ee900000, 0x00000000ee900000|100%| E|CS|TAMS 0x00000000ee800000| PB 0x00000000ee800000| Complete 
| 233|0x00000000ee900000, 0x00000000eea00000, 0x00000000eea00000|100%| E|CS|TAMS 0x00000000ee900000| PB 0x00000000ee900000| Complete 
| 234|0x00000000eea00000, 0x00000000eeb00000, 0x00000000eeb00000|100%| E|CS|TAMS 0x00000000eea00000| PB 0x00000000eea00000| Complete 
| 235|0x00000000eeb00000, 0x00000000eec00000, 0x00000000eec00000|100%| E|CS|TAMS 0x00000000eeb00000| PB 0x00000000eeb00000| Complete 
| 236|0x00000000eec00000, 0x00000000eed00000, 0x00000000eed00000|100%| E|CS|TAMS 0x00000000eec00000| PB 0x00000000eec00000| Complete 
| 237|0x00000000eed00000, 0x00000000eee00000, 0x00000000eee00000|100%| E|CS|TAMS 0x00000000eed00000| PB 0x00000000eed00000| Complete 
| 238|0x00000000eee00000, 0x00000000eef00000, 0x00000000eef00000|100%| E|CS|TAMS 0x00000000eee00000| PB 0x00000000eee00000| Complete 
| 239|0x00000000eef00000, 0x00000000ef000000, 0x00000000ef000000|100%| E|CS|TAMS 0x00000000eef00000| PB 0x00000000eef00000| Complete 
| 240|0x00000000ef000000, 0x00000000ef100000, 0x00000000ef100000|100%| E|CS|TAMS 0x00000000ef000000| PB 0x00000000ef000000| Complete 
| 241|0x00000000ef100000, 0x00000000ef200000, 0x00000000ef200000|100%| E|CS|TAMS 0x00000000ef100000| PB 0x00000000ef100000| Complete 
| 242|0x00000000ef200000, 0x00000000ef300000, 0x00000000ef300000|100%| E|CS|TAMS 0x00000000ef200000| PB 0x00000000ef200000| Complete 
| 243|0x00000000ef300000, 0x00000000ef400000, 0x00000000ef400000|100%| E|CS|TAMS 0x00000000ef300000| PB 0x00000000ef300000| Complete 
| 244|0x00000000ef400000, 0x00000000ef500000, 0x00000000ef500000|100%| E|CS|TAMS 0x00000000ef400000| PB 0x00000000ef400000| Complete 
| 245|0x00000000ef500000, 0x00000000ef600000, 0x00000000ef600000|100%| E|CS|TAMS 0x00000000ef500000| PB 0x00000000ef500000| Complete 
| 246|0x00000000ef600000, 0x00000000ef700000, 0x00000000ef700000|100%| E|CS|TAMS 0x00000000ef600000| PB 0x00000000ef600000| Complete 
| 247|0x00000000ef700000, 0x00000000ef800000, 0x00000000ef800000|100%| E|CS|TAMS 0x00000000ef700000| PB 0x00000000ef700000| Complete 
| 248|0x00000000ef800000, 0x00000000ef900000, 0x00000000ef900000|100%| E|CS|TAMS 0x00000000ef800000| PB 0x00000000ef800000| Complete 
| 249|0x00000000ef900000, 0x00000000efa00000, 0x00000000efa00000|100%| E|CS|TAMS 0x00000000ef900000| PB 0x00000000ef900000| Complete 
| 250|0x00000000efa00000, 0x00000000efb00000, 0x00000000efb00000|100%| E|CS|TAMS 0x00000000efa00000| PB 0x00000000efa00000| Complete 
| 251|0x00000000efb00000, 0x00000000efc00000, 0x00000000efc00000|100%| E|CS|TAMS 0x00000000efb00000| PB 0x00000000efb00000| Complete 
| 252|0x00000000efc00000, 0x00000000efd00000, 0x00000000efd00000|100%| E|CS|TAMS 0x00000000efc00000| PB 0x00000000efc00000| Complete 
| 253|0x00000000efd00000, 0x00000000efe00000, 0x00000000efe00000|100%| E|CS|TAMS 0x00000000efd00000| PB 0x00000000efd00000| Complete 
| 254|0x00000000efe00000, 0x00000000eff00000, 0x00000000eff00000|100%| E|CS|TAMS 0x00000000efe00000| PB 0x00000000efe00000| Complete 
| 255|0x00000000eff00000, 0x00000000f0000000, 0x00000000f0000000|100%| E|CS|TAMS 0x00000000eff00000| PB 0x00000000eff00000| Complete 

Card table byte_map: [0x0000027922c60000,0x0000027922d60000] _byte_map_base: 0x0000027922560000

Marking Bits: (CMBitMap*) 0x000002790b1963c0
 Bits: [0x0000027922d60000, 0x0000027923560000)

Polling page: 0x000002790a920000

Metaspace:

Usage:
  Non-class:     45.02 MB used.
      Class:      7.65 MB used.
       Both:     52.67 MB used.

Virtual space:
  Non-class space:       64.00 MB reserved,      46.06 MB ( 72%) committed,  1 nodes.
      Class space:      320.00 MB reserved,       8.69 MB (  3%) committed,  1 nodes.
             Both:      384.00 MB reserved,      54.75 MB ( 14%) committed. 

Chunk freelists:
   Non-Class:  1.47 MB
       Class:  7.19 MB
        Both:  8.66 MB

MaxMetaspaceSize: 384.00 MB
CompressedClassSpaceSize: 320.00 MB
Initial GC threshold: 21.00 MB
Current GC threshold: 61.06 MB
CDS: on
 - commit_granule_bytes: 65536.
 - commit_granule_words: 8192.
 - virtual_space_node_default_size: 8388608.
 - enlarge_chunks_in_place: 1.
 - use_allocation_guard: 0.


Internal statistics:

num_allocs_failed_limit: 15.
num_arena_births: 3822.
num_arena_deaths: 0.
num_vsnodes_births: 2.
num_vsnodes_deaths: 0.
num_space_committed: 876.
num_space_uncommitted: 0.
num_chunks_returned_to_freelist: 15.
num_chunks_taken_from_freelist: 6595.
num_chunk_merges: 9.
num_chunk_splits: 4192.
num_chunks_enlarged: 2439.
num_inconsistent_stats: 0.

CodeHeap 'non-profiled nmethods': size=120000Kb used=4026Kb max_used=4026Kb free=115973Kb
 bounds [0x000002791b0e0000, 0x000002791b4d0000, 0x0000027922610000]
CodeHeap 'profiled nmethods': size=120000Kb used=13737Kb max_used=13737Kb free=106262Kb
 bounds [0x0000027913610000, 0x0000027914380000, 0x000002791ab40000]
CodeHeap 'non-nmethods': size=5760Kb used=2015Kb max_used=2072Kb free=3744Kb
 bounds [0x000002791ab40000, 0x000002791adb0000, 0x000002791b0e0000]
 total_blobs=7771 nmethods=7006 adapters=669
 compilation: enabled
              stopped_count=0, restarted_count=0
 full_count=0

Compilation events (20 events):
Event: 164.608 Thread 0x0000027926345c40 7540       3       com.google.common.collect.Multimaps$CustomListMultimap::createCollection (13 bytes)
Event: 164.608 Thread 0x0000027926345c40 nmethod 7540 0x0000027914376c90 code [0x0000027914376e40, 0x0000027914377120]
Event: 164.608 Thread 0x0000027926345c40 7541       3       com.google.common.collect.MultimapBuilder$ArrayListSupplier::get (5 bytes)
Event: 164.608 Thread 0x0000027926345c40 nmethod 7541 0x0000027914377210 code [0x00000279143773c0, 0x00000279143775c8]
Event: 164.608 Thread 0x0000027926345c40 7535       3       com.google.common.collect.AbstractMapBasedMultimap$KeySet$1::next (26 bytes)
Event: 164.609 Thread 0x0000027926345c40 nmethod 7535 0x0000027914377690 code [0x0000027914377860, 0x0000027914377c70]
Event: 164.609 Thread 0x0000027926345c40 7536       3       com.google.common.collect.MultimapBuilder$LinkedHashSetSupplier::get (5 bytes)
Event: 164.609 Thread 0x0000027926345c40 nmethod 7536 0x0000027914377d90 code [0x0000027914377fa0, 0x0000027914378310]
Event: 164.609 Thread 0x0000027926345c40 7537       3       com.google.common.collect.MultimapBuilder$LinkedHashSetSupplier::get (8 bytes)
Event: 164.609 Thread 0x0000027926345c40 nmethod 7537 0x0000027914378490 code [0x0000027914378680, 0x0000027914378990]
Event: 164.609 Thread 0x0000027926345c40 7538       3       com.google.common.collect.Platform::newLinkedHashSetWithExpectedSize (5 bytes)
Event: 164.609 Thread 0x0000027926345c40 nmethod 7538 0x0000027914378b10 code [0x0000027914378d00, 0x0000027914378f90]
Event: 164.609 Thread 0x0000027926345c40 7542       1       org.gradle.internal.execution.model.annotations.ModifierAnnotationCategory::getDisplayName (5 bytes)
Event: 164.609 Thread 0x0000027926345c40 nmethod 7542 0x000002791b4ce710 code [0x000002791b4ce8a0, 0x000002791b4ce968]
Event: 164.610 Thread 0x0000027926345c40 7543       3       com.google.common.reflect.TypeVisitor::<init> (12 bytes)
Event: 164.611 Thread 0x0000027926345c40 nmethod 7543 0x0000027914379110 code [0x0000027914379300, 0x00000279143798e0]
Event: 164.611 Thread 0x0000027926345c40 7544       3       com.google.common.collect.Sets::newHashSet (8 bytes)
Event: 164.611 Thread 0x0000027926345c40 nmethod 7544 0x0000027914379b10 code [0x0000027914379ce0, 0x000002791437a180]
Event: 164.611 Thread 0x0000027926345c40 7545       3       com.google.common.base.Optional::absent (4 bytes)
Event: 164.611 Thread 0x0000027926345c40 nmethod 7545 0x000002791437a310 code [0x000002791437a4c0, 0x000002791437a610]

GC Heap History (14 events):
Event: 5.352 GC heap before
{Heap before GC invocations=0 (full 0):
 garbage-first heap   total 262144K, used 26624K [0x00000000e0000000, 0x0000000100000000)
  region size 1024K, 23 young (23552K), 0 survivors (0K)
 Metaspace       used 3078K, committed 3264K, reserved 393216K
  class space    used 355K, committed 448K, reserved 327680K
}
Event: 6.026 GC heap after
{Heap after GC invocations=1 (full 0):
 garbage-first heap   total 262144K, used 10944K [0x00000000e0000000, 0x0000000100000000)
  region size 1024K, 3 young (3072K), 3 survivors (3072K)
 Metaspace       used 3078K, committed 3264K, reserved 393216K
  class space    used 355K, committed 448K, reserved 327680K
}
Event: 8.720 GC heap before
{Heap before GC invocations=1 (full 0):
 garbage-first heap   total 262144K, used 41664K [0x00000000e0000000, 0x0000000100000000)
  region size 1024K, 31 young (31744K), 3 survivors (3072K)
 Metaspace       used 4660K, committed 4864K, reserved 393216K
  class space    used 572K, committed 704K, reserved 327680K
}
Event: 8.732 GC heap after
{Heap after GC invocations=2 (full 0):
 garbage-first heap   total 262144K, used 15552K [0x00000000e0000000, 0x0000000100000000)
  region size 1024K, 4 young (4096K), 4 survivors (4096K)
 Metaspace       used 4660K, committed 4864K, reserved 393216K
  class space    used 572K, committed 704K, reserved 327680K
}
Event: 73.026 GC heap before
{Heap before GC invocations=2 (full 0):
 garbage-first heap   total 262144K, used 149696K [0x00000000e0000000, 0x0000000100000000)
  region size 1024K, 137 young (140288K), 4 survivors (4096K)
 Metaspace       used 20834K, committed 21504K, reserved 393216K
  class space    used 2805K, committed 3136K, reserved 327680K
}
Event: 73.095 GC heap after
{Heap after GC invocations=3 (full 0):
 garbage-first heap   total 262144K, used 24034K [0x00000000e0000000, 0x0000000100000000)
  region size 1024K, 12 young (12288K), 12 survivors (12288K)
 Metaspace       used 20834K, committed 21504K, reserved 393216K
  class space    used 2805K, committed 3136K, reserved 327680K
}
Event: 79.080 GC heap before
{Heap before GC invocations=4 (full 0):
 garbage-first heap   total 262144K, used 131554K [0x00000000e0000000, 0x0000000100000000)
  region size 1024K, 117 young (119808K), 12 survivors (12288K)
 Metaspace       used 35342K, committed 36800K, reserved 393216K
  class space    used 4877K, committed 5632K, reserved 327680K
}
Event: 79.093 GC heap after
{Heap after GC invocations=5 (full 0):
 garbage-first heap   total 262144K, used 30803K [0x00000000e0000000, 0x0000000100000000)
  region size 1024K, 16 young (16384K), 16 survivors (16384K)
 Metaspace       used 35342K, committed 36800K, reserved 393216K
  class space    used 4877K, committed 5632K, reserved 327680K
}
Event: 79.224 GC heap before
{Heap before GC invocations=5 (full 0):
 garbage-first heap   total 262144K, used 31827K [0x00000000e0000000, 0x0000000100000000)
  region size 1024K, 18 young (18432K), 16 survivors (16384K)
 Metaspace       used 35692K, committed 37120K, reserved 393216K
  class space    used 4896K, committed 5632K, reserved 327680K
}
Event: 79.242 GC heap after
{Heap after GC invocations=6 (full 0):
 garbage-first heap   total 262144K, used 31225K [0x00000000e0000000, 0x0000000100000000)
  region size 1024K, 8 young (8192K), 8 survivors (8192K)
 Metaspace       used 35692K, committed 37120K, reserved 393216K
  class space    used 4896K, committed 5632K, reserved 327680K
}
Event: 79.382 GC heap before
{Heap before GC invocations=6 (full 0):
 garbage-first heap   total 262144K, used 32249K [0x00000000e0000000, 0x0000000100000000)
  region size 1024K, 10 young (10240K), 8 survivors (8192K)
 Metaspace       used 36085K, committed 37440K, reserved 393216K
  class space    used 4947K, committed 5632K, reserved 327680K
}
Event: 79.390 GC heap after
{Heap after GC invocations=7 (full 0):
 garbage-first heap   total 262144K, used 30898K [0x00000000e0000000, 0x0000000100000000)
  region size 1024K, 8 young (8192K), 8 survivors (8192K)
 Metaspace       used 36085K, committed 37440K, reserved 393216K
  class space    used 4947K, committed 5632K, reserved 327680K
}
Event: 151.836 GC heap before
{Heap before GC invocations=8 (full 0):
 garbage-first heap   total 262144K, used 179378K [0x00000000e0000000, 0x0000000100000000)
  region size 1024K, 153 young (156672K), 8 survivors (8192K)
 Metaspace       used 49656K, committed 51648K, reserved 393216K
  class space    used 7134K, committed 8128K, reserved 327680K
}
Event: 151.853 GC heap after
{Heap after GC invocations=9 (full 0):
 garbage-first heap   total 262144K, used 37436K [0x00000000e0000000, 0x0000000100000000)
  region size 1024K, 14 young (14336K), 14 survivors (14336K)
 Metaspace       used 49656K, committed 51648K, reserved 393216K
  class space    used 7134K, committed 8128K, reserved 327680K
}

Dll operation events (15 events):
Event: 0.026 Loaded shared library D:\javar\bin\java.dll
Event: 0.595 Loaded shared library D:\javar\bin\jsvml.dll
Event: 1.296 Loaded shared library D:\javar\bin\zip.dll
Event: 1.306 Loaded shared library D:\javar\bin\instrument.dll
Event: 1.334 Loaded shared library D:\javar\bin\net.dll
Event: 1.345 Loaded shared library D:\javar\bin\nio.dll
Event: 1.349 Loaded shared library D:\javar\bin\zip.dll
Event: 2.987 Loaded shared library D:\javar\bin\jimage.dll
Event: 4.943 Loaded shared library D:\javar\bin\verify.dll
Event: 5.038 Loaded shared library C:\Users\hieun\.gradle\native\660c5614fbf4a5f2a75b1949f50a0caf5cd603558e7d8a26e50b933a0cfb79d1\windows-amd64\native-platform.dll
Event: 5.078 Loaded shared library C:\Users\hieun\.gradle\native\0.2.8\x86_64-windows-gnu\gradle-fileevents.dll
Event: 10.336 Loaded shared library D:\javar\bin\management.dll
Event: 10.345 Loaded shared library D:\javar\bin\management_ext.dll
Event: 13.613 Loaded shared library D:\javar\bin\extnet.dll
Event: 18.582 Loaded shared library D:\javar\bin\sunmscapi.dll

Deoptimization events (20 events):
Event: 155.344 Thread 0x0000027940200990 Uncommon trap: trap_request=0xffffffbe fr.pc=0x000002791b49f748 relative=0x0000000000000348
Event: 155.344 Thread 0x0000027940200990 Uncommon trap: reason=profile_predicate action=maybe_recompile pc=0x000002791b49f748 method=sun.instrument.TransformerManager.transform(Ljava/lang/Module;Ljava/lang/ClassLoader;Ljava/lang/String;Ljava/lang/Class;Ljava/security/ProtectionDomain;[B)[B @ 21 
Event: 155.344 Thread 0x0000027940200990 DEOPT PACKING pc=0x000002791b49f748 sp=0x0000009acd4f1550
Event: 155.344 Thread 0x0000027940200990 DEOPT UNPACKING pc=0x000002791ab946a2 sp=0x0000009acd4f1420 mode 2
Event: 155.346 Thread 0x0000027940200990 Uncommon trap: trap_request=0xffffffbe fr.pc=0x000002791b49f748 relative=0x0000000000000348
Event: 155.346 Thread 0x0000027940200990 Uncommon trap: reason=profile_predicate action=maybe_recompile pc=0x000002791b49f748 method=sun.instrument.TransformerManager.transform(Ljava/lang/Module;Ljava/lang/ClassLoader;Ljava/lang/String;Ljava/lang/Class;Ljava/security/ProtectionDomain;[B)[B @ 21 
Event: 155.346 Thread 0x0000027940200990 DEOPT PACKING pc=0x000002791b49f748 sp=0x0000009acd4f4bc0
Event: 155.346 Thread 0x0000027940200990 DEOPT UNPACKING pc=0x000002791ab946a2 sp=0x0000009acd4f4a90 mode 2
Event: 155.349 Thread 0x0000027940200990 Uncommon trap: trap_request=0xffffffbe fr.pc=0x000002791b49f748 relative=0x0000000000000348
Event: 155.349 Thread 0x0000027940200990 Uncommon trap: reason=profile_predicate action=maybe_recompile pc=0x000002791b49f748 method=sun.instrument.TransformerManager.transform(Ljava/lang/Module;Ljava/lang/ClassLoader;Ljava/lang/String;Ljava/lang/Class;Ljava/security/ProtectionDomain;[B)[B @ 21 
Event: 155.349 Thread 0x0000027940200990 DEOPT PACKING pc=0x000002791b49f748 sp=0x0000009acd4f5200
Event: 155.349 Thread 0x0000027940200990 DEOPT UNPACKING pc=0x000002791ab946a2 sp=0x0000009acd4f50d0 mode 2
Event: 155.662 Thread 0x0000027940200990 Uncommon trap: trap_request=0xffffff76 fr.pc=0x000002791b4a5d7c relative=0x00000000000001dc
Event: 155.662 Thread 0x0000027940200990 Uncommon trap: reason=predicate action=maybe_recompile pc=0x000002791b4a5d7c method=java.util.LinkedHashMap.keysToArray([Ljava/lang/Object;Z)[Ljava/lang/Object; @ 53 c2
Event: 155.662 Thread 0x0000027940200990 DEOPT PACKING pc=0x000002791b4a5d7c sp=0x0000009acd4f6a60
Event: 155.662 Thread 0x0000027940200990 DEOPT UNPACKING pc=0x000002791ab946a2 sp=0x0000009acd4f6a28 mode 2
Event: 163.075 Thread 0x0000027940200990 Uncommon trap: trap_request=0xffffff45 fr.pc=0x000002791b1d2144 relative=0x00000000000000a4
Event: 163.075 Thread 0x0000027940200990 Uncommon trap: reason=unstable_if action=reinterpret pc=0x000002791b1d2144 method=java.lang.ref.ReferenceQueue.poll()Ljava/lang/ref/Reference; @ 4 c2
Event: 163.075 Thread 0x0000027940200990 DEOPT PACKING pc=0x000002791b1d2144 sp=0x0000009acd4f7d00
Event: 163.075 Thread 0x0000027940200990 DEOPT UNPACKING pc=0x000002791ab946a2 sp=0x0000009acd4f7be8 mode 2

Classes loaded (20 events):
Event: 163.627 Loading class java/util/AbstractCollectionBeanInfo
Event: 163.627 Loading class java/util/AbstractCollectionBeanInfo done
Event: 163.628 Loading class java/util/AbstractCollectionBeanInfo
Event: 163.628 Loading class java/util/AbstractCollectionBeanInfo done
Event: 163.628 Loading class java/util/AbstractCollectionCustomizer
Event: 163.628 Loading class java/util/AbstractCollectionCustomizer done
Event: 163.628 Loading class java/util/AbstractCollectionCustomizer
Event: 163.628 Loading class java/util/AbstractCollectionCustomizer done
Event: 163.852 Loading class sun/reflect/generics/tree/LongSignature
Event: 163.852 Loading class sun/reflect/generics/tree/LongSignature done
Event: 164.157 Loading class java/util/LinkedList$LLSpliterator
Event: 164.158 Loading class java/util/LinkedList$LLSpliterator done
Event: 164.167 Loading class java/util/stream/ReferencePipeline$4
Event: 164.167 Loading class java/util/stream/ReferencePipeline$4 done
Event: 164.167 Loading class java/util/stream/ReduceOps$6
Event: 164.167 Loading class java/util/stream/ReduceOps$6 done
Event: 164.167 Loading class java/util/stream/ReduceOps$5ReducingSink
Event: 164.168 Loading class java/util/stream/ReduceOps$5ReducingSink done
Event: 164.168 Loading class java/util/stream/ReferencePipeline$4$1
Event: 164.168 Loading class java/util/stream/ReferencePipeline$4$1 done

Classes unloaded (0 events):
No events

Classes redefined (0 events):
No events

Internal exceptions (20 events):
Event: 163.638 Thread 0x0000027940200990 Exception <a 'java/lang/ClassNotFoundException'{0x00000000ed58b6b8}: org/gradle/api/internal/DefaultNamedDomainObjectCollectionCustomizer> (0x00000000ed58b6b8) 
thrown [s\open\src\hotspot\share\classfile\systemDictionary.cpp, line 313]
Event: 163.658 Thread 0x0000027940200990 Exception <a 'java/lang/ClassNotFoundException'{0x00000000ed5d8300}: org/gradle/api/internal/DefaultNamedDomainObjectListCustomizer> (0x00000000ed5d8300) 
thrown [s\open\src\hotspot\share\classfile\systemDictionary.cpp, line 313]
Event: 163.680 Thread 0x0000027940200990 Exception <a 'java/lang/ClassNotFoundException'{0x00000000ed4283e0}: org/gradle/api/internal/artifacts/DefaultArtifactRepositoryContainerCustomizer> (0x00000000ed4283e0) 
thrown [s\open\src\hotspot\share\classfile\systemDictionary.cpp, line 313]
Event: 163.688 Thread 0x0000027940200990 Exception <a 'java/lang/ClassNotFoundException'{0x00000000ed474268}: org/gradle/api/internal/artifacts/dsl/DefaultRepositoryHandlerCustomizer> (0x00000000ed474268) 
thrown [s\open\src\hotspot\share\classfile\systemDictionary.cpp, line 313]
Event: 163.698 Thread 0x0000027940200990 Exception <a 'java/lang/ClassNotFoundException'{0x00000000ed4cd328}: org/gradle/api/internal/artifacts/dsl/DefaultRepositoryHandler_DecoratedCustomizer> (0x00000000ed4cd328) 
thrown [s\open\src\hotspot\share\classfile\systemDictionary.cpp, line 313]
Event: 163.724 Thread 0x0000027940200990 Exception <a 'java/lang/ClassNotFoundException'{0x00000000ed364488}: org/gradle/api/internal/artifacts/dsl/dependencies/DefaultDependencyHandler_DecoratedBeanInfo> (0x00000000ed364488) 
thrown [s\open\src\hotspot\share\classfile\systemDictionary.cpp, line 313]
Event: 163.730 Thread 0x0000027940200990 Exception <a 'java/lang/ClassNotFoundException'{0x00000000ed37e458}: org/gradle/api/internal/artifacts/dsl/dependencies/DefaultDependencyHandlerBeanInfo> (0x00000000ed37e458) 
thrown [s\open\src\hotspot\share\classfile\systemDictionary.cpp, line 313]
Event: 163.734 Thread 0x0000027940200990 Exception <a 'java/lang/ClassNotFoundException'{0x00000000ed3985a0}: org/gradle/api/internal/artifacts/dsl/dependencies/DefaultDependencyHandlerCustomizer> (0x00000000ed3985a0) 
thrown [s\open\src\hotspot\share\classfile\systemDictionary.cpp, line 313]
Event: 163.742 Thread 0x0000027940200990 Exception <a 'java/lang/ClassNotFoundException'{0x00000000ed3e5520}: org/gradle/api/internal/artifacts/dsl/dependencies/DefaultDependencyHandler_DecoratedCustomizer> (0x00000000ed3e5520) 
thrown [s\open\src\hotspot\share\classfile\systemDictionary.cpp, line 313]
Event: 163.829 Thread 0x0000027940200990 Exception <a 'java/lang/ClassNotFoundException'{0x00000000ed2c9040}: org/gradle/api/internal/tasks/DefaultTaskContainer_DecoratedBeanInfo> (0x00000000ed2c9040) 
thrown [s\open\src\hotspot\share\classfile\systemDictionary.cpp, line 313]
Event: 163.830 Thread 0x0000027940200990 Exception <a 'java/lang/ClassNotFoundException'{0x00000000ed2dcea8}: org/gradle/api/internal/tasks/DefaultTaskContainerBeanInfo> (0x00000000ed2dcea8) 
thrown [s\open\src\hotspot\share\classfile\systemDictionary.cpp, line 313]
Event: 163.832 Thread 0x0000027940200990 Exception <a 'java/lang/ClassNotFoundException'{0x00000000ed2f0fe0}: org/gradle/api/internal/tasks/DefaultTaskCollectionBeanInfo> (0x00000000ed2f0fe0) 
thrown [s\open\src\hotspot\share\classfile\systemDictionary.cpp, line 313]
Event: 163.833 Thread 0x0000027940200990 Exception <a 'java/lang/ClassNotFoundException'{0x00000000ed1053c8}: org/gradle/api/internal/DefaultNamedDomainObjectSetBeanInfo> (0x00000000ed1053c8) 
thrown [s\open\src\hotspot\share\classfile\systemDictionary.cpp, line 313]
Event: 163.835 Thread 0x0000027940200990 Exception <a 'java/lang/ClassNotFoundException'{0x00000000ed1194c8}: org/gradle/api/internal/DefaultNamedDomainObjectSetCustomizer> (0x00000000ed1194c8) 
thrown [s\open\src\hotspot\share\classfile\systemDictionary.cpp, line 313]
Event: 163.843 Thread 0x0000027940200990 Exception <a 'java/lang/ClassNotFoundException'{0x00000000ed15d050}: org/gradle/api/internal/tasks/DefaultTaskCollectionCustomizer> (0x00000000ed15d050) 
thrown [s\open\src\hotspot\share\classfile\systemDictionary.cpp, line 313]
Event: 163.850 Thread 0x0000027940200990 Exception <a 'java/lang/ClassNotFoundException'{0x00000000ed1c5c50}: org/gradle/api/internal/tasks/DefaultTaskContainerCustomizer> (0x00000000ed1c5c50) 
thrown [s\open\src\hotspot\share\classfile\systemDictionary.cpp, line 313]
Event: 163.863 Thread 0x0000027940200990 Exception <a 'java/lang/ClassNotFoundException'{0x00000000ed057588}: org/gradle/api/internal/tasks/DefaultTaskContainer_DecoratedCustomizer> (0x00000000ed057588) 
thrown [s\open\src\hotspot\share\classfile\systemDictionary.cpp, line 313]
Event: 164.131 Thread 0x0000027940200990 Exception <a 'java/lang/NoSuchMethodError'{0x00000000ecf7b678}: 'int java.lang.invoke.DirectMethodHandle$Holder.invokeSpecial(java.lang.Object, java.lang.Object, java.lang.Object, java.lang.Object, java.lang.Object)'> (0x00000000ecf7b678) 
thrown [s\open\src\hotspot\share\interpreter\linkResolver.cpp, line 773]
Event: 164.144 Thread 0x0000027940200990 Exception <a 'java/lang/NoSuchMethodError'{0x00000000ecfb4b68}: 'void java.lang.invoke.DirectMethodHandle$Holder.invokeInterface(java.lang.Object, java.lang.Object, java.lang.Object, java.lang.Object)'> (0x00000000ecfb4b68) 
thrown [s\open\src\hotspot\share\interpreter\linkResolver.cpp, line 773]
Event: 164.357 Thread 0x0000027940200990 Exception <a 'java/lang/NoSuchMethodError'{0x00000000ecdaec18}: 'java.lang.Object java.lang.invoke.DirectMethodHandle$Holder.invokeStatic(java.lang.Object, int, java.lang.Object)'> (0x00000000ecdaec18) 
thrown [s\open\src\hotspot\share\interpreter\linkResolver.cpp, line 773]

ZGC Phase Switch (0 events):
No events

VM Operations (20 events):
Event: 151.640 Executing VM operation: ICBufferFull
Event: 151.650 Executing VM operation: ICBufferFull done
Event: 151.836 Executing VM operation: G1CollectForAllocation (G1 Evacuation Pause)
Event: 151.855 Executing VM operation: G1CollectForAllocation (G1 Evacuation Pause) done
Event: 152.868 Executing VM operation: Cleanup
Event: 152.874 Executing VM operation: Cleanup done
Event: 153.881 Executing VM operation: Cleanup
Event: 153.883 Executing VM operation: Cleanup done
Event: 154.887 Executing VM operation: Cleanup
Event: 154.887 Executing VM operation: Cleanup done
Event: 155.891 Executing VM operation: Cleanup
Event: 155.892 Executing VM operation: Cleanup done
Event: 156.903 Executing VM operation: Cleanup
Event: 156.903 Executing VM operation: Cleanup done
Event: 161.917 Executing VM operation: Cleanup
Event: 161.918 Executing VM operation: Cleanup done
Event: 162.927 Executing VM operation: Cleanup
Event: 162.962 Executing VM operation: Cleanup done
Event: 163.969 Executing VM operation: Cleanup
Event: 163.969 Executing VM operation: Cleanup done

Events (20 events):
Event: 122.756 Thread 0x0000027941e35110 Thread exited: 0x0000027941e35110
Event: 122.757 Thread 0x0000027941827ae0 Thread exited: 0x0000027941827ae0
Event: 122.773 Thread 0x00000279417dbb50 Thread exited: 0x00000279417dbb50
Event: 122.773 Thread 0x0000027941e36b50 Thread exited: 0x0000027941e36b50
Event: 122.773 Thread 0x00000279417e10a0 Thread exited: 0x00000279417e10a0
Event: 122.774 Thread 0x0000027941827450 Thread exited: 0x0000027941827450
Event: 122.977 Thread 0x0000027941826730 Thread exited: 0x0000027941826730
Event: 122.982 Thread 0x0000027943dd1a40 Thread added: 0x0000027943dd1a40
Event: 123.050 Thread 0x00000279417de2b0 Thread exited: 0x00000279417de2b0
Event: 123.141 Thread 0x0000027941e357a0 Thread exited: 0x0000027941e357a0
Event: 123.191 Thread 0x0000027943dd1a40 Thread exited: 0x0000027943dd1a40
Event: 123.203 Thread 0x00000279439f3d70 Thread added: 0x00000279439f3d70
Event: 151.712 Thread 0x0000027943dd1a40 Thread added: 0x0000027943dd1a40
Event: 152.018 Thread 0x00000279439f0f80 Thread added: 0x00000279439f0f80
Event: 153.641 Thread 0x0000027943dd1a40 Thread exited: 0x0000027943dd1a40
Event: 154.736 Thread 0x0000027945822390 Thread added: 0x0000027945822390
Event: 155.070 Thread 0x0000027945822390 Thread exited: 0x0000027945822390
Event: 155.487 Thread 0x00000279458245a0 Thread added: 0x00000279458245a0
Event: 155.819 Thread 0x00000279458245a0 Thread exited: 0x00000279458245a0
Event: 161.979 Thread 0x00000279439f1610 Thread added: 0x00000279439f1610


Dynamic libraries:
0x00007ff6a9cf0000 - 0x00007ff6a9d00000 	D:\javar\bin\java.exe
0x00007fffaf4a0000 - 0x00007fffaf707000 	C:\Windows\SYSTEM32\ntdll.dll
0x00007fffadd00000 - 0x00007fffaddcb000 	C:\Windows\System32\KERNEL32.DLL
0x00007fffac730000 - 0x00007fffacb32000 	C:\Windows\System32\KERNELBASE.dll
0x00007fffa85e0000 - 0x00007fffa867f000 	C:\Windows\SYSTEM32\apphelp.dll
0x00007fffacc30000 - 0x00007fffacd7c000 	C:\Windows\System32\ucrtbase.dll
0x00007ffedfda0000 - 0x00007ffedfdb9000 	D:\javar\bin\jli.dll
0x00007fffae990000 - 0x00007fffaea4c000 	C:\Windows\System32\ADVAPI32.dll
0x00007fffadb90000 - 0x00007fffadc39000 	C:\Windows\System32\msvcrt.dll
0x00007fffadc40000 - 0x00007fffadce9000 	C:\Windows\System32\sechost.dll
0x00007ffedfce0000 - 0x00007ffedfcfe000 	D:\javar\bin\VCRUNTIME140.dll
0x00007fffad940000 - 0x00007fffada58000 	C:\Windows\System32\RPCRT4.dll
0x00007fffad6a0000 - 0x00007fffad86f000 	C:\Windows\System32\USER32.dll
0x00007fffacc00000 - 0x00007fffacc27000 	C:\Windows\System32\win32u.dll
0x00007fffaf430000 - 0x00007fffaf45b000 	C:\Windows\System32\GDI32.dll
0x00007fffad090000 - 0x00007fffad1b9000 	C:\Windows\System32\gdi32full.dll
0x00007fffacf20000 - 0x00007fffacfc3000 	C:\Windows\System32\msvcp_win.dll
0x00007fffab890000 - 0x00007fffabb20000 	C:\Windows\WinSxS\amd64_microsoft.windows.common-controls_6595b64144ccf1df_6.0.26100.9278_none_3e0d1ba8e3303201\COMCTL32.dll
0x00007fffa9ad0000 - 0x00007fffa9adb000 	C:\Windows\SYSTEM32\VERSION.dll
0x00007fffad2d0000 - 0x00007fffad301000 	C:\Windows\System32\IMM32.DLL
0x00007fff8e290000 - 0x00007fff8e29c000 	D:\javar\bin\vcruntime140_1.dll
0x00007ffede410000 - 0x00007ffede49d000 	D:\javar\bin\msvcp140.dll
0x00007ffed9070000 - 0x00007ffed9d98000 	D:\javar\bin\server\jvm.dll
0x00007fffae310000 - 0x00007fffae390000 	C:\Windows\System32\WS2_32.dll
0x00007fffac500000 - 0x00007fffac55e000 	C:\Windows\SYSTEM32\POWRPROF.dll
0x00007fffa0d00000 - 0x00007fffa0d36000 	C:\Windows\SYSTEM32\WINMM.dll
0x00007fffac4e0000 - 0x00007fffac4f5000 	C:\Windows\SYSTEM32\UMPDC.dll
0x00007fffaad40000 - 0x00007fffaad5b000 	C:\Windows\SYSTEM32\kernel.appcore.dll
0x00007fff87020000 - 0x00007fff8702a000 	D:\javar\bin\jimage.dll
0x00007fffabe20000 - 0x00007fffac06c000 	C:\Windows\SYSTEM32\DBGHELP.DLL
0x00007fffad310000 - 0x00007fffad695000 	C:\Windows\System32\combase.dll
0x00007fffae020000 - 0x00007fffae0f9000 	C:\Windows\System32\OLEAUT32.dll
0x00007fffabd10000 - 0x00007fffabd4b000 	C:\Windows\SYSTEM32\dbgcore.DLL
0x00007fffacfd0000 - 0x00007fffad07c000 	C:\Windows\System32\bcryptPrimitives.dll
0x00007fff75da0000 - 0x00007fff75db0000 	D:\javar\bin\instrument.dll
0x00007ffedfc20000 - 0x00007ffedfc41000 	D:\javar\bin\java.dll
0x00007fffaea60000 - 0x00007fffaf1f8000 	C:\Windows\System32\SHELL32.dll
0x00007fffa90d0000 - 0x00007fffa997e000 	C:\Windows\SYSTEM32\windows.storage.dll
0x00007fffad1d0000 - 0x00007fffad2cb000 	C:\Windows\System32\SHCORE.dll
0x00007fffada90000 - 0x00007fffadaf6000 	C:\Windows\System32\shlwapi.dll
0x00007fffac5c0000 - 0x00007fffac5e9000 	C:\Windows\SYSTEM32\profapi.dll
0x00007ffede4a0000 - 0x00007ffede577000 	D:\javar\bin\jsvml.dll
0x00007ffedfdc0000 - 0x00007ffedfdd8000 	D:\javar\bin\zip.dll
0x00007ffedfe00000 - 0x00007ffedfe11000 	D:\javar\bin\net.dll
0x00007fffa0d70000 - 0x00007fffa0e9a000 	C:\Windows\SYSTEM32\WINHTTP.dll
0x00007fffaa900000 - 0x00007fffaa96c000 	C:\Windows\system32\mswsock.dll
0x00007ffedfde0000 - 0x00007ffedfdf6000 	D:\javar\bin\nio.dll
0x00007fff86820000 - 0x00007fff86830000 	D:\javar\bin\verify.dll
0x00007ffedfbf0000 - 0x00007ffedfc17000 	C:\Users\hieun\.gradle\native\660c5614fbf4a5f2a75b1949f50a0caf5cd603558e7d8a26e50b933a0cfb79d1\windows-amd64\native-platform.dll
0x00007ffede260000 - 0x00007ffede2d7000 	C:\Users\hieun\.gradle\native\0.2.8\x86_64-windows-gnu\gradle-fileevents.dll
0x00007fff1cb00000 - 0x00007fff1cb0a000 	D:\javar\bin\management.dll
0x00007fff1c710000 - 0x00007fff1c71c000 	D:\javar\bin\management_ext.dll
0x00007fffadcf0000 - 0x00007fffadcf8000 	C:\Windows\System32\PSAPI.DLL
0x00007fffa9dd0000 - 0x00007fffa9e03000 	C:\Windows\SYSTEM32\IPHLPAPI.DLL
0x00007fffae010000 - 0x00007fffae01a000 	C:\Windows\System32\NSI.dll
0x00007fff86540000 - 0x00007fff86549000 	D:\javar\bin\extnet.dll
0x00007fffac1a0000 - 0x00007fffac1bb000 	C:\Windows\SYSTEM32\CRYPTSP.dll
0x00007fffaa300000 - 0x00007fffaa339000 	C:\Windows\system32\rsaenh.dll
0x00007fffaa9b0000 - 0x00007fffaa9e4000 	C:\Windows\SYSTEM32\USERENV.dll
0x00007fffac590000 - 0x00007fffac5ba000 	C:\Windows\SYSTEM32\bcrypt.dll
0x00007fffaabf0000 - 0x00007fffaabfc000 	C:\Windows\SYSTEM32\CRYPTBASE.dll
0x00007fffa3970000 - 0x00007fffa397e000 	D:\javar\bin\sunmscapi.dll
0x00007fffacd90000 - 0x00007fffacf0e000 	C:\Windows\System32\CRYPT32.dll
0x00007fffab710000 - 0x00007fffab740000 	C:\Windows\SYSTEM32\ncrypt.dll
0x00007fffab600000 - 0x00007fffab63f000 	C:\Windows\SYSTEM32\NTASN1.dll
0x00007fff76750000 - 0x00007fff76758000 	C:\Windows\system32\wshunix.dll

dbghelp: loaded successfully - version: 4.0.5 - missing functions: none
symbol engine: initialized successfully - sym options: 0x614 - pdb path: .;D:\javar\bin;C:\Windows\SYSTEM32;C:\Windows\WinSxS\amd64_microsoft.windows.common-controls_6595b64144ccf1df_6.0.26100.9278_none_3e0d1ba8e3303201;D:\javar\bin\server;C:\Users\hieun\.gradle\native\660c5614fbf4a5f2a75b1949f50a0caf5cd603558e7d8a26e50b933a0cfb79d1\windows-amd64;C:\Users\hieun\.gradle\native\0.2.8\x86_64-windows-gnu

VM Arguments:
jvm_args: --add-opens=java.base/java.lang=ALL-UNNAMED --add-opens=java.base/java.lang.invoke=ALL-UNNAMED --add-opens=java.base/java.util=ALL-UNNAMED --add-opens=java.prefs/java.util.prefs=ALL-UNNAMED --add-exports=jdk.compiler/com.sun.tools.javac.api=ALL-UNNAMED --add-exports=jdk.compiler/com.sun.tools.javac.util=ALL-UNNAMED --add-opens=java.base/java.nio.charset=ALL-UNNAMED --add-opens=java.base/java.net=ALL-UNNAMED --add-opens=java.base/java.util.concurrent=ALL-UNNAMED --add-opens=java.base/java.util.concurrent.atomic=ALL-UNNAMED --add-opens=java.xml/javax.xml.namespace=ALL-UNNAMED --add-opens=java.base/java.time=ALL-UNNAMED -XX:MaxMetaspaceSize=384m -XX:+HeapDumpOnOutOfMemoryError -Xms256m -Xmx512m -Dfile.encoding=UTF-8 -Duser.country=US -Duser.language=en -Duser.variant -javaagent:C:\Users\hieun\.gradle\wrapper\dists\gradle-9.5.1-bin\iq79hdu3mqx29lgffhp8bfmx\gradle-9.5.1\lib\agents\gradle-instrumentation-agent-9.5.1.jar 
java_command: org.gradle.launcher.daemon.bootstrap.GradleDaemon 9.5.1
java_class_path (initial): C:\Users\hieun\.gradle\wrapper\dists\gradle-9.5.1-bin\iq79hdu3mqx29lgffhp8bfmx\gradle-9.5.1\lib\gradle-daemon-main-9.5.1.jar
Launcher Type: SUN_STANDARD

[Global flags]
     intx CICompilerCount                          = 4                                         {product} {ergonomic}
   size_t CompressedClassSpaceSize                 = 335544320                                 {product} {ergonomic}
     uint ConcGCThreads                            = 3                                         {product} {ergonomic}
     uint G1ConcRefinementThreads                  = 10                                        {product} {ergonomic}
   size_t G1HeapRegionSize                         = 1048576                                   {product} {ergonomic}
    uintx GCDrainStackTargetSize                   = 64                                        {product} {ergonomic}
     bool HeapDumpOnOutOfMemoryError               = true                                   {manageable} {command line}
   size_t InitialHeapSize                          = 268435456                                 {product} {command line}
   size_t MarkStackSize                            = 4194304                                   {product} {ergonomic}
   size_t MaxHeapSize                              = 536870912                                 {product} {command line}
   size_t MaxMetaspaceSize                         = 402653184                                 {product} {command line}
   size_t MaxNewSize                               = 321912832                                 {product} {ergonomic}
   size_t MinHeapDeltaBytes                        = 1048576                                   {product} {ergonomic}
   size_t MinHeapSize                              = 268435456                                 {product} {command line}
    uintx NonNMethodCodeHeapSize                   = 5839372                                {pd product} {ergonomic}
    uintx NonProfiledCodeHeapSize                  = 122909434                              {pd product} {ergonomic}
    uintx ProfiledCodeHeapSize                     = 122909434                              {pd product} {ergonomic}
    uintx ReservedCodeCacheSize                    = 251658240                              {pd product} {ergonomic}
     bool SegmentedCodeCache                       = true                                      {product} {ergonomic}
   size_t SoftMaxHeapSize                          = 536870912                              {manageable} {ergonomic}
     bool UseCompressedOops                        = true                           {product lp64_product} {ergonomic}
     bool UseG1GC                                  = true                                      {product} {ergonomic}
     bool UseLargePagesIndividualAllocation        = false                                  {pd product} {ergonomic}

Logging:
Log output configuration:
 #0: stdout all=warning uptime,level,tags foldmultilines=false
 #1: stderr all=off uptime,level,tags foldmultilines=false

Environment Variables:
PATH=C:\Program Files\Common Files\Oracle\Java\javapath;C:\Windows\system32;C:\Windows;C:\Windows\System32\Wbem;C:\Windows\System32\WindowsPowerShell\v1.0\;C:\Windows\System32\OpenSSH\;C:\Program Files (x86)\NVIDIA Corporation\PhysX\Common;C:\Program Files\dotnet\;D:\Git\cmd;C:\Program Files\NVIDIA Corporation\NVIDIA App\NvDLISR;C:\Program Files\Docker\Docker\resources\bin;C:\ProgramData\chocolatey\bin;D:\node js\;C:\Users\hieun\AppData\Local\Programs\Python\Launcher\;C:\Users\hieun\AppData\Local\Microsoft\WindowsApps;D:\Microsoft VS Code\bin;C:\Users\hieun\AppData\Roaming\npm
USERNAME=hieun
OS=Windows_NT
PROCESSOR_IDENTIFIER=AMD64 Family 25 Model 68 Stepping 1, AuthenticAMD
TMP=C:\Users\hieun\AppData\Local\Temp
TEMP=C:\Users\hieun\AppData\Local\Temp




Periodic native trim disabled

---------------  S Y S T E M  ---------------

OS:
 Windows 11 , 64 bit Build 26100 (10.0.26100.9444)
OS uptime: 1 days 0:38 hours
Hyper-V role detected

CPU: total 12 (initial active 12) (12 cores per cpu, 2 threads per core) family 25 model 68 stepping 1 microcode 0xa404107, cx8, cmov, fxsr, ht, mmx, 3dnowpref, sse, sse2, sse3, ssse3, sse4a, sse4.1, sse4.2, popcnt, lzcnt, tsc, tscinvbit, avx, avx2, aes, erms, clmul, bmi1, bmi2, adx, sha, fma, vzeroupper, clflush, clflushopt, hv, rdtscp, rdpid, fsrm, f16c, cet_ss
Processor Information for all 12 processors :
  Max Mhz: 3301, Current Mhz: 3301, Mhz Limit: 3301

Memory: 4k page, system-wide physical 15690M (217M free)
TotalPageFile size 48779M (AvailPageFile size 0M)
current process WorkingSet (physical memory assigned to process): 313M, peak: 350M
current process commit charge ("private bytes"): 491M, peak: 505M

vm_info: Java HotSpot(TM) 64-Bit Server VM (21.0.11+9-LTS-211) for windows-amd64 JRE (21.0.11+9-LTS-211), built on 2026-03-11T00:23:15Z by "mach5run" with MS VC++ 17.13 (VS2022)

END.
