#
# There is insufficient memory for the Java Runtime Environment to continue.
# Native memory allocation (malloc) failed to allocate 1080016 bytes for Chunk::new
# Possible reasons:
#   The system is out of physical RAM or swap space
#   The process is running with CompressedOops enabled, and the Java Heap may be blocking the growth of the native heap
# Possible solutions:
#   Reduce memory load on the system
#   Increase physical memory or swap space
#   Check if swap backing store is full
#   Decrease Java heap size (-Xmx/-Xms)
#   Decrease number of Java threads
#   Decrease Java thread stack sizes (-Xss)
#   Set larger code cache with -XX:ReservedCodeCacheSize=
#   JVM is running with Unscaled Compressed Oops mode in which the Java heap is
#     placed in the first 4GB address space. The Java Heap base address is the
#     maximum limit for the native heap growth. Please use -XX:HeapBaseMinAddress
#     to set the Java Heap base and to place the Java Heap above 4GB virtual address.
# This output file may be truncated or incomplete.
#
#  Out of Memory Error (arena.cpp:168), pid=17256, tid=58244
#
# JRE version: Java(TM) SE Runtime Environment (21.0.11+9) (build 21.0.11+9-LTS-211)
# Java VM: Java HotSpot(TM) 64-Bit Server VM (21.0.11+9-LTS-211, mixed mode, sharing, tiered, compressed oops, compressed class ptrs, g1 gc, windows-amd64)
# No core dump will be written. Minidumps are not enabled by default on client versions of Windows
#

---------------  S U M M A R Y ------------

Command Line: --add-opens=java.base/java.lang=ALL-UNNAMED --add-opens=java.base/java.lang.invoke=ALL-UNNAMED --add-opens=java.base/java.util=ALL-UNNAMED --add-opens=java.prefs/java.util.prefs=ALL-UNNAMED --add-exports=jdk.compiler/com.sun.tools.javac.api=ALL-UNNAMED --add-exports=jdk.compiler/com.sun.tools.javac.util=ALL-UNNAMED --add-opens=java.base/java.nio.charset=ALL-UNNAMED --add-opens=java.base/java.net=ALL-UNNAMED --add-opens=java.base/java.util.concurrent=ALL-UNNAMED --add-opens=java.base/java.util.concurrent.atomic=ALL-UNNAMED --add-opens=java.xml/javax.xml.namespace=ALL-UNNAMED --add-opens=java.base/java.time=ALL-UNNAMED -XX:MaxMetaspaceSize=384m -XX:+HeapDumpOnOutOfMemoryError -Xms256m -Xmx512m -Dfile.encoding=UTF-8 -Duser.country=US -Duser.language=en -Duser.variant -javaagent:C:\Users\hieun\.gradle\wrapper\dists\gradle-9.5.1-bin\iq79hdu3mqx29lgffhp8bfmx\gradle-9.5.1\lib\agents\gradle-instrumentation-agent-9.5.1.jar org.gradle.launcher.daemon.bootstrap.GradleDaemon 9.5.1

Host: AMD Ryzen 5 7535HS with Radeon Graphics        , 12 cores, 15G,  Windows 11 , 64 bit Build 26100 (10.0.26100.9168)
Time: Mon Aug 24 22:40:02 2026 SE Asia Standard Time elapsed time: 117.511145 seconds (0d 0h 1m 57s)

---------------  T H R E A D  ---------------

Current thread (0x0000025a191529e0):  JavaThread "C2 CompilerThread0" daemon [_thread_in_native, id=58244, stack(0x000000bd8f200000,0x000000bd8f300000) (1024K)]


Current CompileTask:
C2: 117511 4471       4       javax.management.ObjectName::construct (1135 bytes)

Stack: [0x000000bd8f200000,0x000000bd8f300000]
Native frames: (J=compiled Java code, j=interpreted, Vv=VM code, C=native code)
V  [jvm.dll+0x6d0ef9]
V  [jvm.dll+0x860126]
V  [jvm.dll+0x86261e]
V  [jvm.dll+0x862cf3]
V  [jvm.dll+0x282bc6]
V  [jvm.dll+0xc67ad]
V  [jvm.dll+0xc6cf1]
V  [jvm.dll+0x3bbe71]
V  [jvm.dll+0x1e3a69]
V  [jvm.dll+0x24b673]
V  [jvm.dll+0x24aaff]
V  [jvm.dll+0x1cae7e]
V  [jvm.dll+0x25a7d9]
V  [jvm.dll+0x258d65]
V  [jvm.dll+0x3f50d1]
V  [jvm.dll+0x80ac0d]
V  [jvm.dll+0x6cf79d]
C  [ucrtbase.dll+0x2cd30]
C  [KERNEL32.DLL+0x2ccb7]
C  [ntdll.dll+0xaad6c]


---------------  P R O C E S S  ---------------

Threads class SMR info:
_java_thread_list=0x0000025a1c31ef80, length=33, elements={
0x0000025a62c6c320, 0x0000025a1914d6b0, 0x0000025a1914e110, 0x0000025a1914fd30,
0x0000025a19150790, 0x0000025a191511f0, 0x0000025a19151c50, 0x0000025a191529e0,
0x0000025a19156b90, 0x0000025a19335840, 0x0000025a193e69f0, 0x0000025a1a1b6850,
0x0000025a1b15bc70, 0x0000025a1a9de7d0, 0x0000025a1b44b310, 0x0000025a1924e230,
0x0000025a1924e8c0, 0x0000025a1924ef50, 0x0000025a1a07e1f0, 0x0000025a1a07ef10,
0x0000025a1a07db60, 0x0000025a1a0802c0, 0x0000025a1a07e880, 0x0000025a1a080950,
0x0000025a1a07f5a0, 0x0000025a1a081670, 0x0000025a1a080fe0, 0x0000025a1a081d00,
0x0000025a1a082a20, 0x0000025a1a07fc30, 0x0000025a1a084460, 0x0000025a1a083740,
0x0000025a1a083dd0
}

Java Threads: ( => current thread )
  0x0000025a62c6c320 JavaThread "main"                              [_thread_blocked, id=33508, stack(0x000000bd8e400000,0x000000bd8e500000) (1024K)]
  0x0000025a1914d6b0 JavaThread "Reference Handler"          daemon [_thread_blocked, id=28520, stack(0x000000bd8ec00000,0x000000bd8ed00000) (1024K)]
  0x0000025a1914e110 JavaThread "Finalizer"                  daemon [_thread_blocked, id=30684, stack(0x000000bd8ed00000,0x000000bd8ee00000) (1024K)]
  0x0000025a1914fd30 JavaThread "Signal Dispatcher"          daemon [_thread_blocked, id=22648, stack(0x000000bd8ee00000,0x000000bd8ef00000) (1024K)]
  0x0000025a19150790 JavaThread "Attach Listener"            daemon [_thread_blocked, id=5944, stack(0x000000bd8ef00000,0x000000bd8f000000) (1024K)]
  0x0000025a191511f0 JavaThread "Service Thread"             daemon [_thread_blocked, id=32872, stack(0x000000bd8f000000,0x000000bd8f100000) (1024K)]
  0x0000025a19151c50 JavaThread "Monitor Deflation Thread"   daemon [_thread_blocked, id=4364, stack(0x000000bd8f100000,0x000000bd8f200000) (1024K)]
=>0x0000025a191529e0 JavaThread "C2 CompilerThread0"         daemon [_thread_in_native, id=58244, stack(0x000000bd8f200000,0x000000bd8f300000) (1024K)]
  0x0000025a19156b90 JavaThread "C1 CompilerThread0"         daemon [_thread_blocked, id=33884, stack(0x000000bd8f300000,0x000000bd8f400000) (1024K)]
  0x0000025a19335840 JavaThread "Common-Cleaner"             daemon [_thread_blocked, id=30772, stack(0x000000bd8f400000,0x000000bd8f500000) (1024K)]
  0x0000025a193e69f0 JavaThread "Notification Thread"        daemon [_thread_blocked, id=49032, stack(0x000000bd8f500000,0x000000bd8f600000) (1024K)]
  0x0000025a1a1b6850 JavaThread "Daemon health stats"               [_thread_blocked, id=28748, stack(0x000000bd8fb00000,0x000000bd8fc00000) (1024K)]
  0x0000025a1b15bc70 JavaThread "Incoming local TCP Connector on port 58027"        [_thread_in_native, id=51116, stack(0x000000bd8fc00000,0x000000bd8fd00000) (1024K)]
  0x0000025a1a9de7d0 JavaThread "Daemon periodic checks"            [_thread_blocked, id=45364, stack(0x000000bd8fd00000,0x000000bd8fe00000) (1024K)]
  0x0000025a1b44b310 JavaThread "Daemon"                            [_thread_blocked, id=7028, stack(0x000000bd8fe00000,0x000000bd8ff00000) (1024K)]
  0x0000025a1924e230 JavaThread "Daemon worker"                     [_thread_in_vm, id=57480, stack(0x000000bd90100000,0x000000bd90200000) (1024K)]
  0x0000025a1924e8c0 JavaThread "Handler for socket connection from /127.0.0.1:58027 to /127.0.0.1:53275"        [_thread_in_native, id=47828, stack(0x000000bd8ff00000,0x000000bd90000000) (1024K)]
  0x0000025a1924ef50 JavaThread "Cancel handler"                    [_thread_blocked, id=4700, stack(0x000000bd90000000,0x000000bd90100000) (1024K)]
  0x0000025a1a07e1f0 JavaThread "Asynchronous log dispatcher for DefaultDaemonConnection: socket connection from /127.0.0.1:58027 to /127.0.0.1:53275"        [_thread_blocked, id=29900, stack(0x000000bd90800000,0x000000bd90900000) (1024K)]
  0x0000025a1a07ef10 JavaThread "Stdin handler"                     [_thread_blocked, id=34240, stack(0x000000bd90400000,0x000000bd90500000) (1024K)]
  0x0000025a1a07db60 JavaThread "Daemon client event forwarder"        [_thread_blocked, id=31740, stack(0x000000bd90500000,0x000000bd90600000) (1024K)]
  0x0000025a1a0802c0 JavaThread "Cache worker for journal cache (C:\Users\hieun\.gradle\caches\journal-1)"        [_thread_in_vm, id=45112, stack(0x000000bd90600000,0x000000bd90700000) (1024K)]
  0x0000025a1a07e880 JavaThread "File lock request listener"        [_thread_in_native, id=53968, stack(0x000000bd90900000,0x000000bd90a00000) (1024K)]
  0x0000025a1a080950 JavaThread "File lock release action executor"        [_thread_blocked, id=42480, stack(0x000000bd90a00000,0x000000bd90b00000) (1024K)]
  0x0000025a1a07f5a0 JavaThread "Cache worker for file hash cache (C:\Users\hieun\.gradle\caches\9.5.1\fileHashes)"        [_thread_blocked, id=47632, stack(0x000000bd90b00000,0x000000bd90c00000) (1024K)]
  0x0000025a1a081670 JavaThread "Cache worker for file hash cache (D:\n1h5-models-backend\.gradle\9.5.1\fileHashes)"        [_thread_blocked, id=32784, stack(0x000000bd8e300000,0x000000bd8e400000) (1024K)]
  0x0000025a1a080fe0 JavaThread "Cache worker for Build Output Cleanup Cache (D:\n1h5-models-backend\.gradle\buildOutputCleanup)"        [_thread_blocked, id=16872, stack(0x000000bd91000000,0x000000bd91100000) (1024K)]
  0x0000025a1a081d00 JavaThread "File watcher server"        daemon [_thread_in_native, id=45920, stack(0x000000bd91100000,0x000000bd91200000) (1024K)]
  0x0000025a1a082a20 JavaThread "File watcher consumer"      daemon [_thread_blocked, id=15804, stack(0x000000bd91200000,0x000000bd91300000) (1024K)]
  0x0000025a1a07fc30 JavaThread "Cache worker for file content cache (C:\Users\hieun\.gradle\caches\9.5.1\fileContent)"        [_thread_blocked, id=41892, stack(0x000000bd91300000,0x000000bd91400000) (1024K)]
  0x0000025a1a084460 JavaThread "Cache worker for checksums cache (D:\n1h5-models-backend\.gradle\9.5.1\checksums)"        [_thread_blocked, id=2808, stack(0x000000bd91400000,0x000000bd91500000) (1024K)]
  0x0000025a1a083740 JavaThread "Cache worker for cache directory md-supplier (C:\Users\hieun\.gradle\caches\9.5.1\md-supplier)"        [_thread_blocked, id=37436, stack(0x000000bd90200000,0x000000bd90300000) (1024K)]
  0x0000025a1a083dd0 JavaThread "Cache worker for cache directory md-rule (C:\Users\hieun\.gradle\caches\9.5.1\md-rule)"        [_thread_blocked, id=37736, stack(0x000000bd90300000,0x000000bd90400000) (1024K)]
Total: 33

Other Threads:
  0x0000025a7ffbdd10 VMThread "VM Thread"                           [id=41988, stack(0x000000bd8eb00000,0x000000bd8ec00000) (1024K)]
  0x0000025a7ffa6530 WatcherThread "VM Periodic Task Thread"        [id=44264, stack(0x000000bd8ea00000,0x000000bd8eb00000) (1024K)]
  0x0000025a631f5c30 WorkerThread "GC Thread#0"                     [id=57400, stack(0x000000bd8e500000,0x000000bd8e600000) (1024K)]
  0x0000025a195ae370 WorkerThread "GC Thread#1"                     [id=47172, stack(0x000000bd8f600000,0x000000bd8f700000) (1024K)]
  0x0000025a195acd90 WorkerThread "GC Thread#2"                     [id=47404, stack(0x000000bd8f700000,0x000000bd8f800000) (1024K)]
  0x0000025a195ad140 WorkerThread "GC Thread#3"                     [id=18856, stack(0x000000bd8f800000,0x000000bd8f900000) (1024K)]
  0x0000025a195ad4f0 WorkerThread "GC Thread#4"                     [id=32652, stack(0x000000bd8f900000,0x000000bd8fa00000) (1024K)]
  0x0000025a193ac930 WorkerThread "GC Thread#5"                     [id=33572, stack(0x000000bd8fa00000,0x000000bd8fb00000) (1024K)]
  0x0000025a1afa0600 WorkerThread "GC Thread#6"                     [id=34136, stack(0x000000bd90c00000,0x000000bd90d00000) (1024K)]
  0x0000025a1af9f740 WorkerThread "GC Thread#7"                     [id=40012, stack(0x000000bd90d00000,0x000000bd90e00000) (1024K)]
  0x0000025a1af9faf0 WorkerThread "GC Thread#8"                     [id=15188, stack(0x000000bd90e00000,0x000000bd90f00000) (1024K)]
  0x0000025a1af9fea0 WorkerThread "GC Thread#9"                     [id=12424, stack(0x000000bd90f00000,0x000000bd91000000) (1024K)]
  0x0000025a631fab30 ConcurrentGCThread "G1 Main Marker"            [id=44596, stack(0x000000bd8e600000,0x000000bd8e700000) (1024K)]
  0x0000025a631fb550 WorkerThread "G1 Conc#0"                       [id=55684, stack(0x000000bd8e700000,0x000000bd8e800000) (1024K)]
  0x0000025a1d259cd0 WorkerThread "G1 Conc#1"                       [id=39564, stack(0x000000bd8e100000,0x000000bd8e200000) (1024K)]
  0x0000025a1d2591c0 WorkerThread "G1 Conc#2"                       [id=56936, stack(0x000000bd8e200000,0x000000bd8e300000) (1024K)]
  0x0000025a7fe76610 ConcurrentGCThread "G1 Refine#0"               [id=41056, stack(0x000000bd8e800000,0x000000bd8e900000) (1024K)]
  0x0000025a7fe770a0 ConcurrentGCThread "G1 Service"                [id=14816, stack(0x000000bd8e900000,0x000000bd8ea00000) (1024K)]
Total: 18

Threads with active compile tasks:
C2 CompilerThread0   117538 4471       4       javax.management.ObjectName::construct (1135 bytes)
Total: 1

VM state: not at safepoint (normal execution)

VM Mutex/Monitor currently owned by a thread:  ([mutex/lock_event])
[0x00007ffa3e11ae50] CodeCache_lock - owner thread: 0x0000025a1a0802c0

Heap address: 0x00000000e0000000, size: 512 MB, Compressed Oops mode: 32-bit

CDS archive(s) mapped at: [0x0000025a00000000-0x0000025a00c90000-0x0000025a00c90000), size 13172736, SharedBaseAddress: 0x0000025a00000000, ArchiveRelocationMode: 1.
Compressed class space mapped at: 0x0000025a01000000-0x0000025a15000000, reserved size: 335544320
Narrow klass base: 0x0000025a00000000, Narrow klass shift: 0, Narrow klass range: 0x100000000

GC Precious Log:
 CardTable entry size: 512
 Card Set container configuration: InlinePtr #cards 5 size 8 Array Of Cards #cards 12 size 40 Howl #buckets 4 coarsen threshold 1843 Howl Bitmap #cards 512 size 80 coarsen threshold 460 Card regions per heap region 1 cards per card region 2048
 CPUs: 12 total, 12 available
 Memory: 15690M
 Large Page Support: Disabled
 NUMA Support: Disabled
 Compressed Oops: Enabled (32-bit)
 Heap Region Size: 1M
 Heap Min Capacity: 256M
 Heap Initial Capacity: 256M
 Heap Max Capacity: 512M
 Pre-touch: Disabled
 Parallel Workers: 10
 Concurrent Workers: 3
 Concurrent Refinement Workers: 10
 Periodic GC: Disabled

Heap:
 garbage-first heap   total 262144K, used 40448K [0x00000000e0000000, 0x0000000100000000)
  region size 1024K, 18 young (18432K), 8 survivors (8192K)
 Metaspace       used 36786K, committed 38208K, reserved 393216K
  class space    used 5082K, committed 5824K, reserved 327680K

Heap Regions: E=young(eden), S=young(survivor), O=old, HS=humongous(starts), HC=humongous(continues), CS=collection set, F=free, TAMS=top-at-mark-start, PB=parsable bottom
|   0|0x00000000e0000000, 0x00000000e0100000, 0x00000000e0100000|100%|HS|  |TAMS 0x00000000e0000000| PB 0x00000000e0000000| Complete 
|   1|0x00000000e0100000, 0x00000000e0200000, 0x00000000e0200000|100%|HC|  |TAMS 0x00000000e0100000| PB 0x00000000e0100000| Complete 
|   2|0x00000000e0200000, 0x00000000e0300000, 0x00000000e0300000|100%|HC|  |TAMS 0x00000000e0200000| PB 0x00000000e0200000| Complete 
|   3|0x00000000e0300000, 0x00000000e0400000, 0x00000000e0400000|100%|HC|  |TAMS 0x00000000e0300000| PB 0x00000000e0300000| Complete 
|   4|0x00000000e0400000, 0x00000000e0400000, 0x00000000e0500000|  0%| F|  |TAMS 0x00000000e0400000| PB 0x00000000e0400000| Untracked 
|   5|0x00000000e0500000, 0x00000000e0600000, 0x00000000e0600000|100%| O|  |TAMS 0x00000000e0500000| PB 0x00000000e0500000| Untracked 
|   6|0x00000000e0600000, 0x00000000e0700000, 0x00000000e0700000|100%| O|  |TAMS 0x00000000e0600000| PB 0x00000000e0600000| Untracked 
|   7|0x00000000e0700000, 0x00000000e0800000, 0x00000000e0800000|100%| O|  |TAMS 0x00000000e0700000| PB 0x00000000e0700000| Untracked 
|   8|0x00000000e0800000, 0x00000000e0900000, 0x00000000e0900000|100%| O|  |TAMS 0x00000000e0800000| PB 0x00000000e0800000| Untracked 
|   9|0x00000000e0900000, 0x00000000e0a00000, 0x00000000e0a00000|100%|HS|  |TAMS 0x00000000e0900000| PB 0x00000000e0900000| Complete 
|  10|0x00000000e0a00000, 0x00000000e0b00000, 0x00000000e0b00000|100%| O|  |TAMS 0x00000000e0a00000| PB 0x00000000e0a00000| Untracked 
|  11|0x00000000e0b00000, 0x00000000e0c00000, 0x00000000e0c00000|100%| O|  |TAMS 0x00000000e0b00000| PB 0x00000000e0b00000| Untracked 
|  12|0x00000000e0c00000, 0x00000000e0d00000, 0x00000000e0d00000|100%| O|  |TAMS 0x00000000e0c00000| PB 0x00000000e0c00000| Untracked 
|  13|0x00000000e0d00000, 0x00000000e0e00000, 0x00000000e0e00000|100%| O|  |TAMS 0x00000000e0d00000| PB 0x00000000e0d00000| Untracked 
|  14|0x00000000e0e00000, 0x00000000e0f00000, 0x00000000e0f00000|100%| O|  |TAMS 0x00000000e0e00000| PB 0x00000000e0e00000| Untracked 
|  15|0x00000000e0f00000, 0x00000000e1000000, 0x00000000e1000000|100%| O|  |TAMS 0x00000000e0f00000| PB 0x00000000e0f00000| Untracked 
|  16|0x00000000e1000000, 0x00000000e1100000, 0x00000000e1100000|100%| O|  |TAMS 0x00000000e1000000| PB 0x00000000e1000000| Untracked 
|  17|0x00000000e1100000, 0x00000000e1200000, 0x00000000e1200000|100%| O|  |TAMS 0x00000000e1100000| PB 0x00000000e1100000| Untracked 
|  18|0x00000000e1200000, 0x00000000e1300000, 0x00000000e1300000|100%| O|  |TAMS 0x00000000e1200000| PB 0x00000000e1200000| Untracked 
|  19|0x00000000e1300000, 0x00000000e1400000, 0x00000000e1400000|100%| O|  |TAMS 0x00000000e1300000| PB 0x00000000e1300000| Untracked 
|  20|0x00000000e1400000, 0x00000000e1500000, 0x00000000e1500000|100%| O|  |TAMS 0x00000000e1400000| PB 0x00000000e1400000| Untracked 
|  21|0x00000000e1500000, 0x00000000e1600000, 0x00000000e1600000|100%| O|  |TAMS 0x00000000e1500000| PB 0x00000000e1500000| Untracked 
|  22|0x00000000e1600000, 0x00000000e1700000, 0x00000000e1700000|100%| O|Cm|TAMS 0x00000000e1600000| PB 0x00000000e1600000| Complete 
|  23|0x00000000e1700000, 0x00000000e1780070, 0x00000000e1800000| 50%| O|  |TAMS 0x00000000e1700000| PB 0x00000000e1700000| Untracked 
|  24|0x00000000e1800000, 0x00000000e1800000, 0x00000000e1900000|  0%| F|  |TAMS 0x00000000e1800000| PB 0x00000000e1800000| Untracked 
|  25|0x00000000e1900000, 0x00000000e1900000, 0x00000000e1a00000|  0%| F|  |TAMS 0x00000000e1900000| PB 0x00000000e1900000| Untracked 
|  26|0x00000000e1a00000, 0x00000000e1a00000, 0x00000000e1b00000|  0%| F|  |TAMS 0x00000000e1a00000| PB 0x00000000e1a00000| Untracked 
|  27|0x00000000e1b00000, 0x00000000e1b00000, 0x00000000e1c00000|  0%| F|  |TAMS 0x00000000e1b00000| PB 0x00000000e1b00000| Untracked 
|  28|0x00000000e1c00000, 0x00000000e1c00000, 0x00000000e1d00000|  0%| F|  |TAMS 0x00000000e1c00000| PB 0x00000000e1c00000| Untracked 
|  29|0x00000000e1d00000, 0x00000000e1d00000, 0x00000000e1e00000|  0%| F|  |TAMS 0x00000000e1d00000| PB 0x00000000e1d00000| Untracked 
|  30|0x00000000e1e00000, 0x00000000e1e00000, 0x00000000e1f00000|  0%| F|  |TAMS 0x00000000e1e00000| PB 0x00000000e1e00000| Untracked 
|  31|0x00000000e1f00000, 0x00000000e1f00000, 0x00000000e2000000|  0%| F|  |TAMS 0x00000000e1f00000| PB 0x00000000e1f00000| Untracked 
|  32|0x00000000e2000000, 0x00000000e2000000, 0x00000000e2100000|  0%| F|  |TAMS 0x00000000e2000000| PB 0x00000000e2000000| Untracked 
|  33|0x00000000e2100000, 0x00000000e2100000, 0x00000000e2200000|  0%| F|  |TAMS 0x00000000e2100000| PB 0x00000000e2100000| Untracked 
|  34|0x00000000e2200000, 0x00000000e2200000, 0x00000000e2300000|  0%| F|  |TAMS 0x00000000e2200000| PB 0x00000000e2200000| Untracked 
|  35|0x00000000e2300000, 0x00000000e2300000, 0x00000000e2400000|  0%| F|  |TAMS 0x00000000e2300000| PB 0x00000000e2300000| Untracked 
|  36|0x00000000e2400000, 0x00000000e2400000, 0x00000000e2500000|  0%| F|  |TAMS 0x00000000e2400000| PB 0x00000000e2400000| Untracked 
|  37|0x00000000e2500000, 0x00000000e2500000, 0x00000000e2600000|  0%| F|  |TAMS 0x00000000e2500000| PB 0x00000000e2500000| Untracked 
|  38|0x00000000e2600000, 0x00000000e2600000, 0x00000000e2700000|  0%| F|  |TAMS 0x00000000e2600000| PB 0x00000000e2600000| Untracked 
|  39|0x00000000e2700000, 0x00000000e2700000, 0x00000000e2800000|  0%| F|  |TAMS 0x00000000e2700000| PB 0x00000000e2700000| Untracked 
|  40|0x00000000e2800000, 0x00000000e2800000, 0x00000000e2900000|  0%| F|  |TAMS 0x00000000e2800000| PB 0x00000000e2800000| Untracked 
|  41|0x00000000e2900000, 0x00000000e2900000, 0x00000000e2a00000|  0%| F|  |TAMS 0x00000000e2900000| PB 0x00000000e2900000| Untracked 
|  42|0x00000000e2a00000, 0x00000000e2a00000, 0x00000000e2b00000|  0%| F|  |TAMS 0x00000000e2a00000| PB 0x00000000e2a00000| Untracked 
|  43|0x00000000e2b00000, 0x00000000e2b00000, 0x00000000e2c00000|  0%| F|  |TAMS 0x00000000e2b00000| PB 0x00000000e2b00000| Untracked 
|  44|0x00000000e2c00000, 0x00000000e2c00000, 0x00000000e2d00000|  0%| F|  |TAMS 0x00000000e2c00000| PB 0x00000000e2c00000| Untracked 
|  45|0x00000000e2d00000, 0x00000000e2d00000, 0x00000000e2e00000|  0%| F|  |TAMS 0x00000000e2d00000| PB 0x00000000e2d00000| Untracked 
|  46|0x00000000e2e00000, 0x00000000e2e00000, 0x00000000e2f00000|  0%| F|  |TAMS 0x00000000e2e00000| PB 0x00000000e2e00000| Untracked 
|  47|0x00000000e2f00000, 0x00000000e2f00000, 0x00000000e3000000|  0%| F|  |TAMS 0x00000000e2f00000| PB 0x00000000e2f00000| Untracked 
|  48|0x00000000e3000000, 0x00000000e3000000, 0x00000000e3100000|  0%| F|  |TAMS 0x00000000e3000000| PB 0x00000000e3000000| Untracked 
|  49|0x00000000e3100000, 0x00000000e3100000, 0x00000000e3200000|  0%| F|  |TAMS 0x00000000e3100000| PB 0x00000000e3100000| Untracked 
|  50|0x00000000e3200000, 0x00000000e3200000, 0x00000000e3300000|  0%| F|  |TAMS 0x00000000e3200000| PB 0x00000000e3200000| Untracked 
|  51|0x00000000e3300000, 0x00000000e3300000, 0x00000000e3400000|  0%| F|  |TAMS 0x00000000e3300000| PB 0x00000000e3300000| Untracked 
|  52|0x00000000e3400000, 0x00000000e3400000, 0x00000000e3500000|  0%| F|  |TAMS 0x00000000e3400000| PB 0x00000000e3400000| Untracked 
|  53|0x00000000e3500000, 0x00000000e3500000, 0x00000000e3600000|  0%| F|  |TAMS 0x00000000e3500000| PB 0x00000000e3500000| Untracked 
|  54|0x00000000e3600000, 0x00000000e3600000, 0x00000000e3700000|  0%| F|  |TAMS 0x00000000e3600000| PB 0x00000000e3600000| Untracked 
|  55|0x00000000e3700000, 0x00000000e3700000, 0x00000000e3800000|  0%| F|  |TAMS 0x00000000e3700000| PB 0x00000000e3700000| Untracked 
|  56|0x00000000e3800000, 0x00000000e3800000, 0x00000000e3900000|  0%| F|  |TAMS 0x00000000e3800000| PB 0x00000000e3800000| Untracked 
|  57|0x00000000e3900000, 0x00000000e3900000, 0x00000000e3a00000|  0%| F|  |TAMS 0x00000000e3900000| PB 0x00000000e3900000| Untracked 
|  58|0x00000000e3a00000, 0x00000000e3a00000, 0x00000000e3b00000|  0%| F|  |TAMS 0x00000000e3a00000| PB 0x00000000e3a00000| Untracked 
|  59|0x00000000e3b00000, 0x00000000e3b00000, 0x00000000e3c00000|  0%| F|  |TAMS 0x00000000e3b00000| PB 0x00000000e3b00000| Untracked 
|  60|0x00000000e3c00000, 0x00000000e3c00000, 0x00000000e3d00000|  0%| F|  |TAMS 0x00000000e3c00000| PB 0x00000000e3c00000| Untracked 
|  61|0x00000000e3d00000, 0x00000000e3d00000, 0x00000000e3e00000|  0%| F|  |TAMS 0x00000000e3d00000| PB 0x00000000e3d00000| Untracked 
|  62|0x00000000e3e00000, 0x00000000e3e00000, 0x00000000e3f00000|  0%| F|  |TAMS 0x00000000e3e00000| PB 0x00000000e3e00000| Untracked 
|  63|0x00000000e3f00000, 0x00000000e3f00000, 0x00000000e4000000|  0%| F|  |TAMS 0x00000000e3f00000| PB 0x00000000e3f00000| Untracked 
|  64|0x00000000e4000000, 0x00000000e4000000, 0x00000000e4100000|  0%| F|  |TAMS 0x00000000e4000000| PB 0x00000000e4000000| Untracked 
|  65|0x00000000e4100000, 0x00000000e4100000, 0x00000000e4200000|  0%| F|  |TAMS 0x00000000e4100000| PB 0x00000000e4100000| Untracked 
|  66|0x00000000e4200000, 0x00000000e4200000, 0x00000000e4300000|  0%| F|  |TAMS 0x00000000e4200000| PB 0x00000000e4200000| Untracked 
|  67|0x00000000e4300000, 0x00000000e4300000, 0x00000000e4400000|  0%| F|  |TAMS 0x00000000e4300000| PB 0x00000000e4300000| Untracked 
|  68|0x00000000e4400000, 0x00000000e4400000, 0x00000000e4500000|  0%| F|  |TAMS 0x00000000e4400000| PB 0x00000000e4400000| Untracked 
|  69|0x00000000e4500000, 0x00000000e4500000, 0x00000000e4600000|  0%| F|  |TAMS 0x00000000e4500000| PB 0x00000000e4500000| Untracked 
|  70|0x00000000e4600000, 0x00000000e4600000, 0x00000000e4700000|  0%| F|  |TAMS 0x00000000e4600000| PB 0x00000000e4600000| Untracked 
|  71|0x00000000e4700000, 0x00000000e4700000, 0x00000000e4800000|  0%| F|  |TAMS 0x00000000e4700000| PB 0x00000000e4700000| Untracked 
|  72|0x00000000e4800000, 0x00000000e4800000, 0x00000000e4900000|  0%| F|  |TAMS 0x00000000e4800000| PB 0x00000000e4800000| Untracked 
|  73|0x00000000e4900000, 0x00000000e4900000, 0x00000000e4a00000|  0%| F|  |TAMS 0x00000000e4900000| PB 0x00000000e4900000| Untracked 
|  74|0x00000000e4a00000, 0x00000000e4a00000, 0x00000000e4b00000|  0%| F|  |TAMS 0x00000000e4a00000| PB 0x00000000e4a00000| Untracked 
|  75|0x00000000e4b00000, 0x00000000e4b00000, 0x00000000e4c00000|  0%| F|  |TAMS 0x00000000e4b00000| PB 0x00000000e4b00000| Untracked 
|  76|0x00000000e4c00000, 0x00000000e4c00000, 0x00000000e4d00000|  0%| F|  |TAMS 0x00000000e4c00000| PB 0x00000000e4c00000| Untracked 
|  77|0x00000000e4d00000, 0x00000000e4d00000, 0x00000000e4e00000|  0%| F|  |TAMS 0x00000000e4d00000| PB 0x00000000e4d00000| Untracked 
|  78|0x00000000e4e00000, 0x00000000e4e00000, 0x00000000e4f00000|  0%| F|  |TAMS 0x00000000e4e00000| PB 0x00000000e4e00000| Untracked 
|  79|0x00000000e4f00000, 0x00000000e4f00000, 0x00000000e5000000|  0%| F|  |TAMS 0x00000000e4f00000| PB 0x00000000e4f00000| Untracked 
|  80|0x00000000e5000000, 0x00000000e5000000, 0x00000000e5100000|  0%| F|  |TAMS 0x00000000e5000000| PB 0x00000000e5000000| Untracked 
|  81|0x00000000e5100000, 0x00000000e5100000, 0x00000000e5200000|  0%| F|  |TAMS 0x00000000e5100000| PB 0x00000000e5100000| Untracked 
|  82|0x00000000e5200000, 0x00000000e5200000, 0x00000000e5300000|  0%| F|  |TAMS 0x00000000e5200000| PB 0x00000000e5200000| Untracked 
|  83|0x00000000e5300000, 0x00000000e5300000, 0x00000000e5400000|  0%| F|  |TAMS 0x00000000e5300000| PB 0x00000000e5300000| Untracked 
|  84|0x00000000e5400000, 0x00000000e5400000, 0x00000000e5500000|  0%| F|  |TAMS 0x00000000e5400000| PB 0x00000000e5400000| Untracked 
|  85|0x00000000e5500000, 0x00000000e5500000, 0x00000000e5600000|  0%| F|  |TAMS 0x00000000e5500000| PB 0x00000000e5500000| Untracked 
|  86|0x00000000e5600000, 0x00000000e5600000, 0x00000000e5700000|  0%| F|  |TAMS 0x00000000e5600000| PB 0x00000000e5600000| Untracked 
|  87|0x00000000e5700000, 0x00000000e5700000, 0x00000000e5800000|  0%| F|  |TAMS 0x00000000e5700000| PB 0x00000000e5700000| Untracked 
|  88|0x00000000e5800000, 0x00000000e5800000, 0x00000000e5900000|  0%| F|  |TAMS 0x00000000e5800000| PB 0x00000000e5800000| Untracked 
|  89|0x00000000e5900000, 0x00000000e5900000, 0x00000000e5a00000|  0%| F|  |TAMS 0x00000000e5900000| PB 0x00000000e5900000| Untracked 
|  90|0x00000000e5a00000, 0x00000000e5a00000, 0x00000000e5b00000|  0%| F|  |TAMS 0x00000000e5a00000| PB 0x00000000e5a00000| Untracked 
|  91|0x00000000e5b00000, 0x00000000e5b00000, 0x00000000e5c00000|  0%| F|  |TAMS 0x00000000e5b00000| PB 0x00000000e5b00000| Untracked 
|  92|0x00000000e5c00000, 0x00000000e5c00000, 0x00000000e5d00000|  0%| F|  |TAMS 0x00000000e5c00000| PB 0x00000000e5c00000| Untracked 
|  93|0x00000000e5d00000, 0x00000000e5d00000, 0x00000000e5e00000|  0%| F|  |TAMS 0x00000000e5d00000| PB 0x00000000e5d00000| Untracked 
|  94|0x00000000e5e00000, 0x00000000e5e00000, 0x00000000e5f00000|  0%| F|  |TAMS 0x00000000e5e00000| PB 0x00000000e5e00000| Untracked 
|  95|0x00000000e5f00000, 0x00000000e5f00000, 0x00000000e6000000|  0%| F|  |TAMS 0x00000000e5f00000| PB 0x00000000e5f00000| Untracked 
|  96|0x00000000e6000000, 0x00000000e6000000, 0x00000000e6100000|  0%| F|  |TAMS 0x00000000e6000000| PB 0x00000000e6000000| Untracked 
|  97|0x00000000e6100000, 0x00000000e6100000, 0x00000000e6200000|  0%| F|  |TAMS 0x00000000e6100000| PB 0x00000000e6100000| Untracked 
|  98|0x00000000e6200000, 0x00000000e6200000, 0x00000000e6300000|  0%| F|  |TAMS 0x00000000e6200000| PB 0x00000000e6200000| Untracked 
|  99|0x00000000e6300000, 0x00000000e6300000, 0x00000000e6400000|  0%| F|  |TAMS 0x00000000e6300000| PB 0x00000000e6300000| Untracked 
| 100|0x00000000e6400000, 0x00000000e6400000, 0x00000000e6500000|  0%| F|  |TAMS 0x00000000e6400000| PB 0x00000000e6400000| Untracked 
| 101|0x00000000e6500000, 0x00000000e6500000, 0x00000000e6600000|  0%| F|  |TAMS 0x00000000e6500000| PB 0x00000000e6500000| Untracked 
| 102|0x00000000e6600000, 0x00000000e6600000, 0x00000000e6700000|  0%| F|  |TAMS 0x00000000e6600000| PB 0x00000000e6600000| Untracked 
| 103|0x00000000e6700000, 0x00000000e6700000, 0x00000000e6800000|  0%| F|  |TAMS 0x00000000e6700000| PB 0x00000000e6700000| Untracked 
| 104|0x00000000e6800000, 0x00000000e6800000, 0x00000000e6900000|  0%| F|  |TAMS 0x00000000e6800000| PB 0x00000000e6800000| Untracked 
| 105|0x00000000e6900000, 0x00000000e6900000, 0x00000000e6a00000|  0%| F|  |TAMS 0x00000000e6900000| PB 0x00000000e6900000| Untracked 
| 106|0x00000000e6a00000, 0x00000000e6a00000, 0x00000000e6b00000|  0%| F|  |TAMS 0x00000000e6a00000| PB 0x00000000e6a00000| Untracked 
| 107|0x00000000e6b00000, 0x00000000e6b00000, 0x00000000e6c00000|  0%| F|  |TAMS 0x00000000e6b00000| PB 0x00000000e6b00000| Untracked 
| 108|0x00000000e6c00000, 0x00000000e6c00000, 0x00000000e6d00000|  0%| F|  |TAMS 0x00000000e6c00000| PB 0x00000000e6c00000| Untracked 
| 109|0x00000000e6d00000, 0x00000000e6d00000, 0x00000000e6e00000|  0%| F|  |TAMS 0x00000000e6d00000| PB 0x00000000e6d00000| Untracked 
| 110|0x00000000e6e00000, 0x00000000e6e00000, 0x00000000e6f00000|  0%| F|  |TAMS 0x00000000e6e00000| PB 0x00000000e6e00000| Untracked 
| 111|0x00000000e6f00000, 0x00000000e6f00000, 0x00000000e7000000|  0%| F|  |TAMS 0x00000000e6f00000| PB 0x00000000e6f00000| Untracked 
| 112|0x00000000e7000000, 0x00000000e7000000, 0x00000000e7100000|  0%| F|  |TAMS 0x00000000e7000000| PB 0x00000000e7000000| Untracked 
| 113|0x00000000e7100000, 0x00000000e7100000, 0x00000000e7200000|  0%| F|  |TAMS 0x00000000e7100000| PB 0x00000000e7100000| Untracked 
| 114|0x00000000e7200000, 0x00000000e7200000, 0x00000000e7300000|  0%| F|  |TAMS 0x00000000e7200000| PB 0x00000000e7200000| Untracked 
| 115|0x00000000e7300000, 0x00000000e7300000, 0x00000000e7400000|  0%| F|  |TAMS 0x00000000e7300000| PB 0x00000000e7300000| Untracked 
| 116|0x00000000e7400000, 0x00000000e7400000, 0x00000000e7500000|  0%| F|  |TAMS 0x00000000e7400000| PB 0x00000000e7400000| Untracked 
| 117|0x00000000e7500000, 0x00000000e7500000, 0x00000000e7600000|  0%| F|  |TAMS 0x00000000e7500000| PB 0x00000000e7500000| Untracked 
| 118|0x00000000e7600000, 0x00000000e7600000, 0x00000000e7700000|  0%| F|  |TAMS 0x00000000e7600000| PB 0x00000000e7600000| Untracked 
| 119|0x00000000e7700000, 0x00000000e7700000, 0x00000000e7800000|  0%| F|  |TAMS 0x00000000e7700000| PB 0x00000000e7700000| Untracked 
| 120|0x00000000e7800000, 0x00000000e7800000, 0x00000000e7900000|  0%| F|  |TAMS 0x00000000e7800000| PB 0x00000000e7800000| Untracked 
| 121|0x00000000e7900000, 0x00000000e7900000, 0x00000000e7a00000|  0%| F|  |TAMS 0x00000000e7900000| PB 0x00000000e7900000| Untracked 
| 122|0x00000000e7a00000, 0x00000000e7a00000, 0x00000000e7b00000|  0%| F|  |TAMS 0x00000000e7a00000| PB 0x00000000e7a00000| Untracked 
| 123|0x00000000e7b00000, 0x00000000e7b00000, 0x00000000e7c00000|  0%| F|  |TAMS 0x00000000e7b00000| PB 0x00000000e7b00000| Untracked 
| 124|0x00000000e7c00000, 0x00000000e7c00000, 0x00000000e7d00000|  0%| F|  |TAMS 0x00000000e7c00000| PB 0x00000000e7c00000| Untracked 
| 125|0x00000000e7d00000, 0x00000000e7d00000, 0x00000000e7e00000|  0%| F|  |TAMS 0x00000000e7d00000| PB 0x00000000e7d00000| Untracked 
| 126|0x00000000e7e00000, 0x00000000e7e00000, 0x00000000e7f00000|  0%| F|  |TAMS 0x00000000e7e00000| PB 0x00000000e7e00000| Untracked 
| 127|0x00000000e7f00000, 0x00000000e7f00000, 0x00000000e8000000|  0%| F|  |TAMS 0x00000000e7f00000| PB 0x00000000e7f00000| Untracked 
| 128|0x00000000e8000000, 0x00000000e8000000, 0x00000000e8100000|  0%| F|  |TAMS 0x00000000e8000000| PB 0x00000000e8000000| Untracked 
| 129|0x00000000e8100000, 0x00000000e8100000, 0x00000000e8200000|  0%| F|  |TAMS 0x00000000e8100000| PB 0x00000000e8100000| Untracked 
| 130|0x00000000e8200000, 0x00000000e8200000, 0x00000000e8300000|  0%| F|  |TAMS 0x00000000e8200000| PB 0x00000000e8200000| Untracked 
| 131|0x00000000e8300000, 0x00000000e8300000, 0x00000000e8400000|  0%| F|  |TAMS 0x00000000e8300000| PB 0x00000000e8300000| Untracked 
| 132|0x00000000e8400000, 0x00000000e8400000, 0x00000000e8500000|  0%| F|  |TAMS 0x00000000e8400000| PB 0x00000000e8400000| Untracked 
| 133|0x00000000e8500000, 0x00000000e8500000, 0x00000000e8600000|  0%| F|  |TAMS 0x00000000e8500000| PB 0x00000000e8500000| Untracked 
| 134|0x00000000e8600000, 0x00000000e8600000, 0x00000000e8700000|  0%| F|  |TAMS 0x00000000e8600000| PB 0x00000000e8600000| Untracked 
| 135|0x00000000e8700000, 0x00000000e8700000, 0x00000000e8800000|  0%| F|  |TAMS 0x00000000e8700000| PB 0x00000000e8700000| Untracked 
| 136|0x00000000e8800000, 0x00000000e8800000, 0x00000000e8900000|  0%| F|  |TAMS 0x00000000e8800000| PB 0x00000000e8800000| Untracked 
| 137|0x00000000e8900000, 0x00000000e8900000, 0x00000000e8a00000|  0%| F|  |TAMS 0x00000000e8900000| PB 0x00000000e8900000| Untracked 
| 138|0x00000000e8a00000, 0x00000000e8a00000, 0x00000000e8b00000|  0%| F|  |TAMS 0x00000000e8a00000| PB 0x00000000e8a00000| Untracked 
| 139|0x00000000e8b00000, 0x00000000e8b00000, 0x00000000e8c00000|  0%| F|  |TAMS 0x00000000e8b00000| PB 0x00000000e8b00000| Untracked 
| 140|0x00000000e8c00000, 0x00000000e8c00000, 0x00000000e8d00000|  0%| F|  |TAMS 0x00000000e8c00000| PB 0x00000000e8c00000| Untracked 
| 141|0x00000000e8d00000, 0x00000000e8d00000, 0x00000000e8e00000|  0%| F|  |TAMS 0x00000000e8d00000| PB 0x00000000e8d00000| Untracked 
| 142|0x00000000e8e00000, 0x00000000e8e00000, 0x00000000e8f00000|  0%| F|  |TAMS 0x00000000e8e00000| PB 0x00000000e8e00000| Untracked 
| 143|0x00000000e8f00000, 0x00000000e8f00000, 0x00000000e9000000|  0%| F|  |TAMS 0x00000000e8f00000| PB 0x00000000e8f00000| Untracked 
| 144|0x00000000e9000000, 0x00000000e9000000, 0x00000000e9100000|  0%| F|  |TAMS 0x00000000e9000000| PB 0x00000000e9000000| Untracked 
| 145|0x00000000e9100000, 0x00000000e9100000, 0x00000000e9200000|  0%| F|  |TAMS 0x00000000e9100000| PB 0x00000000e9100000| Untracked 
| 146|0x00000000e9200000, 0x00000000e9200000, 0x00000000e9300000|  0%| F|  |TAMS 0x00000000e9200000| PB 0x00000000e9200000| Untracked 
| 147|0x00000000e9300000, 0x00000000e9300000, 0x00000000e9400000|  0%| F|  |TAMS 0x00000000e9300000| PB 0x00000000e9300000| Untracked 
| 148|0x00000000e9400000, 0x00000000e9400000, 0x00000000e9500000|  0%| F|  |TAMS 0x00000000e9400000| PB 0x00000000e9400000| Untracked 
| 149|0x00000000e9500000, 0x00000000e9500000, 0x00000000e9600000|  0%| F|  |TAMS 0x00000000e9500000| PB 0x00000000e9500000| Untracked 
| 150|0x00000000e9600000, 0x00000000e9600000, 0x00000000e9700000|  0%| F|  |TAMS 0x00000000e9600000| PB 0x00000000e9600000| Untracked 
| 151|0x00000000e9700000, 0x00000000e9700000, 0x00000000e9800000|  0%| F|  |TAMS 0x00000000e9700000| PB 0x00000000e9700000| Untracked 
| 152|0x00000000e9800000, 0x00000000e9800000, 0x00000000e9900000|  0%| F|  |TAMS 0x00000000e9800000| PB 0x00000000e9800000| Untracked 
| 153|0x00000000e9900000, 0x00000000e9900000, 0x00000000e9a00000|  0%| F|  |TAMS 0x00000000e9900000| PB 0x00000000e9900000| Untracked 
| 154|0x00000000e9a00000, 0x00000000e9a00000, 0x00000000e9b00000|  0%| F|  |TAMS 0x00000000e9a00000| PB 0x00000000e9a00000| Untracked 
| 155|0x00000000e9b00000, 0x00000000e9b00000, 0x00000000e9c00000|  0%| F|  |TAMS 0x00000000e9b00000| PB 0x00000000e9b00000| Untracked 
| 156|0x00000000e9c00000, 0x00000000e9c00000, 0x00000000e9d00000|  0%| F|  |TAMS 0x00000000e9c00000| PB 0x00000000e9c00000| Untracked 
| 157|0x00000000e9d00000, 0x00000000e9d00000, 0x00000000e9e00000|  0%| F|  |TAMS 0x00000000e9d00000| PB 0x00000000e9d00000| Untracked 
| 158|0x00000000e9e00000, 0x00000000e9e00000, 0x00000000e9f00000|  0%| F|  |TAMS 0x00000000e9e00000| PB 0x00000000e9e00000| Untracked 
| 159|0x00000000e9f00000, 0x00000000e9f00000, 0x00000000ea000000|  0%| F|  |TAMS 0x00000000e9f00000| PB 0x00000000e9f00000| Untracked 
| 160|0x00000000ea000000, 0x00000000ea000000, 0x00000000ea100000|  0%| F|  |TAMS 0x00000000ea000000| PB 0x00000000ea000000| Untracked 
| 161|0x00000000ea100000, 0x00000000ea100000, 0x00000000ea200000|  0%| F|  |TAMS 0x00000000ea100000| PB 0x00000000ea100000| Untracked 
| 162|0x00000000ea200000, 0x00000000ea200000, 0x00000000ea300000|  0%| F|  |TAMS 0x00000000ea200000| PB 0x00000000ea200000| Untracked 
| 163|0x00000000ea300000, 0x00000000ea300000, 0x00000000ea400000|  0%| F|  |TAMS 0x00000000ea300000| PB 0x00000000ea300000| Untracked 
| 164|0x00000000ea400000, 0x00000000ea400000, 0x00000000ea500000|  0%| F|  |TAMS 0x00000000ea400000| PB 0x00000000ea400000| Untracked 
| 165|0x00000000ea500000, 0x00000000ea500000, 0x00000000ea600000|  0%| F|  |TAMS 0x00000000ea500000| PB 0x00000000ea500000| Untracked 
| 166|0x00000000ea600000, 0x00000000ea600000, 0x00000000ea700000|  0%| F|  |TAMS 0x00000000ea600000| PB 0x00000000ea600000| Untracked 
| 167|0x00000000ea700000, 0x00000000ea700000, 0x00000000ea800000|  0%| F|  |TAMS 0x00000000ea700000| PB 0x00000000ea700000| Untracked 
| 168|0x00000000ea800000, 0x00000000ea800000, 0x00000000ea900000|  0%| F|  |TAMS 0x00000000ea800000| PB 0x00000000ea800000| Untracked 
| 169|0x00000000ea900000, 0x00000000ea900000, 0x00000000eaa00000|  0%| F|  |TAMS 0x00000000ea900000| PB 0x00000000ea900000| Untracked 
| 170|0x00000000eaa00000, 0x00000000eaa00000, 0x00000000eab00000|  0%| F|  |TAMS 0x00000000eaa00000| PB 0x00000000eaa00000| Untracked 
| 171|0x00000000eab00000, 0x00000000eab00000, 0x00000000eac00000|  0%| F|  |TAMS 0x00000000eab00000| PB 0x00000000eab00000| Untracked 
| 172|0x00000000eac00000, 0x00000000eac00000, 0x00000000ead00000|  0%| F|  |TAMS 0x00000000eac00000| PB 0x00000000eac00000| Untracked 
| 173|0x00000000ead00000, 0x00000000ead00000, 0x00000000eae00000|  0%| F|  |TAMS 0x00000000ead00000| PB 0x00000000ead00000| Untracked 
| 174|0x00000000eae00000, 0x00000000eae00000, 0x00000000eaf00000|  0%| F|  |TAMS 0x00000000eae00000| PB 0x00000000eae00000| Untracked 
| 175|0x00000000eaf00000, 0x00000000eaf00000, 0x00000000eb000000|  0%| F|  |TAMS 0x00000000eaf00000| PB 0x00000000eaf00000| Untracked 
| 176|0x00000000eb000000, 0x00000000eb000000, 0x00000000eb100000|  0%| F|  |TAMS 0x00000000eb000000| PB 0x00000000eb000000| Untracked 
| 177|0x00000000eb100000, 0x00000000eb100000, 0x00000000eb200000|  0%| F|  |TAMS 0x00000000eb100000| PB 0x00000000eb100000| Untracked 
| 178|0x00000000eb200000, 0x00000000eb200000, 0x00000000eb300000|  0%| F|  |TAMS 0x00000000eb200000| PB 0x00000000eb200000| Untracked 
| 179|0x00000000eb300000, 0x00000000eb300000, 0x00000000eb400000|  0%| F|  |TAMS 0x00000000eb300000| PB 0x00000000eb300000| Untracked 
| 180|0x00000000eb400000, 0x00000000eb400000, 0x00000000eb500000|  0%| F|  |TAMS 0x00000000eb400000| PB 0x00000000eb400000| Untracked 
| 181|0x00000000eb500000, 0x00000000eb500000, 0x00000000eb600000|  0%| F|  |TAMS 0x00000000eb500000| PB 0x00000000eb500000| Untracked 
| 182|0x00000000eb600000, 0x00000000eb600000, 0x00000000eb700000|  0%| F|  |TAMS 0x00000000eb600000| PB 0x00000000eb600000| Untracked 
| 183|0x00000000eb700000, 0x00000000eb700000, 0x00000000eb800000|  0%| F|  |TAMS 0x00000000eb700000| PB 0x00000000eb700000| Untracked 
| 184|0x00000000eb800000, 0x00000000eb800000, 0x00000000eb900000|  0%| F|  |TAMS 0x00000000eb800000| PB 0x00000000eb800000| Untracked 
| 185|0x00000000eb900000, 0x00000000eb900000, 0x00000000eba00000|  0%| F|  |TAMS 0x00000000eb900000| PB 0x00000000eb900000| Untracked 
| 186|0x00000000eba00000, 0x00000000eba00000, 0x00000000ebb00000|  0%| F|  |TAMS 0x00000000eba00000| PB 0x00000000eba00000| Untracked 
| 187|0x00000000ebb00000, 0x00000000ebb00000, 0x00000000ebc00000|  0%| F|  |TAMS 0x00000000ebb00000| PB 0x00000000ebb00000| Untracked 
| 188|0x00000000ebc00000, 0x00000000ebc00000, 0x00000000ebd00000|  0%| F|  |TAMS 0x00000000ebc00000| PB 0x00000000ebc00000| Untracked 
| 189|0x00000000ebd00000, 0x00000000ebd00000, 0x00000000ebe00000|  0%| F|  |TAMS 0x00000000ebd00000| PB 0x00000000ebd00000| Untracked 
| 190|0x00000000ebe00000, 0x00000000ebe00000, 0x00000000ebf00000|  0%| F|  |TAMS 0x00000000ebe00000| PB 0x00000000ebe00000| Untracked 
| 191|0x00000000ebf00000, 0x00000000ebf00000, 0x00000000ec000000|  0%| F|  |TAMS 0x00000000ebf00000| PB 0x00000000ebf00000| Untracked 
| 192|0x00000000ec000000, 0x00000000ec000000, 0x00000000ec100000|  0%| F|  |TAMS 0x00000000ec000000| PB 0x00000000ec000000| Untracked 
| 193|0x00000000ec100000, 0x00000000ec100000, 0x00000000ec200000|  0%| F|  |TAMS 0x00000000ec100000| PB 0x00000000ec100000| Untracked 
| 194|0x00000000ec200000, 0x00000000ec200000, 0x00000000ec300000|  0%| F|  |TAMS 0x00000000ec200000| PB 0x00000000ec200000| Untracked 
| 195|0x00000000ec300000, 0x00000000ec300000, 0x00000000ec400000|  0%| F|  |TAMS 0x00000000ec300000| PB 0x00000000ec300000| Untracked 
| 196|0x00000000ec400000, 0x00000000ec400000, 0x00000000ec500000|  0%| F|  |TAMS 0x00000000ec400000| PB 0x00000000ec400000| Untracked 
| 197|0x00000000ec500000, 0x00000000ec500000, 0x00000000ec600000|  0%| F|  |TAMS 0x00000000ec500000| PB 0x00000000ec500000| Untracked 
| 198|0x00000000ec600000, 0x00000000ec600000, 0x00000000ec700000|  0%| F|  |TAMS 0x00000000ec600000| PB 0x00000000ec600000| Untracked 
| 199|0x00000000ec700000, 0x00000000ec700000, 0x00000000ec800000|  0%| F|  |TAMS 0x00000000ec700000| PB 0x00000000ec700000| Untracked 
| 200|0x00000000ec800000, 0x00000000ec800000, 0x00000000ec900000|  0%| F|  |TAMS 0x00000000ec800000| PB 0x00000000ec800000| Untracked 
| 201|0x00000000ec900000, 0x00000000ec900000, 0x00000000eca00000|  0%| F|  |TAMS 0x00000000ec900000| PB 0x00000000ec900000| Untracked 
| 202|0x00000000eca00000, 0x00000000eca00000, 0x00000000ecb00000|  0%| F|  |TAMS 0x00000000eca00000| PB 0x00000000eca00000| Untracked 
| 203|0x00000000ecb00000, 0x00000000ecb00000, 0x00000000ecc00000|  0%| F|  |TAMS 0x00000000ecb00000| PB 0x00000000ecb00000| Untracked 
| 204|0x00000000ecc00000, 0x00000000ecc00000, 0x00000000ecd00000|  0%| F|  |TAMS 0x00000000ecc00000| PB 0x00000000ecc00000| Untracked 
| 205|0x00000000ecd00000, 0x00000000ecd00000, 0x00000000ece00000|  0%| F|  |TAMS 0x00000000ecd00000| PB 0x00000000ecd00000| Untracked 
| 206|0x00000000ece00000, 0x00000000ece00000, 0x00000000ecf00000|  0%| F|  |TAMS 0x00000000ece00000| PB 0x00000000ece00000| Untracked 
| 207|0x00000000ecf00000, 0x00000000ecf00000, 0x00000000ed000000|  0%| F|  |TAMS 0x00000000ecf00000| PB 0x00000000ecf00000| Untracked 
| 208|0x00000000ed000000, 0x00000000ed000000, 0x00000000ed100000|  0%| F|  |TAMS 0x00000000ed000000| PB 0x00000000ed000000| Untracked 
| 209|0x00000000ed100000, 0x00000000ed100000, 0x00000000ed200000|  0%| F|  |TAMS 0x00000000ed100000| PB 0x00000000ed100000| Untracked 
| 210|0x00000000ed200000, 0x00000000ed200000, 0x00000000ed300000|  0%| F|  |TAMS 0x00000000ed200000| PB 0x00000000ed200000| Untracked 
| 211|0x00000000ed300000, 0x00000000ed300000, 0x00000000ed400000|  0%| F|  |TAMS 0x00000000ed300000| PB 0x00000000ed300000| Untracked 
| 212|0x00000000ed400000, 0x00000000ed400000, 0x00000000ed500000|  0%| F|  |TAMS 0x00000000ed400000| PB 0x00000000ed400000| Untracked 
| 213|0x00000000ed500000, 0x00000000ed500000, 0x00000000ed600000|  0%| F|  |TAMS 0x00000000ed500000| PB 0x00000000ed500000| Untracked 
| 214|0x00000000ed600000, 0x00000000ed600000, 0x00000000ed700000|  0%| F|  |TAMS 0x00000000ed600000| PB 0x00000000ed600000| Untracked 
| 215|0x00000000ed700000, 0x00000000ed700000, 0x00000000ed800000|  0%| F|  |TAMS 0x00000000ed700000| PB 0x00000000ed700000| Untracked 
| 216|0x00000000ed800000, 0x00000000ed800000, 0x00000000ed900000|  0%| F|  |TAMS 0x00000000ed800000| PB 0x00000000ed800000| Untracked 
| 217|0x00000000ed900000, 0x00000000ed900000, 0x00000000eda00000|  0%| F|  |TAMS 0x00000000ed900000| PB 0x00000000ed900000| Untracked 
| 218|0x00000000eda00000, 0x00000000eda00000, 0x00000000edb00000|  0%| F|  |TAMS 0x00000000eda00000| PB 0x00000000eda00000| Untracked 
| 219|0x00000000edb00000, 0x00000000edb00000, 0x00000000edc00000|  0%| F|  |TAMS 0x00000000edb00000| PB 0x00000000edb00000| Untracked 
| 220|0x00000000edc00000, 0x00000000edc00000, 0x00000000edd00000|  0%| F|  |TAMS 0x00000000edc00000| PB 0x00000000edc00000| Untracked 
| 221|0x00000000edd00000, 0x00000000edd00000, 0x00000000ede00000|  0%| F|  |TAMS 0x00000000edd00000| PB 0x00000000edd00000| Untracked 
| 222|0x00000000ede00000, 0x00000000ede00000, 0x00000000edf00000|  0%| F|  |TAMS 0x00000000ede00000| PB 0x00000000ede00000| Untracked 
| 223|0x00000000edf00000, 0x00000000edf00000, 0x00000000ee000000|  0%| F|  |TAMS 0x00000000edf00000| PB 0x00000000edf00000| Untracked 
| 224|0x00000000ee000000, 0x00000000ee000000, 0x00000000ee100000|  0%| F|  |TAMS 0x00000000ee000000| PB 0x00000000ee000000| Untracked 
| 225|0x00000000ee100000, 0x00000000ee100000, 0x00000000ee200000|  0%| F|  |TAMS 0x00000000ee100000| PB 0x00000000ee100000| Untracked 
| 226|0x00000000ee200000, 0x00000000ee200000, 0x00000000ee300000|  0%| F|  |TAMS 0x00000000ee200000| PB 0x00000000ee200000| Untracked 
| 227|0x00000000ee300000, 0x00000000ee300000, 0x00000000ee400000|  0%| F|  |TAMS 0x00000000ee300000| PB 0x00000000ee300000| Untracked 
| 228|0x00000000ee400000, 0x00000000ee400000, 0x00000000ee500000|  0%| F|  |TAMS 0x00000000ee400000| PB 0x00000000ee400000| Untracked 
| 229|0x00000000ee500000, 0x00000000ee500000, 0x00000000ee600000|  0%| F|  |TAMS 0x00000000ee500000| PB 0x00000000ee500000| Untracked 
| 230|0x00000000ee600000, 0x00000000ee600000, 0x00000000ee700000|  0%| F|  |TAMS 0x00000000ee600000| PB 0x00000000ee600000| Untracked 
| 231|0x00000000ee700000, 0x00000000ee700000, 0x00000000ee800000|  0%| F|  |TAMS 0x00000000ee700000| PB 0x00000000ee700000| Untracked 
| 232|0x00000000ee800000, 0x00000000ee800000, 0x00000000ee900000|  0%| F|  |TAMS 0x00000000ee800000| PB 0x00000000ee800000| Untracked 
| 233|0x00000000ee900000, 0x00000000ee900000, 0x00000000eea00000|  0%| F|  |TAMS 0x00000000ee900000| PB 0x00000000ee900000| Untracked 
| 234|0x00000000eea00000, 0x00000000eea00000, 0x00000000eeb00000|  0%| F|  |TAMS 0x00000000eea00000| PB 0x00000000eea00000| Untracked 
| 235|0x00000000eeb00000, 0x00000000eeb00000, 0x00000000eec00000|  0%| F|  |TAMS 0x00000000eeb00000| PB 0x00000000eeb00000| Untracked 
| 236|0x00000000eec00000, 0x00000000eec00000, 0x00000000eed00000|  0%| F|  |TAMS 0x00000000eec00000| PB 0x00000000eec00000| Untracked 
| 237|0x00000000eed00000, 0x00000000eee00000, 0x00000000eee00000|100%| S|CS|TAMS 0x00000000eed00000| PB 0x00000000eed00000| Complete 
| 238|0x00000000eee00000, 0x00000000eef00000, 0x00000000eef00000|100%| S|CS|TAMS 0x00000000eee00000| PB 0x00000000eee00000| Complete 
| 239|0x00000000eef00000, 0x00000000ef000000, 0x00000000ef000000|100%| S|CS|TAMS 0x00000000eef00000| PB 0x00000000eef00000| Complete 
| 240|0x00000000ef000000, 0x00000000ef100000, 0x00000000ef100000|100%| S|CS|TAMS 0x00000000ef000000| PB 0x00000000ef000000| Complete 
| 241|0x00000000ef100000, 0x00000000ef200000, 0x00000000ef200000|100%| S|CS|TAMS 0x00000000ef100000| PB 0x00000000ef100000| Complete 
| 242|0x00000000ef200000, 0x00000000ef300000, 0x00000000ef300000|100%| S|CS|TAMS 0x00000000ef200000| PB 0x00000000ef200000| Complete 
| 243|0x00000000ef300000, 0x00000000ef400000, 0x00000000ef400000|100%| S|CS|TAMS 0x00000000ef300000| PB 0x00000000ef300000| Complete 
| 244|0x00000000ef400000, 0x00000000ef500000, 0x00000000ef500000|100%| S|CS|TAMS 0x00000000ef400000| PB 0x00000000ef400000| Complete 
| 245|0x00000000ef500000, 0x00000000ef500000, 0x00000000ef600000|  0%| F|  |TAMS 0x00000000ef500000| PB 0x00000000ef500000| Untracked 
| 246|0x00000000ef600000, 0x00000000ef6ebf58, 0x00000000ef700000| 92%| E|  |TAMS 0x00000000ef600000| PB 0x00000000ef600000| Complete 
| 247|0x00000000ef700000, 0x00000000ef800000, 0x00000000ef800000|100%| E|CS|TAMS 0x00000000ef700000| PB 0x00000000ef700000| Complete 
| 248|0x00000000ef800000, 0x00000000ef900000, 0x00000000ef900000|100%| E|CS|TAMS 0x00000000ef800000| PB 0x00000000ef800000| Complete 
| 249|0x00000000ef900000, 0x00000000efa00000, 0x00000000efa00000|100%| E|CS|TAMS 0x00000000ef900000| PB 0x00000000ef900000| Complete 
| 250|0x00000000efa00000, 0x00000000efb00000, 0x00000000efb00000|100%| E|CS|TAMS 0x00000000efa00000| PB 0x00000000efa00000| Complete 
| 251|0x00000000efb00000, 0x00000000efc00000, 0x00000000efc00000|100%| E|CS|TAMS 0x00000000efb00000| PB 0x00000000efb00000| Complete 
| 252|0x00000000efc00000, 0x00000000efd00000, 0x00000000efd00000|100%| E|CS|TAMS 0x00000000efc00000| PB 0x00000000efc00000| Complete 
| 253|0x00000000efd00000, 0x00000000efe00000, 0x00000000efe00000|100%| E|CS|TAMS 0x00000000efd00000| PB 0x00000000efd00000| Complete 
| 254|0x00000000efe00000, 0x00000000eff00000, 0x00000000eff00000|100%| E|CS|TAMS 0x00000000efe00000| PB 0x00000000efe00000| Complete 
| 255|0x00000000eff00000, 0x00000000f0000000, 0x00000000f0000000|100%| E|CS|TAMS 0x00000000eff00000| PB 0x00000000eff00000| Complete 

Card table byte_map: [0x0000025a7c9f0000,0x0000025a7caf0000] _byte_map_base: 0x0000025a7c2f0000

Marking Bits: (CMBitMap*) 0x0000025a631f6250
 Bits: [0x0000025a7caf0000, 0x0000025a7d2f0000)

Polling page: 0x0000025a62ef0000

Metaspace:

Usage:
  Non-class:     31.06 MB used.
      Class:      4.97 MB used.
       Both:     36.04 MB used.

Virtual space:
  Non-class space:       64.00 MB reserved,      31.75 MB ( 50%) committed,  1 nodes.
      Class space:      320.00 MB reserved,       5.69 MB (  2%) committed,  1 nodes.
             Both:      384.00 MB reserved,      37.44 MB ( 10%) committed. 

Chunk freelists:
   Non-Class:  176.00 KB
       Class:  10.17 MB
        Both:  10.34 MB

MaxMetaspaceSize: 384.00 MB
CompressedClassSpaceSize: 320.00 MB
Initial GC threshold: 21.00 MB
Current GC threshold: 60.00 MB
CDS: on
 - commit_granule_bytes: 65536.
 - commit_granule_words: 8192.
 - virtual_space_node_default_size: 8388608.
 - enlarge_chunks_in_place: 1.
 - use_allocation_guard: 0.


Internal statistics:

num_allocs_failed_limit: 12.
num_arena_births: 2370.
num_arena_deaths: 0.
num_vsnodes_births: 2.
num_vsnodes_deaths: 0.
num_space_committed: 599.
num_space_uncommitted: 0.
num_chunks_returned_to_freelist: 12.
num_chunks_taken_from_freelist: 4103.
num_chunk_merges: 9.
num_chunk_splits: 2662.
num_chunks_enlarged: 1620.
num_inconsistent_stats: 0.

CodeHeap 'non-profiled nmethods': size=120000Kb used=2051Kb max_used=2282Kb free=117948Kb
 bounds [0x0000025a74710000, 0x0000025a74980000, 0x0000025a7bc40000]
CodeHeap 'profiled nmethods': size=120000Kb used=7596Kb max_used=8502Kb free=112403Kb
 bounds [0x0000025a6cc40000, 0x0000025a6d4a0000, 0x0000025a74170000]
CodeHeap 'non-nmethods': size=5760Kb used=1922Kb max_used=1942Kb free=3837Kb
 bounds [0x0000025a74170000, 0x0000025a743e0000, 0x0000025a74710000]
 total_blobs=4690 nmethods=3997 adapters=597
 compilation: enabled
              stopped_count=0, restarted_count=0
 full_count=0

Compilation events (20 events):
Event: 114.760 Thread 0x0000025a19156b90 nmethod 4465 0x0000025a6cc88990 code [0x0000025a6cc88d00, 0x0000025a6cc89cb0]
Event: 114.760 Thread 0x0000025a19156b90 4466       3       org.gradle.internal.time.ExponentialBackoff$Result::<init> (5 bytes)
Event: 114.760 Thread 0x0000025a19156b90 nmethod 4466 0x0000025a6cea9b10 code [0x0000025a6cea9cc0, 0x0000025a6cea9e28]
Event: 114.874 Thread 0x0000025a19156b90 4467       1       org.gradle.cache.internal.DefaultFileLockManager$DefaultFileLock::access$1000 (5 bytes)
Event: 114.874 Thread 0x0000025a19156b90 nmethod 4467 0x0000025a74758f10 code [0x0000025a747590a0, 0x0000025a74759150]
Event: 114.895 Thread 0x0000025a191529e0 4468       4       java.io.File::<init> (47 bytes)
Event: 114.899 Thread 0x0000025a19156b90 4469       3       com.google.common.base.Joiner::toString (24 bytes)
Event: 114.899 Thread 0x0000025a19156b90 nmethod 4469 0x0000025a6cdab110 code [0x0000025a6cdab300, 0x0000025a6cdab8b0]
Event: 114.908 Thread 0x0000025a191529e0 nmethod 4468 0x0000025a747ff890 code [0x0000025a747ffac0, 0x0000025a74800228]
Event: 114.921 Thread 0x0000025a19156b90 4470       1       org.gradle.cache.internal.DefaultFileLockManager$DefaultFileLock::access$1300 (5 bytes)
Event: 114.922 Thread 0x0000025a19156b90 nmethod 4470 0x0000025a74758c10 code [0x0000025a74758da0, 0x0000025a74758e50]
Event: 115.252 Thread 0x0000025a191529e0 4471       4       javax.management.ObjectName::construct (1135 bytes)
Event: 115.357 Thread 0x0000025a19156b90 4472       1       org.gradle.cache.internal.DefaultFileLockManager::access$600 (5 bytes)
Event: 116.312 Thread 0x0000025a19156b90 nmethod 4472 0x0000025a74758810 code [0x0000025a747589a0, 0x0000025a74758a50]
Event: 117.245 Thread 0x0000025a19156b90 4473       3       java.util.stream.Collectors$CollectorImpl::<init> (32 bytes)
Event: 117.245 Thread 0x0000025a19156b90 nmethod 4473 0x0000025a6cc68810 code [0x0000025a6cc689c0, 0x0000025a6cc68d50]
Event: 117.245 Thread 0x0000025a19156b90 4474       3       java.util.stream.ReduceOps$3::<init> (28 bytes)
Event: 117.245 Thread 0x0000025a19156b90 nmethod 4474 0x0000025a6ce2da10 code [0x0000025a6ce2dbc0, 0x0000025a6ce2df50]
Event: 117.245 Thread 0x0000025a19156b90 4475       3       java.util.stream.ReduceOps$3::getOpFlags (28 bytes)
Event: 117.246 Thread 0x0000025a19156b90 nmethod 4475 0x0000025a6cfb3d90 code [0x0000025a6cfb3f60, 0x0000025a6cfb4280]

GC Heap History (14 events):
Event: 6.129 GC heap before
{Heap before GC invocations=0 (full 0):
 garbage-first heap   total 262144K, used 26624K [0x00000000e0000000, 0x0000000100000000)
  region size 1024K, 23 young (23552K), 0 survivors (0K)
 Metaspace       used 2967K, committed 3072K, reserved 393216K
  class space    used 341K, committed 384K, reserved 327680K
}
Event: 6.890 GC heap after
{Heap after GC invocations=1 (full 0):
 garbage-first heap   total 262144K, used 11423K [0x00000000e0000000, 0x0000000100000000)
  region size 1024K, 3 young (3072K), 3 survivors (3072K)
 Metaspace       used 2967K, committed 3072K, reserved 393216K
  class space    used 341K, committed 384K, reserved 327680K
}
Event: 13.849 GC heap before
{Heap before GC invocations=1 (full 0):
 garbage-first heap   total 262144K, used 42143K [0x00000000e0000000, 0x0000000100000000)
  region size 1024K, 31 young (31744K), 3 survivors (3072K)
 Metaspace       used 4669K, committed 4928K, reserved 393216K
  class space    used 571K, committed 704K, reserved 327680K
}
Event: 13.876 GC heap after
{Heap after GC invocations=2 (full 0):
 garbage-first heap   total 262144K, used 15583K [0x00000000e0000000, 0x0000000100000000)
  region size 1024K, 3 young (3072K), 3 survivors (3072K)
 Metaspace       used 4669K, committed 4928K, reserved 393216K
  class space    used 571K, committed 704K, reserved 327680K
}
Event: 58.745 GC heap before
{Heap before GC invocations=2 (full 0):
 garbage-first heap   total 262144K, used 103647K [0x00000000e0000000, 0x0000000100000000)
  region size 1024K, 89 young (91136K), 3 survivors (3072K)
 Metaspace       used 17122K, committed 17664K, reserved 393216K
  class space    used 2214K, committed 2496K, reserved 327680K
}
Event: 58.773 GC heap after
{Heap after GC invocations=3 (full 0):
 garbage-first heap   total 262144K, used 23278K [0x00000000e0000000, 0x0000000100000000)
  region size 1024K, 11 young (11264K), 11 survivors (11264K)
 Metaspace       used 17122K, committed 17664K, reserved 393216K
  class space    used 2214K, committed 2496K, reserved 327680K
}
Event: 72.571 GC heap before
{Heap before GC invocations=3 (full 0):
 garbage-first heap   total 262144K, used 51950K [0x00000000e0000000, 0x0000000100000000)
  region size 1024K, 40 young (40960K), 11 survivors (11264K)
 Metaspace       used 20847K, committed 21504K, reserved 393216K
  class space    used 2830K, committed 3136K, reserved 327680K
}
Event: 72.582 GC heap after
{Heap after GC invocations=4 (full 0):
 garbage-first heap   total 262144K, used 25211K [0x00000000e0000000, 0x0000000100000000)
  region size 1024K, 2 young (2048K), 2 survivors (2048K)
 Metaspace       used 20847K, committed 21504K, reserved 393216K
  class space    used 2830K, committed 3136K, reserved 327680K
}
Event: 107.938 GC heap before
{Heap before GC invocations=5 (full 0):
 garbage-first heap   total 262144K, used 130683K [0x00000000e0000000, 0x0000000100000000)
  region size 1024K, 105 young (107520K), 2 survivors (2048K)
 Metaspace       used 34843K, committed 36096K, reserved 393216K
  class space    used 4818K, committed 5440K, reserved 327680K
}
Event: 107.947 GC heap after
{Heap after GC invocations=6 (full 0):
 garbage-first heap   total 262144K, used 30770K [0x00000000e0000000, 0x0000000100000000)
  region size 1024K, 8 young (8192K), 8 survivors (8192K)
 Metaspace       used 34843K, committed 36096K, reserved 393216K
  class space    used 4818K, committed 5440K, reserved 327680K
}
Event: 109.049 GC heap before
{Heap before GC invocations=6 (full 0):
 garbage-first heap   total 262144K, used 31794K [0x00000000e0000000, 0x0000000100000000)
  region size 1024K, 10 young (10240K), 8 survivors (8192K)
 Metaspace       used 35027K, committed 36416K, reserved 393216K
  class space    used 4852K, committed 5568K, reserved 327680K
}
Event: 109.061 GC heap after
{Heap after GC invocations=7 (full 0):
 garbage-first heap   total 262144K, used 30906K [0x00000000e0000000, 0x0000000100000000)
  region size 1024K, 8 young (8192K), 8 survivors (8192K)
 Metaspace       used 35027K, committed 36416K, reserved 393216K
  class space    used 4852K, committed 5568K, reserved 327680K
}
Event: 109.790 GC heap before
{Heap before GC invocations=7 (full 0):
 garbage-first heap   total 262144K, used 32954K [0x00000000e0000000, 0x0000000100000000)
  region size 1024K, 11 young (11264K), 8 survivors (8192K)
 Metaspace       used 35395K, committed 36736K, reserved 393216K
  class space    used 4877K, committed 5568K, reserved 327680K
}
Event: 109.796 GC heap after
{Heap after GC invocations=8 (full 0):
 garbage-first heap   total 262144K, used 31232K [0x00000000e0000000, 0x0000000100000000)
  region size 1024K, 8 young (8192K), 8 survivors (8192K)
 Metaspace       used 35395K, committed 36736K, reserved 393216K
  class space    used 4877K, committed 5568K, reserved 327680K
}

Dll operation events (15 events):
Event: 0.037 Loaded shared library D:\javar\bin\java.dll
Event: 0.279 Loaded shared library D:\javar\bin\jsvml.dll
Event: 0.367 Loaded shared library D:\javar\bin\zip.dll
Event: 0.371 Loaded shared library D:\javar\bin\instrument.dll
Event: 0.391 Loaded shared library D:\javar\bin\net.dll
Event: 0.394 Loaded shared library D:\javar\bin\nio.dll
Event: 0.398 Loaded shared library D:\javar\bin\zip.dll
Event: 1.345 Loaded shared library D:\javar\bin\jimage.dll
Event: 4.809 Loaded shared library D:\javar\bin\verify.dll
Event: 5.058 Loaded shared library C:\Users\hieun\.gradle\native\660c5614fbf4a5f2a75b1949f50a0caf5cd603558e7d8a26e50b933a0cfb79d1\windows-amd64\native-platform.dll
Event: 5.397 Loaded shared library C:\Users\hieun\.gradle\native\0.2.8\x86_64-windows-gnu\gradle-fileevents.dll
Event: 18.053 Loaded shared library D:\javar\bin\management.dll
Event: 18.065 Loaded shared library D:\javar\bin\management_ext.dll
Event: 21.928 Loaded shared library D:\javar\bin\extnet.dll
Event: 27.622 Loaded shared library D:\javar\bin\sunmscapi.dll

Deoptimization events (20 events):
Event: 110.043 Thread 0x0000025a1924e230 Uncommon trap: trap_request=0xffffff45 fr.pc=0x0000025a748c24c8 relative=0x0000000000001088
Event: 110.043 Thread 0x0000025a1924e230 Uncommon trap: reason=unstable_if action=reinterpret pc=0x0000025a748c24c8 method=sun.nio.fs.WindowsPath.initOffsets()V @ 99 c2
Event: 110.043 Thread 0x0000025a1924e230 DEOPT PACKING pc=0x0000025a748c24c8 sp=0x000000bd901fa300
Event: 110.043 Thread 0x0000025a1924e230 DEOPT UNPACKING pc=0x0000025a741c46a2 sp=0x000000bd901fa2d8 mode 2
Event: 110.065 Thread 0x0000025a1924e230 Uncommon trap: trap_request=0xffffff45 fr.pc=0x0000025a748b2c44 relative=0x0000000000000fc4
Event: 110.065 Thread 0x0000025a1924e230 Uncommon trap: reason=unstable_if action=reinterpret pc=0x0000025a748b2c44 method=java.util.concurrent.ConcurrentHashMap.computeIfAbsent(Ljava/lang/Object;Ljava/util/function/Function;)Ljava/lang/Object; @ 123 c2
Event: 110.065 Thread 0x0000025a1924e230 DEOPT PACKING pc=0x0000025a748b2c44 sp=0x000000bd901f9cb0
Event: 110.065 Thread 0x0000025a1924e230 DEOPT UNPACKING pc=0x0000025a741c46a2 sp=0x000000bd901f9c30 mode 2
Event: 110.258 Thread 0x0000025a1a1b6850 Uncommon trap: trap_request=0xffffffbe fr.pc=0x0000025a74945eac relative=0x000000000000024c
Event: 110.258 Thread 0x0000025a1a1b6850 Uncommon trap: reason=profile_predicate action=maybe_recompile pc=0x0000025a74945eac method=java.util.stream.ReferencePipeline.forEachWithCancel(Ljava/util/Spliterator;Ljava/util/stream/Sink;)Z @ 8 c2
Event: 110.258 Thread 0x0000025a1a1b6850 DEOPT PACKING pc=0x0000025a74945eac sp=0x000000bd8fbfea60
Event: 110.259 Thread 0x0000025a1a1b6850 DEOPT UNPACKING pc=0x0000025a741c46a2 sp=0x000000bd8fbfea00 mode 2
Event: 111.261 Thread 0x0000025a1a1b6850 Uncommon trap: trap_request=0xffffffbe fr.pc=0x0000025a74945eac relative=0x000000000000024c
Event: 111.261 Thread 0x0000025a1a1b6850 Uncommon trap: reason=profile_predicate action=maybe_recompile pc=0x0000025a74945eac method=java.util.stream.ReferencePipeline.forEachWithCancel(Ljava/util/Spliterator;Ljava/util/stream/Sink;)Z @ 8 c2
Event: 111.261 Thread 0x0000025a1a1b6850 DEOPT PACKING pc=0x0000025a74945eac sp=0x000000bd8fbfea60
Event: 111.261 Thread 0x0000025a1a1b6850 DEOPT UNPACKING pc=0x0000025a741c46a2 sp=0x000000bd8fbfea00 mode 2
Event: 112.258 Thread 0x0000025a1a1b6850 Uncommon trap: trap_request=0xffffffbe fr.pc=0x0000025a74945eac relative=0x000000000000024c
Event: 112.258 Thread 0x0000025a1a1b6850 Uncommon trap: reason=profile_predicate action=maybe_recompile pc=0x0000025a74945eac method=java.util.stream.ReferencePipeline.forEachWithCancel(Ljava/util/Spliterator;Ljava/util/stream/Sink;)Z @ 8 c2
Event: 112.258 Thread 0x0000025a1a1b6850 DEOPT PACKING pc=0x0000025a74945eac sp=0x000000bd8fbfea60
Event: 112.258 Thread 0x0000025a1a1b6850 DEOPT UNPACKING pc=0x0000025a741c46a2 sp=0x000000bd8fbfea00 mode 2

Classes loaded (20 events):
Event: 110.001 Loading class java/util/concurrent/locks/ReentrantReadWriteLock$Sync done
Event: 110.001 Loading class java/util/concurrent/locks/ReentrantReadWriteLock$NonfairSync done
Event: 110.001 Loading class java/util/concurrent/locks/ReentrantReadWriteLock$Sync$ThreadLocalHoldCounter
Event: 110.001 Loading class java/util/concurrent/locks/ReentrantReadWriteLock$Sync$ThreadLocalHoldCounter done
Event: 110.001 Loading class java/util/concurrent/locks/ReentrantReadWriteLock$ReadLock
Event: 110.001 Loading class java/util/concurrent/locks/ReentrantReadWriteLock$ReadLock done
Event: 110.001 Loading class java/util/concurrent/locks/ReentrantReadWriteLock$WriteLock
Event: 110.001 Loading class java/util/concurrent/locks/ReentrantReadWriteLock$WriteLock done
Event: 110.035 Loading class sun/nio/fs/WindowsPath$1
Event: 110.035 Loading class sun/nio/fs/WindowsPath$1 done
Event: 110.036 Loading class sun/nio/fs/WindowsException
Event: 110.036 Loading class sun/nio/fs/WindowsException done
Event: 110.036 Loading class java/nio/file/FileAlreadyExistsException
Event: 110.036 Loading class java/nio/file/FileAlreadyExistsException done
Event: 110.037 Loading class java/nio/file/AccessMode
Event: 110.037 Loading class java/nio/file/AccessMode done
Event: 110.052 Loading class java/io/StringReader
Event: 110.052 Loading class java/io/StringReader done
Event: 110.064 Loading class java/math/MutableBigInteger
Event: 110.064 Loading class java/math/MutableBigInteger done

Classes unloaded (0 events):
No events

Classes redefined (0 events):
No events

Internal exceptions (20 events):
Event: 108.948 Thread 0x0000025a1924e230 Implicit null exception at 0x0000025a748e71b0 to 0x0000025a748e7a74
Event: 108.949 Thread 0x0000025a1924e230 Exception <a 'java/lang/NoSuchMethodError'{0x00000000efea5c50}: 'java.lang.Class[] java.lang.Class.getPermittedSubclasses(java.lang.Class)'> (0x00000000efea5c50) 
thrown [s\open\src\hotspot\share\interpreter\linkResolver.cpp, line 773]
Event: 109.076 Thread 0x0000025a1924e230 Exception <a 'java/lang/NoSuchMethodError'{0x00000000eff1e9e0}: 'java.lang.reflect.Method[] java.lang.Class.getDeclaredMethods(java.lang.Class)'> (0x00000000eff1e9e0) 
thrown [s\open\src\hotspot\share\interpreter\linkResolver.cpp, line 773]
Event: 109.965 Thread 0x0000025a1924e230 Exception <a 'java/lang/ClassNotFoundException'{0x00000000efd18020}: groovy/lang/ExpandoMetaClassBeanInfo> (0x00000000efd18020) 
thrown [s\open\src\hotspot\share\classfile\systemDictionary.cpp, line 313]
Event: 109.966 Thread 0x0000025a1924e230 Exception <a 'java/lang/ClassNotFoundException'{0x00000000efd20de8}: groovy/lang/MetaClassImplBeanInfo> (0x00000000efd20de8) 
thrown [s\open\src\hotspot\share\classfile\systemDictionary.cpp, line 313]
Event: 109.966 Thread 0x0000025a1924e230 Exception <a 'java/lang/ClassNotFoundException'{0x00000000efd25c70}: java/lang/ObjectBeanInfo> (0x00000000efd25c70) 
thrown [s\open\src\hotspot\share\classfile\systemDictionary.cpp, line 313]
Event: 109.967 Thread 0x0000025a1924e230 Exception <a 'java/lang/ClassNotFoundException'{0x00000000efd2bcc0}: java/lang/ObjectCustomizer> (0x00000000efd2bcc0) 
thrown [s\open\src\hotspot\share\classfile\systemDictionary.cpp, line 313]
Event: 109.970 Thread 0x0000025a1924e230 Exception <a 'java/lang/IncompatibleClassChangeError'{0x00000000efd3bd58}: Found class java.lang.Object, but interface was expected> (0x00000000efd3bd58) 
thrown [s\open\src\hotspot\share\interpreter\linkResolver.cpp, line 840]
Event: 109.975 Thread 0x0000025a1924e230 Exception <a 'java/lang/ClassNotFoundException'{0x00000000efd58578}: groovy/lang/MetaClassImplCustomizer> (0x00000000efd58578) 
thrown [s\open\src\hotspot\share\classfile\systemDictionary.cpp, line 313]
Event: 109.982 Thread 0x0000025a1924e230 Exception <a 'java/lang/ClassNotFoundException'{0x00000000efd82c40}: groovy/lang/ExpandoMetaClassCustomizer> (0x00000000efd82c40) 
thrown [s\open\src\hotspot\share\classfile\systemDictionary.cpp, line 313]
Event: 110.006 Thread 0x0000025a1924e230 Exception <a 'java/lang/ClassNotFoundException'{0x00000000efc75388}: org/gradle/internal/extensibility/DefaultExtraPropertiesExtensionBeanInfo> (0x00000000efc75388) 
thrown [s\open\src\hotspot\share\classfile\systemDictionary.cpp, line 313]
Event: 110.008 Thread 0x0000025a1924e230 Exception <a 'java/lang/ClassNotFoundException'{0x00000000efc7e2f0}: groovy/lang/GroovyObjectSupportBeanInfo> (0x00000000efc7e2f0) 
thrown [s\open\src\hotspot\share\classfile\systemDictionary.cpp, line 313]
Event: 110.009 Thread 0x0000025a1924e230 Exception <a 'java/lang/ClassNotFoundException'{0x00000000efc87260}: groovy/lang/GroovyObjectSupportCustomizer> (0x00000000efc87260) 
thrown [s\open\src\hotspot\share\classfile\systemDictionary.cpp, line 313]
Event: 110.013 Thread 0x0000025a1924e230 Exception <a 'java/lang/ClassNotFoundException'{0x00000000efca2028}: org/gradle/internal/extensibility/DefaultExtraPropertiesExtensionCustomizer> (0x00000000efca2028) 
thrown [s\open\src\hotspot\share\classfile\systemDictionary.cpp, line 313]
Event: 110.018 Thread 0x0000025a1924e230 Exception <a 'java/lang/IncompatibleClassChangeError'{0x00000000efcbdcf0}: Found class java.lang.Object, but interface was expected> (0x00000000efcbdcf0) 
thrown [s\open\src\hotspot\share\interpreter\linkResolver.cpp, line 840]
Event: 110.036 Thread 0x0000025a1924e230 Exception <a 'sun/nio/fs/WindowsException'{0x00000000efb46be8}> (0x00000000efb46be8) 
thrown [s\open\src\hotspot\share\prims\jni.cpp, line 520]
Event: 110.037 Thread 0x0000025a1924e230 Exception <a 'sun/nio/fs/WindowsException'{0x00000000efb48cf0}> (0x00000000efb48cf0) 
thrown [s\open\src\hotspot\share\prims\jni.cpp, line 520]
Event: 110.038 Thread 0x0000025a1924e230 Exception <a 'sun/nio/fs/WindowsException'{0x00000000efb4a470}> (0x00000000efb4a470) 
thrown [s\open\src\hotspot\share\prims\jni.cpp, line 520]
Event: 110.038 Thread 0x0000025a1924e230 Exception <a 'sun/nio/fs/WindowsException'{0x00000000efb4b818}> (0x00000000efb4b818) 
thrown [s\open\src\hotspot\share\prims\jni.cpp, line 520]
Event: 110.080 Thread 0x0000025a1924e230 Exception <a 'java/lang/IncompatibleClassChangeError'{0x00000000efac5e88}: Found class java.lang.Object, but interface was expected> (0x00000000efac5e88) 
thrown [s\open\src\hotspot\share\interpreter\linkResolver.cpp, line 840]

ZGC Phase Switch (0 events):
No events

VM Operations (20 events):
Event: 109.061 Executing VM operation: CollectForMetadataAllocation (Metadata GC Threshold) done
Event: 109.790 Executing VM operation: CollectForMetadataAllocation (Metadata GC Threshold)
Event: 109.796 Executing VM operation: CollectForMetadataAllocation (Metadata GC Threshold) done
Event: 109.807 Executing VM operation: G1PauseRemark
Event: 109.835 Executing VM operation: G1PauseRemark done
Event: 109.839 Executing VM operation: G1PauseCleanup
Event: 109.859 Executing VM operation: G1PauseCleanup done
Event: 109.914 Executing VM operation: HandshakeAllThreads (Deoptimize)
Event: 109.914 Executing VM operation: HandshakeAllThreads (Deoptimize) done
Event: 110.083 Executing VM operation: HandshakeAllThreads (Deoptimize)
Event: 110.084 Executing VM operation: HandshakeAllThreads (Deoptimize) done
Event: 111.096 Executing VM operation: Cleanup
Event: 111.096 Executing VM operation: Cleanup done
Event: 114.111 Executing VM operation: Cleanup
Event: 114.111 Executing VM operation: Cleanup done
Event: 115.113 Executing VM operation: Cleanup
Event: 115.144 Executing VM operation: Cleanup done
Event: 116.145 Executing VM operation: Cleanup
Event: 116.312 Executing VM operation: Cleanup done
Event: 117.318 Executing VM operation: Cleanup

Events (20 events):
Event: 109.833 Thread 0x0000025a7ffbdd10 flushing nmethod 0x0000025a6cd17010
Event: 109.833 Thread 0x0000025a7ffbdd10 flushing nmethod 0x0000025a6cd17810
Event: 109.833 Thread 0x0000025a7ffbdd10 flushing nmethod 0x0000025a6cd19c10
Event: 109.833 Thread 0x0000025a7ffbdd10 flushing nmethod 0x0000025a6cd1ad10
Event: 109.833 Thread 0x0000025a7ffbdd10 flushing nmethod 0x0000025a6cd1d690
Event: 109.833 Thread 0x0000025a7ffbdd10 flushing nmethod 0x0000025a6cd1ea90
Event: 109.833 Thread 0x0000025a7ffbdd10 flushing nmethod 0x0000025a6cd6b390
Event: 109.833 Thread 0x0000025a7ffbdd10 flushing nmethod 0x0000025a6cd6c310
Event: 109.833 Thread 0x0000025a7ffbdd10 flushing nmethod 0x0000025a6cd6e990
Event: 109.833 Thread 0x0000025a7ffbdd10 flushing nmethod 0x0000025a6cd70910
Event: 109.833 Thread 0x0000025a7ffbdd10 flushing nmethod 0x0000025a6cd71690
Event: 109.833 Thread 0x0000025a7ffbdd10 flushing nmethod 0x0000025a6cd71c10
Event: 109.833 Thread 0x0000025a7ffbdd10 flushing nmethod 0x0000025a6cd7b310
Event: 109.833 Thread 0x0000025a7ffbdd10 flushing nmethod 0x0000025a6cdbf690
Event: 109.833 Thread 0x0000025a7ffbdd10 flushing nmethod 0x0000025a6cdc5410
Event: 109.833 Thread 0x0000025a7ffbdd10 flushing nmethod 0x0000025a6cdc6a10
Event: 109.833 Thread 0x0000025a7ffbdd10 flushing nmethod 0x0000025a6ce22e90
Event: 109.833 Thread 0x0000025a7ffbdd10 flushing nmethod 0x0000025a6cf2fd10
Event: 109.833 Thread 0x0000025a7ffbdd10 flushing nmethod 0x0000025a6cf48010
Event: 109.833 Thread 0x0000025a7ffbdd10 flushing nmethod 0x0000025a6cfdd910


Dynamic libraries:
0x00007ff64cc80000 - 0x00007ff64cc90000 	D:\javar\bin\java.exe
0x00007ffae01e0000 - 0x00007ffae0446000 	C:\Windows\SYSTEM32\ntdll.dll
0x00007ffadf780000 - 0x00007ffadf849000 	C:\Windows\System32\KERNEL32.DLL
0x00007ffadd630000 - 0x00007ffadda2f000 	C:\Windows\System32\KERNELBASE.dll
0x00007ffada250000 - 0x00007ffada2ef000 	C:\Windows\SYSTEM32\apphelp.dll
0x00007ffadd3f0000 - 0x00007ffadd53c000 	C:\Windows\System32\ucrtbase.dll
0x00007ffab0810000 - 0x00007ffab0829000 	D:\javar\bin\jli.dll
0x00007ffadec80000 - 0x00007ffaded3c000 	C:\Windows\System32\ADVAPI32.dll
0x00007ffac9ac0000 - 0x00007ffac9ade000 	D:\javar\bin\VCRUNTIME140.dll
0x00007ffadf510000 - 0x00007ffadf5b9000 	C:\Windows\System32\msvcrt.dll
0x00007ffadfe10000 - 0x00007ffadfeba000 	C:\Windows\System32\sechost.dll
0x00007ffadfa60000 - 0x00007ffadfb78000 	C:\Windows\System32\RPCRT4.dll
0x00007ffadfb80000 - 0x00007ffadfd46000 	C:\Windows\System32\USER32.dll
0x00007ffac7080000 - 0x00007ffac7311000 	C:\Windows\WinSxS\amd64_microsoft.windows.common-controls_6595b64144ccf1df_6.0.26100.8972_none_3e0da176e32f9d4b\COMCTL32.dll
0x00007ffaded50000 - 0x00007ffaded7b000 	C:\Windows\System32\GDI32.dll
0x00007ffaddde0000 - 0x00007ffaddf09000 	C:\Windows\System32\gdi32full.dll
0x00007ffadd550000 - 0x00007ffadd5f3000 	C:\Windows\System32\msvcp_win.dll
0x00007ffadd600000 - 0x00007ffadd627000 	C:\Windows\System32\win32u.dll
0x00007ffad46c0000 - 0x00007ffad46cb000 	C:\Windows\SYSTEM32\VERSION.dll
0x00007ffadfdd0000 - 0x00007ffadfe02000 	C:\Windows\System32\IMM32.DLL
0x00007ffad2b70000 - 0x00007ffad2b7c000 	D:\javar\bin\vcruntime140_1.dll
0x00007ffa7a7d0000 - 0x00007ffa7a85d000 	D:\javar\bin\msvcp140.dll
0x00007ffa3d4d0000 - 0x00007ffa3e1f8000 	D:\javar\bin\server\jvm.dll
0x00007ffadf6f0000 - 0x00007ffadf772000 	C:\Windows\System32\WS2_32.dll
0x00007ffadd250000 - 0x00007ffadd2ae000 	C:\Windows\SYSTEM32\POWRPROF.dll
0x00007ffad3e20000 - 0x00007ffad3e56000 	C:\Windows\SYSTEM32\WINMM.dll
0x00007ffadd230000 - 0x00007ffadd245000 	C:\Windows\SYSTEM32\UMPDC.dll
0x00007ffadc0e0000 - 0x00007ffadc0fb000 	C:\Windows\SYSTEM32\kernel.appcore.dll
0x00007ffad17a0000 - 0x00007ffad17aa000 	D:\javar\bin\jimage.dll
0x00007ffad2be0000 - 0x00007ffad2e22000 	C:\Windows\SYSTEM32\DBGHELP.DLL
0x00007ffade0d0000 - 0x00007ffade455000 	C:\Windows\System32\combase.dll
0x00007ffade470000 - 0x00007ffade549000 	C:\Windows\System32\OLEAUT32.dll
0x00007ffab7310000 - 0x00007ffab734b000 	C:\Windows\SYSTEM32\dbgcore.DLL
0x00007ffadda40000 - 0x00007ffaddaec000 	C:\Windows\System32\bcryptPrimitives.dll
0x00007ffac5920000 - 0x00007ffac5930000 	D:\javar\bin\instrument.dll
0x00007ffa8b7a0000 - 0x00007ffa8b7c1000 	D:\javar\bin\java.dll
0x00007ffaded80000 - 0x00007ffadf508000 	C:\Windows\System32\SHELL32.dll
0x00007ffadae70000 - 0x00007ffadb70b000 	C:\Windows\SYSTEM32\windows.storage.dll
0x00007ffade6c0000 - 0x00007ffade7b9000 	C:\Windows\System32\SHCORE.dll
0x00007ffadf8a0000 - 0x00007ffadf906000 	C:\Windows\System32\shlwapi.dll
0x00007ffadd310000 - 0x00007ffadd339000 	C:\Windows\SYSTEM32\profapi.dll
0x00007ffa4eb90000 - 0x00007ffa4ec67000 	D:\javar\bin\jsvml.dll
0x00007ffab19e0000 - 0x00007ffab19f8000 	D:\javar\bin\zip.dll
0x00007ffac9860000 - 0x00007ffac9871000 	D:\javar\bin\net.dll
0x00007ffad6060000 - 0x00007ffad6188000 	C:\Windows\SYSTEM32\WINHTTP.dll
0x00007ffadc690000 - 0x00007ffadc6fc000 	C:\Windows\system32\mswsock.dll
0x00007ffab5560000 - 0x00007ffab5576000 	D:\javar\bin\nio.dll
0x00007ffabc2d0000 - 0x00007ffabc2e0000 	D:\javar\bin\verify.dll
0x00007ffa7b640000 - 0x00007ffa7b667000 	C:\Users\hieun\.gradle\native\660c5614fbf4a5f2a75b1949f50a0caf5cd603558e7d8a26e50b933a0cfb79d1\windows-amd64\native-platform.dll
0x00007ffa5d800000 - 0x00007ffa5d877000 	C:\Users\hieun\.gradle\native\0.2.8\x86_64-windows-gnu\gradle-fileevents.dll
0x00007ffa95b40000 - 0x00007ffa95b4a000 	D:\javar\bin\management.dll
0x00007ffa8cda0000 - 0x00007ffa8cdac000 	D:\javar\bin\management_ext.dll
0x00007ffade7c0000 - 0x00007ffade7c8000 	C:\Windows\System32\PSAPI.DLL
0x00007ffadbb10000 - 0x00007ffadbb43000 	C:\Windows\SYSTEM32\IPHLPAPI.DLL
0x00007ffade460000 - 0x00007ffade46a000 	C:\Windows\System32\NSI.dll
0x00007ffab3a70000 - 0x00007ffab3a79000 	D:\javar\bin\extnet.dll
0x00007ffadc980000 - 0x00007ffadc99b000 	C:\Windows\SYSTEM32\CRYPTSP.dll
0x00007ffadc040000 - 0x00007ffadc079000 	C:\Windows\system32\rsaenh.dll
0x00007ffadc740000 - 0x00007ffadc772000 	C:\Windows\SYSTEM32\USERENV.dll
0x00007ffadd2e0000 - 0x00007ffadd30a000 	C:\Windows\SYSTEM32\bcrypt.dll
0x00007ffadc9a0000 - 0x00007ffadc9ac000 	C:\Windows\SYSTEM32\CRYPTBASE.dll
0x00007ffab05a0000 - 0x00007ffab05ae000 	D:\javar\bin\sunmscapi.dll
0x00007ffaddb90000 - 0x00007ffaddd0e000 	C:\Windows\System32\CRYPT32.dll
0x00007ffadcbc0000 - 0x00007ffadcbf0000 	C:\Windows\SYSTEM32\ncrypt.dll
0x00007ffadcb70000 - 0x00007ffadcbaf000 	C:\Windows\SYSTEM32\NTASN1.dll
0x00007ffaafcb0000 - 0x00007ffaafcb8000 	C:\Windows\system32\wshunix.dll

dbghelp: loaded successfully - version: 4.0.5 - missing functions: none
symbol engine: initialized successfully - sym options: 0x614 - pdb path: .;D:\javar\bin;C:\Windows\SYSTEM32;C:\Windows\WinSxS\amd64_microsoft.windows.common-controls_6595b64144ccf1df_6.0.26100.8972_none_3e0da176e32f9d4b;D:\javar\bin\server;C:\Users\hieun\.gradle\native\660c5614fbf4a5f2a75b1949f50a0caf5cd603558e7d8a26e50b933a0cfb79d1\windows-amd64;C:\Users\hieun\.gradle\native\0.2.8\x86_64-windows-gnu

VM Arguments:
jvm_args: --add-opens=java.base/java.lang=ALL-UNNAMED --add-opens=java.base/java.lang.invoke=ALL-UNNAMED --add-opens=java.base/java.util=ALL-UNNAMED --add-opens=java.prefs/java.util.prefs=ALL-UNNAMED --add-exports=jdk.compiler/com.sun.tools.javac.api=ALL-UNNAMED --add-exports=jdk.compiler/com.sun.tools.javac.util=ALL-UNNAMED --add-opens=java.base/java.nio.charset=ALL-UNNAMED --add-opens=java.base/java.net=ALL-UNNAMED --add-opens=java.base/java.util.concurrent=ALL-UNNAMED --add-opens=java.base/java.util.concurrent.atomic=ALL-UNNAMED --add-opens=java.xml/javax.xml.namespace=ALL-UNNAMED --add-opens=java.base/java.time=ALL-UNNAMED -XX:MaxMetaspaceSize=384m -XX:+HeapDumpOnOutOfMemoryError -Xms256m -Xmx512m -Dfile.encoding=UTF-8 -Duser.country=US -Duser.language=en -Duser.variant -javaagent:C:\Users\hieun\.gradle\wrapper\dists\gradle-9.5.1-bin\iq79hdu3mqx29lgffhp8bfmx\gradle-9.5.1\lib\agents\gradle-instrumentation-agent-9.5.1.jar 
java_command: org.gradle.launcher.daemon.bootstrap.GradleDaemon 9.5.1
java_class_path (initial): C:\Users\hieun\.gradle\wrapper\dists\gradle-9.5.1-bin\iq79hdu3mqx29lgffhp8bfmx\gradle-9.5.1\lib\gradle-daemon-main-9.5.1.jar
Launcher Type: SUN_STANDARD

[Global flags]
     intx CICompilerCount                          = 4                                         {product} {ergonomic}
   size_t CompressedClassSpaceSize                 = 335544320                                 {product} {ergonomic}
     uint ConcGCThreads                            = 3                                         {product} {ergonomic}
     uint G1ConcRefinementThreads                  = 10                                        {product} {ergonomic}
   size_t G1HeapRegionSize                         = 1048576                                   {product} {ergonomic}
    uintx GCDrainStackTargetSize                   = 64                                        {product} {ergonomic}
     bool HeapDumpOnOutOfMemoryError               = true                                   {manageable} {command line}
   size_t InitialHeapSize                          = 268435456                                 {product} {command line}
   size_t MarkStackSize                            = 4194304                                   {product} {ergonomic}
   size_t MaxHeapSize                              = 536870912                                 {product} {command line}
   size_t MaxMetaspaceSize                         = 402653184                                 {product} {command line}
   size_t MaxNewSize                               = 321912832                                 {product} {ergonomic}
   size_t MinHeapDeltaBytes                        = 1048576                                   {product} {ergonomic}
   size_t MinHeapSize                              = 268435456                                 {product} {command line}
    uintx NonNMethodCodeHeapSize                   = 5839372                                {pd product} {ergonomic}
    uintx NonProfiledCodeHeapSize                  = 122909434                              {pd product} {ergonomic}
    uintx ProfiledCodeHeapSize                     = 122909434                              {pd product} {ergonomic}
    uintx ReservedCodeCacheSize                    = 251658240                              {pd product} {ergonomic}
     bool SegmentedCodeCache                       = true                                      {product} {ergonomic}
   size_t SoftMaxHeapSize                          = 536870912                              {manageable} {ergonomic}
     bool UseCompressedOops                        = true                           {product lp64_product} {ergonomic}
     bool UseG1GC                                  = true                                      {product} {ergonomic}
     bool UseLargePagesIndividualAllocation        = false                                  {pd product} {ergonomic}

Logging:
Log output configuration:
 #0: stdout all=warning uptime,level,tags foldmultilines=false
 #1: stderr all=off uptime,level,tags foldmultilines=false

Environment Variables:
PATH=C:\Program Files\Common Files\Oracle\Java\javapath;C:\Windows\system32;C:\Windows;C:\Windows\System32\Wbem;C:\Windows\System32\WindowsPowerShell\v1.0\;C:\Windows\System32\OpenSSH\;C:\Program Files (x86)\NVIDIA Corporation\PhysX\Common;C:\Program Files\dotnet\;D:\Git\cmd;C:\Program Files\NVIDIA Corporation\NVIDIA App\NvDLISR;C:\Program Files\Docker\Docker\resources\bin;C:\ProgramData\chocolatey\bin;D:\node js\;C:\Users\hieun\AppData\Local\Programs\Python\Launcher\;C:\Users\hieun\AppData\Local\Microsoft\WindowsApps;D:\Microsoft VS Code\bin;C:\Users\hieun\AppData\Roaming\npm
USERNAME=hieun
OS=Windows_NT
PROCESSOR_IDENTIFIER=AMD64 Family 25 Model 68 Stepping 1, AuthenticAMD
TMP=C:\Users\hieun\AppData\Local\Temp
TEMP=C:\Users\hieun\AppData\Local\Temp




Periodic native trim disabled

---------------  S Y S T E M  ---------------

OS:
 Windows 11 , 64 bit Build 26100 (10.0.26100.9168)
OS uptime: 4 days 9:39 hours
Hyper-V role detected

CPU: total 12 (initial active 12) (12 cores per cpu, 2 threads per core) family 25 model 68 stepping 1 microcode 0xa404107, cx8, cmov, fxsr, ht, mmx, 3dnowpref, sse, sse2, sse3, ssse3, sse4a, sse4.1, sse4.2, popcnt, lzcnt, tsc, tscinvbit, avx, avx2, aes, erms, clmul, bmi1, bmi2, adx, sha, fma, vzeroupper, clflush, clflushopt, hv, rdtscp, rdpid, fsrm, f16c, cet_ss
Processor Information for all 12 processors :
  Max Mhz: 3301, Current Mhz: 3301, Mhz Limit: 3301

Memory: 4k page, system-wide physical 15690M (1063M free)
TotalPageFile size 48779M (AvailPageFile size 5M)
current process WorkingSet (physical memory assigned to process): 228M, peak: 230M
current process commit charge ("private bytes"): 445M, peak: 449M

vm_info: Java HotSpot(TM) 64-Bit Server VM (21.0.11+9-LTS-211) for windows-amd64 JRE (21.0.11+9-LTS-211), built on 2026-03-11T00:23:15Z by "mach5run" with MS VC++ 17.13 (VS2022)

END.
